0.000000e+00 2.765978e-08 3.061823e+00
5.000000e-01 2.780011e-03 3.155438e+00
1.000000e+00 3.291134e-03 3.248167e+00
1.500000e+00 3.419687e-03 3.334394e+00
2.000000e+00 3.474563e-03 3.409681e+00
2.500000e+00 3.508268e-03 3.471403e+00
3.000000e+00 3.534949e-03 3.518959e+00
3.500000e+00 3.559745e-03 3.553547e+00
4.000000e+00 3.584926e-03 3.577615e+00
4.500000e+00 3.611687e-03 3.594177e+00
5.000000e+00 3.640860e-03 3.606165e+00
5.500000e+00 3.672380e-03 3.615974e+00
6.000000e+00 3.705966e-03 3.625256e+00
6.500000e+00 3.741642e-03 3.634936e+00
7.000000e+00 3.780203e-03 3.645387e+00
7.500000e+00 3.822198e-03 3.656666e+00
8.000000e+00 3.867932e-03 3.668723e+00
8.500000e+00 3.917795e-03 3.681538e+00
9.000000e+00 3.973899e-03 3.695175e+00
9.500000e+00 4.031578e-03 3.709754e+00
1.000000e+01 4.098047e-03 3.725401e+00
1.050000e+01 4.163360e-03 3.742195e+00
1.100000e+01 4.249569e-03 3.760161e+00
1.150000e+01 4.298099e-03 3.779308e+00
1.200000e+01 4.372660e-03 3.799695e+00
1.250000e+01 4.454274e-03 3.821509e+00
1.300000e+01 4.542516e-03 3.845088e+00
1.350000e+01 4.638030e-03 3.870909e+00
1.400000e+01 4.741383e-03 3.899531e+00
1.450000e+01 4.855096e-03 3.931570e+00
1.500000e+01 4.985193e-03 3.967783e+00
1.550000e+01 5.112349e-03 4.009298e+00
1.600000e+01 5.267708e-03 4.057974e+00
1.650000e+01 5.433928e-03 4.116750e+00
1.700000e+01 5.627615e-03 4.189784e+00
1.750000e+01 5.856096e-03 4.282143e+00
1.800000e+01 6.131111e-03 4.398929e+00
1.850000e+01 6.472517e-03 4.543881e+00
1.900000e+01 6.912575e-03 4.717732e+00
1.950000e+01 7.504161e-03 4.916776e+00
2.000000e+01 8.335012e-03 5.132169e+00
2.050000e+01 9.545142e-03 5.350338e+00
2.100000e+01 1.132767e-02 5.554637e+00
2.150000e+01 1.379998e-02 5.727984e+00
2.200000e+01 1.638138e-02 5.855933e+00
2.250000e+01 1.685573e-02 5.929431e+00
2.300000e+01 1.514415e-02 5.946566e+00
2.350000e+01 1.328807e-02 5.912877e+00
2.400000e+01 1.195130e-02 5.840158e+00
2.450000e+01 1.105247e-02 5.744086e+00
2.500000e+01 1.053724e-02 5.641314e+00
2.550000e+01 1.028734e-02 5.546694e+00
2.600000e+01 1.013175e-02 5.471276e+00
2.650000e+01 1.011828e-02 5.421380e+00
2.700000e+01 1.018965e-02 5.398787e+00
2.750000e+01 1.032646e-02 5.401790e+00
2.800000e+01 1.050693e-02 5.426658e+00
2.850000e+01 1.073265e-02 5.469099e+00
2.900000e+01 1.110264e-02 5.525342e+00
2.950000e+01 1.129731e-02 5.592697e+00
3.000000e+01 1.183514e-02 5.669601e+00
3.050000e+01 1.209702e-02 5.755341e+00
3.100000e+01 1.236094e-02 5.849668e+00
3.150000e+01 1.277308e-02 5.952514e+00
3.200000e+01 1.322089e-02 6.063889e+00
3.250000e+01 1.370125e-02 6.183939e+00
3.300000e+01 1.421662e-02 6.313056e+00
3.350000e+01 1.476845e-02 6.451913e+00
3.400000e+01 1.535791e-02 6.601364e+00
3.450000e+01 1.598926e-02 6.762240e+00
3.500000e+01 1.666701e-02 6.935172e+00
3.550000e+01 1.739265e-02 7.120560e+00
3.600000e+01 1.843451e-02 7.318750e+00
3.650000e+01 1.899909e-02 7.530360e+00
3.700000e+01 1.988791e-02 7.756581e+00
3.750000e+01 2.086688e-02 7.999293e+00
3.800000e+01 2.194882e-02 8.260894e+00
3.850000e+01 2.298802e-02 8.543930e+00
3.900000e+01 2.418404e-02 8.850751e+00
3.950000e+01 2.549755e-02 9.183427e+00
4.000000e+01 2.688265e-02 9.544064e+00
4.050000e+01 2.840923e-02 9.935394e+00
4.100000e+01 3.007213e-02 1.036134e+01
4.150000e+01 3.188746e-02 1.082722e+01
4.200000e+01 3.387651e-02 1.133941e+01
4.250000e+01 3.607061e-02 1.190474e+01
4.300000e+01 3.850536e-02 1.252999e+01
4.350000e+01 4.118969e-02 1.322212e+01
4.400000e+01 4.406477e-02 1.398949e+01
4.450000e+01 4.730751e-02 1.484366e+01
4.500000e+01 5.097579e-02 1.580126e+01
4.550000e+01 5.504063e-02 1.688512e+01
4.600000e+01 5.965831e-02 1.812484e+01
4.650000e+01 6.490014e-02 1.955815e+01
4.700000e+01 7.088968e-02 2.123538e+01
4.750000e+01 7.778310e-02 2.322957e+01
4.800000e+01 8.578596e-02 2.565317e+01
4.850000e+01 9.517483e-02 2.867879e+01
4.900000e+01 1.063287e-01 3.255787e+01
4.950000e+01 1.198051e-01 3.762724e+01
5.000000e+01 1.366057e-01 4.429369e+01
5.050000e+01 1.577662e-01 5.298955e+01
5.100000e+01 1.868700e-01 6.409999e+01
5.150000e+01 2.319442e-01 7.787262e+01
5.200000e+01 2.941255e-01 9.432841e+01
5.250000e+01 3.971822e-01 1.131979e+02
5.300000e+01 5.712482e-01 1.339042e+02
5.350000e+01 8.650332e-01 1.556051e+02
5.400000e+01 1.351837e+00 1.772919e+02
5.450000e+01 2.135472e+00 1.979268e+02
5.500000e+01 3.342604e+00 2.165902e+02
5.550000e+01 5.188864e+00 2.326052e+02
5.600000e+01 8.297541e+00 2.456123e+02
5.650000e+01 1.169661e+01 2.555817e+02
5.700000e+01 1.743457e+01 2.627666e+02
5.750000e+01 1.719850e+01 2.676143e+02
5.800000e+01 1.764760e+01 2.706610e+02
5.850000e+01 2.683528e+01 2.724347e+02
5.900000e+01 2.243319e+01 2.733821e+02
5.950000e+01 2.556331e+01 2.738234e+02
6.000000e+01 2.287735e+01 2.739329e+02
6.050000e+01 3.243646e+01 2.737325e+02
6.100000e+01 2.374494e+01 2.730929e+02
6.150000e+01 2.036281e+01 2.717404e+02
6.200000e+01 2.045508e+01 2.692734e+02
6.250000e+01 3.020140e+01 2.651999e+02
6.300000e+01 2.365892e+01 2.589998e+02
6.350000e+01 1.021454e+01 2.502124e+02
6.400000e+01 6.261862e+00 2.385361e+02
6.450000e+01 3.918347e+00 2.239193e+02
6.500000e+01 2.456592e+00 2.066166e+02
6.550000e+01 1.559820e+00 1.871939e+02
6.600000e+01 1.014811e+00 1.664728e+02
6.650000e+01 6.853395e-01 1.454227e+02
6.700000e+01 4.867311e-01 1.250254e+02
6.750000e+01 3.662211e-01 1.061387e+02
6.800000e+01 2.896410e-01 8.939143e+01
6.850000e+01 2.396496e-01 7.512819e+01
6.900000e+01 2.045775e-01 6.341024e+01
6.950000e+01 1.787306e-01 5.406516e+01
7.000000e+01 1.585400e-01 4.676590e+01
7.050000e+01 1.422706e-01 4.111712e+01
7.100000e+01 1.288105e-01 3.672905e+01
7.150000e+01 1.174963e-01 3.326674e+01
7.200000e+01 1.078084e-01 3.047183e+01
7.250000e+01 9.949141e-02 2.816140e+01
7.300000e+01 9.222314e-02 2.621313e+01
7.350000e+01 8.587553e-02 2.454609e+01
7.400000e+01 8.029239e-02 2.310398e+01
7.450000e+01 7.534337e-02 2.184431e+01
7.500000e+01 7.098621e-02 2.073297e+01
7.550000e+01 6.712651e-02 1.974267e+01
7.600000e+01 6.354741e-02 1.885246e+01
7.650000e+01 6.313839e-02 1.804710e+01
7.700000e+01 5.738526e-02 1.731573e+01
7.750000e+01 5.501872e-02 1.665018e+01
7.800000e+01 5.226452e-02 1.604355e+01
7.850000e+01 5.005433e-02 1.548950e+01
7.900000e+01 4.836609e-02 1.498213e+01
7.950000e+01 4.629763e-02 1.451618e+01
8.000000e+01 4.469830e-02 1.408727e+01
8.050000e+01 4.321742e-02 1.369185e+01
8.100000e+01 4.172940e-02 1.332692e+01
8.150000e+01 4.028543e-02 1.298984e+01
8.200000e+01 3.895276e-02 1.267814e+01
8.250000e+01 3.773938e-02 1.238953e+01
8.300000e+01 3.663213e-02 1.212201e+01
8.350000e+01 3.561729e-02 1.187397e+01
8.400000e+01 3.468347e-02 1.164418e+01
8.450000e+01 3.382101e-02 1.143165e+01
8.500000e+01 3.302609e-02 1.123547e+01
8.550000e+01 3.229066e-02 1.105471e+01
8.600000e+01 3.161101e-02 1.088832e+01
8.650000e+01 3.098735e-02 1.073513e+01
8.700000e+01 3.041375e-02 1.059396e+01
8.750000e+01 2.988839e-02 1.046364e+01
8.800000e+01 2.939892e-02 1.034321e+01
8.850000e+01 2.892541e-02 1.023199e+01
8.900000e+01 2.847305e-02 1.012976e+01
8.950000e+01 2.806570e-02 1.003676e+01
9.000000e+01 2.771763e-02 9.953537e+00
9.050000e+01 2.736578e-02 9.880709e+00
9.100000e+01 2.707747e-02 9.818553e+00
9.150000e+01 2.679147e-02 9.766713e+00
9.200000e+01 2.655382e-02 9.724115e+00
9.250000e+01 2.635038e-02 9.689145e+00
9.300000e+01 2.619745e-02 9.660029e+00
9.350000e+01 2.622904e-02 9.635240e+00
9.400000e+01 2.841135e-02 9.613755e+00
9.450000e+01 2.590232e-02 9.595080e+00
9.500000e+01 2.573590e-02 9.579134e+00
9.550000e+01 2.576573e-02 9.566143e+00
9.600000e+01 2.640728e-02 9.556682e+00
9.650000e+01 2.614579e-02 9.551883e+00
9.700000e+01 2.568013e-02 9.553598e+00
9.750000e+01 2.566511e-02 9.564301e+00
9.800000e+01 2.574609e-02 9.586563e+00
9.850000e+01 2.582536e-02 9.622224e+00
9.900000e+01 2.599896e-02 9.671623e+00
9.950000e+01 2.622214e-02 9.733340e+00
1.000000e+02 2.654194e-02 9.804710e+00
1.005000e+02 2.757302e-02 9.882986e+00
1.010000e+02 2.725691e-02 9.966629e+00
1.015000e+02 2.858048e-02 1.005606e+01
1.020000e+02 2.880882e-02 1.015348e+01
1.025000e+02 2.813879e-02 1.026182e+01
1.030000e+02 2.849444e-02 1.038358e+01
1.035000e+02 2.919350e-02 1.052024e+01
1.040000e+02 3.040938e-02 1.067288e+01
1.045000e+02 3.026983e-02 1.084376e+01
1.050000e+02 3.097861e-02 1.103784e+01
1.055000e+02 3.183802e-02 1.126332e+01
1.060000e+02 3.282534e-02 1.153034e+01
1.065000e+02 3.395503e-02 1.184851e+01
1.070000e+02 3.524360e-02 1.222469e+01
1.075000e+02 3.672569e-02 1.266273e+01
1.080000e+02 3.846404e-02 1.316615e+01
1.085000e+02 4.040672e-02 1.374297e+01
1.090000e+02 4.275954e-02 1.441062e+01
1.095000e+02 4.750119e-02 1.519843e+01
1.100000e+02 4.876498e-02 1.614694e+01
1.105000e+02 5.328366e-02 1.730649e+01
1.110000e+02 5.990219e-02 1.874003e+01
1.115000e+02 6.222461e-02 2.053572e+01
1.120000e+02 6.853214e-02 2.283149e+01
1.125000e+02 7.662835e-02 2.584614e+01
1.130000e+02 8.694556e-02 2.990356e+01
1.135000e+02 1.002305e-01 3.543039e+01
1.140000e+02 1.178576e-01 4.290905e+01
1.145000e+02 1.416843e-01 5.277810e+01
1.150000e+02 1.783028e-01 6.528998e+01
1.155000e+02 2.240130e-01 8.035621e+01
1.160000e+02 2.992805e-01 9.742535e+01
1.165000e+02 4.235627e-01 1.154411e+02
1.170000e+02 6.478680e-01 1.329137e+02
1.175000e+02 1.105239e+00 1.481104e+02
1.180000e+02 2.214289e+00 1.593343e+02
1.185000e+02 5.894593e+00 1.652332e+02
1.190000e+02 5.883746e+00 1.650626e+02
1.195000e+02 2.193555e+00 1.588366e+02
1.200000e+02 1.087317e+00 1.473264e+02
1.205000e+02 6.332683e-01 1.319059e+02
1.210000e+02 4.115594e-01 1.142859e+02
1.215000e+02 2.891326e-01 9.620406e+01
1.220000e+02 2.152060e-01 7.914509e+01
1.225000e+02 1.674899e-01 6.415174e+01
1.230000e+02 1.351909e-01 5.175569e+01
1.235000e+02 1.128460e-01 4.202294e+01
1.240000e+02 1.050285e-01 3.467978e+01
1.245000e+02 8.362920e-02 2.927094e+01
1.250000e+02 7.375973e-02 2.530417e+01
1.255000e+02 7.138158e-02 2.235064e+01
1.260000e+02 5.927612e-02 2.009090e+01
1.265000e+02 5.368968e-02 1.831496e+01
1.270000e+02 4.929854e-02 1.689526e+01
1.275000e+02 4.583355e-02 1.575278e+01
1.280000e+02 4.332671e-02 1.483059e+01
1.285000e+02 4.090351e-02 1.408048e+01
1.290000e+02 3.830048e-02 1.346048e+01
1.295000e+02 3.646996e-02 1.293747e+01
1.300000e+02 3.490027e-02 1.248927e+01
1.305000e+02 3.357002e-02 1.210352e+01
1.310000e+02 3.279514e-02 1.177364e+01
1.315000e+02 3.140388e-02 1.149429e+01
1.320000e+02 3.052681e-02 1.125866e+01
1.325000e+02 2.985110e-02 1.105825e+01
1.330000e+02 2.910625e-02 1.088476e+01
1.335000e+02 2.843627e-02 1.073211e+01
1.340000e+02 2.797850e-02 1.059736e+01
1.345000e+02 2.756349e-02 1.048005e+01
1.350000e+02 2.703946e-02 1.038040e+01
1.355000e+02 2.669476e-02 1.029767e+01
1.360000e+02 2.643511e-02 1.022955e+01
1.365000e+02 2.637550e-02 1.017280e+01
1.370000e+02 2.685392e-02 1.012465e+01
1.375000e+02 2.584497e-02 1.008403e+01
1.380000e+02 2.567611e-02 1.005192e+01
1.385000e+02 2.556339e-02 1.003061e+01
1.390000e+02 2.541873e-02 1.002231e+01
1.395000e+02 2.522483e-02 1.002780e+01
1.400000e+02 2.531868e-02 1.004579e+01
1.405000e+02 2.507596e-02 1.007303e+01
1.410000e+02 2.514518e-02 1.010524e+01
1.415000e+02 2.553501e-02 1.013799e+01
1.420000e+02 3.060400e-02 1.016756e+01
1.425000e+02 2.726707e-02 1.019119e+01
1.430000e+02 2.559256e-02 1.020705e+01
1.435000e+02 2.548574e-02 1.021420e+01
1.440000e+02 2.550478e-02 1.021259e+01
1.445000e+02 2.572823e-02 1.020322e+01
1.450000e+02 3.028577e-02 1.018835e+01
1.455000e+02 2.531110e-02 1.017133e+01
1.460000e+02 2.510978e-02 1.015620e+01
1.465000e+02 2.504525e-02 1.014691e+01
1.470000e+02 2.508140e-02 1.014657e+01
1.475000e+02 2.516990e-02 1.015685e+01
1.480000e+02 2.534254e-02 1.017796e+01
1.485000e+02 2.605200e-02 1.020893e+01
1.490000e+02 2.618345e-02 1.024830e+01
1.495000e+02 2.588933e-02 1.029466e+01
1.500000e+02 2.622531e-02 1.034697e+01
1.505000e+02 2.699575e-02 1.040456e+01
1.510000e+02 2.713084e-02 1.046679e+01
1.515000e+02 2.669678e-02 1.053265e+01
1.520000e+02 2.667012e-02 1.060055e+01
1.525000e+02 2.666872e-02 1.066830e+01
1.530000e+02 2.682488e-02 1.073349e+01
1.535000e+02 2.724230e-02 1.079400e+01
1.540000e+02 3.405121e-02 1.084853e+01
1.545000e+02 2.759090e-02 1.089702e+01
1.550000e+02 2.755176e-02 1.094079e+01
1.555000e+02 2.774236e-02 1.098242e+01
1.560000e+02 2.821601e-02 1.102524e+01
1.565000e+02 2.838400e-02 1.107280e+01
1.570000e+02 2.852326e-02 1.112823e+01
1.575000e+02 2.880597e-02 1.119367e+01
1.580000e+02 2.911617e-02 1.127013e+01
1.585000e+02 2.955602e-02 1.135752e+01
1.590000e+02 2.982142e-02 1.145523e+01
1.595000e+02 3.022866e-02 1.156284e+01
1.600000e+02 3.062022e-02 1.168095e+01
1.605000e+02 3.104301e-02 1.181160e+01
1.610000e+02 3.150108e-02 1.195834e+01
1.615000e+02 3.197983e-02 1.212539e+01
1.620000e+02 3.250370e-02 1.231642e+01
1.625000e+02 3.307206e-02 1.253302e+01
1.630000e+02 3.369677e-02 1.277349e+01
1.635000e+02 3.439099e-02 1.303246e+01
1.640000e+02 3.521629e-02 1.330165e+01
1.645000e+02 3.653375e-02 1.357165e+01
1.650000e+02 4.706933e-02 1.383434e+01
1.655000e+02 4.127729e-02 1.408511e+01
1.660000e+02 4.373132e-02 1.432438e+01
1.665000e+02 4.005206e-02 1.455776e+01
1.670000e+02 4.061728e-02 1.479504e+01
1.675000e+02 4.334948e-02 1.504839e+01
1.680000e+02 4.286592e-02 1.533051e+01
1.685000e+02 4.409563e-02 1.565331e+01
1.690000e+02 4.601602e-02 1.602745e+01
1.695000e+02 4.725305e-02 1.646259e+01
1.700000e+02 4.921814e-02 1.696796e+01
1.705000e+02 5.117458e-02 1.755289e+01
1.710000e+02 5.353593e-02 1.822716e+01
1.715000e+02 5.635818e-02 1.900140e+01
1.720000e+02 5.910876e-02 1.988794e+01
1.725000e+02 6.250112e-02 2.090236e+01
1.730000e+02 6.645984e-02 2.206573e+01
1.735000e+02 7.479965e-02 2.340710e+01
1.740000e+02 7.616105e-02 2.496588e+01
1.745000e+02 8.232039e-02 2.679431e+01
1.750000e+02 9.029384e-02 2.896068e+01
1.755000e+02 1.034892e-01 3.155457e+01
1.760000e+02 1.097380e-01 3.469476e+01
1.765000e+02 1.204305e-01 3.853844e+01
1.770000e+02 1.348761e-01 4.328757e+01
1.775000e+02 1.532693e-01 4.918577e+01
1.780000e+02 1.767324e-01 5.649790e+01
1.785000e+02 2.071085e-01 6.546694e+01
1.790000e+02 2.467957e-01 7.624866e+01
1.795000e+02 3.001453e-01 8.883282e+01
1.800000e+02 3.747227e-01 1.029683e+02
1.805000e+02 4.760460e-01 1.181145e+02
1.810000e+02 6.232910e-01 1.334408e+02
1.815000e+02 8.364681e-01 1.478872e+02
1.820000e+02 1.140046e+00 1.602849e+02
1.825000e+02 1.535526e+00 1.695200e+02
1.830000e+02 1.921432e+00 1.747078e+02
1.835000e+02 1.969676e+00 1.753414e+02
1.840000e+02 1.606818e+00 1.713791e+02
1.845000e+02 1.216925e+00 1.632503e+02
1.850000e+02 8.938858e-01 1.517794e+02
1.855000e+02 6.712573e-01 1.380450e+02
1.860000e+02 5.160749e-01 1.232071e+02
1.865000e+02 4.080082e-01 1.083410e+02
1.870000e+02 3.308427e-01 9.431032e+01
1.875000e+02 2.743394e-01 8.169742e+01
1.880000e+02 2.321805e-01 7.079663e+01
1.885000e+02 1.998572e-01 6.165689e+01
1.890000e+02 1.748233e-01 5.415378e+01
1.895000e+02 1.549214e-01 4.806817e+01
1.900000e+02 1.389799e-01 4.315300e+01
1.905000e+02 1.261567e-01 3.917819e+01
1.910000e+02 1.153494e-01 3.595203e+01
1.915000e+02 1.064982e-01 3.332427e+01
1.920000e+02 9.912465e-02 3.117845e+01
1.925000e+02 9.296427e-02 2.942130e+01
1.930000e+02 8.815273e-02 2.797412e+01
1.935000e+02 8.507134e-02 2.676806e+01
1.940000e+02 7.965427e-02 2.574307e+01
1.945000e+02 7.621008e-02 2.484890e+01
1.950000e+02 7.469074e-02 2.404652e+01
1.955000e+02 9.718303e-02 2.330892e+01
1.960000e+02 6.925105e-02 2.262081e+01
1.965000e+02 6.540504e-02 2.197720e+01
1.970000e+02 6.316944e-02 2.138101e+01
1.975000e+02 6.147722e-02 2.083996e+01
1.980000e+02 6.012027e-02 2.036302e+01
1.985000e+02 5.865545e-02 1.995703e+01
1.990000e+02 5.778364e-02 1.962399e+01
1.995000e+02 5.785553e-02 1.935968e+01
2.000000e+02 5.636770e-02 1.915389e+01
2.005000e+02 5.648494e-02 1.899208e+01
2.010000e+02 5.968206e-02 1.885803e+01
2.015000e+02 5.575682e-02 1.873655e+01
2.020000e+02 5.492433e-02 1.861563e+01
2.025000e+02 5.494187e-02 1.848764e+01
2.030000e+02 5.529771e-02 1.834938e+01
2.035000e+02 5.576804e-02 1.820150e+01
2.040000e+02 5.377477e-02 1.804746e+01
2.045000e+02 5.222734e-02 1.789254e+01
2.050000e+02 5.104117e-02 1.774279e+01
2.055000e+02 5.024883e-02 1.760410e+01
2.060000e+02 5.066968e-02 1.748121e+01
2.065000e+02 4.953235e-02 1.737670e+01
2.070000e+02 4.862326e-02 1.729037e+01
2.075000e+02 4.867191e-02 1.721908e+01
2.080000e+02 4.856395e-02 1.715746e+01
2.085000e+02 5.527978e-02 1.709939e+01
2.090000e+02 4.940332e-02 1.703990e+01
2.095000e+02 4.802761e-02 1.697703e+01
2.100000e+02 4.743881e-02 1.691274e+01
2.105000e+02 4.884364e-02 1.685280e+01
2.110000e+02 4.860896e-02 1.680524e+01
2.115000e+02 4.683117e-02 1.677800e+01
2.120000e+02 4.656630e-02 1.677634e+01
2.125000e+02 4.645758e-02 1.680081e+01
2.130000e+02 4.642009e-02 1.684640e+01
2.135000e+02 4.642749e-02 1.690331e+01
2.140000e+02 4.654482e-02 1.695890e+01
2.145000e+02 4.729554e-02 1.700057e+01
2.150000e+02 6.695985e-02 1.701864e+01
2.155000e+02 4.710297e-02 1.700850e+01
2.160000e+02 4.684355e-02 1.697159e+01
2.165000e+02 4.642913e-02 1.691474e+01
2.170000e+02 4.641888e-02 1.684842e+01
2.175000e+02 4.673522e-02 1.678409e+01
2.180000e+02 4.662278e-02 1.673166e+01
2.185000e+02 4.659045e-02 1.669764e+01
2.190000e+02 4.665241e-02 1.668449e+01
2.195000e+02 4.675032e-02 1.669134e+01
2.200000e+02 4.691196e-02 1.671562e+01
2.205000e+02 4.695636e-02 1.675507e+01
2.210000e+02 4.708960e-02 1.680929e+01
2.215000e+02 4.725219e-02 1.688017e+01
2.220000e+02 4.742929e-02 1.697103e+01
2.225000e+02 4.768581e-02 1.708476e+01
2.230000e+02 4.796733e-02 1.722155e+01
2.235000e+02 4.835104e-02 1.737722e+01
2.240000e+02 4.889338e-02 1.754273e+01
2.245000e+02 4.965445e-02 1.770540e+01
2.250000e+02 5.093619e-02 1.785131e+01
2.255000e+02 5.275172e-02 1.796851e+01
2.260000e+02 6.439824e-02 1.804979e+01
2.265000e+02 5.375528e-02 1.809452e+01
2.270000e+02 5.157023e-02 1.810883e+01
2.275000e+02 5.061098e-02 1.810442e+01
2.280000e+02 5.017207e-02 1.809641e+01
2.285000e+02 5.002270e-02 1.810082e+01
2.290000e+02 5.016599e-02 1.813227e+01
2.295000e+02 5.356277e-02 1.820229e+01
2.300000e+02 5.094375e-02 1.831804e+01
2.305000e+02 5.207466e-02 1.848157e+01
2.310000e+02 5.593589e-02 1.868937e+01
2.315000e+02 5.857531e-02 1.893232e+01
2.320000e+02 5.302024e-02 1.919641e+01
2.325000e+02 5.344215e-02 1.946425e+01
2.330000e+02 5.558493e-02 1.971760e+01
2.335000e+02 6.165662e-02 1.994046e+01
2.340000e+02 8.310927e-02 2.012186e+01
2.345000e+02 6.061011e-02 2.025779e+01
2.350000e+02 5.701204e-02 2.035125e+01
2.355000e+02 6.520663e-02 2.041070e+01
2.360000e+02 6.083983e-02 2.044710e+01
2.365000e+02 5.612853e-02 2.047088e+01
2.370000e+02 7.240879e-02 2.048982e+01
2.375000e+02 5.876447e-02 2.050863e+01
2.380000e+02 5.528719e-02 2.053028e+01
2.385000e+02 5.777815e-02 2.055809e+01
2.390000e+02 8.609629e-02 2.059752e+01
2.395000e+02 6.099292e-02 2.065628e+01
2.400000e+02 5.967810e-02 2.074222e+01
2.405000e+02 5.792262e-02 2.085951e+01
2.410000e+02 5.758004e-02 2.100451e+01
2.415000e+02 5.862058e-02 2.116322e+01
2.420000e+02 6.314374e-02 2.131194e+01
2.425000e+02 7.107291e-02 2.142168e+01
2.430000e+02 6.103069e-02 2.146574e+01
2.435000e+02 1.153046e-01 2.142833e+01
2.440000e+02 6.092788e-02 2.131148e+01
2.445000e+02 5.734302e-02 2.113790e+01
2.450000e+02 5.628981e-02 2.094821e+01
2.455000e+02 5.612358e-02 2.079273e+01
2.460000e+02 5.626717e-02 2.071988e+01
2.465000e+02 5.824896e-02 2.076393e+01
2.470000e+02 5.723541e-02 2.093574e+01
2.475000e+02 5.965498e-02 2.121880e+01
2.480000e+02 7.120903e-02 2.157192e+01
2.485000e+02 6.359598e-02 2.193792e+01
2.490000e+02 6.051282e-02 2.225596e+01
2.495000e+02 6.686483e-02 2.247450e+01
2.500000e+02 1.359743e-01 2.256163e+01
2.505000e+02 6.379215e-02 2.251034e+01
2.510000e+02 6.422477e-02 2.233807e+01
2.515000e+02 6.316794e-02 2.208081e+01
2.520000e+02 6.092065e-02 2.178405e+01
2.525000e+02 6.046340e-02 2.149294e+01
2.530000e+02 6.011007e-02 2.124411e+01
2.535000e+02 6.029699e-02 2.106082e+01
2.540000e+02 6.074190e-02 2.095194e+01
2.545000e+02 6.137354e-02 2.091408e+01
2.550000e+02 6.190192e-02 2.093553e+01
2.555000e+02 6.176993e-02 2.100065e+01
2.560000e+02 6.157760e-02 2.109329e+01
2.565000e+02 6.158898e-02 2.119905e+01
2.570000e+02 6.166659e-02 2.130621e+01
2.575000e+02 6.212386e-02 2.140610e+01
2.580000e+02 6.427027e-02 2.149330e+01
2.585000e+02 7.167885e-02 2.156605e+01
2.590000e+02 6.822152e-02 2.162659e+01
2.595000e+02 6.351342e-02 2.168109e+01
2.600000e+02 6.297762e-02 2.173866e+01
2.605000e+02 6.297060e-02 2.180940e+01
2.610000e+02 6.320374e-02 2.190172e+01
2.615000e+02 6.346213e-02 2.201987e+01
2.620000e+02 6.400260e-02 2.216235e+01
2.625000e+02 6.539748e-02 2.232188e+01
2.630000e+02 6.940032e-02 2.248711e+01
2.635000e+02 7.609795e-02 2.264530e+01
2.640000e+02 7.182468e-02 2.278526e+01
2.645000e+02 6.742111e-02 2.289944e+01
2.650000e+02 7.302159e-02 2.298467e+01
2.655000e+02 6.770897e-02 2.304163e+01
2.660000e+02 6.824676e-02 2.307351e+01
2.665000e+02 6.888593e-02 2.308482e+01
2.670000e+02 7.325509e-02 2.308112e+01
2.675000e+02 7.422704e-02 2.306966e+01
2.680000e+02 6.853354e-02 2.306067e+01
2.685000e+02 6.809195e-02 2.306831e+01
2.690000e+02 6.791023e-02 2.311023e+01
2.695000e+02 6.801189e-02 2.320534e+01
2.700000e+02 6.822476e-02 2.336978e+01
2.705000e+02 6.861747e-02 2.361215e+01
2.710000e+02 6.931985e-02 2.392943e+01
2.715000e+02 6.937100e-02 2.430501e+01
2.720000e+02 7.028452e-02 2.470986e+01
2.725000e+02 7.174550e-02 2.510692e+01
2.730000e+02 1.173806e-01 2.545777e+01
2.735000e+02 7.363789e-02 2.573006e+01
2.740000e+02 7.333941e-02 2.590390e+01
2.745000e+02 1.182836e-01 2.597542e+01
2.750000e+02 7.395452e-02 2.595688e+01
2.755000e+02 7.429459e-02 2.587316e+01
2.760000e+02 7.713783e-02 2.575570e+01
2.765000e+02 8.006205e-02 2.563543e+01
2.770000e+02 8.441107e-02 2.553644e+01
2.775000e+02 7.498291e-02 2.547189e+01
2.780000e+02 7.438853e-02 2.544309e+01
2.785000e+02 7.541727e-02 2.544166e+01
2.790000e+02 7.493389e-02 2.545405e+01
2.795000e+02 9.823266e-02 2.546700e+01
2.800000e+02 7.702735e-02 2.547230e+01
2.805000e+02 7.530799e-02 2.546962e+01
2.810000e+02 7.861120e-02 2.546670e+01
2.815000e+02 7.657198e-02 2.547718e+01
2.820000e+02 7.667342e-02 2.551686e+01
2.825000e+02 7.729925e-02 2.559976e+01
2.830000e+02 7.932411e-02 2.573519e+01
2.835000e+02 7.769559e-02 2.592647e+01
2.840000e+02 7.802898e-02 2.617130e+01
2.845000e+02 7.864924e-02 2.646309e+01
2.850000e+02 7.950847e-02 2.679238e+01
2.855000e+02 8.193216e-02 2.714759e+01
2.860000e+02 1.148975e-01 2.751485e+01
2.865000e+02 9.034387e-02 2.787748e+01
2.870000e+02 8.235608e-02 2.821586e+01
2.875000e+02 8.167602e-02 2.850870e+01
2.880000e+02 8.231355e-02 2.873578e+01
2.885000e+02 8.551392e-02 2.888194e+01
2.890000e+02 1.658394e-01 2.894101e+01
2.895000e+02 8.532165e-02 2.891830e+01
2.900000e+02 8.383247e-02 2.883048e+01
2.905000e+02 8.376920e-02 2.870267e+01
2.910000e+02 9.063901e-02 2.856321e+01
2.915000e+02 8.465787e-02 2.843793e+01
2.920000e+02 8.506854e-02 2.834552e+01
2.925000e+02 8.645778e-02 2.829544e+01
2.930000e+02 9.515676e-02 2.828870e+01
2.935000e+02 9.854102e-02 2.832110e+01
2.940000e+02 8.784590e-02 2.838724e+01
2.945000e+02 8.760011e-02 2.848388e+01
2.950000e+02 8.797967e-02 2.861149e+01
2.955000e+02 8.864814e-02 2.877351e+01
2.960000e+02 8.931506e-02 2.897424e+01
2.965000e+02 9.013809e-02 2.921612e+01
2.970000e+02 9.146865e-02 2.949791e+01
2.975000e+02 9.320008e-02 2.981412e+01
2.980000e+02 9.706399e-02 3.015594e+01
2.985000e+02 1.139651e-01 3.051269e+01
2.990000e+02 9.825763e-02 3.087321e+01
2.995000e+02 9.909670e-02 3.122647e+01
3.000000e+02 9.716336e-02 3.156138e+01
3.005000e+02 1.017730e-01 3.186637e+01
3.010000e+02 1.042953e-01 3.212952e+01
3.015000e+02 1.188016e-01 3.233982e+01
3.020000e+02 1.224482e-01 3.248946e+01
3.025000e+02 1.042316e-01 3.257666e+01
3.030000e+02 1.142579e-01 3.260771e+01
3.035000e+02 1.057287e-01 3.259740e+01
3.040000e+02 1.026147e-01 3.256729e+01
3.045000e+02 1.038635e-01 3.254222e+01
3.050000e+02 1.058787e-01 3.254597e+01
3.055000e+02 1.042844e-01 3.259760e+01
3.060000e+02 1.047815e-01 3.270924e+01
3.065000e+02 1.055975e-01 3.288580e+01
3.070000e+02 1.067045e-01 3.312620e+01
3.075000e+02 1.082136e-01 3.342523e+01
3.080000e+02 1.092964e-01 3.377531e+01
3.085000e+02 1.112291e-01 3.416783e+01
3.090000e+02 1.126760e-01 3.459430e+01
3.095000e+02 1.148427e-01 3.504769e+01
3.100000e+02 1.254056e-01 3.552438e+01
3.105000e+02 1.193941e-01 3.602627e+01
3.110000e+02 1.208375e-01 3.656225e+01
3.115000e+02 1.227767e-01 3.714795e+01
3.120000e+02 1.251345e-01 3.780323e+01
3.125000e+02 1.281055e-01 3.854831e+01
3.130000e+02 1.315554e-01 3.939994e+01
3.135000e+02 1.354669e-01 4.037013e+01
3.140000e+02 1.397310e-01 4.146897e+01
3.145000e+02 1.429609e-01 4.271131e+01
3.150000e+02 1.478510e-01 4.412534e+01
3.155000e+02 1.562812e-01 4.575945e+01
3.160000e+02 1.808477e-01 4.768409e+01
3.165000e+02 1.831629e-01 4.998743e+01
3.170000e+02 1.782117e-01 5.276666e+01
3.175000e+02 1.858625e-01 5.611937e+01
3.180000e+02 1.970726e-01 6.014031e+01
3.185000e+02 2.124619e-01 6.492631e+01
3.190000e+02 2.327114e-01 7.058743e+01
3.195000e+02 2.609671e-01 7.725676e+01
3.200000e+02 4.680951e-01 8.508790e+01
3.205000e+02 3.446467e-01 9.422992e+01
3.210000e+02 3.961688e-01 1.047758e+02
3.215000e+02 4.471635e-01 1.166909e+02
3.220000e+02 5.211868e-01 1.297380e+02
3.225000e+02 6.306757e-01 1.434242e+02
3.230000e+02 8.012362e-01 1.569934e+02
3.235000e+02 1.059196e+00 1.694804e+02
3.240000e+02 1.435310e+00 1.798255e+02
3.245000e+02 1.918103e+00 1.870334e+02
3.250000e+02 2.318671e+00 1.903409e+02
3.255000e+02 2.168885e+00 1.893567e+02
3.260000e+02 1.692624e+00 1.841379e+02
3.265000e+02 1.270699e+00 1.751843e+02
3.270000e+02 9.863017e-01 1.633532e+02
3.275000e+02 7.219736e-01 1.497134e+02
3.280000e+02 5.759047e-01 1.353762e+02
3.285000e+02 4.698465e-01 1.213377e+02
3.290000e+02 3.976583e-01 1.083657e+02
3.295000e+02 3.455883e-01 9.694476e+01
3.300000e+02 3.069546e-01 8.728165e+01
3.305000e+02 2.777124e-01 7.935554e+01
3.310000e+02 2.553299e-01 7.299213e+01
3.315000e+02 2.380839e-01 6.793997e+01
3.320000e+02 2.256092e-01 6.393299e+01
3.325000e+02 2.279505e-01 6.073120e+01
3.330000e+02 2.229449e-01 5.813969e+01
3.335000e+02 1.978606e-01 5.601130e+01
3.340000e+02 1.905388e-01 5.423994e+01
3.345000e+02 1.852881e-01 5.275087e+01
3.350000e+02 1.827314e-01 5.149163e+01
3.355000e+02 1.798893e-01 5.042494e+01
3.360000e+02 1.748260e-01 4.952367e+01
3.365000e+02 1.715021e-01 4.876706e+01
3.370000e+02 1.689465e-01 4.813814e+01
3.375000e+02 1.670815e-01 4.762220e+01
3.380000e+02 1.652766e-01 4.720631e+01
3.385000e+02 1.641289e-01 4.687973e+01
3.390000e+02 1.631481e-01 4.663452e+01
3.395000e+02 1.624088e-01 4.646553e+01
3.400000e+02 1.619593e-01 4.636950e+01
3.405000e+02 1.617132e-01 4.634312e+01
3.410000e+02 1.616342e-01 4.638095e+01
3.415000e+02 1.617287e-01 4.647393e+01
3.420000e+02 1.621730e-01 4.660929e+01
3.425000e+02 1.629229e-01 4.677195e+01
3.430000e+02 1.670220e-01 4.694691e+01
3.435000e+02 1.804929e-01 4.712177e+01
3.440000e+02 1.652177e-01 4.728867e+01
3.445000e+02 1.663200e-01 4.744510e+01
3.450000e+02 1.723679e-01 4.759375e+01
3.455000e+02 1.690289e-01 4.774190e+01
3.460000e+02 1.695470e-01 4.790052e+01
3.465000e+02 1.694509e-01 4.808350e+01
3.470000e+02 1.703247e-01 4.830656e+01
3.475000e+02 1.714929e-01 4.858580e+01
3.480000e+02 1.729924e-01 4.893558e+01
3.485000e+02 1.745304e-01 4.936601e+01
3.490000e+02 1.766482e-01 4.988085e+01
3.495000e+02 1.789108e-01 5.047628e+01
3.500000e+02 1.812004e-01 5.114120e+01
3.505000e+02 1.841264e-01 5.185884e+01
3.510000e+02 1.889355e-01 5.260927e+01
3.515000e+02 1.995611e-01 5.337197e+01
3.520000e+02 2.055575e-01 5.412822e+01
3.525000e+02 2.269376e-01 5.486305e+01
3.530000e+02 2.074743e-01 5.556714e+01
3.535000e+02 1.993830e-01 5.623877e+01
3.540000e+02 2.005764e-01 5.688542e+01
3.545000e+02 2.043333e-01 5.752413e+01
3.550000e+02 2.709057e-01 5.817938e+01
3.555000e+02 2.110214e-01 5.887809e+01
3.560000e+02 2.139616e-01 5.964253e+01
3.565000e+02 2.181505e-01 6.048347e+01
3.570000e+02 2.224859e-01 6.139677e+01
3.575000e+02 2.452472e-01 6.236584e+01
3.580000e+02 2.426786e-01 6.337040e+01
3.585000e+02 2.505763e-01 6.439886e+01
3.590000e+02 2.830830e-01 6.545935e+01
3.595000e+02 2.634508e-01 6.658445e+01
3.600000e+02 2.573210e-01 6.782666e+01
3.605000e+02 2.600188e-01 6.924620e+01
3.610000e+02 2.670213e-01 7.089735e+01
3.615000e+02 2.785037e-01 7.282122e+01
3.620000e+02 2.850859e-01 7.505145e+01
3.625000e+02 2.944603e-01 7.763313e+01
3.630000e+02 3.071325e-01 8.064770e+01
3.635000e+02 3.648836e-01 8.423035e+01
3.640000e+02 3.415491e-01 8.856525e+01
3.645000e+02 4.908690e-01 9.384988e+01
3.650000e+02 3.763952e-01 1.002310e+02
3.655000e+02 3.991877e-01 1.077281e+02
3.660000e+02 4.346005e-01 1.161702e+02
3.665000e+02 4.920137e-01 1.251729e+02
3.670000e+02 5.811940e-01 1.341725e+02
3.675000e+02 7.449952e-01 1.425205e+02
3.680000e+02 1.189139e+00 1.496172e+02
3.685000e+02 5.472961e+00 1.550511e+02
3.690000e+02 1.249228e+00 1.587051e+02
3.695000e+02 8.575512e-01 1.607982e+02
3.700000e+02 7.470077e-01 1.618492e+02
3.705000e+02 7.254441e-01 1.625721e+02
3.710000e+02 8.350061e-01 1.637318e+02
3.715000e+02 7.837150e-01 1.659977e+02
3.720000e+02 8.414399e-01 1.698304e+02
3.725000e+02 9.186878e-01 1.754248e+02
3.730000e+02 1.018201e+00 1.827122e+02
3.735000e+02 1.138625e+00 1.914108e+02
3.740000e+02 1.291569e+00 2.011018e+02
3.745000e+02 1.485826e+00 2.113084e+02
3.750000e+02 1.749225e+00 2.215606e+02
3.755000e+02 2.059416e+00 2.314388e+02
3.760000e+02 2.486825e+00 2.405980e+02
3.765000e+02 3.060087e+00 2.487784e+02
3.770000e+02 3.856567e+00 2.558088e+02
3.775000e+02 4.986091e+00 2.616066e+02
3.780000e+02 6.646403e+00 2.661717e+02
3.785000e+02 9.096236e+00 2.695739e+02
3.790000e+02 1.260621e+01 2.719296e+02
3.795000e+02 1.714375e+01 2.733718e+02
3.800000e+02 2.109701e+01 2.740152e+02
3.805000e+02 2.008545e+01 2.739284e+02
3.810000e+02 1.556631e+01 2.731166e+02
3.815000e+02 1.131343e+01 2.715220e+02
3.820000e+02 8.205702e+00 2.690410e+02
3.825000e+02 6.081115e+00 2.655535e+02
3.830000e+02 4.636098e+00 2.609579e+02
3.835000e+02 3.635438e+00 2.552015e+02
3.840000e+02 2.925089e+00 2.483032e+02
3.845000e+02 2.408362e+00 2.403612e+02
3.850000e+02 2.023245e+00 2.315487e+02
3.855000e+02 1.730031e+00 2.220965e+02
3.860000e+02 1.501167e+00 2.122694e+02
3.865000e+02 1.319659e+00 2.023384e+02
3.870000e+02 1.186450e+00 1.925549e+02
3.875000e+02 1.063438e+00 1.831285e+02
3.880000e+02 9.581498e-01 1.742132e+02
3.885000e+02 8.784814e-01 1.659010e+02
3.890000e+02 8.151702e-01 1.582256e+02
3.895000e+02 7.649425e-01 1.511724e+02
3.900000e+02 7.253956e-01 1.446947e+02
3.905000e+02 6.892419e-01 1.387307e+02
3.910000e+02 6.463572e-01 1.332203e+02
3.915000e+02 6.045915e-01 1.281163e+02
3.920000e+02 5.684366e-01 1.233905e+02
3.925000e+02 5.597286e-01 1.190324e+02
3.930000e+02 5.155309e-01 1.150429e+02
3.935000e+02 4.871734e-01 1.114255e+02
3.940000e+02 4.669539e-01 1.081764e+02
3.945000e+02 4.499376e-01 1.052792e+02
3.950000e+02 4.430729e-01 1.027039e+02
3.955000e+02 4.223891e-01 1.004108e+02
3.960000e+02 4.114694e-01 9.835939e+01
3.965000e+02 4.578892e-01 9.651774e+01
3.970000e+02 4.208766e-01 9.486930e+01
3.975000e+02 3.833294e-01 9.341472e+01
3.980000e+02 3.753569e-01 9.216683e+01
3.985000e+02 3.689283e-01 9.114000e+01
3.990000e+02 3.639854e-01 9.033711e+01
3.995000e+02 3.617698e-01 8.973831e+01
4.000000e+02 3.937653e-01 8.929584e+01
4.005000e+02 3.604573e-01 8.893743e+01
4.010000e+02 3.757248e-01 8.857801e+01
4.015000e+02 3.903741e-01 8.813692e+01
4.020000e+02 3.974925e-01 8.755577e+01
4.025000e+02 4.324692e-01 8.681180e+01
4.030000e+02 3.464981e-01 8.592285e+01
4.035000e+02 3.384564e-01 8.494250e+01
4.040000e+02 3.367475e-01 8.394691e+01
4.045000e+02 3.294385e-01 8.301715e+01
4.050000e+02 3.268832e-01 8.222183e+01
4.055000e+02 3.254541e-01 8.160457e+01
4.060000e+02 3.246241e-01 8.117900e+01
4.065000e+02 3.241565e-01 8.093174e+01
4.070000e+02 3.244058e-01 8.083156e+01
4.075000e+02 3.257979e-01 8.084159e+01
4.080000e+02 3.358314e-01 8.093081e+01
4.085000e+02 3.451829e-01 8.108184e+01
4.090000e+02 3.290315e-01 8.129341e+01
4.095000e+02 3.279269e-01 8.157736e+01
4.100000e+02 3.290148e-01 8.195169e+01
4.105000e+02 3.310627e-01 8.243198e+01
4.110000e+02 3.332528e-01 8.302396e+01
4.115000e+02 3.369646e-01 8.371963e+01
4.120000e+02 3.431054e-01 8.449796e+01
4.125000e+02 3.482281e-01 8.533054e+01
4.130000e+02 4.020554e-01 8.619040e+01
4.135000e+02 3.556364e-01 8.706196e+01
4.140000e+02 3.795299e-01 8.794909e+01
4.145000e+02 3.859213e-01 8.887945e+01
4.150000e+02 3.706681e-01 8.990400e+01
4.155000e+02 3.753204e-01 9.109292e+01
4.160000e+02 3.828637e-01 9.253041e+01
4.165000e+02 3.927411e-01 9.431166e+01
4.170000e+02 4.040949e-01 9.654490e+01
4.175000e+02 4.178882e-01 9.935872e+01
4.180000e+02 4.350679e-01 1.029122e+02
4.185000e+02 4.554465e-01 1.074019e+02
4.190000e+02 4.813782e-01 1.130573e+02
4.195000e+02 5.143743e-01 1.201187e+02
4.200000e+02 5.576567e-01 1.287928e+02
4.205000e+02 6.157778e-01 1.391904e+02
4.210000e+02 6.954908e-01 1.512553e+02
4.215000e+02 8.082497e-01 1.647035e+02
4.220000e+02 9.841584e-01 1.789901e+02
4.225000e+02 1.273639e+00 1.933222e+02
4.230000e+02 1.795599e+00 2.067240e+02
4.235000e+02 2.883658e+00 2.181523e+02
4.240000e+02 5.449371e+00 2.266414e+02
4.245000e+02 1.409307e+01 2.314528e+02
4.250000e+02 1.507802e+01 2.321957e+02
4.255000e+02 5.692377e+00 2.288935e+02
4.260000e+02 2.987159e+00 2.219804e+02
4.265000e+02 1.885969e+00 2.122286e+02
4.270000e+02 1.385446e+00 2.006239e+02
4.275000e+02 1.070624e+00 1.882165e+02
4.280000e+02 9.015911e-01 1.759789e+02
4.285000e+02 7.957336e-01 1.646966e+02
4.290000e+02 7.324767e-01 1.549084e+02
4.295000e+02 6.858963e-01 1.468987e+02
4.300000e+02 6.496405e-01 1.407326e+02
4.305000e+02 6.434430e-01 1.363190e+02
4.310000e+02 6.150123e-01 1.334823e+02
4.315000e+02 6.082327e-01 1.320294e+02
4.320000e+02 6.095745e-01 1.318008e+02
4.325000e+02 6.162965e-01 1.327020e+02
4.330000e+02 6.291092e-01 1.347138e+02
4.335000e+02 6.462073e-01 1.378824e+02
4.340000e+02 6.697775e-01 1.422911e+02
4.345000e+02 7.017022e-01 1.480174e+02
4.350000e+02 7.433387e-01 1.550827e+02
4.355000e+02 8.005686e-01 1.634033e+02
4.360000e+02 8.794160e-01 1.727565e+02
4.365000e+02 9.942015e-01 1.827726e+02
4.370000e+02 1.164827e+00 1.929619e+02
4.375000e+02 1.763882e+00 2.027752e+02
4.380000e+02 1.670681e+00 2.116898e+02
4.385000e+02 2.159816e+00 2.192992e+02
4.390000e+02 2.605768e+00 2.253884e+02
4.395000e+02 2.561981e+00 2.299713e+02
4.400000e+02 2.156876e+00 2.332810e+02
4.405000e+02 1.867205e+00 2.357142e+02
4.410000e+02 1.760734e+00 2.377424e+02
4.415000e+02 1.813337e+00 2.398127e+02
4.420000e+02 1.918512e+00 2.422620e+02
4.425000e+02 2.122147e+00 2.452639e+02
4.430000e+02 2.423935e+00 2.488169e+02
4.435000e+02 2.679717e+00 2.527726e+02
4.440000e+02 3.018222e+00 2.568903e+02
4.445000e+02 3.568367e+00 2.609022e+02
4.450000e+02 4.425976e+00 2.645701e+02
4.455000e+02 5.777166e+00 2.677230e+02
4.460000e+02 7.675457e+00 2.702691e+02
4.465000e+02 1.067511e+01 2.721859e+02
4.470000e+02 1.510874e+01 2.734938e+02
4.475000e+02 2.058298e+01 2.742253e+02
4.480000e+02 2.554031e+01 2.743971e+02
4.485000e+02 1.986312e+01 2.739926e+02
4.490000e+02 1.443377e+01 2.729568e+02
4.495000e+02 1.016395e+01 2.712041e+02
4.500000e+02 7.335887e+00 2.686358e+02
4.505000e+02 5.479075e+00 2.651632e+02
4.510000e+02 4.242595e+00 2.607309e+02
4.515000e+02 3.396031e+00 2.553370e+02
4.520000e+02 2.807818e+00 2.490446e+02
4.525000e+02 2.357546e+00 2.419836e+02
4.530000e+02 2.023256e+00 2.343410e+02
4.535000e+02 1.770258e+00 2.263422e+02
4.540000e+02 1.574332e+00 2.182254e+02
4.545000e+02 1.422101e+00 2.102159e+02
4.550000e+02 1.295388e+00 2.025033e+02
4.555000e+02 1.193480e+00 1.952275e+02
4.560000e+02 1.110873e+00 1.884754e+02
4.565000e+02 1.043916e+00 1.822860e+02
4.570000e+02 9.935813e-01 1.766638e+02
4.575000e+02 1.022698e+00 1.715936e+02
4.580000e+02 9.013551e-01 1.670541e+02
4.585000e+02 8.639585e-01 1.630263e+02
4.590000e+02 8.338217e-01 1.594957e+02
4.595000e+02 8.103820e-01 1.564500e+02
4.600000e+02 7.892847e-01 1.538738e+02
4.605000e+02 7.732589e-01 1.517441e+02
4.610000e+02 7.641550e-01 1.500285e+02
4.615000e+02 7.497163e-01 1.486869e+02
4.620000e+02 7.456450e-01 1.476774e+02
4.625000e+02 7.631340e-01 1.469643e+02
4.630000e+02 7.644397e-01 1.465273e+02
4.635000e+02 7.538294e-01 1.463699e+02
4.640000e+02 7.530786e-01 1.465258e+02
4.645000e+02 7.364204e-01 1.470611e+02
4.650000e+02 7.374925e-01 1.480700e+02
4.655000e+02 7.399581e-01 1.496646e+02
4.660000e+02 7.481834e-01 1.519571e+02
4.665000e+02 7.929274e-01 1.550370e+02
4.670000e+02 7.818365e-01 1.589486e+02
4.675000e+02 8.053849e-01 1.636741e+02
4.680000e+02 1.134682e+00 1.691282e+02
4.685000e+02 9.296234e-01 1.751677e+02
4.690000e+02 9.832875e-01 1.816156e+02
4.695000e+02 1.210269e+00 1.882917e+02
4.700000e+02 1.334702e+00 1.950398e+02
4.705000e+02 1.445097e+00 2.017424e+02
4.710000e+02 1.902203e+00 2.083129e+02
4.715000e+02 1.536513e+00 2.146686e+02
4.720000e+02 1.491761e+00 2.206914e+02
4.725000e+02 1.571624e+00 2.261910e+02
4.730000e+02 1.857156e+00 2.308886e+02
4.735000e+02 2.204832e+00 2.344321e+02
4.740000e+02 2.848004e+00 2.364450e+02
4.745000e+02 3.490955e+00 2.366017e+02
4.750000e+02 3.337789e+00 2.347080e+02
4.755000e+02 2.620725e+00 2.307663e+02
4.760000e+02 2.282687e+00 2.250047e+02
4.765000e+02 1.612082e+00 2.178586e+02
4.770000e+02 1.364162e+00 2.099091e+02
4.775000e+02 1.200759e+00 2.017910e+02
4.780000e+02 1.089211e+00 1.940946e+02
4.785000e+02 1.018767e+00 1.872839e+02
4.790000e+02 9.738873e-01 1.816497e+02
4.795000e+02 9.574212e-01 1.773077e+02
4.800000e+02 9.676291e-01 1.742349e+02
4.805000e+02 9.514106e-01 1.723344e+02
4.810000e+02 9.593235e-01 1.715059e+02
4.815000e+02 1.021986e+00 1.717026e+02
4.820000e+02 9.439424e-01 1.729590e+02
4.825000e+02 9.446360e-01 1.753804e+02
4.830000e+02 9.657901e-01 1.790969e+02
4.835000e+02 1.004793e+00 1.841931e+02
4.840000e+02 1.056419e+00 1.906325e+02
4.845000e+02 1.142579e+00 1.981983e+02
4.850000e+02 1.280131e+00 2.064687e+02
4.855000e+02 1.524754e+00 2.148393e+02
4.860000e+02 2.016545e+00 2.225922e+02
4.865000e+02 3.202325e+00 2.290000e+02
4.870000e+02 7.225215e+00 2.334424e+02
4.875000e+02 7.343882e+00 2.355104e+02
4.880000e+02 3.520367e+00 2.350735e+02
4.885000e+02 2.499103e+00 2.322942e+02
4.890000e+02 1.989540e+00 2.275892e+02
4.895000e+02 1.699174e+00 2.215466e+02
4.900000e+02 1.459326e+00 2.148217e+02
4.905000e+02 1.329402e+00 2.080342e+02
4.910000e+02 1.237527e+00 2.016891e+02
4.915000e+02 1.171692e+00 1.961331e+02
4.920000e+02 1.143056e+00 1.915484e+02
4.925000e+02 1.097818e+00 1.879770e+02
4.930000e+02 1.079706e+00 1.853609e+02
4.935000e+02 1.069934e+00 1.835858e+02
4.940000e+02 1.065638e+00 1.825161e+02
4.945000e+02 1.065928e+00 1.820188e+02
4.950000e+02 1.069523e+00 1.819737e+02
4.955000e+02 1.077076e+00 1.822768e+02
4.960000e+02 1.108771e+00 1.828397e+02
4.965000e+02 1.113233e+00 1.835891e+02
4.970000e+02 1.142478e+00 1.844682e+02
4.975000e+02 1.119999e+00 1.854384e+02
4.980000e+02 1.161918e+00 1.864802e+02
4.985000e+02 1.154431e+00 1.875914e+02
4.990000e+02 1.167029e+00 1.887828e+02
4.995000e+02 1.172485e+00 1.900702e+02
5.000000e+02 1.190505e+00 1.914671e+02
5.005000e+02 1.227990e+00 1.929776e+02
5.010000e+02 1.229333e+00 1.945924e+02
5.015000e+02 1.255012e+00 1.962884e+02
5.020000e+02 1.287901e+00 1.980326e+02
5.025000e+02 1.323258e+00 1.997886e+02
5.030000e+02 1.352792e+00 2.015241e+02
5.035000e+02 1.396234e+00 2.032188e+02
5.040000e+02 1.415731e+00 2.048685e+02
5.045000e+02 1.424220e+00 2.064861e+02
5.050000e+02 1.433066e+00 2.080968e+02
5.055000e+02 1.448192e+00 2.097306e+02
5.060000e+02 1.465690e+00 2.114118e+02
5.065000e+02 1.495021e+00 2.131506e+02
5.070000e+02 1.530659e+00 2.149373e+02
5.075000e+02 1.591987e+00 2.167432e+02
5.080000e+02 1.668926e+00 2.185258e+02
5.085000e+02 1.685423e+00 2.202390e+02
5.090000e+02 1.746695e+00 2.218449e+02
5.095000e+02 1.765670e+00 2.233222e+02
5.100000e+02 1.767609e+00 2.246723e+02
5.105000e+02 1.772010e+00 2.259176e+02
5.110000e+02 1.783924e+00 2.270965e+02
5.115000e+02 1.803508e+00 2.282541e+02
5.120000e+02 1.832124e+00 2.294334e+02
5.125000e+02 1.859729e+00 2.306669e+02
5.130000e+02 1.893944e+00 2.319732e+02
5.135000e+02 1.931018e+00 2.333564e+02
5.140000e+02 1.970632e+00 2.348084e+02
5.145000e+02 2.013760e+00 2.363139e+02
5.150000e+02 2.132582e+00 2.378545e+02
5.155000e+02 2.104494e+00 2.394125e+02
5.160000e+02 2.152470e+00 2.409738e+02
5.165000e+02 2.204284e+00 2.425280e+02
5.170000e+02 2.264055e+00 2.440684e+02
5.175000e+02 2.406789e+00 2.455915e+02
5.180000e+02 2.372795e+00 2.470951e+02
5.185000e+02 2.430311e+00 2.485776e+02
5.190000e+02 2.492430e+00 2.500374e+02
5.195000e+02 2.562981e+00 2.514721e+02
5.200000e+02 2.704709e+00 2.528783e+02
5.205000e+02 2.713347e+00 2.542518e+02
5.210000e+02 2.771874e+00 2.555881e+02
5.215000e+02 2.848166e+00 2.568824e+02
5.220000e+02 3.049801e+00 2.581309e+02
5.225000e+02 3.015283e+00 2.593306e+02
5.230000e+02 3.119287e+00 2.604803e+02
5.235000e+02 3.270739e+00 2.615803e+02
5.240000e+02 3.286007e+00 2.626321e+02
5.245000e+02 3.381998e+00 2.636380e+02
5.250000e+02 3.484940e+00 2.646002e+02
5.255000e+02 3.594738e+00 2.655203e+02
5.260000e+02 3.711335e+00 2.663990e+02
5.265000e+02 3.837071e+00 2.672358e+02
5.270000e+02 3.970209e+00 2.680295e+02
5.275000e+02 4.116749e+00 2.687785e+02
5.280000e+02 4.242261e+00 2.694811e+02
5.285000e+02 4.387148e+00 2.701365e+02
5.290000e+02 4.543355e+00 2.707444e+02
5.295000e+02 4.713824e+00 2.713054e+02
5.300000e+02 4.884764e+00 2.718207e+02
5.305000e+02 5.080231e+00 2.722923e+02
5.310000e+02 5.271174e+00 2.727221e+02
5.315000e+02 5.474971e+00 2.731123e+02
5.320000e+02 5.692323e+00 2.734653e+02
5.325000e+02 5.927262e+00 2.737833e+02
5.330000e+02 6.177772e+00 2.740689e+02
5.335000e+02 6.445030e+00 2.743246e+02
5.340000e+02 6.735788e+00 2.745529e+02
5.345000e+02 7.042211e+00 2.747566e+02
5.350000e+02 7.358027e+00 2.749381e+02
5.355000e+02 7.707177e+00 2.751000e+02
5.360000e+02 8.108272e+00 2.752446e+02
5.365000e+02 8.482115e+00 2.753741e+02
5.370000e+02 8.914706e+00 2.754905e+02
5.375000e+02 9.380775e+00 2.755957e+02
5.380000e+02 9.882336e+00 2.756913e+02
5.385000e+02 1.042629e+01 2.757789e+02
5.390000e+02 1.102283e+01 2.758595e+02
5.395000e+02 1.169484e+01 2.759343e+02
5.400000e+02 1.236471e+01 2.760041e+02
5.405000e+02 1.313511e+01 2.760695e+02
5.410000e+02 1.396669e+01 2.761312e+02
5.415000e+02 1.488985e+01 2.761895e+02
5.420000e+02 1.591066e+01 2.762449e+02
5.425000e+02 1.704541e+01 2.762976e+02
5.430000e+02 1.830112e+01 2.763477e+02
5.435000e+02 1.970982e+01 2.763955e+02
5.440000e+02 2.129326e+01 2.764410e+02
5.445000e+02 2.309465e+01 2.764843e+02
5.450000e+02 2.516408e+01 2.765254e+02
5.455000e+02 2.747856e+01 2.765644e+02
5.460000e+02 3.020571e+01 2.766013e+02
5.465000e+02 3.339981e+01 2.766361e+02
5.470000e+02 3.712502e+01 2.766688e+02
5.475000e+02 4.132949e+01 2.766995e+02
5.480000e+02 4.561001e+01 2.767282e+02
5.485000e+02 5.016439e+01 2.767551e+02
5.490000e+02 5.560373e+01 2.767802e+02
5.495000e+02 6.225914e+01 2.768037e+02
5.500000e+02 7.050382e+01 2.768256e+02
5.505000e+02 8.071476e+01 2.768460e+02
5.510000e+02 9.377822e+01 2.768650e+02
5.515000e+02 1.094103e+02 2.768825e+02
5.520000e+02 1.296403e+02 2.768986e+02
5.525000e+02 1.556915e+02 2.769132e+02
5.530000e+02 1.898784e+02 2.769264e+02
5.535000e+02 2.358393e+02 2.769381e+02
5.540000e+02 2.988486e+02 2.769482e+02
5.545000e+02 3.868404e+02 2.769569e+02
5.550000e+02 5.112153e+02 2.769640e+02
5.555000e+02 6.860692e+02 2.769696e+02
5.560000e+02 9.200345e+02 2.769737e+02
5.565000e+02 1.185757e+03 2.769762e+02
5.570000e+02 1.366406e+03 2.769772e+02
5.575000e+02 1.203909e+03 2.769767e+02
5.580000e+02 9.515228e+02 2.769747e+02
5.585000e+02 7.174599e+02 2.769712e+02
5.590000e+02 5.377568e+02 2.769662e+02
5.595000e+02 4.081405e+02 2.769597e+02
5.600000e+02 3.157781e+02 2.769517e+02
5.605000e+02 2.493630e+02 2.769422e+02
5.610000e+02 2.008067e+02 2.769313e+02
5.615000e+02 1.645948e+02 2.769190e+02
5.620000e+02 1.370529e+02 2.769053e+02
5.625000e+02 1.157151e+02 2.768901e+02
5.630000e+02 9.890253e+01 2.768735e+02
5.635000e+02 8.545516e+01 2.768555e+02
5.640000e+02 7.453581e+01 2.768360e+02
5.645000e+02 6.557171e+01 2.768152e+02
5.650000e+02 5.812697e+01 2.767931e+02
5.655000e+02 5.188810e+01 2.767695e+02
5.660000e+02 4.662300e+01 2.767446e+02
5.665000e+02 4.215052e+01 2.767183e+02
5.670000e+02 3.824808e+01 2.766906e+02
5.675000e+02 3.482258e+01 2.766615e+02
5.680000e+02 3.187312e+01 2.766310e+02
5.685000e+02 2.929204e+01 2.765990e+02
5.690000e+02 2.701975e+01 2.765656e+02
5.695000e+02 2.500929e+01 2.765307e+02
5.700000e+02 2.328278e+01 2.764943e+02
5.705000e+02 2.162805e+01 2.764564e+02
5.710000e+02 2.129637e+01 2.764168e+02
5.715000e+02 1.888408e+01 2.763756e+02
5.720000e+02 1.770457e+01 2.763327e+02
5.725000e+02 1.664356e+01 2.762881e+02
5.730000e+02 1.569700e+01 2.762416e+02
5.735000e+02 1.481727e+01 2.761931e+02
5.740000e+02 1.398582e+01 2.761426e+02
5.745000e+02 1.327663e+01 2.760897e+02
5.750000e+02 1.256213e+01 2.760344e+02
5.755000e+02 1.193566e+01 2.759762e+02
5.760000e+02 1.136356e+01 2.759150e+02
5.765000e+02 1.104361e+01 2.758503e+02
5.770000e+02 1.033480e+01 2.757815e+02
5.775000e+02 9.886576e+00 2.757082e+02
5.780000e+02 9.440243e+00 2.756295e+02
5.785000e+02 9.031370e+00 2.755449e+02
5.790000e+02 8.653935e+00 2.754535e+02
5.795000e+02 8.301971e+00 2.753545e+02
5.800000e+02 7.974976e+00 2.752468e+02
5.805000e+02 7.666335e+00 2.751293e+02
5.810000e+02 7.379407e+00 2.750007e+02
5.815000e+02 7.113207e+00 2.748597e+02
5.820000e+02 6.912475e+00 2.747047e+02
5.825000e+02 6.633760e+00 2.745345e+02
5.830000e+02 6.391248e+00 2.743476e+02
5.835000e+02 6.293525e+00 2.741429e+02
5.840000e+02 5.967870e+00 2.739190e+02
5.845000e+02 5.772050e+00 2.736750e+02
5.850000e+02 5.589058e+00 2.734098e+02
5.855000e+02 5.416108e+00 2.731229e+02
5.860000e+02 5.252467e+00 2.728137e+02
5.865000e+02 5.096704e+00 2.724820e+02
5.870000e+02 4.949460e+00 2.721278e+02
5.875000e+02 4.808170e+00 2.717510e+02
5.880000e+02 4.674215e+00 2.713516e+02
5.885000e+02 4.547017e+00 2.709292e+02
5.890000e+02 4.428348e+00 2.704834e+02
5.895000e+02 4.310723e+00 2.700138e+02
5.900000e+02 4.202246e+00 2.695203e+02
5.905000e+02 4.103535e+00 2.690030e+02
5.910000e+02 4.071502e+00 2.684629e+02
5.915000e+02 3.904785e+00 2.679011e+02
5.920000e+02 3.809212e+00 2.673192e+02
5.925000e+02 3.748847e+00 2.667187e+02
5.930000e+02 3.641050e+00 2.661017e+02
5.935000e+02 3.556937e+00 2.654707e+02
5.940000e+02 3.481264e+00 2.648294e+02
5.945000e+02 3.413934e+00 2.641833e+02
5.950000e+02 3.436254e+00 2.635397e+02
5.955000e+02 3.284750e+00 2.629069e+02
5.960000e+02 3.215700e+00 2.622927e+02
5.965000e+02 3.158303e+00 2.617023e+02
5.970000e+02 3.107961e+00 2.611361e+02
5.975000e+02 3.065502e+00 2.605872e+02
5.980000e+02 3.032718e+00 2.600418e+02
5.985000e+02 3.012420e+00 2.594797e+02
5.990000e+02 3.006554e+00 2.588774e+02
5.995000e+02 3.008456e+00 2.582124e+02
6.000000e+02 3.043182e+00 2.574675e+02
6.005000e+02 2.901950e+00 2.566344e+02
6.010000e+02 2.808881e+00 2.557153e+02
6.015000e+02 2.724596e+00 2.547233e+02
6.020000e+02 2.657047e+00 2.536791e+02
6.025000e+02 2.611912e+00 2.526080e+02
6.030000e+02 2.552662e+00 2.515351e+02
6.035000e+02 2.496921e+00 2.504826e+02
6.040000e+02 2.452226e+00 2.494677e+02
6.045000e+02 2.412173e+00 2.485021e+02
6.050000e+02 2.376464e+00 2.475938e+02
6.055000e+02 2.344300e+00 2.467480e+02
6.060000e+02 2.314777e+00 2.459694e+02
6.065000e+02 2.287119e+00 2.452627e+02
6.070000e+02 2.262646e+00 2.446323e+02
6.075000e+02 2.241186e+00 2.440822e+02
6.080000e+02 2.224865e+00 2.436144e+02
6.085000e+02 2.203633e+00 2.432296e+02
6.090000e+02 2.191038e+00 2.429273e+02
6.095000e+02 2.197355e+00 2.427081e+02
6.100000e+02 2.208178e+00 2.425761e+02
6.105000e+02 2.262679e+00 2.425413e+02
6.110000e+02 2.190134e+00 2.426216e+02
6.115000e+02 2.195593e+00 2.428438e+02
6.120000e+02 2.174928e+00 2.432425e+02
6.125000e+02 2.186772e+00 2.438575e+02
6.130000e+02 2.208890e+00 2.447302e+02
6.135000e+02 2.241677e+00 2.458972e+02
6.140000e+02 2.288652e+00 2.473847e+02
6.145000e+02 2.357107e+00 2.492015e+02
6.150000e+02 2.445313e+00 2.513337e+02
6.155000e+02 2.552851e+00 2.537414e+02
6.160000e+02 2.710339e+00 2.563580e+02
6.165000e+02 2.925648e+00 2.590946e+02
6.170000e+02 3.222099e+00 2.618465e+02
6.175000e+02 3.650837e+00 2.645033e+02
6.180000e+02 4.269565e+00 2.669585e+02
6.185000e+02 5.204148e+00 2.691182e+02
6.190000e+02 6.633487e+00 2.709062e+02
6.195000e+02 8.796655e+00 2.722647e+02
6.200000e+02 1.176836e+01 2.731517e+02
6.205000e+02 1.459601e+01 2.735361e+02
6.210000e+02 1.417178e+01 2.733933e+02
6.215000e+02 1.109760e+01 2.727032e+02
6.220000e+02 8.248584e+00 2.714518e+02
6.225000e+02 6.230141e+00 2.696356e+02
6.230000e+02 4.892415e+00 2.672690e+02
6.235000e+02 4.027002e+00 2.643899e+02
6.240000e+02 3.402155e+00 2.610631e+02
6.245000e+02 2.961848e+00 2.573786e+02
6.250000e+02 2.650613e+00 2.534456e+02
6.255000e+02 2.426422e+00 2.493814e+02
6.260000e+02 2.236952e+00 2.453003e+02
6.265000e+02 2.097647e+00 2.413019e+02
6.270000e+02 1.990163e+00 2.374641e+02
6.275000e+02 1.915930e+00 2.338396e+02
6.280000e+02 1.840958e+00 2.304581e+02
6.285000e+02 1.755487e+00 2.273316e+02
6.290000e+02 1.693235e+00 2.244604e+02
6.295000e+02 1.642005e+00 2.218400e+02
6.300000e+02 1.598825e+00 2.194637e+02
6.305000e+02 1.560679e+00 2.173233e+02
6.310000e+02 1.527466e+00 2.154072e+02
6.315000e+02 1.499426e+00 2.136966e+02
6.320000e+02 1.496160e+00 2.121641e+02
6.325000e+02 1.455830e+00 2.107735e+02
6.330000e+02 1.427254e+00 2.094835e+02
6.335000e+02 1.411374e+00 2.082538e+02
6.340000e+02 1.393502e+00 2.070520e+02
6.345000e+02 1.597696e+00 2.058592e+02
6.350000e+02 1.355970e+00 2.046728e+02
6.355000e+02 1.335608e+00 2.035043e+02
6.360000e+02 1.320139e+00 2.023745e+02
6.365000e+02 1.306268e+00 2.013058e+02
6.370000e+02 1.293765e+00 2.003157e+02
6.375000e+02 1.282344e+00 1.994115e+02
6.380000e+02 1.273013e+00 1.985892e+02
6.385000e+02 1.276374e+00 1.978354e+02
6.390000e+02 1.351284e+00 1.971319e+02
6.395000e+02 1.249218e+00 1.964607e+02
6.400000e+02 1.257952e+00 1.958079e+02
6.405000e+02 1.227905e+00 1.951668e+02
6.410000e+02 1.216752e+00 1.945379e+02
6.415000e+02 1.230959e+00 1.939273e+02
6.420000e+02 1.216391e+00 1.933440e+02
6.425000e+02 1.251501e+00 1.927968e+02
6.430000e+02 1.193489e+00 1.922905e+02
6.435000e+02 1.186857e+00 1.918239e+02
6.440000e+02 1.179654e+00 1.913892e+02
6.445000e+02 1.192672e+00 1.909735e+02
6.450000e+02 1.209620e+00 1.905631e+02
6.455000e+02 1.182358e+00 1.901486e+02
6.460000e+02 1.176840e+00 1.897309e+02
6.465000e+02 1.162925e+00 1.893243e+02
6.470000e+02 1.152477e+00 1.889559e+02
6.475000e+02 1.162972e+00 1.886605e+02
6.480000e+02 1.195252e+00 1.884719e+02
6.485000e+02 1.135974e+00 1.884145e+02
6.490000e+02 1.128247e+00 1.884983e+02
6.495000e+02 1.124551e+00 1.887207e+02
6.500000e+02 1.123946e+00 1.890745e+02
6.505000e+02 1.130444e+00 1.895613e+02
6.510000e+02 1.140547e+00 1.902029e+02
6.515000e+02 1.634708e+00 1.910458e+02
6.520000e+02 1.142491e+00 1.921540e+02
6.525000e+02 1.140846e+00 1.935889e+02
6.530000e+02 1.152399e+00 1.953822e+02
6.535000e+02 1.177494e+00 1.975084e+02
6.540000e+02 1.194583e+00 1.998680e+02
6.545000e+02 1.241455e+00 2.022883e+02
6.550000e+02 2.067763e+00 2.045437e+02
6.555000e+02 1.448627e+00 2.063932e+02
6.560000e+02 2.237166e+00 2.076243e+02
6.565000e+02 1.681685e+00 2.080923e+02
6.570000e+02 1.325224e+00 2.077459e+02
6.575000e+02 1.454806e+00 2.066306e+02
6.580000e+02 1.570915e+00 2.048732e+02
6.585000e+02 1.370264e+00 2.026516e+02
6.590000e+02 1.310647e+00 2.001599e+02
6.595000e+02 1.242782e+00 1.975777e+02
6.600000e+02 1.193315e+00 1.950501e+02
6.605000e+02 1.158006e+00 1.926806e+02
6.610000e+02 1.137213e+00 1.905335e+02
6.615000e+02 1.251818e+00 1.886432e+02
6.620000e+02 1.103077e+00 1.870236e+02
6.625000e+02 1.089933e+00 1.856749e+02
6.630000e+02 1.081846e+00 1.845865e+02
6.635000e+02 1.075327e+00 1.837379e+02
6.640000e+02 1.071252e+00 1.830988e+02
6.645000e+02 1.080158e+00 1.826307e+02
6.650000e+02 1.071211e+00 1.822919e+02
6.655000e+02 1.111895e+00 1.820426e+02
6.660000e+02 1.085960e+00 1.818518e+02
6.665000e+02 1.101238e+00 1.817002e+02
6.670000e+02 1.070368e+00 1.815813e+02
6.675000e+02 1.066956e+00 1.814982e+02
6.680000e+02 1.060354e+00 1.814585e+02
6.685000e+02 1.057502e+00 1.814678e+02
6.690000e+02 1.059658e+00 1.815261e+02
6.695000e+02 1.075554e+00 1.816248e+02
6.700000e+02 1.131109e+00 1.817485e+02
6.705000e+02 1.066000e+00 1.818776e+02
6.710000e+02 1.067025e+00 1.819937e+02
6.715000e+02 1.118943e+00 1.820834e+02
6.720000e+02 1.092781e+00 1.821411e+02
6.725000e+02 1.086127e+00 1.821703e+02
6.730000e+02 1.075726e+00 1.821821e+02
6.735000e+02 1.071032e+00 1.821919e+02
6.740000e+02 1.109130e+00 1.822158e+02
6.745000e+02 1.070413e+00 1.822672e+02
6.750000e+02 1.070944e+00 1.823540e+02
6.755000e+02 1.073616e+00 1.824776e+02
6.760000e+02 1.103486e+00 1.826330e+02
6.765000e+02 1.081183e+00 1.828115e+02
6.770000e+02 1.090205e+00 1.830024e+02
6.775000e+02 1.094918e+00 1.831966e+02
6.780000e+02 1.110906e+00 1.833883e+02
6.785000e+02 1.097645e+00 1.835769e+02
6.790000e+02 1.098019e+00 1.837665e+02
6.795000e+02 1.097008e+00 1.839653e+02
6.800000e+02 1.098532e+00 1.841829e+02
6.805000e+02 1.101347e+00 1.844287e+02
6.810000e+02 1.104742e+00 1.847086e+02
6.815000e+02 1.108865e+00 1.850247e+02
6.820000e+02 1.113253e+00 1.853742e+02
6.825000e+02 1.117501e+00 1.857509e+02
6.830000e+02 1.124057e+00 1.861469e+02
6.835000e+02 1.144258e+00 1.865551e+02
6.840000e+02 1.139338e+00 1.869708e+02
6.845000e+02 1.140741e+00 1.873927e+02
6.850000e+02 1.142611e+00 1.878230e+02
6.855000e+02 1.147933e+00 1.882672e+02
6.860000e+02 1.153729e+00 1.887324e+02
6.865000e+02 1.159669e+00 1.892277e+02
6.870000e+02 1.166051e+00 1.897642e+02
6.875000e+02 1.173034e+00 1.903553e+02
6.880000e+02 1.180074e+00 1.910169e+02
6.885000e+02 1.187844e+00 1.917658e+02
6.890000e+02 1.196358e+00 1.926165e+02
6.895000e+02 1.205919e+00 1.935761e+02
6.900000e+02 1.217025e+00 1.946387e+02
6.905000e+02 1.230949e+00 1.957813e+02
6.910000e+02 1.250194e+00 1.969626e+02
6.915000e+02 1.290981e+00 1.981271e+02
6.920000e+02 1.306175e+00 1.992131e+02
6.925000e+02 1.356466e+00 2.001640e+02
6.930000e+02 1.300497e+00 2.009406e+02
6.935000e+02 1.631466e+00 2.015291e+02
6.940000e+02 1.300932e+00 2.019459e+02
6.945000e+02 1.312142e+00 2.022338e+02
6.950000e+02 1.320956e+00 2.024546e+02
6.955000e+02 1.316176e+00 2.026765e+02
6.960000e+02 1.345536e+00 2.029623e+02
6.965000e+02 1.335430e+00 2.033600e+02
6.970000e+02 1.346146e+00 2.038971e+02
6.975000e+02 1.364986e+00 2.045801e+02
6.980000e+02 1.368705e+00 2.053976e+02
6.985000e+02 1.382613e+00 2.063253e+02
6.990000e+02 1.453685e+00 2.073318e+02
6.995000e+02 1.411200e+00 2.083830e+02
7.000000e+02 1.427930e+00 2.094468e+02
7.005000e+02 1.458664e+00 2.104954e+02
7.010000e+02 1.528704e+00 2.115083e+02
7.015000e+02 1.592183e+00 2.124738e+02
7.020000e+02 1.495644e+00 2.133904e+02
7.025000e+02 1.515606e+00 2.142664e+02
7.030000e+02 1.563810e+00 2.151180e+02
7.035000e+02 1.550063e+00 2.159659e+02
7.040000e+02 1.563413e+00 2.168318e+02
7.045000e+02 1.581005e+00 2.177347e+02
7.050000e+02 1.600223e+00 2.186887e+02
7.055000e+02 1.621149e+00 2.197021e+02
7.060000e+02 1.643915e+00 2.207788e+02
7.065000e+02 1.666539e+00 2.219189e+02
7.070000e+02 1.691245e+00 2.231212e+02
7.075000e+02 1.717385e+00 2.243838e+02
7.080000e+02 1.751550e+00 2.257063e+02
7.085000e+02 1.774608e+00 2.270915e+02
7.090000e+02 1.803685e+00 2.285493e+02
7.095000e+02 1.844649e+00 2.300997e+02
7.100000e+02 1.872337e+00 2.317747e+02
7.105000e+02 1.908995e+00 2.336162e+02
7.110000e+02 1.953380e+00 2.356691e+02
7.115000e+02 2.114757e+00 2.379671e+02
7.120000e+02 2.057483e+00 2.405167e+02
7.125000e+02 2.127892e+00 2.432812e+02
7.130000e+02 2.223510e+00 2.461723e+02
7.135000e+02 2.367267e+00 2.490524e+02
7.140000e+02 2.618853e+00 2.517517e+02
7.145000e+02 3.162339e+00 2.540955e+02
7.150000e+02 4.750143e+00 2.559384e+02
7.155000e+02 7.916524e+00 2.571939e+02
7.160000e+02 3.934563e+00 2.578544e+02
7.165000e+02 3.070505e+00 2.579927e+02
7.170000e+02 2.783707e+00 2.577478e+02
7.175000e+02 2.680003e+00 2.572957e+02
7.180000e+02 2.671499e+00 2.568154e+02
7.185000e+02 2.700876e+00 2.564576e+02
7.190000e+02 2.693619e+00 2.563237e+02
7.195000e+02 2.748703e+00 2.564588e+02
7.200000e+02 2.812901e+00 2.568575e+02
7.205000e+02 2.841107e+00 2.574791e+02
7.210000e+02 2.901223e+00 2.582659e+02
7.215000e+02 2.970150e+00 2.591594e+02
7.220000e+02 3.045170e+00 2.601110e+02
7.225000e+02 3.127446e+00 2.610858e+02
7.230000e+02 3.243417e+00 2.620617e+02
7.235000e+02 3.394073e+00 2.630257e+02
7.240000e+02 3.401790e+00 2.639697e+02
7.245000e+02 3.497997e+00 2.648877e+02
7.250000e+02 3.603994e+00 2.657747e+02
7.255000e+02 3.719209e+00 2.666267e+02
7.260000e+02 3.839801e+00 2.674410e+02
7.265000e+02 3.978419e+00 2.682161e+02
7.270000e+02 4.112576e+00 2.689516e+02
7.275000e+02 4.257802e+00 2.696470e+02
7.280000e+02 4.429999e+00 2.703015e+02
7.285000e+02 4.578478e+00 2.709137e+02
7.290000e+02 4.748579e+00 2.714820e+02
7.295000e+02 4.936026e+00 2.720054e+02
7.300000e+02 5.201227e+00 2.724838e+02
7.305000e+02 5.362036e+00 2.729183e+02
7.310000e+02 5.623972e+00 2.733109e+02
7.315000e+02 5.855163e+00 2.736646e+02
7.320000e+02 6.097233e+00 2.739821e+02
7.325000e+02 6.376436e+00 2.742662e+02
7.330000e+02 6.682430e+00 2.745196e+02
7.335000e+02 7.016421e+00 2.747448e+02
7.340000e+02 7.385853e+00 2.749447e+02
7.345000e+02 7.821468e+00 2.751220e+02
7.350000e+02 8.310848e+00 2.752798e+02
7.355000e+02 8.666800e+00 2.754207e+02
7.360000e+02 9.176109e+00 2.755473e+02
7.365000e+02 9.760096e+00 2.756615e+02
7.370000e+02 1.035349e+01 2.757652e+02
7.375000e+02 1.103437e+01 2.758597e+02
7.380000e+02 1.178906e+01 2.759464e+02
7.385000e+02 1.262779e+01 2.760266e+02
7.390000e+02 1.356412e+01 2.761011e+02
7.395000e+02 1.461532e+01 2.761711e+02
7.400000e+02 1.581387e+01 2.762370e+02
7.405000e+02 1.721441e+01 2.762992e+02
7.410000e+02 1.864791e+01 2.763580e+02
7.415000e+02 2.037844e+01 2.764135e+02
7.420000e+02 2.237527e+01 2.764658e+02
7.425000e+02 2.469433e+01 2.765150e+02
7.430000e+02 2.741103e+01 2.765613e+02
7.435000e+02 3.061610e+01 2.766050e+02
7.440000e+02 3.444471e+01 2.766459e+02
7.445000e+02 3.904689e+01 2.766843e+02
7.450000e+02 4.455187e+01 2.767200e+02
7.455000e+02 5.094004e+01 2.767531e+02
7.460000e+02 5.834416e+01 2.767836e+02
7.465000e+02 6.766166e+01 2.768115e+02
7.470000e+02 7.939063e+01 2.768371e+02
7.475000e+02 9.467203e+01 2.768603e+02
7.480000e+02 1.149343e+02 2.768813e+02
7.485000e+02 1.421603e+02 2.769000e+02
7.490000e+02 1.792513e+02 2.769164e+02
7.495000e+02 2.311146e+02 2.769304e+02
7.500000e+02 3.048455e+02 2.769420e+02
7.505000e+02 4.099274e+02 2.769512e+02
7.510000e+02 5.548941e+02 2.769581e+02
7.515000e+02 7.314427e+02 2.769627e+02
7.520000e+02 8.910964e+02 2.769648e+02
7.525000e+02 8.178204e+02 2.769647e+02
7.530000e+02 6.565241e+02 2.769621e+02
7.535000e+02 4.948945e+02 2.769571e+02
7.540000e+02 3.683470e+02 2.769498e+02
7.545000e+02 2.772195e+02 2.769400e+02
7.550000e+02 2.125571e+02 2.769280e+02
7.555000e+02 1.665976e+02 2.769137e+02
7.560000e+02 1.333036e+02 2.768971e+02
7.565000e+02 1.086895e+02 2.768782e+02
7.570000e+02 9.014372e+01 2.768571e+02
7.575000e+02 7.584497e+01 2.768338e+02
7.580000e+02 6.460960e+01 2.768081e+02
7.585000e+02 5.569013e+01 2.767803e+02
7.590000e+02 4.848979e+01 2.767503e+02
7.595000e+02 4.260046e+01 2.767182e+02
7.600000e+02 3.772873e+01 2.766838e+02
7.605000e+02 3.365992e+01 2.766473e+02
7.610000e+02 3.021008e+01 2.766085e+02
7.615000e+02 2.728018e+01 2.765675e+02
7.620000e+02 2.476679e+01 2.765242e+02
7.625000e+02 2.259411e+01 2.764785e+02
7.630000e+02 2.070531e+01 2.764306e+02
7.635000e+02 1.905390e+01 2.763801e+02
7.640000e+02 1.760249e+01 2.763272e+02
7.645000e+02 1.632134e+01 2.762717e+02
7.650000e+02 1.519725e+01 2.762135e+02
7.655000e+02 1.417867e+01 2.761525e+02
7.660000e+02 1.328855e+01 2.760887e+02
7.665000e+02 1.249727e+01 2.760221e+02
7.670000e+02 1.174043e+01 2.759527e+02
7.675000e+02 1.109076e+01 2.758812e+02
7.680000e+02 1.050608e+01 2.758082e+02
7.685000e+02 9.988372e+00 2.757355e+02
7.690000e+02 9.533783e+00 2.756651e+02
7.695000e+02 9.143481e+00 2.755995e+02
7.700000e+02 8.825774e+00 2.755410e+02
7.705000e+02 8.589399e+00 2.754909e+02
7.710000e+02 8.473341e+00 2.754488e+02
7.715000e+02 8.543213e+00 2.754112e+02
7.720000e+02 8.961523e+00 2.753721e+02
7.725000e+02 1.014715e+01 2.753220e+02
7.730000e+02 1.340664e+01 2.752496e+02
7.735000e+02 2.433045e+01 2.751427e+02
7.740000e+02 3.529031e+01 2.749897e+02
7.745000e+02 1.518699e+01 2.747812e+02
7.750000e+02 9.875034e+00 2.745110e+02
7.755000e+02 7.712963e+00 2.741767e+02
7.760000e+02 6.635103e+00 2.737796e+02
7.765000e+02 5.977691e+00 2.733241e+02
7.770000e+02 5.489303e+00 2.728165e+02
7.775000e+02 5.140629e+00 2.722643e+02
7.780000e+02 4.876840e+00 2.716750e+02
7.785000e+02 4.648916e+00 2.710551e+02
7.790000e+02 4.450216e+00 2.704099e+02
7.795000e+02 4.301519e+00 2.697429e+02
7.800000e+02 4.138133e+00 2.690556e+02
7.805000e+02 3.984454e+00 2.683480e+02
7.810000e+02 3.855902e+00 2.676187e+02
7.815000e+02 3.740837e+00 2.668653e+02
7.820000e+02 3.646073e+00 2.660851e+02
7.825000e+02 3.771866e+00 2.652756e+02
7.830000e+02 3.444962e+00 2.644352e+02
7.835000e+02 3.356481e+00 2.635637e+02
7.840000e+02 3.267268e+00 2.626622e+02
7.845000e+02 3.236593e+00 2.617332e+02
7.850000e+02 3.130139e+00 2.607805e+02
7.855000e+02 3.045340e+00 2.598087e+02
7.860000e+02 2.964998e+00 2.588225e+02
7.865000e+02 2.895259e+00 2.578267e+02
7.870000e+02 2.832231e+00 2.568257e+02
7.875000e+02 2.772565e+00 2.558232e+02
7.880000e+02 2.715992e+00 2.548222e+02
7.885000e+02 2.662282e+00 2.538249e+02
7.890000e+02 2.611299e+00 2.528328e+02
7.895000e+02 2.561861e+00 2.518463e+02
7.900000e+02 2.515735e+00 2.508647e+02
7.905000e+02 2.474787e+00 2.498861e+02
7.910000e+02 2.439251e+00 2.489074e+02
7.915000e+02 2.401938e+00 2.479252e+02
7.920000e+02 2.352580e+00 2.469360e+02
7.925000e+02 2.314809e+00 2.459374e+02
7.930000e+02 2.319239e+00 2.449289e+02
7.935000e+02 2.255189e+00 2.439122e+02
7.940000e+02 2.202481e+00 2.428913e+02
7.945000e+02 2.168438e+00 2.418712e+02
7.950000e+02 2.134611e+00 2.408575e+02
7.955000e+02 2.103789e+00 2.398544e+02
7.960000e+02 2.075971e+00 2.388646e+02
7.965000e+02 2.047283e+00 2.378885e+02
7.970000e+02 2.021210e+00 2.369253e+02
7.975000e+02 1.995991e+00 2.359734e+02
7.980000e+02 1.969651e+00 2.350316e+02
7.985000e+02 1.949539e+00 2.340996e+02
7.990000e+02 1.925354e+00 2.331782e+02
7.995000e+02 1.897625e+00 2.322690e+02
8.000000e+02 1.870455e+00 2.313733e+02
8.005000e+02 1.848300e+00 2.304922e+02
8.010000e+02 1.827515e+00 2.296259e+02
8.015000e+02 1.807929e+00 2.287742e+02
8.020000e+02 1.791913e+00 2.279374e+02
8.025000e+02 1.786342e+00 2.271165e+02
8.030000e+02 1.762725e+00 2.263141e+02
8.035000e+02 1.745244e+00 2.255335e+02
8.040000e+02 1.720176e+00 2.247784e+02
8.045000e+02 1.702386e+00 2.240508e+02
8.050000e+02 1.684688e+00 2.233503e+02
8.055000e+02 1.668741e+00 2.226731e+02
8.060000e+02 1.656329e+00 2.220123e+02
8.065000e+02 1.652777e+00 2.213594e+02
8.070000e+02 1.640151e+00 2.207072e+02
8.075000e+02 1.736241e+00 2.200520e+02
8.080000e+02 1.620248e+00 2.193970e+02
8.085000e+02 1.586045e+00 2.187525e+02
8.090000e+02 1.569917e+00 2.181355e+02
8.095000e+02 1.561219e+00 2.175655e+02
8.100000e+02 1.548852e+00 2.170594e+02
8.105000e+02 1.557250e+00 2.166249e+02
8.110000e+02 1.568485e+00 2.162560e+02
8.115000e+02 1.652949e+00 2.159303e+02
8.120000e+02 1.504846e+00 2.156114e+02
8.125000e+02 1.493775e+00 2.152547e+02
8.130000e+02 1.525931e+00 2.148166e+02
8.135000e+02 1.485490e+00 2.142639e+02
8.140000e+02 1.985852e+00 2.135824e+02
8.145000e+02 1.456472e+00 2.127803e+02
8.150000e+02 1.442099e+00 2.118871e+02
8.155000e+02 1.431716e+00 2.109477e+02
8.160000e+02 1.423380e+00 2.100129e+02
8.165000e+02 1.414746e+00 2.091296e+02
8.170000e+02 1.407087e+00 2.083320e+02
8.175000e+02 1.400233e+00 2.076368e+02
8.180000e+02 1.394444e+00 2.070430e+02
8.185000e+02 1.404570e+00 2.065353e+02
8.190000e+02 1.383054e+00 2.060908e+02
8.195000e+02 1.388952e+00 2.056866e+02
8.200000e+02 1.381723e+00 2.053071e+02
8.205000e+02 1.366043e+00 2.049486e+02
8.210000e+02 1.358081e+00 2.046210e+02
8.215000e+02 1.353023e+00 2.043459e+02
8.220000e+02 1.349661e+00 2.041518e+02
8.225000e+02 1.346107e+00 2.040670e+02
8.230000e+02 1.343250e+00 2.041125e+02
8.235000e+02 1.342363e+00 2.042961e+02
8.240000e+02 1.343501e+00 2.046098e+02
8.245000e+02 1.346332e+00 2.050298e+02
8.250000e+02 1.356279e+00 2.055218e+02
8.255000e+02 1.414318e+00 2.060490e+02
8.260000e+02 1.432356e+00 2.065824e+02
8.265000e+02 1.504729e+00 2.071130e+02
8.270000e+02 1.407219e+00 2.076623e+02
8.275000e+02 1.414427e+00 2.082900e+02
8.280000e+02 1.509737e+00 2.090968e+02
8.285000e+02 1.400150e+00 2.102187e+02
8.290000e+02 1.393838e+00 2.118109e+02
8.295000e+02 1.406100e+00 2.140218e+02
8.300000e+02 1.430509e+00 2.169570e+02
8.305000e+02 1.527003e+00 2.206421e+02
8.310000e+02 2.010352e+00 2.249887e+02
8.315000e+02 1.751259e+00 2.297777e+02
8.320000e+02 1.835084e+00 2.346647e+02
8.325000e+02 2.143414e+00 2.392138e+02
8.330000e+02 2.863690e+00 2.429569e+02
8.335000e+02 4.660619e+00 2.454670e+02
8.340000e+02 1.207114e+01 2.464331e+02
8.345000e+02 7.353230e+00 2.457176e+02
8.350000e+02 3.643879e+00 2.433844e+02
8.355000e+02 2.457615e+00 2.396899e+02
8.360000e+02 1.941386e+00 2.350397e+02
8.365000e+02 1.710420e+00 2.299212e+02
8.370000e+02 1.628403e+00 2.248274e+02
8.375000e+02 1.484511e+00 2.201869e+02
8.380000e+02 1.469956e+00 2.163126e+02
8.385000e+02 1.484934e+00 2.133754e+02
8.390000e+02 1.361911e+00 2.114016e+02
8.395000e+02 1.468663e+00 2.102901e+02
8.400000e+02 1.385663e+00 2.098431e+02
8.405000e+02 1.371069e+00 2.098034e+02
8.410000e+02 1.615444e+00 2.098939e+02
8.415000e+02 1.542092e+00 2.098567e+02
8.420000e+02 1.527654e+00 2.094872e+02
8.425000e+02 1.694608e+00 2.086613e+02
8.430000e+02 2.460531e+00 2.073507e+02
8.435000e+02 1.344399e+00 2.056230e+02
8.440000e+02 1.256269e+00 2.036247e+02
8.445000e+02 1.228936e+00 2.015496e+02
8.450000e+02 1.218506e+00 1.995990e+02
8.455000e+02 1.217131e+00 1.979408e+02
8.460000e+02 1.209470e+00 1.966793e+02
8.465000e+02 1.210698e+00 1.958405e+02
8.470000e+02 1.209051e+00 1.953771e+02
8.475000e+02 1.214281e+00 1.951887e+02
8.480000e+02 1.223635e+00 1.951523e+02
8.485000e+02 1.235838e+00 1.951526e+02
8.490000e+02 1.363976e+00 1.951050e+02
8.495000e+02 1.234863e+00 1.949661e+02
8.500000e+02 1.225035e+00 1.947319e+02
8.505000e+02 1.205719e+00 1.944274e+02
8.510000e+02 1.198344e+00 1.940921e+02
8.515000e+02 1.196004e+00 1.937671e+02
8.520000e+02 1.192637e+00 1.934886e+02
8.525000e+02 1.197357e+00 1.932862e+02
8.530000e+02 1.202596e+00 1.931856e+02
8.535000e+02 1.205764e+00 1.932129e+02
8.540000e+02 1.198324e+00 1.933955e+02
8.545000e+02 1.195341e+00 1.937602e+02
8.550000e+02 1.194614e+00 1.943268e+02
8.555000e+02 1.205525e+00 1.951001e+02
8.560000e+02 1.200202e+00 1.960633e+02
8.565000e+02 1.210929e+00 1.971745e+02
8.570000e+02 1.225470e+00 1.983687e+02
8.575000e+02 1.253570e+00 1.995646e+02
8.580000e+02 1.742841e+00 2.006748e+02
8.585000e+02 1.285991e+00 2.016170e+02
8.590000e+02 1.307831e+00 2.023232e+02
8.595000e+02 1.342853e+00 2.027468e+02
8.600000e+02 1.366422e+00 2.028653e+02
8.605000e+02 1.360340e+00 2.026798e+02
8.610000e+02 1.326128e+00 2.022125e+02
8.615000e+02 1.501596e+00 2.015031e+02
8.620000e+02 1.264056e+00 2.006046e+02
8.625000e+02 1.253347e+00 1.995792e+02
8.630000e+02 1.388732e+00 1.984932e+02
8.635000e+02 1.221392e+00 1.974125e+02
8.640000e+02 1.208075e+00 1.963963e+02
8.645000e+02 1.200828e+00 1.954926e+02
8.650000e+02 1.196843e+00 1.947334e+02
8.655000e+02 1.204552e+00 1.941331e+02
8.660000e+02 1.221800e+00 1.936889e+02
8.665000e+02 1.195724e+00 1.933842e+02
8.670000e+02 1.190294e+00 1.931933e+02
8.675000e+02 1.189506e+00 1.930873e+02
8.680000e+02 1.189759e+00 1.930388e+02
8.685000e+02 1.197784e+00 1.930258e+02
8.690000e+02 1.212836e+00 1.930333e+02
8.695000e+02 1.207950e+00 1.930533e+02
8.700000e+02 1.194047e+00 1.930835e+02
8.705000e+02 1.196442e+00 1.931254e+02
8.710000e+02 1.195412e+00 1.931825e+02
8.715000e+02 1.196921e+00 1.932587e+02
8.720000e+02 1.198591e+00 1.933570e+02
8.725000e+02 1.200565e+00 1.934793e+02
8.730000e+02 1.202427e+00 1.936262e+02
8.735000e+02 1.204512e+00 1.937971e+02
8.740000e+02 1.209243e+00 1.939903e+02
8.745000e+02 1.209354e+00 1.942029e+02
8.750000e+02 1.212136e+00 1.944310e+02
8.755000e+02 1.233868e+00 1.946697e+02
8.760000e+02 1.218008e+00 1.949141e+02
8.765000e+02 1.220989e+00 1.951607e+02
8.770000e+02 1.224803e+00 1.954092e+02
8.775000e+02 1.229659e+00 1.956643e+02
8.780000e+02 1.236870e+00 1.959369e+02
8.785000e+02 1.248187e+00 1.962430e+02
8.790000e+02 1.242101e+00 1.966009e+02
8.795000e+02 1.243275e+00 1.970258e+02
8.800000e+02 1.245627e+00 1.975250e+02
8.805000e+02 1.249490e+00 1.980926e+02
8.810000e+02 1.255783e+00 1.987088e+02
8.815000e+02 1.268959e+00 1.993426e+02
8.820000e+02 1.265906e+00 1.999582e+02
8.825000e+02 1.281527e+00 2.005240e+02
8.830000e+02 1.617776e+00 2.010209e+02
8.835000e+02 1.299367e+00 2.014470e+02
8.840000e+02 1.286924e+00 2.018178e+02
8.845000e+02 1.289426e+00 2.021604e+02
8.850000e+02 1.295056e+00 2.025060e+02
8.855000e+02 1.306691e+00 2.028805e+02
8.860000e+02 1.313817e+00 2.032990e+02
8.865000e+02 1.456748e+00 2.037654e+02
8.870000e+02 1.342357e+00 2.042770e+02
8.875000e+02 1.356305e+00 2.048324e+02
8.880000e+02 1.422511e+00 2.054399e+02
8.885000e+02 1.375992e+00 2.061218e+02
8.890000e+02 1.366725e+00 2.069139e+02
8.895000e+02 1.377544e+00 2.078579e+02
8.900000e+02 1.393372e+00 2.089892e+02
8.905000e+02 1.413588e+00 2.103239e+02
8.910000e+02 1.438685e+00 2.118478e+02
8.915000e+02 1.472182e+00 2.135121e+02
8.920000e+02 1.517827e+00 2.152362e+02
8.925000e+02 1.579909e+00 2.169194e+02
8.930000e+02 1.656744e+00 2.184562e+02
8.935000e+02 1.729710e+00 2.197551e+02
8.940000e+02 1.727583e+00 2.207543e+02
8.945000e+02 1.702781e+00 2.214321e+02
8.950000e+02 1.725971e+00 2.218100e+02
8.955000e+02 1.646350e+00 2.219476e+02
8.960000e+02 1.820045e+00 2.219314e+02
8.965000e+02 1.606708e+00 2.218596e+02
8.970000e+02 1.593623e+00 2.218265e+02
8.975000e+02 1.601097e+00 2.219094e+02
8.980000e+02 1.620102e+00 2.221612e+02
8.985000e+02 1.648143e+00 2.226080e+02
8.990000e+02 1.677754e+00 2.232543e+02
8.995000e+02 1.699473e+00 2.240905e+02
9.000000e+02 1.711069e+00 2.251027e+02
9.005000e+02 1.724657e+00 2.262813e+02
9.010000e+02 1.753382e+00 2.276249e+02
9.015000e+02 1.780781e+00 2.291404e+02
9.020000e+02 1.819747e+00 2.308377e+02
9.025000e+02 1.870381e+00 2.327222e+02
9.030000e+02 1.914977e+00 2.347863e+02
9.035000e+02 1.973832e+00 2.370044e+02
9.040000e+02 2.028608e+00 2.393317e+02
9.045000e+02 2.143416e+00 2.417089e+02
9.050000e+02 2.247964e+00 2.440721e+02
9.055000e+02 2.415705e+00 2.463640e+02
9.060000e+02 2.577642e+00 2.485455e+02
9.065000e+02 2.644360e+00 2.506030e+02
9.070000e+02 2.611375e+00 2.525496e+02
9.075000e+02 2.616879e+00 2.544197e+02
9.080000e+02 2.715974e+00 2.562590e+02
9.085000e+02 2.833768e+00 2.581105e+02
9.090000e+02 2.922739e+00 2.600025e+02
9.095000e+02 3.097458e+00 2.619402e+02
9.100000e+02 3.355775e+00 2.639030e+02
9.105000e+02 3.662143e+00 2.658482e+02
9.110000e+02 4.069975e+00 2.677197e+02
9.115000e+02 4.605634e+00 2.694591e+02
9.120000e+02 5.345756e+00 2.710160e+02
9.125000e+02 6.276378e+00 2.723561e+02
9.130000e+02 7.610927e+00 2.734642e+02
9.135000e+02 9.512386e+00 2.743438e+02
9.140000e+02 1.228431e+01 2.750127e+02
9.145000e+02 1.636938e+01 2.754974e+02
9.150000e+02 2.224557e+01 2.758264e+02
9.155000e+02 2.974559e+01 2.760257e+02
9.160000e+02 3.606927e+01 2.761143e+02
9.165000e+02 3.407405e+01 2.761024e+02
9.170000e+02 2.664993e+01 2.759908e+02
9.175000e+02 1.970111e+01 2.757710e+02
9.180000e+02 1.463492e+01 2.754267e+02
9.185000e+02 1.119474e+01 2.749364e+02
9.190000e+02 8.877183e+00 2.742762e+02
9.195000e+02 7.250260e+00 2.734243e+02
9.200000e+02 6.069951e+00 2.723643e+02
9.205000e+02 5.206848e+00 2.710897e+02
9.210000e+02 4.569865e+00 2.696063e+02
9.215000e+02 4.093132e+00 2.679333e+02
9.220000e+02 3.724329e+00 2.661027e+02
9.225000e+02 3.422792e+00 2.641564e+02
9.230000e+02 3.188144e+00 2.621427e+02
9.235000e+02 2.999742e+00 2.601109e+02
9.240000e+02 2.843094e+00 2.581071e+02
9.245000e+02 2.718359e+00 2.561699e+02
9.250000e+02 2.646751e+00 2.543279e+02
9.255000e+02 2.551203e+00 2.525996e+02
9.260000e+02 2.460169e+00 2.509935e+02
9.265000e+02 2.435401e+00 2.495115e+02
9.270000e+02 2.338424e+00 2.481516e+02
9.275000e+02 2.399860e+00 2.469114e+02
9.280000e+02 2.260320e+00 2.457901e+02
9.285000e+02 2.240452e+00 2.447900e+02
9.290000e+02 2.196597e+00 2.439152e+02
9.295000e+02 2.173059e+00 2.431697e+02
9.300000e+02 2.152593e+00 2.425547e+02
9.305000e+02 2.137461e+00 2.420664e+02
9.310000e+02 2.126021e+00 2.416941e+02
9.315000e+02 2.119787e+00 2.414214e+02
9.320000e+02 2.115251e+00 2.412280e+02
9.325000e+02 2.123383e+00 2.410928e+02
9.330000e+02 2.259656e+00 2.409980e+02
9.335000e+02 2.152223e+00 2.409318e+02
9.340000e+02 2.111702e+00 2.408894e+02
9.345000e+02 2.107825e+00 2.408729e+02
9.350000e+02 2.109896e+00 2.408891e+02
9.355000e+02 2.115168e+00 2.409466e+02
9.360000e+02 2.125549e+00 2.410527e+02
9.365000e+02 2.128240e+00 2.412117e+02
9.370000e+02 2.141752e+00 2.414237e+02
9.375000e+02 2.149120e+00 2.416850e+02
9.380000e+02 2.158976e+00 2.419901e+02
9.385000e+02 2.171266e+00 2.423325e+02
9.390000e+02 2.183257e+00 2.427071e+02
9.395000e+02 2.196296e+00 2.431104e+02
9.400000e+02 2.212136e+00 2.435408e+02
9.405000e+02 2.226638e+00 2.439981e+02
9.410000e+02 2.243479e+00 2.444825e+02
9.415000e+02 2.261520e+00 2.449935e+02
9.420000e+02 2.280736e+00 2.455297e+02
9.425000e+02 2.302342e+00 2.460882e+02
9.430000e+02 2.325298e+00 2.466655e+02
9.435000e+02 2.352907e+00 2.472578e+02
9.440000e+02 2.374515e+00 2.478618e+02
9.445000e+02 2.405055e+00 2.484757e+02
9.450000e+02 2.444428e+00 2.490987e+02
9.455000e+02 2.452521e+00 2.497320e+02
9.460000e+02 2.476204e+00 2.503772e+02
9.465000e+02 2.502961e+00 2.510364e+02
9.470000e+02 2.532307e+00 2.517107e+02
9.475000e+02 2.565357e+00 2.524001e+02
9.480000e+02 2.600374e+00 2.531029e+02
9.485000e+02 2.654974e+00 2.538159e+02
9.490000e+02 2.751505e+00 2.545353e+02
9.495000e+02 2.714308e+00 2.552571e+02
9.500000e+02 2.752347e+00 2.559784e+02
9.505000e+02 2.825828e+00 2.566971e+02
9.510000e+02 2.859430e+00 2.574128e+02
9.515000e+02 2.948505e+00 2.581265e+02
9.520000e+02 2.929828e+00 2.588399e+02
9.525000e+02 2.981393e+00 2.595552e+02
9.530000e+02 3.037939e+00 2.602747e+02
9.535000e+02 3.106785e+00 2.610006e+02
9.540000e+02 3.161242e+00 2.617347e+02
9.545000e+02 3.241340e+00 2.624781e+02
9.550000e+02 3.294184e+00 2.632308e+02
9.555000e+02 3.362827e+00 2.639913e+02
9.560000e+02 3.477906e+00 2.647559e+02
9.565000e+02 3.515871e+00 2.655190e+02
9.570000e+02 3.608347e+00 2.662733e+02
9.575000e+02 3.698606e+00 2.670106e+02
9.580000e+02 3.815298e+00 2.677231e+02
9.585000e+02 4.948572e+00 2.684050e+02
9.590000e+02 4.039053e+00 2.690529e+02
9.595000e+02 4.149650e+00 2.696668e+02
9.600000e+02 4.285436e+00 2.702491e+02
9.605000e+02 4.433679e+00 2.708041e+02
9.610000e+02 4.600229e+00 2.713360e+02
9.615000e+02 4.786291e+00 2.718481e+02
9.620000e+02 4.995446e+00 2.723414e+02
9.625000e+02 5.237228e+00 2.728149e+02
9.630000e+02 5.499198e+00 2.732659e+02
9.635000e+02 5.809341e+00 2.736906e+02
9.640000e+02 6.172478e+00 2.740858e+02
9.645000e+02 6.604501e+00 2.744488e+02
9.650000e+02 7.127534e+00 2.747788e+02
9.655000e+02 7.773651e+00 2.750762e+02
9.660000e+02 8.591839e+00 2.753422e+02
9.665000e+02 9.657988e+00 2.755786e+02
9.670000e+02 1.109193e+01 2.757869e+02
9.675000e+02 1.308970e+01 2.759681e+02
9.680000e+02 1.597660e+01 2.761224e+02
9.685000e+02 2.028533e+01 2.762497e+02
9.690000e+02 2.694148e+01 2.763498e+02
9.695000e+02 3.590462e+01 2.764228e+02
9.700000e+02 4.551779e+01 2.764694e+02
9.705000e+02 4.659479e+01 2.764915e+02
9.710000e+02 3.784621e+01 2.764922e+02
9.715000e+02 2.908746e+01 2.764755e+02
9.720000e+02 2.299265e+01 2.764462e+02
9.725000e+02 1.917092e+01 2.764098e+02
9.730000e+02 1.740409e+01 2.763716e+02
9.735000e+02 1.549547e+01 2.763362e+02
9.740000e+02 1.476253e+01 2.763074e+02
9.745000e+02 1.446842e+01 2.762878e+02
9.750000e+02 1.449461e+01 2.762789e+02
9.755000e+02 1.477464e+01 2.762807e+02
9.760000e+02 1.527398e+01 2.762927e+02
9.765000e+02 1.600049e+01 2.763135e+02
9.770000e+02 1.687813e+01 2.763415e+02
9.775000e+02 1.798759e+01 2.763751e+02
9.780000e+02 1.933323e+01 2.764127e+02
9.785000e+02 2.094890e+01 2.764529e+02
9.790000e+02 2.286404e+01 2.764947e+02
9.795000e+02 2.515634e+01 2.765370e+02
9.800000e+02 2.801864e+01 2.765790e+02
9.805000e+02 3.120381e+01 2.766202e+02
9.810000e+02 3.522499e+01 2.766600e+02
9.815000e+02 4.016974e+01 2.766982e+02
9.820000e+02 4.632070e+01 2.767342e+02
9.825000e+02 5.409421e+01 2.767681e+02
9.830000e+02 6.416177e+01 2.767995e+02
9.835000e+02 7.690146e+01 2.768283e+02
9.840000e+02 9.397731e+01 2.768544e+02
9.845000e+02 1.169972e+02 2.768775e+02
9.850000e+02 1.488710e+02 2.768977e+02
9.855000e+02 1.940579e+02 2.769149e+02
9.860000e+02 2.590168e+02 2.769289e+02
9.865000e+02 3.515304e+02 2.769398e+02
9.870000e+02 4.756345e+02 2.769475e+02
9.875000e+02 6.112964e+02 2.769519e+02
9.880000e+02 6.805142e+02 2.769532e+02
9.885000e+02 5.736450e+02 2.769511e+02
9.890000e+02 4.369023e+02 2.769459e+02
9.895000e+02 3.220839e+02 2.769375e+02
9.900000e+02 2.386657e+02 2.769260e+02
9.905000e+02 1.804088e+02 2.769116e+02
9.910000e+02 1.396992e+02 2.768941e+02
9.915000e+02 1.107787e+02 2.768739e+02
9.920000e+02 8.972962e+01 2.768509e+02
9.925000e+02 7.415661e+01 2.768253e+02
9.930000e+02 6.236930e+01 2.767972e+02
9.935000e+02 5.337892e+01 2.767665e+02
9.940000e+02 4.649404e+01 2.767334e+02
9.945000e+02 4.106062e+01 2.766978e+02
9.950000e+02 3.627016e+01 2.766598e+02
9.955000e+02 3.214793e+01 2.766195e+02
9.960000e+02 2.855495e+01 2.765769e+02
9.965000e+02 2.554875e+01 2.765326e+02
9.970000e+02 2.304353e+01 2.764870e+02
9.975000e+02 2.094613e+01 2.764411e+02
9.980000e+02 1.916131e+01 2.763960e+02
9.985000e+02 1.764264e+01 2.763528e+02
9.990000e+02 1.633973e+01 2.763129e+02
9.995000e+02 1.517663e+01 2.762774e+02
1.000000e+03 1.417009e+01 2.762471e+02
