0.000000e+00 5.967810e-02 1.999807e+01
5.000000e-01 6.099292e-02 2.022460e+01
1.000000e+00 8.609629e-02 2.527775e+01
1.500000e+00 5.777815e-02 1.951547e+01
2.000000e+00 5.528719e-02 1.897587e+01
2.500000e+00 5.876447e-02 1.966055e+01
3.000000e+00 7.240879e-02 2.241432e+01
3.500000e+00 5.612853e-02 1.909902e+01
4.000000e+00 6.083983e-02 2.004869e+01
4.500000e+00 6.520663e-02 2.093694e+01
5.000000e+00 5.701204e-02 1.930118e+01
5.500000e+00 6.061011e-02 2.009011e+01
6.000000e+00 8.310927e-02 2.456854e+01
6.500000e+00 6.165662e-02 2.028436e+01
7.000000e+00 5.558493e-02 1.896005e+01
7.500000e+00 5.344215e-02 1.845766e+01
8.000000e+00 5.302024e-02 1.833315e+01
8.500000e+00 5.857531e-02 1.943502e+01
9.000000e+00 5.593589e-02 1.887383e+01
9.500000e+00 5.207466e-02 1.806754e+01
1.000000e+01 5.094375e-02 1.781870e+01
1.050000e+01 5.356277e-02 1.835598e+01
1.100000e+01 5.016599e-02 1.763193e+01
1.150000e+01 5.002270e-02 1.759523e+01
1.200000e+01 5.017207e-02 1.762461e+01
1.250000e+01 5.061098e-02 1.772143e+01
1.300000e+01 5.157023e-02 1.793456e+01
1.350000e+01 5.375528e-02 1.839976e+01
1.400000e+01 6.439824e-02 2.060311e+01
1.450000e+01 5.275172e-02 1.817091e+01
1.500000e+01 5.093619e-02 1.775096e+01
1.550000e+01 4.965445e-02 1.744015e+01
1.600000e+01 4.889338e-02 1.724642e+01
1.650000e+01 4.835104e-02 1.710513e+01
1.700000e+01 4.796733e-02 1.700211e+01
1.750000e+01 4.768581e-02 1.692368e+01
1.800000e+01 4.742929e-02 1.685273e+01
1.850000e+01 4.725219e-02 1.680008e+01
1.900000e+01 4.708960e-02 1.675166e+01
1.950000e+01 4.695636e-02 1.671031e+01
2.000000e+01 4.691196e-02 1.668883e+01
2.050000e+01 4.675032e-02 1.664235e+01
2.100000e+01 4.665241e-02 1.661036e+01
2.150000e+01 4.659045e-02 1.658633e+01
2.200000e+01 4.662278e-02 1.658276e+01
2.250000e+01 4.673522e-02 1.660003e+01
2.300000e+01 4.641888e-02 1.652019e+01
2.350000e+01 4.642913e-02 1.651322e+01
2.400000e+01 4.684355e-02 1.659539e+01
2.450000e+01 4.710297e-02 1.663702e+01
2.500000e+01 6.695985e-02 2.080341e+01
2.550000e+01 4.729554e-02 1.666013e+01
2.600000e+01 4.654482e-02 1.649869e+01
2.650000e+01 4.642749e-02 1.646809e+01
2.700000e+01 4.642009e-02 1.646111e+01
2.750000e+01 4.645758e-02 1.646416e+01
2.800000e+01 4.656630e-02 1.648304e+01
2.850000e+01 4.683117e-02 1.653529e+01
2.900000e+01 4.860896e-02 1.690204e+01
2.950000e+01 4.884364e-02 1.695338e+01
3.000000e+01 4.743881e-02 1.665991e+01
3.050000e+01 4.802761e-02 1.678563e+01
3.100000e+01 4.940332e-02 1.706509e+01
3.150000e+01 5.527978e-02 1.828605e+01
3.200000e+01 4.856395e-02 1.690377e+01
3.250000e+01 4.867191e-02 1.693932e+01
3.300000e+01 4.862326e-02 1.693535e+01
3.350000e+01 4.953235e-02 1.714272e+01
3.400000e+01 5.066968e-02 1.739007e+01
3.450000e+01 5.024883e-02 1.732828e+01
3.500000e+01 5.104117e-02 1.752622e+01
3.550000e+01 5.222734e-02 1.781762e+01
3.600000e+01 5.377477e-02 1.819124e+01
3.650000e+01 5.576804e-02 1.864627e+01
3.700000e+01 5.529771e-02 1.855427e+01
3.750000e+01 5.494187e-02 1.846554e+01
3.800000e+01 5.492433e-02 1.844914e+01
3.850000e+01 5.575682e-02 1.861893e+01
3.900000e+01 5.968206e-02 1.943122e+01
3.950000e+01 5.648494e-02 1.878921e+01
4.000000e+01 5.636770e-02 1.878503e+01
4.050000e+01 5.785553e-02 1.911720e+01
4.100000e+01 5.778364e-02 1.913662e+01
4.150000e+01 5.865545e-02 1.935912e+01
4.200000e+01 6.012027e-02 1.971431e+01
4.250000e+01 6.147722e-02 2.004876e+01
4.300000e+01 6.316944e-02 2.046293e+01
4.350000e+01 6.540504e-02 2.099707e+01
4.400000e+01 6.925105e-02 2.186246e+01
4.450000e+01 9.718303e-02 2.755827e+01
4.500000e+01 7.469074e-02 2.318344e+01
4.550000e+01 7.621008e-02 2.363223e+01
4.600000e+01 7.965427e-02 2.447608e+01
4.650000e+01 8.507134e-02 2.572025e+01
4.700000e+01 8.815273e-02 2.652494e+01
4.750000e+01 9.296427e-02 2.770052e+01
4.800000e+01 9.912465e-02 2.917355e+01
4.850000e+01 1.064982e-01 3.092201e+01
4.900000e+01 1.153494e-01 3.300167e+01
4.950000e+01 1.261567e-01 3.550948e+01
5.000000e+01 1.389799e-01 3.846130e+01
5.050000e+01 1.549214e-01 4.207059e+01
5.100000e+01 1.748233e-01 4.649367e+01
5.150000e+01 1.998572e-01 5.193713e+01
5.200000e+01 2.321805e-01 5.876081e+01
5.250000e+01 2.743394e-01 6.734233e+01
5.300000e+01 3.308427e-01 7.828790e+01
5.350000e+01 4.080082e-01 9.227991e+01
5.400000e+01 5.160749e-01 1.101536e+02
5.450000e+01 6.712573e-01 1.326660e+02
5.500000e+01 8.938858e-01 1.594867e+02
5.550000e+01 1.216925e+00 1.890942e+02
5.600000e+01 1.606818e+00 2.144304e+02
5.650000e+01 1.969676e+00 2.303150e+02
5.700000e+01 1.921432e+00 2.286135e+02
5.750000e+01 1.535526e+00 2.105963e+02
5.800000e+01 1.140046e+00 1.830553e+02
5.850000e+01 8.364681e-01 1.531615e+02
5.900000e+01 6.232910e-01 1.260705e+02
5.950000e+01 4.760460e-01 1.037109e+02
6.000000e+01 3.747227e-01 8.627953e+01
6.050000e+01 3.001453e-01 7.232585e+01
6.100000e+01 2.467957e-01 6.166364e+01
6.150000e+01 2.071085e-01 5.334783e+01
6.200000e+01 1.767324e-01 4.675802e+01
6.250000e+01 1.532693e-01 4.152060e+01
6.300000e+01 1.348761e-01 3.731904e+01
6.350000e+01 1.204305e-01 3.394740e+01
6.400000e+01 1.097380e-01 3.136036e+01
6.450000e+01 1.034892e-01 2.972307e+01
6.500000e+01 9.029384e-02 2.675353e+01
6.550000e+01 8.232039e-02 2.485342e+01
6.600000e+01 7.616105e-02 2.334631e+01
6.650000e+01 7.479965e-02 2.286784e+01
6.700000e+01 6.645984e-02 2.094268e+01
6.750000e+01 6.250112e-02 1.995522e+01
6.800000e+01 5.910876e-02 1.910068e+01
6.850000e+01 5.635818e-02 1.839325e+01
6.900000e+01 5.353593e-02 1.768346e+01
6.950000e+01 5.117458e-02 1.708015e+01
7.000000e+01 4.921814e-02 1.657161e+01
7.050000e+01 4.725305e-02 1.606755e+01
7.100000e+01 4.601602e-02 1.572685e+01
7.150000e+01 4.409563e-02 1.524340e+01
7.200000e+01 4.286592e-02 1.491290e+01
7.250000e+01 4.334948e-02 1.495172e+01
7.300000e+01 4.061728e-02 1.431235e+01
7.350000e+01 4.005206e-02 1.413516e+01
7.400000e+01 4.373132e-02 1.484280e+01
7.450000e+01 4.127729e-02 1.427967e+01
7.500000e+01 4.706933e-02 1.549518e+01
7.550000e+01 3.653375e-02 1.319689e+01
7.600000e+01 3.521629e-02 1.287759e+01
7.650000e+01 3.439099e-02 1.266297e+01
7.700000e+01 3.369677e-02 1.247808e+01
7.750000e+01 3.307206e-02 1.230979e+01
7.800000e+01 3.250370e-02 1.215518e+01
7.850000e+01 3.197983e-02 1.201162e+01
7.900000e+01 3.150108e-02 1.187930e+01
7.950000e+01 3.104301e-02 1.175246e+01
8.000000e+01 3.062022e-02 1.163430e+01
8.050000e+01 3.022866e-02 1.152402e+01
8.100000e+01 2.982142e-02 1.141098e+01
8.150000e+01 2.955602e-02 1.133050e+01
8.200000e+01 2.911617e-02 1.121178e+01
8.250000e+01 2.880597e-02 1.112264e+01
8.300000e+01 2.852326e-02 1.104047e+01
8.350000e+01 2.838400e-02 1.099149e+01
8.400000e+01 2.821601e-02 1.093384e+01
8.450000e+01 2.774236e-02 1.081211e+01
8.500000e+01 2.755176e-02 1.075252e+01
8.550000e+01 2.759090e-02 1.074263e+01
8.600000e+01 3.405121e-02 1.214168e+01
8.650000e+01 2.724230e-02 1.063487e+01
8.700000e+01 2.682488e-02 1.053063e+01
8.750000e+01 2.666872e-02 1.048346e+01
8.800000e+01 2.667012e-02 1.047282e+01
8.850000e+01 2.669678e-02 1.046556e+01
8.900000e+01 2.713084e-02 1.054278e+01
8.950000e+01 2.699575e-02 1.049736e+01
9.000000e+01 2.622531e-02 1.031696e+01
9.050000e+01 2.588933e-02 1.022711e+01
9.100000e+01 2.618345e-02 1.027382e+01
9.150000e+01 2.605200e-02 1.023119e+01
9.200000e+01 2.534254e-02 1.006589e+01
9.250000e+01 2.516990e-02 1.001662e+01
9.300000e+01 2.508140e-02 9.986425e+00
9.350000e+01 2.504525e-02 9.968608e+00
9.400000e+01 2.510978e-02 9.973917e+00
9.450000e+01 2.531110e-02 1.000963e+01
9.500000e+01 3.028577e-02 1.108533e+01
9.550000e+01 2.572823e-02 1.009025e+01
9.600000e+01 2.550478e-02 1.003937e+01
9.650000e+01 2.548574e-02 1.002652e+01
9.700000e+01 2.559256e-02 1.003548e+01
9.750000e+01 2.726707e-02 1.037726e+01
9.800000e+01 3.060400e-02 1.107904e+01
9.850000e+01 2.553501e-02 9.986362e+00
9.900000e+01 2.514518e-02 9.895038e+00
9.950000e+01 2.507596e-02 9.873763e+00
1.000000e+02 2.531868e-02 9.924324e+00
1.005000e+02 2.522483e-02 9.898249e+00
1.010000e+02 2.541873e-02 9.938307e+00
1.015000e+02 2.556339e-02 9.966676e+00
1.020000e+02 2.567611e-02 9.986221e+00
1.025000e+02 2.584497e-02 1.001744e+01
1.030000e+02 2.685392e-02 1.023072e+01
1.035000e+02 2.637550e-02 1.012563e+01
1.040000e+02 2.643511e-02 1.013855e+01
1.045000e+02 2.669476e-02 1.019585e+01
1.050000e+02 2.703946e-02 1.027296e+01
1.055000e+02 2.756349e-02 1.039274e+01
1.060000e+02 2.797850e-02 1.048663e+01
1.065000e+02 2.843627e-02 1.059175e+01
1.070000e+02 2.910625e-02 1.074597e+01
1.075000e+02 2.985110e-02 1.091783e+01
1.080000e+02 3.052681e-02 1.107766e+01
1.085000e+02 3.140388e-02 1.128334e+01
1.090000e+02 3.279514e-02 1.160348e+01
1.095000e+02 3.357002e-02 1.179256e+01
1.100000e+02 3.490027e-02 1.210595e+01
1.105000e+02 3.646996e-02 1.247524e+01
1.110000e+02 3.830048e-02 1.290501e+01
1.115000e+02 4.090351e-02 1.350321e+01
1.120000e+02 4.332671e-02 1.407374e+01
1.125000e+02 4.583355e-02 1.467239e+01
1.130000e+02 4.929854e-02 1.548268e+01
1.135000e+02 5.368968e-02 1.649972e+01
1.140000e+02 5.927612e-02 1.777835e+01
1.145000e+02 7.138158e-02 2.039687e+01
1.150000e+02 7.375973e-02 2.108305e+01
1.155000e+02 8.362920e-02 2.331538e+01
1.160000e+02 1.050285e-01 2.786340e+01
1.165000e+02 1.128460e-01 2.981483e+01
1.170000e+02 1.351909e-01 3.466992e+01
1.175000e+02 1.674899e-01 4.147828e+01
1.180000e+02 2.152060e-01 5.114290e+01
1.185000e+02 2.891326e-01 6.525307e+01
1.190000e+02 4.115594e-01 8.649849e+01
1.195000e+02 6.332683e-01 1.191035e+02
1.200000e+02 1.087317e+00 1.675939e+02
1.205000e+02 2.193555e+00 2.259252e+02
1.210000e+02 5.883746e+00 2.582452e+02
1.215000e+02 5.894593e+00 2.583014e+02
1.220000e+02 2.214289e+00 2.265946e+02
1.225000e+02 1.105239e+00 1.691280e+02
1.230000e+02 6.478680e-01 1.210001e+02
1.235000e+02 4.235627e-01 8.840607e+01
1.240000e+02 2.992805e-01 6.704637e+01
1.245000e+02 2.240130e-01 5.279127e+01
1.250000e+02 1.783028e-01 4.354641e+01
1.255000e+02 1.416843e-01 3.594322e+01
1.260000e+02 1.178576e-01 3.080358e+01
1.265000e+02 1.002305e-01 2.691916e+01
1.270000e+02 8.694556e-02 2.394185e+01
1.275000e+02 7.662835e-02 2.159981e+01
1.280000e+02 6.853214e-02 1.974048e+01
1.285000e+02 6.222461e-02 1.827245e+01
1.290000e+02 5.990219e-02 1.763794e+01
1.295000e+02 5.328366e-02 1.615427e+01
1.300000e+02 4.876498e-02 1.511530e+01
1.305000e+02 4.750119e-02 1.476507e+01
1.310000e+02 4.275954e-02 1.369333e+01
1.315000e+02 4.040672e-02 1.313152e+01
1.320000e+02 3.846404e-02 1.266304e+01
1.325000e+02 3.672569e-02 1.224321e+01
1.330000e+02 3.524360e-02 1.188298e+01
1.335000e+02 3.395503e-02 1.156823e+01
1.340000e+02 3.282534e-02 1.129112e+01
1.345000e+02 3.183802e-02 1.104766e+01
1.350000e+02 3.097861e-02 1.083445e+01
1.355000e+02 3.026983e-02 1.065587e+01
1.360000e+02 3.040938e-02 1.065970e+01
1.365000e+02 2.919350e-02 1.037887e+01
1.370000e+02 2.849444e-02 1.020935e+01
1.375000e+02 2.813879e-02 1.011445e+01
1.380000e+02 2.880882e-02 1.023689e+01
1.385000e+02 2.858048e-02 1.017287e+01
1.390000e+02 2.725691e-02 9.880230e+00
1.395000e+02 2.757302e-02 9.938428e+00
1.400000e+02 2.654194e-02 9.702917e+00
1.405000e+02 2.622214e-02 9.623252e+00
1.410000e+02 2.599896e-02 9.565062e+00
1.415000e+02 2.582536e-02 9.518718e+00
1.420000e+02 2.574609e-02 9.493803e+00
1.425000e+02 2.566511e-02 9.469377e+00
1.430000e+02 2.568013e-02 9.466311e+00
1.435000e+02 2.614579e-02 9.559051e+00
1.440000e+02 2.640728e-02 9.610259e+00
1.445000e+02 2.576573e-02 9.471151e+00
1.450000e+02 2.573590e-02 9.462121e+00
1.455000e+02 2.590232e-02 9.495476e+00
1.460000e+02 2.841135e-02 1.003597e+01
1.465000e+02 2.622904e-02 9.562824e+00
1.470000e+02 2.619745e-02 9.557200e+00
1.475000e+02 2.635038e-02 9.591112e+00
1.480000e+02 2.655382e-02 9.636566e+00
1.485000e+02 2.679147e-02 9.690145e+00
1.490000e+02 2.707747e-02 9.755015e+00
1.495000e+02 2.736578e-02 9.821088e+00
1.500000e+02 2.771763e-02 9.902214e+00
1.505000e+02 2.806570e-02 9.982701e+00
1.510000e+02 2.847305e-02 1.007738e+01
1.515000e+02 2.892541e-02 1.018278e+01
1.520000e+02 2.939892e-02 1.029335e+01
1.525000e+02 2.988839e-02 1.040755e+01
1.530000e+02 3.041375e-02 1.053014e+01
1.535000e+02 3.098735e-02 1.066431e+01
1.540000e+02 3.161101e-02 1.081059e+01
1.545000e+02 3.229066e-02 1.097025e+01
1.550000e+02 3.302609e-02 1.114328e+01
1.555000e+02 3.382101e-02 1.133056e+01
1.560000e+02 3.468347e-02 1.153390e+01
1.565000e+02 3.561729e-02 1.175427e+01
1.570000e+02 3.663213e-02 1.199392e+01
1.575000e+02 3.773938e-02 1.225555e+01
1.580000e+02 3.895276e-02 1.254234e+01
1.585000e+02 4.028543e-02 1.285712e+01
1.590000e+02 4.172940e-02 1.319742e+01
1.595000e+02 4.321742e-02 1.354717e+01
1.600000e+02 4.469830e-02 1.389510e+01
1.605000e+02 4.629763e-02 1.426951e+01
1.610000e+02 4.836609e-02 1.474899e+01
1.615000e+02 5.005433e-02 1.514738e+01
1.620000e+02 5.226452e-02 1.566231e+01
1.625000e+02 5.501872e-02 1.629458e+01
1.630000e+02 5.738526e-02 1.685300e+01
1.635000e+02 6.313839e-02 1.811993e+01
1.640000e+02 6.354741e-02 1.828265e+01
1.645000e+02 6.712651e-02 1.910952e+01
1.650000e+02 7.098621e-02 2.000263e+01
1.655000e+02 7.534337e-02 2.100544e+01
1.660000e+02 8.029239e-02 2.213788e+01
1.665000e+02 8.587553e-02 2.340951e+01
1.670000e+02 9.222314e-02 2.484730e+01
1.675000e+02 9.949141e-02 2.648319e+01
1.680000e+02 1.078084e-01 2.834302e+01
1.685000e+02 1.174963e-01 3.049109e+01
1.690000e+02 1.288105e-01 3.297735e+01
1.695000e+02 1.422706e-01 3.590217e+01
1.700000e+02 1.585400e-01 3.939107e+01
1.705000e+02 1.787306e-01 4.365069e+01
1.710000e+02 2.045775e-01 4.899622e+01
1.715000e+02 2.396496e-01 5.605319e+01
1.720000e+02 2.896410e-01 6.573146e+01
1.725000e+02 3.662211e-01 7.967995e+01
1.730000e+02 4.867311e-01 9.969416e+01
1.735000e+02 6.853395e-01 1.279960e+02
1.740000e+02 1.014811e+00 1.645629e+02
1.745000e+02 1.559820e+00 2.048904e+02
1.750000e+02 2.456592e+00 2.395983e+02
1.755000e+02 3.918347e+00 2.604727e+02
1.760000e+02 6.261862e+00 2.688282e+02
1.765000e+02 1.021454e+01 2.717883e+02
1.770000e+02 2.365892e+01 2.732630e+02
1.775000e+02 3.020140e+01 2.740414e+02
1.780000e+02 2.045508e+01 2.743402e+02
1.785000e+02 2.036281e+01 2.744616e+02
1.790000e+02 2.374494e+01 2.745428e+02
1.795000e+02 3.243646e+01 2.745955e+02
1.800000e+02 2.287735e+01 2.744958e+02
1.805000e+02 2.556331e+01 2.743437e+02
1.810000e+02 2.243319e+01 2.742569e+02
1.815000e+02 2.683528e+01 2.741889e+02
1.820000e+02 1.764760e+01 2.739477e+02
1.825000e+02 1.719850e+01 2.735600e+02
1.830000e+02 1.743457e+01 2.730137e+02
1.835000e+02 1.169661e+01 2.721547e+02
1.840000e+02 8.297541e+00 2.705451e+02
1.845000e+02 5.188864e+00 2.663102e+02
1.850000e+02 3.342604e+00 2.545797e+02
1.855000e+02 2.135472e+00 2.293051e+02
1.860000e+02 1.351837e+00 1.907656e+02
1.865000e+02 8.650332e-01 1.484473e+02
1.870000e+02 5.712482e-01 1.118240e+02
1.875000e+02 3.971822e-01 8.473956e+01
1.880000e+02 2.941255e-01 6.638813e+01
1.885000e+02 2.319442e-01 5.439404e+01
1.890000e+02 1.868700e-01 4.525252e+01
1.895000e+02 1.577662e-01 3.911937e+01
1.900000e+02 1.366057e-01 3.454724e+01
1.905000e+02 1.198051e-01 3.086169e+01
1.910000e+02 1.063287e-01 2.786078e+01
1.915000e+02 9.517483e-02 2.534850e+01
1.920000e+02 8.578596e-02 2.321342e+01
1.925000e+02 7.778310e-02 2.137845e+01
1.930000e+02 7.088968e-02 1.978650e+01
1.935000e+02 6.490014e-02 1.839457e+01
1.940000e+02 5.965831e-02 1.716957e+01
1.945000e+02 5.504063e-02 1.608503e+01
1.950000e+02 5.097579e-02 1.512518e+01
1.955000e+02 4.730751e-02 1.425702e+01
1.960000e+02 4.406477e-02 1.348543e+01
1.965000e+02 4.118969e-02 1.279776e+01
1.970000e+02 3.850536e-02 1.215681e+01
1.975000e+02 3.607061e-02 1.157387e+01
1.980000e+02 3.387651e-02 1.104661e+01
1.985000e+02 3.188746e-02 1.056707e+01
1.990000e+02 3.007213e-02 1.012834e+01
1.995000e+02 2.840923e-02 9.725571e+00
2.000000e+02 2.688265e-02 9.355054e+00
2.005000e+02 2.549755e-02 9.017655e+00
2.010000e+02 2.418404e-02 8.698185e+00
2.015000e+02 2.298802e-02 8.406260e+00
2.020000e+02 2.194882e-02 8.149862e+00
2.025000e+02 2.086688e-02 7.886865e+00
2.030000e+02 1.988791e-02 7.647763e+00
2.035000e+02 1.899909e-02 7.429606e+00
2.040000e+02 1.843451e-02 7.284127e+00
2.045000e+02 1.739265e-02 7.034850e+00
2.050000e+02 1.666701e-02 6.856336e+00
2.055000e+02 1.598926e-02 6.689412e+00
2.060000e+02 1.535791e-02 6.533722e+00
2.065000e+02 1.476845e-02 6.388230e+00
2.070000e+02 1.421662e-02 6.251960e+00
2.075000e+02 1.370125e-02 6.124622e+00
2.080000e+02 1.322089e-02 6.005868e+00
2.085000e+02 1.277308e-02 5.895141e+00
2.090000e+02 1.236094e-02 5.793086e+00
2.095000e+02 1.209702e-02 5.724477e+00
2.100000e+02 1.183514e-02 5.656666e+00
2.105000e+02 1.129731e-02 5.530366e+00
2.110000e+02 1.110264e-02 5.479898e+00
2.115000e+02 1.073265e-02 5.392116e+00
2.120000e+02 1.050693e-02 5.337292e+00
2.125000e+02 1.032646e-02 5.293936e+00
2.130000e+02 1.018965e-02 5.262030e+00
2.135000e+02 1.011828e-02 5.246838e+00
2.140000e+02 1.013175e-02 5.253426e+00
2.145000e+02 1.028734e-02 5.295779e+00
2.150000e+02 1.053724e-02 5.365127e+00
2.155000e+02 1.105247e-02 5.502063e+00
2.160000e+02 1.195130e-02 5.736108e+00
2.165000e+02 1.328807e-02 6.083277e+00
2.170000e+02 1.514415e-02 6.556776e+00
2.175000e+02 1.685573e-02 6.980997e+00
2.180000e+02 1.638138e-02 6.859651e+00
2.185000e+02 1.379998e-02 6.214030e+00
2.190000e+02 1.132767e-02 5.583251e+00
2.195000e+02 9.545142e-03 5.123610e+00
2.200000e+02 8.335012e-03 4.810099e+00
2.205000e+02 7.504161e-03 4.594503e+00
2.210000e+02 6.912575e-03 4.441043e+00
2.215000e+02 6.472517e-03 4.327074e+00
2.220000e+02 6.131111e-03 4.238857e+00
2.225000e+02 5.856096e-03 4.167981e+00
2.230000e+02 5.627615e-03 4.109248e+00
2.235000e+02 5.433928e-03 4.059530e+00
2.240000e+02 5.267708e-03 4.016860e+00
2.245000e+02 5.112349e-03 3.977407e+00
2.250000e+02 4.985193e-03 3.944694e+00
2.255000e+02 4.855096e-03 3.911912e+00
2.260000e+02 4.741383e-03 3.883114e+00
2.265000e+02 4.638030e-03 3.856920e+00
2.270000e+02 4.542516e-03 3.832736e+00
2.275000e+02 4.454274e-03 3.810408e+00
2.280000e+02 4.372660e-03 3.789760e+00
2.285000e+02 4.298099e-03 3.770842e+00
2.290000e+02 4.249569e-03 3.757785e+00
2.295000e+02 4.163360e-03 3.736672e+00
2.300000e+02 4.098047e-03 3.720192e+00
2.305000e+02 4.031578e-03 3.703572e+00
2.310000e+02 3.973899e-03 3.688997e+00
2.315000e+02 3.917795e-03 3.674939e+00
2.320000e+02 3.867932e-03 3.662378e+00
2.325000e+02 3.822198e-03 3.650855e+00
2.330000e+02 3.780203e-03 3.640275e+00
2.335000e+02 3.741642e-03 3.630561e+00
2.340000e+02 3.705966e-03 3.621570e+00
2.345000e+02 3.672380e-03 3.613103e+00
2.350000e+02 3.640860e-03 3.605154e+00
2.355000e+02 3.611687e-03 3.597795e+00
2.360000e+02 3.584926e-03 3.591034e+00
2.365000e+02 3.559745e-03 3.584662e+00
2.370000e+02 3.534949e-03 3.578369e+00
2.375000e+02 3.508268e-03 3.571567e+00
2.380000e+02 3.474563e-03 3.562926e+00
2.385000e+02 3.419687e-03 3.548784e+00
2.390000e+02 3.291134e-03 3.515574e+00
2.395000e+02 2.780011e-03 3.383947e+00
