0.000000e+00 2.765978e-08 2.956795e+00
5.000000e-01 2.780011e-03 3.322408e+00
1.000000e+00 3.291134e-03 3.574502e+00
1.500000e+00 3.419687e-03 3.631129e+00
2.000000e+00 3.474563e-03 3.567085e+00
2.500000e+00 3.508268e-03 3.525369e+00
3.000000e+00 3.534949e-03 3.579284e+00
3.500000e+00 3.559745e-03 3.677345e+00
4.000000e+00 3.584926e-03 3.715583e+00
4.500000e+00 3.611687e-03 3.655576e+00
5.000000e+00 3.640860e-03 3.566377e+00
5.500000e+00 3.672380e-03 3.550944e+00
6.000000e+00 3.705966e-03 3.636769e+00
6.500000e+00 3.741642e-03 3.745451e+00
7.000000e+00 3.780203e-03 3.773123e+00
7.500000e+00 3.822198e-03 3.698763e+00
8.000000e+00 3.867932e-03 3.608062e+00
8.500000e+00 3.917795e-03 3.606861e+00
9.000000e+00 3.973899e-03 3.711944e+00
9.500000e+00 4.031578e-03 3.831669e+00
1.000000e+01 4.098047e-03 3.858141e+00
1.050000e+01 4.163360e-03 3.778102e+00
1.100000e+01 4.249569e-03 3.688696e+00
1.150000e+01 4.298099e-03 3.699838e+00
1.200000e+01 4.372660e-03 3.821234e+00
1.250000e+01 4.454274e-03 3.950037e+00
1.300000e+01 4.542516e-03 3.974347e+00
1.350000e+01 4.638030e-03 3.888916e+00
1.400000e+01 4.741383e-03 3.804052e+00
1.450000e+01 4.855096e-03 3.835365e+00
1.500000e+01 4.985193e-03 3.984419e+00
1.550000e+01 5.112349e-03 4.133332e+00
1.600000e+01 5.267708e-03 4.163217e+00
1.650000e+01 5.433928e-03 4.078846e+00
1.700000e+01 5.627615e-03 4.010684e+00
1.750000e+01 5.856096e-03 4.086406e+00
1.800000e+01 6.131111e-03 4.298900e+00
1.850000e+01 6.472517e-03 4.508867e+00
1.900000e+01 6.912575e-03 4.590050e+00
1.950000e+01 7.504161e-03 4.578463e+00
2.000000e+01 8.335012e-03 4.670997e+00
2.050000e+01 9.545142e-03 5.056538e+00
2.100000e+01 1.132767e-02 5.725808e+00
2.150000e+01 1.379998e-02 6.436755e+00
2.200000e+01 1.638138e-02 6.876697e+00
2.250000e+01 1.685573e-02 6.885854e+00
2.300000e+01 1.514415e-02 6.554237e+00
2.350000e+01 1.328807e-02 6.121728e+00
2.400000e+01 1.195130e-02 5.785343e+00
2.450000e+01 1.105247e-02 5.585493e+00
2.500000e+01 1.053724e-02 5.449881e+00
2.550000e+01 1.028734e-02 5.319827e+00
2.600000e+01 1.013175e-02 5.220148e+00
2.650000e+01 1.011828e-02 5.212485e+00
2.700000e+01 1.018965e-02 5.301707e+00
2.750000e+01 1.032646e-02 5.409675e+00
2.800000e+01 1.050693e-02 5.449609e+00
2.850000e+01 1.073265e-02 5.419376e+00
2.900000e+01 1.110264e-02 5.407906e+00
2.950000e+01 1.129731e-02 5.501579e+00
3.000000e+01 1.183514e-02 5.687591e+00
3.050000e+01 1.209702e-02 5.859631e+00
3.100000e+01 1.236094e-02 5.925550e+00
3.150000e+01 1.277308e-02 5.906670e+00
3.200000e+01 1.322089e-02 5.921971e+00
3.250000e+01 1.370125e-02 6.068183e+00
3.300000e+01 1.421662e-02 6.318025e+00
3.350000e+01 1.476845e-02 6.544925e+00
3.400000e+01 1.535791e-02 6.653300e+00
3.450000e+01 1.598926e-02 6.680962e+00
3.500000e+01 1.666701e-02 6.764342e+00
3.550000e+01 1.739265e-02 6.997869e+00
3.600000e+01 1.843451e-02 7.332219e+00
3.650000e+01 1.899909e-02 7.621078e+00
3.700000e+01 1.988791e-02 7.773280e+00
3.750000e+01 2.086688e-02 7.853412e+00
3.800000e+01 2.194882e-02 8.021592e+00
3.850000e+01 2.298802e-02 8.369091e+00
3.900000e+01 2.418404e-02 8.820127e+00
3.950000e+01 2.549755e-02 9.207931e+00
4.000000e+01 2.688265e-02 9.452284e+00
4.050000e+01 2.840923e-02 9.653130e+00
4.100000e+01 3.007213e-02 9.994859e+00
4.150000e+01 3.188746e-02 1.055401e+01
4.200000e+01 3.387651e-02 1.121342e+01
4.250000e+01 3.607061e-02 1.178351e+01
4.300000e+01 3.850536e-02 1.221233e+01
4.350000e+01 4.118969e-02 1.265989e+01
4.400000e+01 4.406477e-02 1.334355e+01
4.450000e+01 4.730751e-02 1.430682e+01
4.500000e+01 5.097579e-02 1.536388e+01
4.550000e+01 5.504063e-02 1.630149e+01
4.600000e+01 5.965831e-02 1.713951e+01
4.650000e+01 6.490014e-02 1.816027e+01
4.700000e+01 7.088968e-02 1.964138e+01
4.750000e+01 7.778310e-02 2.155792e+01
4.800000e+01 8.578596e-02 2.359882e+01
4.850000e+01 9.517483e-02 2.553996e+01
4.900000e+01 1.063287e-01 2.761014e+01
4.950000e+01 1.198051e-01 3.042259e+01
5.000000e+01 1.366057e-01 3.447239e+01
5.050000e+01 1.577662e-01 3.974248e+01
5.100000e+01 1.868700e-01 4.602186e+01
5.150000e+01 2.319442e-01 5.390288e+01
5.200000e+01 2.941255e-01 6.558057e+01
5.250000e+01 3.971822e-01 8.437110e+01
5.300000e+01 5.712482e-01 1.127125e+02
5.350000e+01 8.650332e-01 1.497760e+02
5.400000e+01 1.351837e+00 1.905406e+02
5.450000e+01 2.135472e+00 2.274569e+02
5.500000e+01 3.342604e+00 2.540098e+02
5.550000e+01 5.188864e+00 2.679475e+02
5.600000e+01 8.297541e+00 2.719954e+02
5.650000e+01 1.169661e+01 2.716056e+02
5.700000e+01 1.743457e+01 2.714190e+02
5.750000e+01 1.719850e+01 2.729569e+02
5.800000e+01 1.764760e+01 2.749484e+02
5.850000e+01 2.683528e+01 2.755785e+02
5.900000e+01 2.243319e+01 2.745451e+02
5.950000e+01 2.556331e+01 2.732521e+02
6.000000e+01 2.287735e+01 2.732621e+02
6.050000e+01 3.243646e+01 2.746659e+02
6.100000e+01 2.374494e+01 2.759854e+02
6.150000e+01 2.036281e+01 2.756982e+02
6.200000e+01 2.045508e+01 2.738791e+02
6.250000e+01 3.020140e+01 2.722540e+02
6.300000e+01 2.365892e+01 2.723566e+02
6.350000e+01 1.021454e+01 2.732586e+02
6.400000e+01 6.261862e+00 2.709269e+02
6.450000e+01 3.918347e+00 2.600872e+02
6.500000e+01 2.456592e+00 2.374881e+02
6.550000e+01 1.559820e+00 2.042880e+02
6.600000e+01 1.014811e+00 1.658643e+02
6.650000e+01 6.853395e-01 1.291909e+02
6.700000e+01 4.867311e-01 9.957161e+01
6.750000e+01 3.662211e-01 7.875779e+01
6.800000e+01 2.896410e-01 6.529032e+01
6.850000e+01 2.396496e-01 5.634320e+01
6.900000e+01 2.045775e-01 4.957641e+01
6.950000e+01 1.787306e-01 4.392034e+01
7.000000e+01 1.585400e-01 3.924511e+01
7.050000e+01 1.422706e-01 3.561922e+01
7.100000e+01 1.288105e-01 3.286638e+01
7.150000e+01 1.174963e-01 3.061463e+01
7.200000e+01 1.078084e-01 2.856319e+01
7.250000e+01 9.949141e-02 2.662682e+01
7.300000e+01 9.222314e-02 2.486597e+01
7.350000e+01 8.587553e-02 2.334366e+01
7.400000e+01 8.029239e-02 2.206141e+01
7.450000e+01 7.534337e-02 2.098544e+01
7.500000e+01 7.098621e-02 2.007838e+01
7.550000e+01 6.712651e-02 1.928931e+01
7.600000e+01 6.354741e-02 1.854208e+01
7.650000e+01 6.313839e-02 1.777172e+01
7.700000e+01 5.738526e-02 1.698445e+01
7.750000e+01 5.501872e-02 1.626331e+01
7.800000e+01 5.226452e-02 1.568946e+01
7.850000e+01 5.005433e-02 1.525131e+01
7.900000e+01 4.836609e-02 1.484432e+01
7.950000e+01 4.629763e-02 1.437509e+01
8.000000e+01 4.469830e-02 1.386392e+01
8.050000e+01 4.321742e-02 1.342855e+01
8.100000e+01 4.172940e-02 1.315389e+01
8.150000e+01 4.028543e-02 1.298330e+01
8.200000e+01 3.895276e-02 1.275789e+01
8.250000e+01 3.773938e-02 1.237790e+01
8.300000e+01 3.663213e-02 1.192057e+01
8.350000e+01 3.561729e-02 1.157857e+01
8.400000e+01 3.468347e-02 1.146567e+01
8.450000e+01 3.382101e-02 1.148586e+01
8.500000e+01 3.302609e-02 1.141334e+01
8.550000e+01 3.229066e-02 1.111763e+01
8.600000e+01 3.161101e-02 1.070763e+01
8.650000e+01 3.098735e-02 1.043502e+01
8.700000e+01 3.041375e-02 1.043992e+01
8.750000e+01 2.988839e-02 1.059433e+01
8.800000e+01 2.939892e-02 1.061554e+01
8.850000e+01 2.892541e-02 1.034981e+01
8.900000e+01 2.847305e-02 9.941219e+00
8.950000e+01 2.806570e-02 9.700770e+00
9.000000e+01 2.771763e-02 9.792113e+00
9.050000e+01 2.736578e-02 1.005030e+01
9.100000e+01 2.707747e-02 1.013239e+01
9.150000e+01 2.679147e-02 9.865722e+00
9.200000e+01 2.655382e-02 9.443718e+00
9.250000e+01 2.635038e-02 9.253605e+00
9.300000e+01 2.619745e-02 9.488020e+00
9.350000e+01 2.622904e-02 9.927588e+00
9.400000e+01 2.841135e-02 1.013154e+01
9.450000e+01 2.590232e-02 9.868701e+00
9.500000e+01 2.573590e-02 9.363069e+00
9.550000e+01 2.576573e-02 9.091670e+00
9.600000e+01 2.640728e-02 9.314857e+00
9.650000e+01 2.614579e-02 9.803210e+00
9.700000e+01 2.568013e-02 1.005013e+01
9.750000e+01 2.566511e-02 9.778572e+00
9.800000e+01 2.574609e-02 9.239236e+00
9.850000e+01 2.582536e-02 8.984145e+00
9.900000e+01 2.599896e-02 9.319656e+00
9.950000e+01 2.622214e-02 9.982136e+00
1.000000e+02 2.654194e-02 1.037989e+01
1.005000e+02 2.757302e-02 1.018211e+01
1.010000e+02 2.725691e-02 9.667401e+00
1.015000e+02 2.858048e-02 9.460306e+00
1.020000e+02 2.880882e-02 9.895697e+00
1.025000e+02 2.813879e-02 1.064986e+01
1.030000e+02 2.849444e-02 1.103958e+01
1.035000e+02 2.919350e-02 1.072103e+01
1.040000e+02 3.040938e-02 1.008496e+01
1.045000e+02 3.026983e-02 9.910418e+00
1.050000e+02 3.097861e-02 1.058114e+01
1.055000e+02 3.183802e-02 1.165031e+01
1.060000e+02 3.282534e-02 1.224014e+01
1.065000e+02 3.395503e-02 1.193105e+01
1.070000e+02 3.524360e-02 1.125228e+01
1.075000e+02 3.672569e-02 1.122244e+01
1.080000e+02 3.846404e-02 1.233196e+01
1.085000e+02 4.040672e-02 1.398242e+01
1.090000e+02 4.275954e-02 1.501966e+01
1.095000e+02 4.750119e-02 1.491312e+01
1.100000e+02 4.876498e-02 1.440401e+01
1.105000e+02 5.328366e-02 1.487192e+01
1.110000e+02 5.990219e-02 1.693905e+01
1.115000e+02 6.222461e-02 1.971247e+01
1.120000e+02 6.853214e-02 2.158111e+01
1.125000e+02 7.662835e-02 2.195683e+01
1.130000e+02 8.694556e-02 2.223448e+01
1.135000e+02 1.002305e-01 2.478562e+01
1.140000e+02 1.178576e-01 3.070783e+01
1.145000e+02 1.416843e-01 3.857533e+01
1.150000e+02 1.783028e-01 4.590748e+01
1.155000e+02 2.240130e-01 5.260190e+01
1.160000e+02 2.992805e-01 6.324922e+01
1.165000e+02 4.235627e-01 8.539869e+01
1.170000e+02 6.478680e-01 1.238700e+02
1.175000e+02 1.105239e+00 1.748758e+02
1.180000e+02 2.214289e+00 2.248399e+02
1.185000e+02 5.894593e+00 2.559748e+02
1.190000e+02 5.883746e+00 2.557472e+02
1.195000e+02 2.193555e+00 2.241168e+02
1.200000e+02 1.087317e+00 1.735994e+02
1.205000e+02 6.332683e-01 1.220887e+02
1.210000e+02 4.115594e-01 8.332229e+01
1.215000e+02 2.891326e-01 6.117236e+01
1.220000e+02 2.152060e-01 5.076361e+01
1.225000e+02 1.674899e-01 4.441335e+01
1.230000e+02 1.351909e-01 3.743839e+01
1.235000e+02 1.128460e-01 2.993831e+01
1.240000e+02 1.050285e-01 2.441170e+01
1.245000e+02 8.362920e-02 2.221979e+01
1.250000e+02 7.375973e-02 2.211045e+01
1.255000e+02 7.138158e-02 2.159075e+01
1.260000e+02 5.927612e-02 1.932198e+01
1.265000e+02 5.368968e-02 1.613716e+01
1.270000e+02 4.929854e-02 1.391761e+01
1.275000e+02 4.583355e-02 1.364195e+01
1.280000e+02 4.332671e-02 1.452091e+01
1.285000e+02 4.090351e-02 1.489873e+01
1.290000e+02 3.830048e-02 1.388248e+01
1.295000e+02 3.646996e-02 1.209079e+01
1.300000e+02 3.490027e-02 1.090220e+01
1.305000e+02 3.357002e-02 1.105473e+01
1.310000e+02 3.279514e-02 1.198317e+01
1.315000e+02 3.140388e-02 1.246031e+01
1.320000e+02 3.052681e-02 1.182250e+01
1.325000e+02 2.985110e-02 1.056146e+01
1.330000e+02 2.910625e-02 9.762973e+00
1.335000e+02 2.843627e-02 1.001419e+01
1.340000e+02 2.797850e-02 1.086673e+01
1.345000e+02 2.756349e-02 1.133504e+01
1.350000e+02 2.703946e-02 1.088318e+01
1.355000e+02 2.669476e-02 9.917509e+00
1.360000e+02 2.643511e-02 9.338695e+00
1.365000e+02 2.637550e-02 9.639433e+00
1.370000e+02 2.685392e-02 1.044445e+01
1.375000e+02 2.584497e-02 1.091293e+01
1.380000e+02 2.567611e-02 1.056942e+01
1.385000e+02 2.556339e-02 9.740754e+00
1.390000e+02 2.541873e-02 9.201835e+00
1.395000e+02 2.522483e-02 9.415852e+00
1.400000e+02 2.531868e-02 1.012141e+01
1.405000e+02 2.507596e-02 1.063875e+01
1.410000e+02 2.514518e-02 1.055102e+01
1.415000e+02 2.553501e-02 1.007629e+01
1.420000e+02 3.060400e-02 9.791428e+00
1.425000e+02 2.726707e-02 1.002372e+01
1.430000e+02 2.559256e-02 1.053387e+01
1.435000e+02 2.548574e-02 1.078991e+01
1.440000e+02 2.550478e-02 1.052710e+01
1.445000e+02 2.572823e-02 1.001517e+01
1.450000e+02 3.028577e-02 9.770973e+00
1.455000e+02 2.531110e-02 1.002269e+01
1.460000e+02 2.510978e-02 1.047669e+01
1.465000e+02 2.504525e-02 1.062175e+01
1.470000e+02 2.508140e-02 1.025819e+01
1.475000e+02 2.516990e-02 9.714475e+00
1.480000e+02 2.534254e-02 9.531095e+00
1.485000e+02 2.605200e-02 9.926224e+00
1.490000e+02 2.618345e-02 1.057475e+01
1.495000e+02 2.588933e-02 1.091868e+01
1.500000e+02 2.622531e-02 1.070116e+01
1.505000e+02 2.699575e-02 1.020111e+01
1.510000e+02 2.713084e-02 9.947712e+00
1.515000e+02 2.669678e-02 1.020688e+01
1.520000e+02 2.667012e-02 1.074568e+01
1.525000e+02 2.666872e-02 1.109196e+01
1.530000e+02 2.682488e-02 1.101215e+01
1.535000e+02 2.724230e-02 1.072436e+01
1.540000e+02 3.405121e-02 1.064383e+01
1.545000e+02 2.759090e-02 1.093418e+01
1.550000e+02 2.755176e-02 1.133005e+01
1.555000e+02 2.774236e-02 1.141433e+01
1.560000e+02 2.821601e-02 1.106644e+01
1.565000e+02 2.838400e-02 1.061812e+01
1.570000e+02 2.852326e-02 1.054488e+01
1.575000e+02 2.880597e-02 1.099232e+01
1.580000e+02 2.911617e-02 1.161322e+01
1.585000e+02 2.955602e-02 1.189126e+01
1.590000e+02 2.982142e-02 1.164321e+01
1.595000e+02 3.022866e-02 1.120572e+01
1.600000e+02 3.062022e-02 1.111391e+01
1.605000e+02 3.104301e-02 1.157802e+01
1.610000e+02 3.150108e-02 1.226886e+01
1.615000e+02 3.197983e-02 1.262897e+01
1.620000e+02 3.250370e-02 1.241605e+01
1.625000e+02 3.307206e-02 1.195525e+01
1.630000e+02 3.369677e-02 1.185278e+01
1.635000e+02 3.439099e-02 1.243861e+01
1.640000e+02 3.521629e-02 1.346338e+01
1.645000e+02 3.653375e-02 1.432782e+01
1.650000e+02 4.706933e-02 1.461647e+01
1.655000e+02 4.127729e-02 1.443064e+01
1.660000e+02 4.373132e-02 1.422743e+01
1.665000e+02 4.005206e-02 1.435443e+01
1.670000e+02 4.061728e-02 1.474752e+01
1.675000e+02 4.334948e-02 1.507067e+01
1.680000e+02 4.286592e-02 1.512332e+01
1.685000e+02 4.409563e-02 1.507987e+01
1.690000e+02 4.601602e-02 1.531313e+01
1.695000e+02 4.725305e-02 1.599103e+01
1.700000e+02 4.921814e-02 1.687585e+01
1.705000e+02 5.117458e-02 1.755069e+01
1.710000e+02 5.353593e-02 1.785466e+01
1.715000e+02 5.635818e-02 1.807892e+01
1.720000e+02 5.910876e-02 1.870430e+01
1.725000e+02 6.250112e-02 1.992764e+01
1.730000e+02 6.645984e-02 2.145672e+01
1.735000e+02 7.479965e-02 2.280281e+01
1.740000e+02 7.616105e-02 2.379801e+01
1.745000e+02 8.232039e-02 2.481549e+01
1.750000e+02 9.029384e-02 2.644439e+01
1.755000e+02 1.034892e-01 2.892083e+01
1.760000e+02 1.097380e-01 3.189555e+01
1.765000e+02 1.204305e-01 3.482124e+01
1.770000e+02 1.348761e-01 3.762511e+01
1.775000e+02 1.532693e-01 4.100192e+01
1.780000e+02 1.767324e-01 4.598552e+01
1.785000e+02 2.071085e-01 5.317281e+01
1.790000e+02 2.467957e-01 6.239388e+01
1.795000e+02 3.001453e-01 7.327264e+01
1.800000e+02 3.747227e-01 8.623943e+01
1.805000e+02 4.760460e-01 1.029368e+02
1.810000e+02 6.232910e-01 1.252616e+02
1.815000e+02 8.364681e-01 1.533920e+02
1.820000e+02 1.140046e+00 1.841860e+02
1.825000e+02 1.535526e+00 2.113792e+02
1.830000e+02 1.921432e+00 2.278916e+02
1.835000e+02 1.969676e+00 2.290536e+02
1.840000e+02 1.606818e+00 2.148213e+02
1.845000e+02 1.216925e+00 1.896536e+02
1.850000e+02 8.938858e-01 1.602265e+02
1.855000e+02 6.712573e-01 1.324657e+02
1.860000e+02 5.160749e-01 1.095990e+02
1.865000e+02 4.080082e-01 9.202254e+01
1.870000e+02 3.308427e-01 7.852843e+01
1.875000e+02 2.743394e-01 6.775360e+01
1.880000e+02 2.321805e-01 5.893698e+01
1.885000e+02 1.998572e-01 5.184064e+01
1.890000e+02 1.748233e-01 4.631127e+01
1.895000e+02 1.549214e-01 4.202122e+01
1.900000e+02 1.389799e-01 3.855245e+01
1.905000e+02 1.261567e-01 3.561068e+01
1.910000e+02 1.153494e-01 3.309896e+01
1.915000e+02 1.064982e-01 3.100210e+01
1.920000e+02 9.912465e-02 2.925027e+01
1.925000e+02 9.296427e-02 2.772447e+01
1.930000e+02 8.815273e-02 2.638024e+01
1.935000e+02 8.507134e-02 2.531919e+01
1.940000e+02 7.965427e-02 2.468811e+01
1.945000e+02 7.621008e-02 2.447624e+01
1.950000e+02 7.469074e-02 2.441125e+01
1.955000e+02 9.718303e-02 2.408545e+01
1.960000e+02 6.925105e-02 2.323617e+01
1.965000e+02 6.540504e-02 2.195222e+01
1.970000e+02 6.316944e-02 2.062688e+01
1.975000e+02 6.147722e-02 1.968590e+01
1.980000e+02 6.012027e-02 1.930314e+01
1.985000e+02 5.865545e-02 1.931951e+01
1.990000e+02 5.778364e-02 1.940761e+01
1.995000e+02 5.785553e-02 1.932952e+01
2.000000e+02 5.636770e-02 1.908004e+01
2.005000e+02 5.648494e-02 1.882428e+01
2.010000e+02 5.968206e-02 1.871425e+01
2.015000e+02 5.575682e-02 1.875328e+01
2.020000e+02 5.492433e-02 1.881184e+01
2.025000e+02 5.494187e-02 1.875662e+01
2.030000e+02 5.529771e-02 1.856362e+01
2.035000e+02 5.576804e-02 1.831743e+01
2.040000e+02 5.377477e-02 1.811209e+01
2.045000e+02 5.222734e-02 1.795693e+01
2.050000e+02 5.104117e-02 1.777840e+01
2.055000e+02 5.024883e-02 1.751350e+01
2.060000e+02 5.066968e-02 1.720136e+01
2.065000e+02 4.953235e-02 1.697815e+01
2.070000e+02 4.862326e-02 1.696833e+01
2.075000e+02 4.867191e-02 1.716402e+01
2.080000e+02 4.856395e-02 1.740469e+01
2.085000e+02 5.527978e-02 1.748818e+01
2.090000e+02 4.940332e-02 1.732848e+01
2.095000e+02 4.802761e-02 1.702616e+01
2.100000e+02 4.743881e-02 1.678392e+01
2.105000e+02 4.884364e-02 1.673184e+01
2.110000e+02 4.860896e-02 1.681233e+01
2.115000e+02 4.683117e-02 1.683325e+01
2.120000e+02 4.656630e-02 1.665487e+01
2.125000e+02 4.645758e-02 1.635088e+01
2.130000e+02 4.642009e-02 1.618910e+01
2.135000e+02 4.642749e-02 1.642312e+01
2.140000e+02 4.654482e-02 1.705463e+01
2.145000e+02 4.729554e-02 1.777198e+01
2.150000e+02 6.695985e-02 1.814107e+01
2.155000e+02 4.710297e-02 1.791709e+01
2.160000e+02 4.684355e-02 1.723426e+01
2.165000e+02 4.642913e-02 1.651605e+01
2.170000e+02 4.641888e-02 1.616913e+01
2.175000e+02 4.673522e-02 1.629954e+01
2.180000e+02 4.662278e-02 1.667083e+01
2.185000e+02 4.659045e-02 1.692505e+01
2.190000e+02 4.665241e-02 1.687496e+01
2.195000e+02 4.675032e-02 1.662806e+01
2.200000e+02 4.691196e-02 1.645616e+01
2.205000e+02 4.695636e-02 1.654135e+01
2.210000e+02 4.708960e-02 1.682391e+01
2.215000e+02 4.725219e-02 1.707368e+01
2.220000e+02 4.742929e-02 1.710591e+01
2.225000e+02 4.768581e-02 1.694393e+01
2.230000e+02 4.796733e-02 1.679346e+01
2.235000e+02 4.835104e-02 1.686764e+01
2.240000e+02 4.889338e-02 1.722536e+01
2.245000e+02 4.965445e-02 1.775225e+01
2.250000e+02 5.093619e-02 1.827045e+01
2.255000e+02 5.275172e-02 1.865394e+01
2.260000e+02 6.439824e-02 1.885077e+01
2.265000e+02 5.375528e-02 1.883217e+01
2.270000e+02 5.157023e-02 1.856913e+01
2.275000e+02 5.061098e-02 1.809220e+01
2.280000e+02 5.017207e-02 1.756898e+01
2.285000e+02 5.002270e-02 1.727538e+01
2.290000e+02 5.016599e-02 1.742281e+01
2.295000e+02 5.356277e-02 1.796363e+01
2.300000e+02 5.094375e-02 1.856804e+01
2.305000e+02 5.207466e-02 1.884681e+01
2.310000e+02 5.593589e-02 1.867150e+01
2.315000e+02 5.857531e-02 1.831991e+01
2.320000e+02 5.302024e-02 1.828910e+01
2.325000e+02 5.344215e-02 1.889672e+01
2.330000e+02 5.558493e-02 1.999344e+01
2.335000e+02 6.165662e-02 2.104069e+01
2.340000e+02 8.310927e-02 2.150758e+01
2.345000e+02 6.061011e-02 2.126420e+01
2.350000e+02 5.701204e-02 2.064575e+01
2.355000e+02 6.520663e-02 2.014624e+01
2.360000e+02 6.083983e-02 2.002234e+01
2.365000e+02 5.612853e-02 2.015654e+01
2.370000e+02 7.240879e-02 2.027680e+01
2.375000e+02 5.876447e-02 2.029041e+01
2.380000e+02 5.528719e-02 2.038250e+01
2.385000e+02 5.777815e-02 2.076677e+01
2.390000e+02 8.609629e-02 2.134075e+01
2.395000e+02 6.099292e-02 2.163412e+01
2.400000e+02 5.967810e-02 2.118788e+01
2.405000e+02 5.792262e-02 2.007044e+01
2.410000e+02 5.758004e-02 1.903034e+01
2.415000e+02 5.862058e-02 1.903832e+01
2.420000e+02 6.314374e-02 2.050506e+01
2.425000e+02 7.107291e-02 2.281134e+01
2.430000e+02 6.103069e-02 2.460794e+01
2.435000e+02 1.153046e-01 2.473624e+01
2.440000e+02 6.092788e-02 2.308123e+01
2.445000e+02 5.734302e-02 2.067291e+01
2.450000e+02 5.628981e-02 1.893119e+01
2.455000e+02 5.612358e-02 1.864088e+01
2.460000e+02 5.626717e-02 1.946612e+01
2.465000e+02 5.824896e-02 2.037089e+01
2.470000e+02 5.723541e-02 2.056622e+01
2.475000e+02 5.965498e-02 2.017983e+01
2.480000e+02 7.120903e-02 2.009498e+01
2.485000e+02 6.359598e-02 2.111422e+01
2.490000e+02 6.051282e-02 2.316982e+01
2.495000e+02 6.686483e-02 2.525332e+01
2.500000e+02 1.359743e-01 2.612859e+01
2.505000e+02 6.379215e-02 2.524738e+01
2.510000e+02 6.422477e-02 2.313941e+01
2.515000e+02 6.316794e-02 2.099914e+01
2.520000e+02 6.092065e-02 1.983648e+01
2.525000e+02 6.046340e-02 1.986353e+01
2.530000e+02 6.011007e-02 2.053465e+01
2.535000e+02 6.029699e-02 2.110417e+01
2.540000e+02 6.074190e-02 2.119204e+01
2.545000e+02 6.137354e-02 2.093345e+01
2.550000e+02 6.190192e-02 2.069769e+01
2.555000e+02 6.176993e-02 2.070947e+01
2.560000e+02 6.157760e-02 2.091090e+01
2.565000e+02 6.158898e-02 2.111899e+01
2.570000e+02 6.166659e-02 2.125696e+01
2.575000e+02 6.212386e-02 2.141342e+01
2.580000e+02 6.427027e-02 2.169486e+01
2.585000e+02 7.167885e-02 2.205199e+01
2.590000e+02 6.822152e-02 2.227425e+01
2.595000e+02 6.351342e-02 2.216747e+01
2.600000e+02 6.297762e-02 2.174605e+01
2.605000e+02 6.297060e-02 2.125936e+01
2.610000e+02 6.320374e-02 2.102760e+01
2.615000e+02 6.346213e-02 2.122771e+01
2.620000e+02 6.400260e-02 2.179576e+01
2.625000e+02 6.539748e-02 2.249575e+01
2.630000e+02 6.940032e-02 2.307216e+01
2.635000e+02 7.609795e-02 2.336969e+01
2.640000e+02 7.182468e-02 2.337005e+01
2.645000e+02 6.742111e-02 2.316967e+01
2.650000e+02 7.302159e-02 2.293380e+01
2.655000e+02 6.770897e-02 2.283135e+01
2.660000e+02 6.824676e-02 2.294907e+01
2.665000e+02 6.888593e-02 2.322495e+01
2.670000e+02 7.325509e-02 2.346962e+01
2.675000e+02 7.422704e-02 2.349548e+01
2.680000e+02 6.853354e-02 2.326834e+01
2.685000e+02 6.809195e-02 2.294511e+01
2.690000e+02 6.791023e-02 2.274275e+01
2.695000e+02 6.801189e-02 2.274601e+01
2.700000e+02 6.822476e-02 2.284423e+01
2.705000e+02 6.861747e-02 2.288239e+01
2.710000e+02 6.931985e-02 2.289431e+01
2.715000e+02 6.937100e-02 2.316806e+01
2.720000e+02 7.028452e-02 2.402132e+01
2.725000e+02 7.174550e-02 2.544848e+01
2.730000e+02 1.173806e-01 2.697327e+01
2.735000e+02 7.363789e-02 2.790412e+01
2.740000e+02 7.333941e-02 2.783228e+01
2.745000e+02 1.182836e-01 2.695761e+01
2.750000e+02 7.395452e-02 2.593796e+01
2.755000e+02 7.429459e-02 2.536791e+01
2.760000e+02 7.713783e-02 2.533568e+01
2.765000e+02 8.006205e-02 2.544984e+01
2.770000e+02 8.441107e-02 2.529922e+01
2.775000e+02 7.498291e-02 2.489926e+01
2.780000e+02 7.438853e-02 2.468481e+01
2.785000e+02 7.541727e-02 2.504576e+01
2.790000e+02 7.493389e-02 2.586155e+01
2.795000e+02 9.823266e-02 2.652017e+01
2.800000e+02 7.702735e-02 2.645048e+01
2.805000e+02 7.530799e-02 2.567816e+01
2.810000e+02 7.861120e-02 2.484990e+01
2.815000e+02 7.657198e-02 2.465637e+01
2.820000e+02 7.667342e-02 2.517925e+01
2.825000e+02 7.729925e-02 2.580534e+01
2.830000e+02 7.932411e-02 2.583574e+01
2.835000e+02 7.769559e-02 2.523222e+01
2.840000e+02 7.802898e-02 2.475372e+01
2.845000e+02 7.864924e-02 2.527560e+01
2.850000e+02 7.950847e-02 2.688271e+01
2.855000e+02 8.193216e-02 2.862079e+01
2.860000e+02 1.148975e-01 2.924250e+01
2.865000e+02 9.034387e-02 2.835165e+01
2.870000e+02 8.235608e-02 2.689707e+01
2.875000e+02 8.167602e-02 2.647248e+01
2.880000e+02 8.231355e-02 2.794200e+01
2.885000e+02 8.551392e-02 3.057858e+01
2.890000e+02 1.658394e-01 3.252808e+01
2.895000e+02 8.532165e-02 3.227750e+01
2.900000e+02 8.383247e-02 2.990577e+01
2.905000e+02 8.376920e-02 2.704754e+01
2.910000e+02 9.063901e-02 2.559558e+01
2.915000e+02 8.465787e-02 2.624383e+01
2.920000e+02 8.506854e-02 2.808125e+01
2.925000e+02 8.645778e-02 2.950434e+01
2.930000e+02 9.515676e-02 2.957970e+01
2.935000e+02 9.854102e-02 2.866759e+01
2.940000e+02 8.784590e-02 2.785985e+01
2.945000e+02 8.760011e-02 2.787151e+01
2.950000e+02 8.797967e-02 2.845457e+01
2.955000e+02 8.864814e-02 2.882148e+01
2.960000e+02 8.931506e-02 2.856996e+01
2.965000e+02 9.013809e-02 2.814768e+01
2.970000e+02 9.146865e-02 2.839216e+01
2.975000e+02 9.320008e-02 2.961890e+01
2.980000e+02 9.706399e-02 3.118881e+01
2.985000e+02 1.139651e-01 3.202391e+01
2.990000e+02 9.825763e-02 3.161060e+01
2.995000e+02 9.909670e-02 3.053465e+01
3.000000e+02 9.716336e-02 3.001342e+01
3.005000e+02 1.017730e-01 3.082842e+01
3.010000e+02 1.042953e-01 3.262733e+01
3.015000e+02 1.188016e-01 3.422411e+01
3.020000e+02 1.224482e-01 3.461001e+01
3.025000e+02 1.042316e-01 3.375774e+01
3.030000e+02 1.142579e-01 3.253175e+01
3.035000e+02 1.057287e-01 3.186087e+01
3.040000e+02 1.026147e-01 3.197682e+01
3.045000e+02 1.038635e-01 3.238519e+01
3.050000e+02 1.058787e-01 3.249454e+01
3.055000e+02 1.042844e-01 3.222382e+01
3.060000e+02 1.047815e-01 3.200489e+01
3.065000e+02 1.055975e-01 3.225087e+01
3.070000e+02 1.067045e-01 3.289267e+01
3.075000e+02 1.082136e-01 3.347275e+01
3.080000e+02 1.092964e-01 3.367242e+01
3.085000e+02 1.112291e-01 3.368603e+01
3.090000e+02 1.126760e-01 3.402073e+01
3.095000e+02 1.148427e-01 3.491986e+01
3.100000e+02 1.254056e-01 3.603007e+01
3.105000e+02 1.193941e-01 3.670392e+01
3.110000e+02 1.208375e-01 3.666692e+01
3.115000e+02 1.227767e-01 3.636198e+01
3.120000e+02 1.251345e-01 3.657138e+01
3.125000e+02 1.281055e-01 3.764867e+01
3.130000e+02 1.315554e-01 3.913549e+01
3.135000e+02 1.354669e-01 4.020514e+01
3.140000e+02 1.397310e-01 4.054932e+01
3.145000e+02 1.429609e-01 4.081827e+01
3.150000e+02 1.478510e-01 4.208643e+01
3.155000e+02 1.562812e-01 4.476038e+01
3.160000e+02 1.808477e-01 4.797625e+01
3.165000e+02 1.831629e-01 5.019047e+01
3.170000e+02 1.782117e-01 5.059238e+01
3.175000e+02 1.858625e-01 5.012725e+01
3.180000e+02 1.970726e-01 5.112800e+01
3.185000e+02 2.124619e-01 5.569528e+01
3.190000e+02 2.327114e-01 6.406572e+01
3.195000e+02 2.609671e-01 7.429630e+01
3.200000e+02 4.680951e-01 8.357887e+01
3.205000e+02 3.446467e-01 9.023814e+01
3.210000e+02 3.961688e-01 9.499182e+01
3.215000e+02 4.471635e-01 1.006752e+02
3.220000e+02 5.211868e-01 1.107420e+02
3.225000e+02 6.306757e-01 1.275313e+02
3.230000e+02 8.012362e-01 1.511472e+02
3.235000e+02 1.059196e+00 1.791917e+02
3.240000e+02 1.435310e+00 2.071818e+02
3.245000e+02 1.918103e+00 2.295060e+02
3.250000e+02 2.318671e+00 2.409050e+02
3.255000e+02 2.168885e+00 2.382658e+02
3.260000e+02 1.692624e+00 2.220369e+02
3.265000e+02 1.270699e+00 1.963480e+02
3.270000e+02 9.863017e-01 1.674342e+02
3.275000e+02 7.219736e-01 1.410325e+02
3.280000e+02 5.759047e-01 1.202204e+02
3.285000e+02 4.698465e-01 1.049493e+02
3.290000e+02 3.976583e-01 9.335371e+01
3.295000e+02 3.455883e-01 8.369121e+01
3.300000e+02 3.069546e-01 7.547142e+01
3.305000e+02 2.777124e-01 6.917146e+01
3.310000e+02 2.553299e-01 6.514200e+01
3.315000e+02 2.380839e-01 6.285474e+01
3.320000e+02 2.256092e-01 6.113786e+01
3.325000e+02 2.279505e-01 5.905211e+01
3.330000e+02 2.229449e-01 5.651463e+01
3.335000e+02 1.978606e-01 5.411970e+01
3.340000e+02 1.905388e-01 5.241914e+01
3.345000e+02 1.852881e-01 5.139612e+01
3.350000e+02 1.827314e-01 5.058724e+01
3.355000e+02 1.798893e-01 4.962435e+01
3.360000e+02 1.748260e-01 4.858738e+01
3.365000e+02 1.715021e-01 4.782724e+01
3.370000e+02 1.689465e-01 4.750593e+01
3.375000e+02 1.670815e-01 4.738209e+01
3.380000e+02 1.652766e-01 4.707192e+01
3.385000e+02 1.641289e-01 4.648296e+01
3.390000e+02 1.631481e-01 4.592844e+01
3.395000e+02 1.624088e-01 4.578270e+01
3.400000e+02 1.619593e-01 4.604924e+01
3.405000e+02 1.617132e-01 4.632607e+01
3.410000e+02 1.616342e-01 4.623477e+01
3.415000e+02 1.617287e-01 4.586619e+01
3.420000e+02 1.621730e-01 4.574305e+01
3.425000e+02 1.629229e-01 4.628990e+01
3.430000e+02 1.670220e-01 4.733714e+01
3.435000e+02 1.804929e-01 4.819523e+01
3.440000e+02 1.652177e-01 4.827515e+01
3.445000e+02 1.663200e-01 4.765865e+01
3.450000e+02 1.723679e-01 4.703683e+01
3.455000e+02 1.690289e-01 4.705365e+01
3.460000e+02 1.695470e-01 4.769834e+01
3.465000e+02 1.694509e-01 4.835774e+01
3.470000e+02 1.703247e-01 4.847600e+01
3.475000e+02 1.714929e-01 4.814170e+01
3.480000e+02 1.729924e-01 4.798801e+01
3.485000e+02 1.745304e-01 4.850566e+01
3.490000e+02 1.766482e-01 4.950277e+01
3.495000e+02 1.789108e-01 5.031732e+01
3.500000e+02 1.812004e-01 5.059132e+01
3.505000e+02 1.841264e-01 5.076840e+01
3.510000e+02 1.889355e-01 5.169799e+01
3.515000e+02 1.995611e-01 5.366265e+01
3.520000e+02 2.055575e-01 5.584500e+01
3.525000e+02 2.269376e-01 5.692464e+01
3.530000e+02 2.074743e-01 5.636507e+01
3.535000e+02 1.993830e-01 5.512741e+01
3.540000e+02 2.005764e-01 5.495286e+01
3.545000e+02 2.043333e-01 5.672801e+01
3.550000e+02 2.709057e-01 5.947735e+01
3.555000e+02 2.110214e-01 6.110244e+01
3.560000e+02 2.139616e-01 6.035917e+01
3.565000e+02 2.181505e-01 5.824773e+01
3.570000e+02 2.224859e-01 5.735376e+01
3.575000e+02 2.452472e-01 5.954634e+01
3.580000e+02 2.426786e-01 6.410430e+01
3.585000e+02 2.505763e-01 6.813212e+01
3.590000e+02 2.830830e-01 6.906786e+01
3.595000e+02 2.634508e-01 6.703981e+01
3.600000e+02 2.573210e-01 6.480824e+01
3.605000e+02 2.600188e-01 6.522124e+01
3.610000e+02 2.670213e-01 6.853920e+01
3.615000e+02 2.785037e-01 7.226594e+01
3.620000e+02 2.850859e-01 7.380660e+01
3.625000e+02 2.944603e-01 7.342984e+01
3.630000e+02 3.071325e-01 7.443792e+01
3.635000e+02 3.648836e-01 7.995833e+01
3.640000e+02 3.415491e-01 8.920687e+01
3.645000e+02 4.908690e-01 9.711571e+01
3.650000e+02 3.763952e-01 9.850981e+01
3.655000e+02 3.991877e-01 9.368035e+01
3.660000e+02 4.346005e-01 9.020009e+01
3.665000e+02 4.920137e-01 9.838022e+01
3.670000e+02 5.811940e-01 1.231131e+02
3.675000e+02 7.449952e-01 1.584706e+02
3.680000e+02 1.189139e+00 1.899323e+02
3.685000e+02 5.472961e+00 2.033401e+02
3.690000e+02 1.249228e+00 1.942315e+02
3.695000e+02 8.575512e-01 1.706412e+02
3.700000e+02 7.470077e-01 1.473828e+02
3.705000e+02 7.254441e-01 1.362761e+02
3.710000e+02 8.350061e-01 1.395733e+02
3.715000e+02 7.837150e-01 1.508764e+02
3.720000e+02 8.414399e-01 1.618020e+02
3.725000e+02 9.186878e-01 1.685503e+02
3.730000e+02 1.018201e+00 1.734674e+02
3.735000e+02 1.138625e+00 1.813726e+02
3.740000e+02 1.291569e+00 1.946265e+02
3.745000e+02 1.485826e+00 2.112499e+02
3.750000e+02 1.749225e+00 2.271093e+02
3.755000e+02 2.059416e+00 2.395370e+02
3.760000e+02 2.486825e+00 2.489457e+02
3.765000e+02 3.060087e+00 2.573531e+02
3.770000e+02 3.856567e+00 2.657190e+02
3.775000e+02 4.986091e+00 2.728472e+02
3.780000e+02 6.646403e+00 2.767621e+02
3.785000e+02 9.096236e+00 2.769638e+02
3.790000e+02 1.260621e+01 2.752217e+02
3.795000e+02 1.714375e+01 2.741483e+02
3.800000e+02 2.109701e+01 2.750047e+02
3.805000e+02 2.008545e+01 2.768581e+02
3.810000e+02 1.556631e+01 2.777865e+02
3.815000e+02 1.131343e+01 2.768092e+02
3.820000e+02 8.205702e+00 2.746079e+02
3.825000e+02 6.081115e+00 2.724108e+02
3.830000e+02 4.636098e+00 2.702827e+02
3.835000e+02 3.635438e+00 2.666365e+02
3.840000e+02 2.925089e+00 2.595295e+02
3.845000e+02 2.408362e+00 2.485138e+02
3.850000e+02 2.023245e+00 2.352388e+02
3.855000e+02 1.730031e+00 2.222052e+02
3.860000e+02 1.501167e+00 2.108365e+02
3.865000e+02 1.319659e+00 2.006580e+02
3.870000e+02 1.186450e+00 1.902723e+02
3.875000e+02 1.063438e+00 1.790942e+02
3.880000e+02 9.581498e-01 1.681340e+02
3.885000e+02 8.784814e-01 1.591011e+02
3.890000e+02 8.151702e-01 1.527549e+02
3.895000e+02 7.649425e-01 1.481351e+02
3.900000e+02 7.253956e-01 1.434134e+02
3.905000e+02 6.892419e-01 1.375232e+02
3.910000e+02 6.463572e-01 1.309979e+02
3.915000e+02 6.045915e-01 1.252535e+02
3.920000e+02 5.684366e-01 1.210780e+02
3.925000e+02 5.597286e-01 1.178321e+02
3.930000e+02 5.155309e-01 1.141339e+02
3.935000e+02 4.871734e-01 1.093263e+02
3.940000e+02 4.669539e-01 1.042610e+02
3.945000e+02 4.499376e-01 1.005996e+02
3.950000e+02 4.430729e-01 9.927591e+01
3.955000e+02 4.223891e-01 9.956884e+01
3.960000e+02 4.114694e-01 9.965646e+01
3.965000e+02 4.578892e-01 9.812875e+01
3.970000e+02 4.208766e-01 9.507039e+01
3.975000e+02 3.833294e-01 9.178652e+01
3.980000e+02 3.753569e-01 8.954059e+01
3.985000e+02 3.689283e-01 8.854689e+01
3.990000e+02 3.639854e-01 8.810715e+01
3.995000e+02 3.617698e-01 8.760554e+01
4.000000e+02 3.937653e-01 8.725555e+01
4.005000e+02 3.604573e-01 8.780846e+01
4.010000e+02 3.757248e-01 8.953317e+01
4.015000e+02 3.903741e-01 9.155032e+01
4.020000e+02 3.974925e-01 9.228468e+01
4.025000e+02 4.324692e-01 9.070793e+01
4.030000e+02 3.464981e-01 8.724826e+01
4.035000e+02 3.384564e-01 8.351733e+01
4.040000e+02 3.367475e-01 8.108163e+01
4.045000e+02 3.294385e-01 8.035876e+01
4.050000e+02 3.268832e-01 8.055970e+01
4.055000e+02 3.254541e-01 8.061332e+01
4.060000e+02 3.246241e-01 8.014943e+01
4.065000e+02 3.241565e-01 7.966394e+01
4.070000e+02 3.244058e-01 7.983261e+01
4.075000e+02 3.257979e-01 8.073170e+01
4.080000e+02 3.358314e-01 8.172790e+01
4.085000e+02 3.451829e-01 8.208342e+01
4.090000e+02 3.290315e-01 8.163185e+01
4.095000e+02 3.279269e-01 8.087664e+01
4.100000e+02 3.290148e-01 8.048748e+01
4.105000e+02 3.310627e-01 8.075206e+01
4.110000e+02 3.332528e-01 8.150758e+01
4.115000e+02 3.369646e-01 8.251679e+01
4.120000e+02 3.431054e-01 8.378685e+01
4.125000e+02 3.482281e-01 8.544515e+01
4.130000e+02 4.020554e-01 8.733565e+01
4.135000e+02 3.556364e-01 8.886802e+01
4.140000e+02 3.795299e-01 8.941642e+01
4.145000e+02 3.859213e-01 8.895072e+01
4.150000e+02 3.706681e-01 8.824659e+01
4.155000e+02 3.753204e-01 8.836182e+01
4.160000e+02 3.828637e-01 8.979050e+01
4.165000e+02 3.927411e-01 9.208556e+01
4.170000e+02 4.040949e-01 9.434825e+01
4.175000e+02 4.178882e-01 9.615539e+01
4.180000e+02 4.350679e-01 9.803703e+01
4.185000e+02 4.554465e-01 1.010172e+02
4.190000e+02 4.813782e-01 1.056470e+02
4.195000e+02 5.143743e-01 1.115137e+02
4.200000e+02 5.576567e-01 1.178178e+02
4.205000e+02 6.157778e-01 1.245895e+02
4.210000e+02 6.954908e-01 1.334016e+02
4.215000e+02 8.082497e-01 1.467438e+02
4.220000e+02 9.841584e-01 1.663263e+02
4.225000e+02 1.273639e+00 1.915270e+02
4.230000e+02 1.795599e+00 2.191402e+02
4.235000e+02 2.883658e+00 2.445841e+02
4.240000e+02 5.449371e+00 2.636595e+02
4.245000e+02 1.409307e+01 2.737223e+02
4.250000e+02 1.507802e+01 2.738320e+02
4.255000e+02 5.692377e+00 2.643428e+02
4.260000e+02 2.987159e+00 2.466613e+02
4.265000e+02 1.885969e+00 2.233623e+02
4.270000e+02 1.385446e+00 1.981626e+02
4.275000e+02 1.070624e+00 1.751717e+02
4.280000e+02 9.015911e-01 1.575000e+02
4.285000e+02 7.957336e-01 1.460680e+02
4.290000e+02 7.324767e-01 1.395319e+02
4.295000e+02 6.858963e-01 1.354690e+02
4.300000e+02 6.496405e-01 1.319952e+02
4.305000e+02 6.434430e-01 1.286722e+02
4.310000e+02 6.150123e-01 1.261880e+02
4.315000e+02 6.082327e-01 1.252972e+02
4.320000e+02 6.095745e-01 1.260152e+02
4.325000e+02 6.162965e-01 1.276789e+02
4.330000e+02 6.291092e-01 1.296379e+02
4.335000e+02 6.462073e-01 1.318260e+02
4.340000e+02 6.697775e-01 1.347094e+02
4.345000e+02 7.017022e-01 1.388022e+02
4.350000e+02 7.433387e-01 1.443619e+02
4.355000e+02 8.005686e-01 1.516094e+02
4.360000e+02 8.794160e-01 1.611591e+02
4.365000e+02 9.942015e-01 1.739801e+02
4.370000e+02 1.164827e+00 1.905720e+02
4.375000e+02 1.763882e+00 2.098482e+02
4.380000e+02 1.670681e+00 2.287186e+02
4.385000e+02 2.159816e+00 2.430315e+02
4.390000e+02 2.605768e+00 2.495481e+02
4.395000e+02 2.561981e+00 2.477604e+02
4.400000e+02 2.156876e+00 2.403363e+02
4.405000e+02 1.867205e+00 2.318479e+02
4.410000e+02 1.760734e+00 2.265602e+02
4.415000e+02 1.813337e+00 2.266118e+02
4.420000e+02 1.918512e+00 2.315530e+02
4.425000e+02 2.122147e+00 2.392604e+02
4.430000e+02 2.423935e+00 2.474233e+02
4.435000e+02 2.679717e+00 2.546325e+02
4.440000e+02 3.018222e+00 2.605783e+02
4.445000e+02 3.568367e+00 2.655429e+02
4.450000e+02 4.425976e+00 2.697612e+02
4.455000e+02 5.777166e+00 2.731328e+02
4.460000e+02 7.675457e+00 2.753803e+02
4.465000e+02 1.067511e+01 2.763984e+02
4.470000e+02 1.510874e+01 2.764568e+02
4.475000e+02 2.058298e+01 2.761012e+02
4.480000e+02 2.554031e+01 2.758514e+02
4.485000e+02 1.986312e+01 2.759249e+02
4.490000e+02 1.443377e+01 2.761564e+02
4.495000e+02 1.016395e+01 2.761141e+02
4.500000e+02 7.335887e+00 2.752827e+02
4.505000e+02 5.479075e+00 2.731872e+02
4.510000e+02 4.242595e+00 2.694377e+02
4.515000e+02 3.396031e+00 2.637688e+02
4.520000e+02 2.807818e+00 2.561380e+02
4.525000e+02 2.357546e+00 2.468398e+02
4.530000e+02 2.023256e+00 2.365125e+02
4.535000e+02 1.770258e+00 2.259590e+02
4.540000e+02 1.574332e+00 2.158582e+02
4.545000e+02 1.422101e+00 2.065628e+02
4.550000e+02 1.295388e+00 1.981322e+02
4.555000e+02 1.193480e+00 1.905481e+02
4.560000e+02 1.110873e+00 1.838877e+02
4.565000e+02 1.043916e+00 1.782661e+02
4.570000e+02 9.935813e-01 1.736014e+02
4.575000e+02 1.022698e+00 1.694732e+02
4.580000e+02 9.013551e-01 1.653057e+02
4.585000e+02 8.639585e-01 1.608017e+02
4.590000e+02 8.338217e-01 1.562553e+02
4.595000e+02 8.103820e-01 1.524033e+02
4.600000e+02 7.892847e-01 1.498592e+02
4.605000e+02 7.732589e-01 1.485927e+02
4.610000e+02 7.641550e-01 1.479399e+02
4.615000e+02 7.497163e-01 1.471802e+02
4.620000e+02 7.456450e-01 1.461697e+02
4.625000e+02 7.631340e-01 1.454118e+02
4.630000e+02 7.644397e-01 1.454483e+02
4.635000e+02 7.538294e-01 1.461344e+02
4.640000e+02 7.530786e-01 1.465679e+02
4.645000e+02 7.364204e-01 1.458838e+02
4.650000e+02 7.374925e-01 1.442642e+02
4.655000e+02 7.399581e-01 1.431598e+02
4.660000e+02 7.481834e-01 1.443271e+02
4.665000e+02 7.929274e-01 1.483877e+02
4.670000e+02 7.818365e-01 1.542131e+02
4.675000e+02 8.053849e-01 1.598552e+02
4.680000e+02 1.134682e+00 1.643705e+02
4.685000e+02 9.296234e-01 1.689157e+02
4.690000e+02 9.832875e-01 1.759261e+02
4.695000e+02 1.210269e+00 1.868071e+02
4.700000e+02 1.334702e+00 2.000450e+02
4.705000e+02 1.445097e+00 2.115830e+02
4.710000e+02 1.902203e+00 2.175674e+02
4.715000e+02 1.536513e+00 2.175019e+02
4.720000e+02 1.491761e+00 2.152210e+02
4.725000e+02 1.571624e+00 2.166000e+02
4.730000e+02 1.857156e+00 2.254514e+02
4.735000e+02 2.204832e+00 2.405759e+02
4.740000e+02 2.848004e+00 2.561737e+02
4.745000e+02 3.490955e+00 2.653276e+02
4.750000e+02 3.337789e+00 2.640401e+02
4.755000e+02 2.620725e+00 2.530660e+02
4.760000e+02 2.282687e+00 2.366221e+02
4.765000e+02 1.612082e+00 2.193872e+02
4.770000e+02 1.364162e+00 2.041737e+02
4.775000e+02 1.200759e+00 1.916515e+02
4.780000e+02 1.089211e+00 1.816184e+02
4.785000e+02 1.018767e+00 1.742027e+02
4.790000e+02 9.738873e-01 1.698772e+02
4.795000e+02 9.574212e-01 1.685760e+02
4.800000e+02 9.676291e-01 1.691154e+02
4.805000e+02 9.514106e-01 1.697273e+02
4.810000e+02 9.593235e-01 1.692988e+02
4.815000e+02 1.021986e+00 1.681314e+02
4.820000e+02 9.439424e-01 1.674657e+02
4.825000e+02 9.446360e-01 1.682350e+02
4.830000e+02 9.657901e-01 1.703037e+02
4.835000e+02 1.004793e+00 1.730120e+02
4.840000e+02 1.056419e+00 1.765416e+02
4.845000e+02 1.142579e+00 1.826782e+02
4.850000e+02 1.280131e+00 1.939173e+02
4.855000e+02 1.524754e+00 2.113008e+02
4.860000e+02 2.016545e+00 2.326436e+02
4.865000e+02 3.202325e+00 2.527432e+02
4.870000e+02 7.225215e+00 2.657395e+02
4.875000e+02 7.343882e+00 2.681387e+02
4.880000e+02 3.520367e+00 2.604819e+02
4.885000e+02 2.499103e+00 2.466390e+02
4.890000e+02 1.989540e+00 2.314042e+02
4.895000e+02 1.699174e+00 2.181303e+02
4.900000e+02 1.459326e+00 2.078291e+02
4.905000e+02 1.329402e+00 1.998925e+02
4.910000e+02 1.237527e+00 1.934500e+02
4.915000e+02 1.171692e+00 1.882087e+02
4.920000e+02 1.143056e+00 1.843558e+02
4.925000e+02 1.097818e+00 1.819772e+02
4.930000e+02 1.079706e+00 1.807176e+02
4.935000e+02 1.069934e+00 1.799923e+02
4.940000e+02 1.065638e+00 1.794554e+02
4.945000e+02 1.065928e+00 1.792175e+02
4.950000e+02 1.069523e+00 1.796093e+02
4.955000e+02 1.077076e+00 1.807486e+02
4.960000e+02 1.108771e+00 1.823328e+02
4.965000e+02 1.113233e+00 1.838352e+02
4.970000e+02 1.142478e+00 1.848977e+02
4.975000e+02 1.119999e+00 1.855599e+02
4.980000e+02 1.161918e+00 1.861487e+02
4.985000e+02 1.154431e+00 1.869688e+02
4.990000e+02 1.167029e+00 1.880838e+02
4.995000e+02 1.172485e+00 1.893515e+02
5.000000e+02 1.190505e+00 1.906306e+02
5.005000e+02 1.227990e+00 1.919448e+02
5.010000e+02 1.229333e+00 1.934665e+02
5.015000e+02 1.255012e+00 1.953627e+02
5.020000e+02 1.287901e+00 1.976496e+02
5.025000e+02 1.323258e+00 2.001605e+02
5.030000e+02 1.352792e+00 2.026193e+02
5.035000e+02 1.396234e+00 2.047460e+02
5.040000e+02 1.415731e+00 2.063441e+02
5.045000e+02 1.424220e+00 2.073684e+02
5.050000e+02 1.433066e+00 2.079780e+02
5.055000e+02 1.448192e+00 2.085351e+02
5.060000e+02 1.465690e+00 2.095010e+02
5.065000e+02 1.495021e+00 2.112323e+02
5.070000e+02 1.530659e+00 2.137814e+02
5.075000e+02 1.591987e+00 2.168361e+02
5.080000e+02 1.668926e+00 2.198597e+02
5.085000e+02 1.685423e+00 2.223542e+02
5.090000e+02 1.746695e+00 2.240810e+02
5.095000e+02 1.765670e+00 2.251121e+02
5.100000e+02 1.767609e+00 2.257158e+02
5.105000e+02 1.772010e+00 2.261849e+02
5.110000e+02 1.783924e+00 2.267293e+02
5.115000e+02 1.803508e+00 2.274665e+02
5.120000e+02 1.832124e+00 2.284594e+02
5.125000e+02 1.859729e+00 2.297352e+02
5.130000e+02 1.893944e+00 2.312685e+02
5.135000e+02 1.931018e+00 2.329675e+02
5.140000e+02 1.970632e+00 2.347034e+02
5.145000e+02 2.013760e+00 2.363745e+02
5.150000e+02 2.132582e+00 2.379550e+02
5.155000e+02 2.104494e+00 2.394901e+02
5.160000e+02 2.152470e+00 2.410412e+02
5.165000e+02 2.204284e+00 2.426321e+02
5.170000e+02 2.264055e+00 2.442358e+02
5.175000e+02 2.406789e+00 2.458042e+02
5.180000e+02 2.372795e+00 2.473090e+02
5.185000e+02 2.430311e+00 2.487570e+02
5.190000e+02 2.492430e+00 2.501773e+02
5.195000e+02 2.562981e+00 2.515974e+02
5.200000e+02 2.704709e+00 2.530290e+02
5.205000e+02 2.713347e+00 2.544660e+02
5.210000e+02 2.771874e+00 2.558890e+02
5.215000e+02 2.848166e+00 2.572683e+02
5.220000e+02 3.049801e+00 2.585716e+02
5.225000e+02 3.015283e+00 2.597773e+02
5.230000e+02 3.119287e+00 2.608864e+02
5.235000e+02 3.270739e+00 2.619224e+02
5.240000e+02 3.286007e+00 2.629148e+02
5.245000e+02 3.381998e+00 2.638818e+02
5.250000e+02 3.484940e+00 2.648257e+02
5.255000e+02 3.594738e+00 2.657438e+02
5.260000e+02 3.711335e+00 2.666401e+02
5.265000e+02 3.837071e+00 2.675202e+02
5.270000e+02 3.970209e+00 2.683752e+02
5.275000e+02 4.116749e+00 2.691743e+02
5.280000e+02 4.242261e+00 2.698823e+02
5.285000e+02 4.387148e+00 2.704912e+02
5.290000e+02 4.543355e+00 2.710335e+02
5.295000e+02 4.713824e+00 2.715601e+02
5.300000e+02 4.884764e+00 2.720956e+02
5.305000e+02 5.080231e+00 2.726148e+02
5.310000e+02 5.271174e+00 2.730647e+02
5.315000e+02 5.474971e+00 2.734152e+02
5.320000e+02 5.692323e+00 2.736918e+02
5.325000e+02 5.927262e+00 2.739551e+02
5.330000e+02 6.177772e+00 2.742457e+02
5.335000e+02 6.445030e+00 2.745464e+02
5.340000e+02 6.735788e+00 2.748001e+02
5.345000e+02 7.042211e+00 2.749677e+02
5.350000e+02 7.358027e+00 2.750703e+02
5.355000e+02 7.707177e+00 2.751723e+02
5.360000e+02 8.108272e+00 2.753211e+02
5.365000e+02 8.482115e+00 2.755020e+02
5.370000e+02 8.914706e+00 2.756538e+02
5.375000e+02 9.380775e+00 2.757309e+02
5.380000e+02 9.882336e+00 2.757516e+02
5.385000e+02 1.042629e+01 2.757828e+02
5.390000e+02 1.102283e+01 2.758750e+02
5.395000e+02 1.169484e+01 2.760130e+02
5.400000e+02 1.236471e+01 2.761303e+02
5.405000e+02 1.313511e+01 2.761758e+02
5.410000e+02 1.396669e+01 2.761659e+02
5.415000e+02 1.488985e+01 2.761696e+02
5.420000e+02 1.591066e+01 2.762406e+02
5.425000e+02 1.704541e+01 2.763633e+02
5.430000e+02 1.830112e+01 2.764674e+02
5.435000e+02 1.970982e+01 2.764976e+02
5.440000e+02 2.129326e+01 2.764700e+02
5.445000e+02 2.309465e+01 2.764568e+02
5.450000e+02 2.516408e+01 2.765147e+02
5.455000e+02 2.747856e+01 2.766282e+02
5.460000e+02 3.020571e+01 2.767233e+02
5.465000e+02 3.339981e+01 2.767417e+02
5.470000e+02 3.712502e+01 2.766989e+02
5.475000e+02 4.132949e+01 2.766700e+02
5.480000e+02 4.561001e+01 2.767146e+02
5.485000e+02 5.016439e+01 2.768169e+02
5.490000e+02 5.560373e+01 2.769009e+02
5.495000e+02 6.225914e+01 2.769062e+02
5.500000e+02 7.050382e+01 2.768494e+02
5.505000e+02 8.071476e+01 2.768084e+02
5.510000e+02 9.377822e+01 2.768453e+02
5.515000e+02 1.094103e+02 2.769431e+02
5.520000e+02 1.296403e+02 2.770222e+02
5.525000e+02 1.556915e+02 2.770193e+02
5.530000e+02 1.898784e+02 2.769511e+02
5.535000e+02 2.358393e+02 2.768989e+02
5.540000e+02 2.988486e+02 2.769270e+02
5.545000e+02 3.868404e+02 2.770186e+02
5.550000e+02 5.112153e+02 2.770909e+02
5.555000e+02 6.860692e+02 2.770782e+02
5.560000e+02 9.200345e+02 2.769979e+02
5.565000e+02 1.185757e+03 2.769341e+02
5.570000e+02 1.366406e+03 2.769535e+02
5.575000e+02 1.203909e+03 2.770387e+02
5.580000e+02 9.515228e+02 2.771042e+02
5.585000e+02 7.174599e+02 2.770818e+02
5.590000e+02 5.377568e+02 2.769896e+02
5.595000e+02 4.081405e+02 2.769143e+02
5.600000e+02 3.157781e+02 2.769254e+02
5.605000e+02 2.493630e+02 2.770046e+02
5.610000e+02 2.008067e+02 2.770634e+02
5.615000e+02 1.645948e+02 2.770316e+02
5.620000e+02 1.370529e+02 2.769277e+02
5.625000e+02 1.157151e+02 2.768415e+02
5.630000e+02 9.890253e+01 2.768445e+02
5.635000e+02 8.545516e+01 2.769180e+02
5.640000e+02 7.453581e+01 2.769707e+02
5.645000e+02 6.557171e+01 2.769298e+02
5.650000e+02 5.812697e+01 2.768145e+02
5.655000e+02 5.188810e+01 2.767176e+02
5.660000e+02 4.662300e+01 2.767131e+02
5.665000e+02 4.215052e+01 2.767814e+02
5.670000e+02 3.824808e+01 2.768283e+02
5.675000e+02 3.482258e+01 2.767785e+02
5.680000e+02 3.187312e+01 2.766519e+02
5.685000e+02 2.929204e+01 2.765444e+02
5.690000e+02 2.701975e+01 2.765323e+02
5.695000e+02 2.500929e+01 2.765954e+02
5.700000e+02 2.328278e+01 2.766362e+02
5.705000e+02 2.162805e+01 2.765770e+02
5.710000e+02 2.129637e+01 2.764383e+02
5.715000e+02 1.888408e+01 2.763192e+02
5.720000e+02 1.770457e+01 2.762985e+02
5.725000e+02 1.664356e+01 2.763554e+02
5.730000e+02 1.569700e+01 2.763889e+02
5.735000e+02 1.481727e+01 2.763187e+02
5.740000e+02 1.398582e+01 2.761661e+02
5.745000e+02 1.327663e+01 2.760335e+02
5.750000e+02 1.256213e+01 2.760024e+02
5.755000e+02 1.193566e+01 2.760509e+02
5.760000e+02 1.136356e+01 2.760743e+02
5.765000e+02 1.104361e+01 2.759893e+02
5.770000e+02 1.033480e+01 2.758175e+02
5.775000e+02 9.886576e+00 2.756646e+02
5.780000e+02 9.440243e+00 2.756143e+02
5.785000e+02 9.031370e+00 2.756433e+02
5.790000e+02 8.653935e+00 2.756425e+02
5.795000e+02 8.301971e+00 2.755250e+02
5.800000e+02 7.974976e+00 2.753129e+02
5.805000e+02 7.666335e+00 2.751153e+02
5.810000e+02 7.379407e+00 2.750191e+02
5.815000e+02 7.113207e+00 2.749998e+02
5.820000e+02 6.912475e+00 2.749443e+02
5.825000e+02 6.633760e+00 2.747616e+02
5.830000e+02 6.391248e+00 2.744727e+02
5.835000e+02 6.293525e+00 2.741883e+02
5.840000e+02 5.967870e+00 2.739957e+02
5.845000e+02 5.772050e+00 2.738688e+02
5.850000e+02 5.589058e+00 2.736926e+02
5.855000e+02 5.416108e+00 2.733784e+02
5.860000e+02 5.252467e+00 2.729547e+02
5.865000e+02 5.096704e+00 2.725400e+02
5.870000e+02 4.949460e+00 2.722226e+02
5.875000e+02 4.808170e+00 2.719689e+02
5.880000e+02 4.674215e+00 2.716530e+02
5.885000e+02 4.547017e+00 2.711836e+02
5.890000e+02 4.428348e+00 2.706000e+02
5.895000e+02 4.310723e+00 2.700393e+02
5.900000e+02 4.202246e+00 2.696023e+02
5.905000e+02 4.103535e+00 2.692487e+02
5.910000e+02 4.071502e+00 2.688281e+02
5.915000e+02 3.904785e+00 2.682213e+02
5.920000e+02 3.809212e+00 2.674561e+02
5.925000e+02 3.748847e+00 2.666850e+02
5.930000e+02 3.641050e+00 2.660457e+02
5.935000e+02 3.556937e+00 2.655381e+02
5.940000e+02 3.481264e+00 2.650350e+02
5.945000e+02 3.413934e+00 2.644090e+02
5.950000e+02 3.436254e+00 2.636493e+02
5.955000e+02 3.284750e+00 2.628544e+02
5.960000e+02 3.215700e+00 2.621212e+02
5.965000e+02 3.158303e+00 2.614553e+02
5.970000e+02 3.107961e+00 2.608023e+02
5.975000e+02 3.065502e+00 2.601629e+02
5.980000e+02 3.032718e+00 2.596519e+02
5.985000e+02 3.012420e+00 2.594071e+02
5.990000e+02 3.006554e+00 2.594101e+02
5.995000e+02 3.008456e+00 2.593995e+02
6.000000e+02 3.043182e+00 2.589958e+02
6.005000e+02 2.901950e+00 2.579691e+02
6.010000e+02 2.808881e+00 2.564286e+02
6.015000e+02 2.724596e+00 2.547593e+02
6.020000e+02 2.657047e+00 2.533421e+02
6.025000e+02 2.611912e+00 2.522875e+02
6.030000e+02 2.552662e+00 2.514043e+02
6.035000e+02 2.496921e+00 2.504174e+02
6.040000e+02 2.452226e+00 2.492335e+02
6.045000e+02 2.412173e+00 2.480155e+02
6.050000e+02 2.376464e+00 2.470139e+02
6.055000e+02 2.344300e+00 2.463220e+02
6.060000e+02 2.314777e+00 2.457880e+02
6.065000e+02 2.287119e+00 2.451596e+02
6.070000e+02 2.262646e+00 2.443232e+02
6.075000e+02 2.241186e+00 2.434140e+02
6.080000e+02 2.224865e+00 2.427040e+02
6.085000e+02 2.203633e+00 2.423748e+02
6.090000e+02 2.191038e+00 2.423800e+02
6.095000e+02 2.197355e+00 2.425024e+02
6.100000e+02 2.208178e+00 2.425327e+02
6.105000e+02 2.262679e+00 2.424042e+02
6.110000e+02 2.190134e+00 2.421887e+02
6.115000e+02 2.195593e+00 2.420020e+02
6.120000e+02 2.174928e+00 2.419374e+02
6.125000e+02 2.186772e+00 2.420822e+02
6.130000e+02 2.208890e+00 2.425583e+02
6.135000e+02 2.241677e+00 2.435007e+02
6.140000e+02 2.288652e+00 2.449715e+02
6.145000e+02 2.357107e+00 2.469044e+02
6.150000e+02 2.445313e+00 2.491682e+02
6.155000e+02 2.552851e+00 2.517132e+02
6.160000e+02 2.710339e+00 2.546507e+02
6.165000e+02 2.925648e+00 2.581483e+02
6.170000e+02 3.222099e+00 2.621917e+02
6.175000e+02 3.650837e+00 2.664195e+02
6.180000e+02 4.269565e+00 2.702114e+02
6.185000e+02 5.204148e+00 2.730079e+02
6.190000e+02 6.633487e+00 2.746295e+02
6.195000e+02 8.796655e+00 2.753461e+02
6.200000e+02 1.176836e+01 2.756439e+02
6.205000e+02 1.459601e+01 2.758795e+02
6.210000e+02 1.417178e+01 2.760842e+02
6.215000e+02 1.109760e+01 2.760275e+02
6.220000e+02 8.248584e+00 2.754245e+02
6.225000e+02 6.230141e+00 2.740780e+02
6.230000e+02 4.892415e+00 2.718689e+02
6.235000e+02 4.027002e+00 2.686878e+02
6.240000e+02 3.402155e+00 2.644640e+02
6.245000e+02 2.961848e+00 2.593146e+02
6.250000e+02 2.650613e+00 2.536638e+02
6.255000e+02 2.426422e+00 2.481512e+02
6.260000e+02 2.236952e+00 2.433277e+02
6.265000e+02 2.097647e+00 2.393503e+02
6.270000e+02 1.990163e+00 2.359351e+02
6.275000e+02 1.915930e+00 2.326257e+02
6.280000e+02 1.840958e+00 2.291716e+02
6.285000e+02 1.755487e+00 2.257074e+02
6.290000e+02 1.693235e+00 2.225980e+02
6.295000e+02 1.642005e+00 2.200974e+02
6.300000e+02 1.598825e+00 2.181251e+02
6.305000e+02 1.560679e+00 2.163418e+02
6.310000e+02 1.527466e+00 2.144458e+02
6.315000e+02 1.499426e+00 2.124271e+02
6.320000e+02 1.496160e+00 2.105731e+02
6.325000e+02 1.455830e+00 2.092386e+02
6.330000e+02 1.427254e+00 2.085698e+02
6.335000e+02 1.411374e+00 2.083767e+02
6.340000e+02 1.393502e+00 2.082097e+02
6.345000e+02 1.597696e+00 2.075663e+02
6.350000e+02 1.355970e+00 2.061183e+02
6.355000e+02 1.335608e+00 2.038845e+02
6.360000e+02 1.320139e+00 2.012891e+02
6.365000e+02 1.306268e+00 1.990401e+02
6.370000e+02 1.293765e+00 1.978044e+02
6.375000e+02 1.282344e+00 1.977990e+02
6.380000e+02 1.273013e+00 1.985648e+02
6.385000e+02 1.276374e+00 1.991626e+02
6.390000e+02 1.351284e+00 1.987587e+02
6.395000e+02 1.249218e+00 1.972200e+02
6.400000e+02 1.257952e+00 1.952399e+02
6.405000e+02 1.227905e+00 1.938263e+02
6.410000e+02 1.216752e+00 1.935090e+02
6.415000e+02 1.230959e+00 1.939140e+02
6.420000e+02 1.216391e+00 1.940932e+02
6.425000e+02 1.251501e+00 1.933620e+02
6.430000e+02 1.193489e+00 1.919202e+02
6.435000e+02 1.186857e+00 1.906801e+02
6.440000e+02 1.179654e+00 1.904218e+02
6.445000e+02 1.192672e+00 1.910348e+02
6.450000e+02 1.209620e+00 1.915744e+02
6.455000e+02 1.182358e+00 1.911346e+02
6.460000e+02 1.176840e+00 1.897471e+02
6.465000e+02 1.162925e+00 1.884172e+02
6.470000e+02 1.152477e+00 1.881724e+02
6.475000e+02 1.162972e+00 1.889675e+02
6.480000e+02 1.195252e+00 1.895469e+02
6.485000e+02 1.135974e+00 1.885681e+02
6.490000e+02 1.128247e+00 1.860768e+02
6.495000e+02 1.124551e+00 1.839193e+02
6.500000e+02 1.123946e+00 1.844543e+02
6.505000e+02 1.130444e+00 1.884392e+02
6.510000e+02 1.140547e+00 1.938941e+02
6.515000e+02 1.634708e+00 1.971698e+02
6.520000e+02 1.142491e+00 1.956769e+02
6.525000e+02 1.140846e+00 1.902155e+02
6.530000e+02 1.152399e+00 1.849241e+02
6.535000e+02 1.177494e+00 1.846164e+02
6.540000e+02 1.194583e+00 1.913636e+02
6.545000e+02 1.241455e+00 2.028811e+02
6.550000e+02 2.067763e+00 2.139734e+02
6.555000e+02 1.448627e+00 2.199661e+02
6.560000e+02 2.237166e+00 2.195747e+02
6.565000e+02 1.681685e+00 2.151805e+02
6.570000e+02 1.325224e+00 2.105512e+02
6.575000e+02 1.454806e+00 2.079628e+02
6.580000e+02 1.570915e+00 2.069418e+02
6.585000e+02 1.370264e+00 2.053596e+02
6.590000e+02 1.310647e+00 2.016792e+02
6.595000e+02 1.242782e+00 1.963787e+02
6.600000e+02 1.193315e+00 1.914692e+02
6.605000e+02 1.158006e+00 1.887155e+02
6.610000e+02 1.137213e+00 1.881884e+02
6.615000e+02 1.251818e+00 1.883452e+02
6.620000e+02 1.103077e+00 1.874450e+02
6.625000e+02 1.089933e+00 1.850028e+02
6.630000e+02 1.081846e+00 1.820765e+02
6.635000e+02 1.075327e+00 1.802612e+02
6.640000e+02 1.071252e+00 1.803471e+02
6.645000e+02 1.080158e+00 1.817673e+02
6.650000e+02 1.071211e+00 1.831786e+02
6.655000e+02 1.111895e+00 1.835542e+02
6.660000e+02 1.085960e+00 1.828391e+02
6.665000e+02 1.101238e+00 1.817329e+02
6.670000e+02 1.070368e+00 1.809539e+02
6.675000e+02 1.066956e+00 1.807013e+02
6.680000e+02 1.060354e+00 1.807177e+02
6.685000e+02 1.057502e+00 1.807391e+02
6.690000e+02 1.059658e+00 1.808114e+02
6.695000e+02 1.075554e+00 1.811731e+02
6.700000e+02 1.131109e+00 1.818894e+02
6.705000e+02 1.066000e+00 1.826637e+02
6.710000e+02 1.067025e+00 1.830462e+02
6.715000e+02 1.118943e+00 1.828390e+02
6.720000e+02 1.092781e+00 1.822914e+02
6.725000e+02 1.086127e+00 1.818831e+02
6.730000e+02 1.075726e+00 1.818983e+02
6.735000e+02 1.071032e+00 1.821924e+02
6.740000e+02 1.109130e+00 1.823687e+02
6.745000e+02 1.070413e+00 1.821872e+02
6.750000e+02 1.070944e+00 1.818139e+02
6.755000e+02 1.073616e+00 1.816754e+02
6.760000e+02 1.103486e+00 1.820599e+02
6.765000e+02 1.081183e+00 1.828392e+02
6.770000e+02 1.090205e+00 1.835694e+02
6.775000e+02 1.094918e+00 1.838704e+02
6.780000e+02 1.110906e+00 1.837350e+02
6.785000e+02 1.097645e+00 1.834948e+02
6.790000e+02 1.098019e+00 1.834961e+02
6.795000e+02 1.097008e+00 1.837965e+02
6.800000e+02 1.098532e+00 1.841593e+02
6.805000e+02 1.101347e+00 1.843291e+02
6.810000e+02 1.104742e+00 1.843112e+02
6.815000e+02 1.108865e+00 1.843836e+02
6.820000e+02 1.113253e+00 1.848311e+02
6.825000e+02 1.117501e+00 1.856573e+02
6.830000e+02 1.124057e+00 1.865484e+02
6.835000e+02 1.144258e+00 1.871310e+02
6.840000e+02 1.139338e+00 1.872903e+02
6.845000e+02 1.140741e+00 1.872619e+02
6.850000e+02 1.142611e+00 1.874163e+02
6.855000e+02 1.147933e+00 1.879355e+02
6.860000e+02 1.153729e+00 1.886717e+02
6.865000e+02 1.159669e+00 1.893101e+02
6.870000e+02 1.166051e+00 1.896780e+02
6.875000e+02 1.173034e+00 1.899117e+02
6.880000e+02 1.180074e+00 1.903271e+02
6.885000e+02 1.187844e+00 1.911160e+02
6.890000e+02 1.196358e+00 1.921549e+02
6.895000e+02 1.205919e+00 1.931195e+02
6.900000e+02 1.217025e+00 1.938207e+02
6.905000e+02 1.230949e+00 1.944603e+02
6.910000e+02 1.250194e+00 1.955476e+02
6.915000e+02 1.290981e+00 1.974956e+02
6.920000e+02 1.306175e+00 2.001983e+02
6.925000e+02 1.356466e+00 2.029415e+02
6.930000e+02 1.300497e+00 2.047642e+02
6.935000e+02 1.631466e+00 2.050444e+02
6.940000e+02 1.300932e+00 2.039027e+02
6.945000e+02 1.312142e+00 2.021407e+02
6.950000e+02 1.320956e+00 2.007620e+02
6.955000e+02 1.316176e+00 2.004103e+02
6.960000e+02 1.345536e+00 2.010909e+02
6.965000e+02 1.335430e+00 2.023158e+02
6.970000e+02 1.346146e+00 2.035113e+02
6.975000e+02 1.364986e+00 2.043801e+02
6.980000e+02 1.368705e+00 2.049976e+02
6.985000e+02 1.382613e+00 2.056491e+02
6.990000e+02 1.453685e+00 2.065859e+02
6.995000e+02 1.411200e+00 2.078796e+02
7.000000e+02 1.427930e+00 2.094280e+02
7.005000e+02 1.458664e+00 2.110391e+02
7.010000e+02 1.528704e+00 2.125050e+02
7.015000e+02 1.592183e+00 2.136457e+02
7.020000e+02 1.495644e+00 2.143593e+02
7.025000e+02 1.515606e+00 2.146928e+02
7.030000e+02 1.563810e+00 2.148753e+02
7.035000e+02 1.550063e+00 2.152358e+02
7.040000e+02 1.563413e+00 2.160135e+02
7.045000e+02 1.581005e+00 2.171900e+02
7.050000e+02 1.600223e+00 2.184983e+02
7.055000e+02 1.621149e+00 2.196375e+02
7.060000e+02 1.643915e+00 2.205325e+02
7.065000e+02 1.666539e+00 2.214060e+02
7.070000e+02 1.691245e+00 2.225732e+02
7.075000e+02 1.717385e+00 2.241239e+02
7.080000e+02 1.751550e+00 2.257929e+02
7.085000e+02 1.774608e+00 2.271781e+02
7.090000e+02 1.803685e+00 2.281432e+02
7.095000e+02 1.844649e+00 2.290299e+02
7.100000e+02 1.872337e+00 2.304218e+02
7.105000e+02 1.908995e+00 2.326049e+02
7.110000e+02 1.953380e+00 2.352062e+02
7.115000e+02 2.114757e+00 2.374195e+02
7.120000e+02 2.057483e+00 2.387476e+02
7.125000e+02 2.127892e+00 2.396735e+02
7.130000e+02 2.223510e+00 2.415978e+02
7.135000e+02 2.367267e+00 2.459017e+02
7.140000e+02 2.618853e+00 2.527323e+02
7.145000e+02 3.162339e+00 2.604617e+02
7.150000e+02 4.750143e+00 2.663724e+02
7.155000e+02 7.916524e+00 2.682291e+02
7.160000e+02 3.934563e+00 2.656781e+02
7.165000e+02 3.070505e+00 2.604813e+02
7.170000e+02 2.783707e+00 2.554094e+02
7.175000e+02 2.680003e+00 2.525843e+02
7.180000e+02 2.671499e+00 2.524187e+02
7.185000e+02 2.700876e+00 2.537977e+02
7.190000e+02 2.693619e+00 2.552020e+02
7.195000e+02 2.748703e+00 2.558350e+02
7.200000e+02 2.812901e+00 2.559526e+02
7.205000e+02 2.841107e+00 2.563209e+02
7.210000e+02 2.901223e+00 2.574065e+02
7.215000e+02 2.970150e+00 2.590042e+02
7.220000e+02 3.045170e+00 2.605250e+02
7.225000e+02 3.127446e+00 2.615723e+02
7.230000e+02 3.243417e+00 2.622506e+02
7.235000e+02 3.394073e+00 2.629707e+02
7.240000e+02 3.401790e+00 2.640048e+02
7.245000e+02 3.497997e+00 2.652366e+02
7.250000e+02 3.603994e+00 2.663190e+02
7.255000e+02 3.719209e+00 2.670441e+02
7.260000e+02 3.839801e+00 2.675465e+02
7.265000e+02 3.978419e+00 2.681527e+02
7.270000e+02 4.112576e+00 2.690459e+02
7.275000e+02 4.257802e+00 2.700841e+02
7.280000e+02 4.429999e+00 2.709439e+02
7.285000e+02 4.578478e+00 2.714387e+02
7.290000e+02 4.748579e+00 2.716944e+02
7.295000e+02 4.936026e+00 2.720178e+02
7.300000e+02 5.201227e+00 2.725945e+02
7.305000e+02 5.362036e+00 2.733135e+02
7.310000e+02 5.623972e+00 2.738850e+02
7.315000e+02 5.855163e+00 2.741277e+02
7.320000e+02 6.097233e+00 2.741437e+02
7.325000e+02 6.376436e+00 2.742143e+02
7.330000e+02 6.682430e+00 2.745264e+02
7.335000e+02 7.016421e+00 2.749980e+02
7.340000e+02 7.385853e+00 2.753689e+02
7.345000e+02 7.821468e+00 2.754611e+02
7.350000e+02 8.310848e+00 2.753521e+02
7.355000e+02 8.666800e+00 2.752948e+02
7.360000e+02 9.176109e+00 2.754691e+02
7.365000e+02 9.760096e+00 2.758112e+02
7.370000e+02 1.035349e+01 2.760836e+02
7.375000e+02 1.103437e+01 2.761134e+02
7.380000e+02 1.178906e+01 2.759619e+02
7.385000e+02 1.262779e+01 2.758607e+02
7.390000e+02 1.356412e+01 2.759830e+02
7.395000e+02 1.461532e+01 2.762753e+02
7.400000e+02 1.581387e+01 2.765143e+02
7.405000e+02 1.721441e+01 2.765291e+02
7.410000e+02 1.864791e+01 2.763681e+02
7.415000e+02 2.037844e+01 2.762487e+02
7.420000e+02 2.237527e+01 2.763415e+02
7.425000e+02 2.469433e+01 2.766035e+02
7.430000e+02 2.741103e+01 2.768230e+02
7.435000e+02 3.061610e+01 2.768300e+02
7.440000e+02 3.444471e+01 2.766629e+02
7.445000e+02 3.904689e+01 2.765283e+02
7.450000e+02 4.455187e+01 2.765960e+02
7.455000e+02 5.094004e+01 2.768321e+02
7.460000e+02 5.834416e+01 2.770345e+02
7.465000e+02 6.766166e+01 2.770333e+02
7.470000e+02 7.939063e+01 2.768586e+02
7.475000e+02 9.467203e+01 2.767089e+02
7.480000e+02 1.149343e+02 2.767546e+02
7.485000e+02 1.421603e+02 2.769701e+02
7.490000e+02 1.792513e+02 2.771600e+02
7.495000e+02 2.311146e+02 2.771533e+02
7.500000e+02 3.048455e+02 2.769715e+02
7.505000e+02 4.099274e+02 2.768068e+02
7.510000e+02 5.548941e+02 2.768311e+02
7.515000e+02 7.314427e+02 2.770265e+02
7.520000e+02 8.910964e+02 2.772036e+02
7.525000e+02 8.178204e+02 2.771895e+02
7.530000e+02 6.565241e+02 2.769984e+02
7.535000e+02 4.948945e+02 2.768172e+02
7.540000e+02 3.683470e+02 2.768202e+02
7.545000e+02 2.772195e+02 2.769968e+02
7.550000e+02 2.125571e+02 2.771621e+02
7.555000e+02 1.665976e+02 2.771405e+02
7.560000e+02 1.333036e+02 2.769392e+02
7.565000e+02 1.086895e+02 2.767412e+02
7.570000e+02 9.014372e+01 2.767238e+02
7.575000e+02 7.584497e+01 2.768833e+02
7.580000e+02 6.460960e+01 2.770384e+02
7.585000e+02 5.569013e+01 2.770097e+02
7.590000e+02 4.848979e+01 2.767979e+02
7.595000e+02 4.260046e+01 2.765831e+02
7.600000e+02 3.772873e+01 2.765465e+02
7.605000e+02 3.365992e+01 2.766908e+02
7.610000e+02 3.021008e+01 2.768369e+02
7.615000e+02 2.728018e+01 2.768014e+02
7.620000e+02 2.476679e+01 2.765784e+02
7.625000e+02 2.259411e+01 2.763460e+02
7.630000e+02 2.070531e+01 2.762902e+02
7.635000e+02 1.905390e+01 2.764197e+02
7.640000e+02 1.760249e+01 2.765568e+02
7.645000e+02 1.632134e+01 2.765128e+02
7.650000e+02 1.519725e+01 2.762757e+02
7.655000e+02 1.417867e+01 2.760231e+02
7.660000e+02 1.328855e+01 2.759467e+02
7.665000e+02 1.249727e+01 2.760610e+02
7.670000e+02 1.174043e+01 2.761875e+02
7.675000e+02 1.109076e+01 2.761306e+02
7.680000e+02 1.050608e+01 2.758728e+02
7.685000e+02 9.988372e+00 2.755937e+02
7.690000e+02 9.533783e+00 2.754927e+02
7.695000e+02 9.143481e+00 2.755900e+02
7.700000e+02 8.825774e+00 2.757045e+02
7.705000e+02 8.589399e+00 2.756360e+02
7.710000e+02 8.473341e+00 2.753721e+02
7.715000e+02 8.543213e+00 2.751157e+02
7.720000e+02 8.961523e+00 2.750977e+02
7.725000e+02 1.014715e+01 2.753530e+02
7.730000e+02 1.340664e+01 2.756741e+02
7.735000e+02 2.433045e+01 2.757900e+02
7.740000e+02 3.529031e+01 2.755970e+02
7.745000e+02 1.518699e+01 2.752246e+02
7.750000e+02 9.875034e+00 2.748793e+02
7.755000e+02 7.712963e+00 2.746288e+02
7.760000e+02 6.635103e+00 2.743414e+02
7.765000e+02 5.977691e+00 2.738379e+02
7.770000e+02 5.489303e+00 2.730965e+02
7.775000e+02 5.140629e+00 2.722979e+02
7.780000e+02 4.876840e+00 2.716585e+02
7.785000e+02 4.648916e+00 2.712139e+02
7.790000e+02 4.450216e+00 2.707757e+02
7.795000e+02 4.301519e+00 2.701137e+02
7.800000e+02 4.138133e+00 2.691912e+02
7.805000e+02 3.984454e+00 2.682186e+02
7.810000e+02 3.855902e+00 2.674616e+02
7.815000e+02 3.740837e+00 2.669820e+02
7.820000e+02 3.646073e+00 2.665625e+02
7.825000e+02 3.771866e+00 2.658960e+02
7.830000e+02 3.444962e+00 2.648663e+02
7.835000e+02 3.356481e+00 2.636544e+02
7.840000e+02 3.267268e+00 2.625673e+02
7.845000e+02 3.236593e+00 2.617518e+02
7.850000e+02 3.130139e+00 2.610640e+02
7.855000e+02 3.045340e+00 2.602185e+02
7.860000e+02 2.964998e+00 2.590697e+02
7.865000e+02 2.895259e+00 2.577555e+02
7.870000e+02 2.832231e+00 2.565649e+02
7.875000e+02 2.772565e+00 2.556617e+02
7.880000e+02 2.715992e+00 2.549311e+02
7.885000e+02 2.662282e+00 2.540970e+02
7.890000e+02 2.611299e+00 2.529930e+02
7.895000e+02 2.561861e+00 2.517242e+02
7.900000e+02 2.515735e+00 2.505631e+02
7.905000e+02 2.474787e+00 2.496859e+02
7.910000e+02 2.439251e+00 2.490043e+02
7.915000e+02 2.401938e+00 2.482550e+02
7.920000e+02 2.352580e+00 2.472530e+02
7.925000e+02 2.314809e+00 2.460592e+02
7.930000e+02 2.319239e+00 2.449000e+02
7.935000e+02 2.255189e+00 2.439269e+02
7.940000e+02 2.202481e+00 2.430609e+02
7.945000e+02 2.168438e+00 2.420797e+02
7.950000e+02 2.134611e+00 2.408629e+02
7.955000e+02 2.103789e+00 2.395435e+02
7.960000e+02 2.075971e+00 2.384042e+02
7.965000e+02 2.047283e+00 2.376089e+02
7.970000e+02 2.021210e+00 2.370291e+02
7.975000e+02 1.995991e+00 2.363445e+02
7.980000e+02 1.969651e+00 2.353327e+02
7.985000e+02 1.949539e+00 2.340748e+02
7.990000e+02 1.925354e+00 2.328776e+02
7.995000e+02 1.897625e+00 2.319814e+02
8.000000e+02 1.870455e+00 2.313328e+02
8.005000e+02 1.848300e+00 2.306436e+02
8.010000e+02 1.827515e+00 2.296848e+02
8.015000e+02 1.807929e+00 2.285319e+02
8.020000e+02 1.791913e+00 2.275126e+02
8.025000e+02 1.786342e+00 2.268887e+02
8.030000e+02 1.762725e+00 2.265651e+02
8.035000e+02 1.745244e+00 2.261192e+02
8.040000e+02 1.720176e+00 2.251579e+02
8.045000e+02 1.702386e+00 2.237040e+02
8.050000e+02 1.684688e+00 2.222570e+02
8.055000e+02 1.668741e+00 2.214365e+02
8.060000e+02 1.656329e+00 2.214753e+02
8.065000e+02 1.652777e+00 2.219781e+02
8.070000e+02 1.640151e+00 2.221645e+02
8.075000e+02 1.736241e+00 2.214302e+02
8.080000e+02 1.620248e+00 2.198025e+02
8.085000e+02 1.586045e+00 2.179367e+02
8.090000e+02 1.569917e+00 2.166485e+02
8.095000e+02 1.561219e+00 2.163283e+02
8.100000e+02 1.548852e+00 2.166736e+02
8.105000e+02 1.557250e+00 2.169415e+02
8.110000e+02 1.568485e+00 2.165369e+02
8.115000e+02 1.652949e+00 2.154982e+02
8.120000e+02 1.504846e+00 2.145011e+02
8.125000e+02 1.493775e+00 2.143435e+02
8.130000e+02 1.525931e+00 2.152666e+02
8.135000e+02 1.485490e+00 2.166239e+02
8.140000e+02 1.985852e+00 2.172015e+02
8.145000e+02 1.456472e+00 2.160273e+02
8.150000e+02 1.442099e+00 2.131136e+02
8.155000e+02 1.431716e+00 2.095668e+02
8.160000e+02 1.423380e+00 2.069166e+02
8.165000e+02 1.414746e+00 2.061048e+02
8.170000e+02 1.407087e+00 2.068663e+02
8.175000e+02 1.400233e+00 2.079795e+02
8.180000e+02 1.394444e+00 2.082074e+02
8.185000e+02 1.404570e+00 2.072043e+02
8.190000e+02 1.383054e+00 2.056773e+02
8.195000e+02 1.388952e+00 2.046954e+02
8.200000e+02 1.381723e+00 2.047433e+02
8.205000e+02 1.366043e+00 2.053304e+02
8.210000e+02 1.358081e+00 2.054806e+02
8.215000e+02 1.353023e+00 2.046529e+02
8.220000e+02 1.349661e+00 2.032551e+02
8.225000e+02 1.346107e+00 2.022800e+02
8.230000e+02 1.343250e+00 2.023953e+02
8.235000e+02 1.342363e+00 2.033419e+02
8.240000e+02 1.343501e+00 2.042216e+02
8.245000e+02 1.346332e+00 2.044258e+02
8.250000e+02 1.356279e+00 2.043080e+02
8.255000e+02 1.414318e+00 2.048933e+02
8.260000e+02 1.432356e+00 2.068097e+02
8.265000e+02 1.504729e+00 2.094234e+02
8.270000e+02 1.407219e+00 2.110910e+02
8.275000e+02 1.414427e+00 2.104724e+02
8.280000e+02 1.509737e+00 2.078313e+02
8.285000e+02 1.400150e+00 2.051236e+02
8.290000e+02 1.393838e+00 2.046491e+02
8.295000e+02 1.406100e+00 2.073147e+02
8.300000e+02 1.430509e+00 2.119939e+02
8.305000e+02 1.527003e+00 2.166063e+02
8.310000e+02 2.010352e+00 2.200679e+02
8.315000e+02 1.751259e+00 2.234380e+02
8.320000e+02 1.835084e+00 2.291722e+02
8.325000e+02 2.143414e+00 2.389456e+02
8.330000e+02 2.863690e+00 2.517409e+02
8.335000e+02 4.660619e+00 2.637724e+02
8.340000e+02 1.207114e+01 2.704291e+02
8.345000e+02 7.353230e+00 2.688943e+02
8.350000e+02 3.643879e+00 2.596563e+02
8.355000e+02 2.457615e+00 2.460235e+02
8.360000e+02 1.941386e+00 2.321984e+02
8.365000e+02 1.710420e+00 2.212994e+02
8.370000e+02 1.628403e+00 2.144368e+02
8.375000e+02 1.484511e+00 2.109960e+02
8.380000e+02 1.469956e+00 2.095292e+02
8.385000e+02 1.484934e+00 2.085982e+02
8.390000e+02 1.361911e+00 2.073183e+02
8.395000e+02 1.468663e+00 2.056542e+02
8.400000e+02 1.385663e+00 2.044500e+02
8.405000e+02 1.371069e+00 2.050051e+02
8.410000e+02 1.615444e+00 2.081570e+02
8.415000e+02 1.542092e+00 2.133207e+02
8.420000e+02 1.527654e+00 2.182715e+02
8.425000e+02 1.694608e+00 2.201350e+02
8.430000e+02 2.460531e+00 2.171399e+02
8.435000e+02 1.344399e+00 2.099268e+02
8.440000e+02 1.256269e+00 2.013446e+02
8.445000e+02 1.228936e+00 1.947378e+02
8.450000e+02 1.218506e+00 1.919202e+02
8.455000e+02 1.217131e+00 1.923119e+02
8.460000e+02 1.209470e+00 1.938095e+02
8.465000e+02 1.210698e+00 1.945884e+02
8.470000e+02 1.209051e+00 1.943527e+02
8.475000e+02 1.214281e+00 1.941181e+02
8.480000e+02 1.223635e+00 1.949069e+02
8.485000e+02 1.235838e+00 1.966120e+02
8.490000e+02 1.363976e+00 1.980269e+02
8.495000e+02 1.234863e+00 1.979261e+02
8.500000e+02 1.225035e+00 1.961559e+02
8.505000e+02 1.205719e+00 1.937635e+02
8.510000e+02 1.198344e+00 1.921128e+02
8.515000e+02 1.196004e+00 1.918326e+02
8.520000e+02 1.192637e+00 1.925023e+02
8.525000e+02 1.197357e+00 1.932298e+02
8.530000e+02 1.202596e+00 1.934667e+02
8.535000e+02 1.205764e+00 1.932994e+02
8.540000e+02 1.198324e+00 1.930762e+02
8.545000e+02 1.195341e+00 1.929094e+02
8.550000e+02 1.194614e+00 1.926508e+02
8.555000e+02 1.205525e+00 1.923481e+02
8.560000e+02 1.200202e+00 1.925949e+02
8.565000e+02 1.210929e+00 1.942325e+02
8.570000e+02 1.225470e+00 1.975351e+02
8.575000e+02 1.253570e+00 2.016397e+02
8.580000e+02 1.742841e+00 2.048926e+02
8.585000e+02 1.285991e+00 2.059875e+02
8.590000e+02 1.307831e+00 2.049834e+02
8.595000e+02 1.342853e+00 2.032909e+02
8.600000e+02 1.366422e+00 2.025591e+02
8.605000e+02 1.360340e+00 2.033583e+02
8.610000e+02 1.326128e+00 2.047559e+02
8.615000e+02 1.501596e+00 2.051329e+02
8.620000e+02 1.264056e+00 2.035322e+02
8.625000e+02 1.253347e+00 2.004038e+02
8.630000e+02 1.388732e+00 1.971775e+02
8.635000e+02 1.221392e+00 1.951077e+02
8.640000e+02 1.208075e+00 1.944083e+02
8.645000e+02 1.200828e+00 1.943452e+02
8.650000e+02 1.196843e+00 1.940678e+02
8.655000e+02 1.204552e+00 1.933553e+02
8.660000e+02 1.221800e+00 1.926451e+02
8.665000e+02 1.195724e+00 1.924439e+02
8.670000e+02 1.190294e+00 1.927722e+02
8.675000e+02 1.189506e+00 1.931757e+02
8.680000e+02 1.189759e+00 1.932247e+02
8.685000e+02 1.197784e+00 1.929461e+02
8.690000e+02 1.212836e+00 1.927485e+02
8.695000e+02 1.207950e+00 1.929447e+02
8.700000e+02 1.194047e+00 1.933903e+02
8.705000e+02 1.196442e+00 1.936215e+02
8.710000e+02 1.195412e+00 1.933513e+02
8.715000e+02 1.196921e+00 1.928055e+02
8.720000e+02 1.198591e+00 1.925380e+02
8.725000e+02 1.200565e+00 1.928945e+02
8.730000e+02 1.202427e+00 1.936609e+02
8.735000e+02 1.204512e+00 1.942594e+02
8.740000e+02 1.209243e+00 1.943113e+02
8.745000e+02 1.209354e+00 1.940080e+02
8.750000e+02 1.212136e+00 1.939139e+02
8.755000e+02 1.233868e+00 1.943865e+02
8.760000e+02 1.218008e+00 1.951952e+02
8.765000e+02 1.220989e+00 1.957378e+02
8.770000e+02 1.224803e+00 1.956614e+02
8.775000e+02 1.229659e+00 1.952642e+02
8.780000e+02 1.236870e+00 1.952426e+02
8.785000e+02 1.248187e+00 1.959837e+02
8.790000e+02 1.242101e+00 1.970931e+02
8.795000e+02 1.243275e+00 1.976817e+02
8.800000e+02 1.245627e+00 1.972278e+02
8.805000e+02 1.249490e+00 1.962316e+02
8.810000e+02 1.255783e+00 1.959830e+02
8.815000e+02 1.268959e+00 1.975229e+02
8.820000e+02 1.265906e+00 2.006424e+02
8.825000e+02 1.281527e+00 2.038207e+02
8.830000e+02 1.617776e+00 2.052556e+02
8.835000e+02 1.299367e+00 2.042141e+02
8.840000e+02 1.286924e+00 2.016218e+02
8.845000e+02 1.289426e+00 1.994078e+02
8.850000e+02 1.295056e+00 1.991183e+02
8.855000e+02 1.306691e+00 2.008820e+02
8.860000e+02 1.313817e+00 2.034870e+02
8.865000e+02 1.456748e+00 2.054128e+02
8.870000e+02 1.342357e+00 2.059377e+02
8.875000e+02 1.356305e+00 2.054740e+02
8.880000e+02 1.422511e+00 2.049963e+02
8.885000e+02 1.375992e+00 2.051623e+02
8.890000e+02 1.366725e+00 2.058890e+02
8.895000e+02 1.377544e+00 2.066609e+02
8.900000e+02 1.393372e+00 2.071889e+02
8.905000e+02 1.413588e+00 2.077817e+02
8.910000e+02 1.438685e+00 2.091113e+02
8.915000e+02 1.472182e+00 2.116116e+02
8.920000e+02 1.517827e+00 2.150540e+02
8.925000e+02 1.579909e+00 2.186503e+02
8.930000e+02 1.656744e+00 2.215650e+02
8.935000e+02 1.729710e+00 2.233952e+02
8.940000e+02 1.727583e+00 2.242541e+02
8.945000e+02 1.702781e+00 2.244714e+02
8.950000e+02 1.725971e+00 2.242370e+02
8.955000e+02 1.646350e+00 2.235152e+02
8.960000e+02 1.820045e+00 2.222704e+02
8.965000e+02 1.606708e+00 2.207478e+02
8.970000e+02 1.593623e+00 2.195070e+02
8.975000e+02 1.601097e+00 2.191337e+02
8.980000e+02 1.620102e+00 2.198487e+02
8.985000e+02 1.648143e+00 2.213360e+02
8.990000e+02 1.677754e+00 2.229474e+02
8.995000e+02 1.699473e+00 2.241419e+02
9.000000e+02 1.711069e+00 2.248313e+02
9.005000e+02 1.724657e+00 2.253814e+02
9.010000e+02 1.753382e+00 2.262841e+02
9.015000e+02 1.780781e+00 2.277692e+02
9.020000e+02 1.819747e+00 2.296651e+02
9.025000e+02 1.870381e+00 2.316065e+02
9.030000e+02 1.914977e+00 2.334102e+02
9.035000e+02 1.973832e+00 2.352930e+02
9.040000e+02 2.028608e+00 2.377271e+02
9.045000e+02 2.143416e+00 2.410247e+02
9.050000e+02 2.247964e+00 2.449727e+02
9.055000e+02 2.415705e+00 2.488322e+02
9.060000e+02 2.577642e+00 2.517443e+02
9.065000e+02 2.644360e+00 2.532737e+02
9.070000e+02 2.611375e+00 2.536970e+02
9.075000e+02 2.616879e+00 2.538281e+02
9.080000e+02 2.715974e+00 2.545114e+02
9.085000e+02 2.833768e+00 2.561504e+02
9.090000e+02 2.922739e+00 2.585864e+02
9.095000e+02 3.097458e+00 2.613540e+02
9.100000e+02 3.355775e+00 2.640613e+02
9.105000e+02 3.662143e+00 2.665859e+02
9.110000e+02 4.069975e+00 2.689805e+02
9.115000e+02 4.605634e+00 2.712422e+02
9.120000e+02 5.345756e+00 2.731962e+02
9.125000e+02 6.276378e+00 2.746024e+02
9.130000e+02 7.610927e+00 2.753731e+02
9.135000e+02 9.512386e+00 2.756796e+02
9.140000e+02 1.228431e+01 2.758412e+02
9.145000e+02 1.636938e+01 2.760911e+02
9.150000e+02 2.224557e+01 2.764307e+02
9.155000e+02 2.974559e+01 2.766904e+02
9.160000e+02 3.606927e+01 2.767257e+02
9.165000e+02 3.407405e+01 2.765600e+02
9.170000e+02 2.664993e+01 2.763510e+02
9.175000e+02 1.970111e+01 2.762303e+02
9.180000e+02 1.463492e+01 2.761772e+02
9.185000e+02 1.119474e+01 2.760392e+02
9.190000e+02 8.877183e+00 2.756629e+02
9.195000e+02 7.250260e+00 2.749944e+02
9.200000e+02 6.069951e+00 2.740600e+02
9.205000e+02 5.206848e+00 2.728656e+02
9.210000e+02 4.569865e+00 2.713414e+02
9.215000e+02 4.093132e+00 2.694024e+02
9.220000e+02 3.724329e+00 2.670680e+02
9.225000e+02 3.422792e+00 2.645107e+02
9.230000e+02 3.188144e+00 2.619725e+02
9.235000e+02 2.999742e+00 2.596161e+02
9.240000e+02 2.843094e+00 2.574505e+02
9.245000e+02 2.718359e+00 2.553960e+02
9.250000e+02 2.646751e+00 2.534188e+02
9.255000e+02 2.551203e+00 2.515946e+02
9.260000e+02 2.460169e+00 2.500376e+02
9.265000e+02 2.435401e+00 2.487692e+02
9.270000e+02 2.338424e+00 2.476667e+02
9.275000e+02 2.399860e+00 2.465538e+02
9.280000e+02 2.260320e+00 2.453499e+02
9.285000e+02 2.240452e+00 2.441339e+02
9.290000e+02 2.196597e+00 2.430613e+02
9.295000e+02 2.173059e+00 2.422214e+02
9.300000e+02 2.152593e+00 2.415816e+02
9.305000e+02 2.137461e+00 2.410713e+02
9.310000e+02 2.126021e+00 2.407070e+02
9.315000e+02 2.119787e+00 2.406056e+02
9.320000e+02 2.115251e+00 2.408456e+02
9.325000e+02 2.123383e+00 2.413060e+02
9.330000e+02 2.259656e+00 2.416645e+02
9.335000e+02 2.152223e+00 2.416065e+02
9.340000e+02 2.111702e+00 2.410843e+02
9.345000e+02 2.107825e+00 2.403943e+02
9.350000e+02 2.109896e+00 2.399758e+02
9.355000e+02 2.115168e+00 2.400838e+02
9.360000e+02 2.125549e+00 2.406066e+02
9.365000e+02 2.128240e+00 2.411833e+02
9.370000e+02 2.141752e+00 2.415140e+02
9.375000e+02 2.149120e+00 2.415916e+02
9.380000e+02 2.158976e+00 2.416625e+02
9.385000e+02 2.171266e+00 2.419718e+02
9.390000e+02 2.183257e+00 2.425379e+02
9.395000e+02 2.196296e+00 2.431578e+02
9.400000e+02 2.212136e+00 2.436179e+02
9.405000e+02 2.226638e+00 2.438994e+02
9.410000e+02 2.243479e+00 2.441828e+02
9.415000e+02 2.261520e+00 2.446609e+02
9.420000e+02 2.280736e+00 2.453526e+02
9.425000e+02 2.302342e+00 2.460976e+02
9.430000e+02 2.325298e+00 2.467270e+02
9.435000e+02 2.352907e+00 2.472316e+02
9.440000e+02 2.374515e+00 2.477558e+02
9.445000e+02 2.405055e+00 2.484300e+02
9.450000e+02 2.444428e+00 2.492170e+02
9.455000e+02 2.452521e+00 2.499359e+02
9.460000e+02 2.476204e+00 2.504489e+02
9.465000e+02 2.502961e+00 2.508212e+02
9.470000e+02 2.532307e+00 2.512883e+02
9.475000e+02 2.565357e+00 2.520454e+02
9.480000e+02 2.600374e+00 2.530579e+02
9.485000e+02 2.654974e+00 2.540783e+02
9.490000e+02 2.751505e+00 2.548641e+02
9.495000e+02 2.714308e+00 2.553933e+02
9.500000e+02 2.752347e+00 2.558760e+02
9.505000e+02 2.825828e+00 2.565480e+02
9.510000e+02 2.859430e+00 2.574445e+02
9.515000e+02 2.948505e+00 2.583688e+02
9.520000e+02 2.929828e+00 2.590878e+02
9.525000e+02 2.981393e+00 2.595663e+02
9.530000e+02 3.037939e+00 2.600128e+02
9.535000e+02 3.106785e+00 2.606883e+02
9.540000e+02 3.161242e+00 2.616557e+02
9.545000e+02 3.241340e+00 2.627090e+02
9.550000e+02 3.294184e+00 2.635555e+02
9.555000e+02 3.362827e+00 2.640870e+02
9.560000e+02 3.477906e+00 2.644906e+02
9.565000e+02 3.515871e+00 2.650923e+02
9.570000e+02 3.608347e+00 2.660712e+02
9.575000e+02 3.698606e+00 2.672968e+02
9.580000e+02 3.815298e+00 2.684296e+02
9.585000e+02 4.948572e+00 2.691909e+02
9.590000e+02 4.039053e+00 2.695691e+02
9.595000e+02 4.149650e+00 2.697963e+02
9.600000e+02 4.285436e+00 2.701394e+02
9.605000e+02 4.433679e+00 2.706993e+02
9.610000e+02 4.600229e+00 2.713797e+02
9.615000e+02 4.786291e+00 2.720194e+02
9.620000e+02 4.995446e+00 2.725437e+02
9.625000e+02 5.237228e+00 2.729987e+02
9.630000e+02 5.499198e+00 2.734644e+02
9.635000e+02 5.809341e+00 2.739544e+02
9.640000e+02 6.172478e+00 2.744057e+02
9.645000e+02 6.604501e+00 2.747546e+02
9.650000e+02 7.127534e+00 2.750099e+02
9.655000e+02 7.773651e+00 2.752427e+02
9.660000e+02 8.591839e+00 2.755100e+02
9.665000e+02 9.657988e+00 2.757954e+02
9.670000e+02 1.109193e+01 2.760312e+02
9.675000e+02 1.308970e+01 2.761758e+02
9.680000e+02 1.597660e+01 2.762627e+02
9.685000e+02 2.028533e+01 2.763677e+02
9.690000e+02 2.694148e+01 2.765280e+02
9.695000e+02 3.590462e+01 2.766976e+02
9.700000e+02 4.551779e+01 2.767876e+02
9.705000e+02 4.659479e+01 2.767518e+02
9.710000e+02 3.784621e+01 2.766327e+02
9.715000e+02 2.908746e+01 2.765218e+02
9.720000e+02 2.299265e+01 2.764744e+02
9.725000e+02 1.917092e+01 2.764646e+02
9.730000e+02 1.740409e+01 2.764238e+02
9.735000e+02 1.549547e+01 2.763211e+02
9.740000e+02 1.476253e+01 2.762026e+02
9.745000e+02 1.446842e+01 2.761488e+02
9.750000e+02 1.449461e+01 2.761941e+02
9.755000e+02 1.477464e+01 2.762904e+02
9.760000e+02 1.527398e+01 2.763529e+02
9.765000e+02 1.600049e+01 2.763422e+02
9.770000e+02 1.687813e+01 2.763015e+02
9.775000e+02 1.798759e+01 2.763098e+02
9.780000e+02 1.933323e+01 2.764011e+02
9.785000e+02 2.094890e+01 2.765282e+02
9.790000e+02 2.286404e+01 2.766096e+02
9.795000e+02 2.515634e+01 2.766098e+02
9.800000e+02 2.801864e+01 2.765747e+02
9.805000e+02 3.120381e+01 2.765841e+02
9.810000e+02 3.522499e+01 2.766717e+02
9.815000e+02 4.016974e+01 2.767908e+02
9.820000e+02 4.632070e+01 2.768617e+02
9.825000e+02 5.409421e+01 2.768507e+02
9.830000e+02 6.416177e+01 2.768040e+02
9.835000e+02 7.690146e+01 2.768007e+02
9.840000e+02 9.397731e+01 2.768732e+02
9.845000e+02 1.169972e+02 2.769753e+02
9.850000e+02 1.488710e+02 2.770284e+02
9.855000e+02 1.940579e+02 2.770003e+02
9.860000e+02 2.590168e+02 2.769370e+02
9.865000e+02 3.515304e+02 2.769161e+02
9.870000e+02 4.756345e+02 2.769694e+02
9.875000e+02 6.112964e+02 2.770509e+02
9.880000e+02 6.805142e+02 2.770837e+02
9.885000e+02 5.736450e+02 2.770364e+02
9.890000e+02 4.369023e+02 2.769546e+02
9.895000e+02 3.220839e+02 2.769146e+02
9.900000e+02 2.386657e+02 2.769475e+02
9.905000e+02 1.804088e+02 2.770080e+02
9.910000e+02 1.396992e+02 2.770208e+02
9.915000e+02 1.107787e+02 2.769554e+02
9.920000e+02 8.972962e+01 2.768565e+02
9.925000e+02 7.415661e+01 2.767992e+02
9.930000e+02 6.236930e+01 2.768142e+02
9.935000e+02 5.337892e+01 2.768575e+02
9.940000e+02 4.649404e+01 2.768554e+02
9.945000e+02 4.106062e+01 2.767774e+02
9.950000e+02 3.627016e+01 2.766666e+02
9.955000e+02 3.214793e+01 2.765959e+02
9.960000e+02 2.855495e+01 2.765951e+02
9.965000e+02 2.554875e+01 2.766218e+02
9.970000e+02 2.304353e+01 2.766040e+02
9.975000e+02 2.094613e+01 2.765119e+02
9.980000e+02 1.916131e+01 2.763867e+02
9.985000e+02 1.764264e+01 2.762998e+02
9.990000e+02 1.633973e+01 2.762828e+02
9.995000e+02 1.517663e+01 2.763001e+02
1.000000e+03 1.417009e+01 2.762890e+02
