0.000000e+00 5.967810e-02 1.478878e+01
5.000000e-01 5.792262e-02 1.446232e+01
1.000000e+00 5.758004e-02 1.440950e+01
1.500000e+00 5.862058e-02 1.463334e+01
2.000000e+00 6.314374e-02 1.551835e+01
2.500000e+00 7.107291e-02 1.706633e+01
3.000000e+00 6.103069e-02 1.507505e+01
3.500000e+00 1.153046e-01 2.580662e+01
4.000000e+00 6.092788e-02 1.503949e+01
4.500000e+00 5.734302e-02 1.432686e+01
5.000000e+00 5.628981e-02 1.412033e+01
5.500000e+00 5.612358e-02 1.409060e+01
6.000000e+00 5.626717e-02 1.412452e+01
6.500000e+00 5.824896e-02 1.454755e+01
7.000000e+00 5.723541e-02 1.433239e+01
7.500000e+00 5.965498e-02 1.481955e+01
8.000000e+00 7.120903e-02 1.710270e+01
8.500000e+00 6.359598e-02 1.561572e+01
9.000000e+00 6.051282e-02 1.502375e+01
9.500000e+00 6.686483e-02 1.627976e+01
1.000000e+01 1.359743e-01 2.982111e+01
1.050000e+01 6.379215e-02 1.572202e+01
1.100000e+01 6.422477e-02 1.581978e+01
1.150000e+01 6.316794e-02 1.562492e+01
1.200000e+01 6.092065e-02 1.518885e+01
1.250000e+01 6.046340e-02 1.510109e+01
1.300000e+01 6.011007e-02 1.503678e+01
1.350000e+01 6.029699e-02 1.508820e+01
1.400000e+01 6.074190e-02 1.519721e+01
1.450000e+01 6.137354e-02 1.534800e+01
1.500000e+01 6.190192e-02 1.547218e+01
1.550000e+01 6.176993e-02 1.544594e+01
1.600000e+01 6.157760e-02 1.539811e+01
1.650000e+01 6.158898e-02 1.539489e+01
1.700000e+01 6.166659e-02 1.540790e+01
1.750000e+01 6.212386e-02 1.550229e+01
1.800000e+01 6.427027e-02 1.593112e+01
1.850000e+01 7.167885e-02 1.738405e+01
1.900000e+01 6.822152e-02 1.671254e+01
1.950000e+01 6.351342e-02 1.580290e+01
2.000000e+01 6.297762e-02 1.570518e+01
2.050000e+01 6.297060e-02 1.571250e+01
2.100000e+01 6.320374e-02 1.576847e+01
2.150000e+01 6.346213e-02 1.583082e+01
2.200000e+01 6.400260e-02 1.595016e+01
2.250000e+01 6.539748e-02 1.623891e+01
2.300000e+01 6.940032e-02 1.704165e+01
2.350000e+01 7.609795e-02 1.835984e+01
2.400000e+01 7.182468e-02 1.754502e+01
2.450000e+01 6.742111e-02 1.670662e+01
2.500000e+01 7.302159e-02 1.784934e+01
2.550000e+01 6.770897e-02 1.681739e+01
2.600000e+01 6.824676e-02 1.694715e+01
2.650000e+01 6.888593e-02 1.707977e+01
2.700000e+01 7.325509e-02 1.792298e+01
2.750000e+01 7.422704e-02 1.810589e+01
2.800000e+01 6.853354e-02 1.699678e+01
2.850000e+01 6.809195e-02 1.691335e+01
2.900000e+01 6.791023e-02 1.688198e+01
2.950000e+01 6.801189e-02 1.690911e+01
3.000000e+01 6.822476e-02 1.695967e+01
3.050000e+01 6.861747e-02 1.704774e+01
3.100000e+01 6.931985e-02 1.719786e+01
3.150000e+01 6.937100e-02 1.721928e+01
3.200000e+01 7.028452e-02 1.741371e+01
3.250000e+01 7.174550e-02 1.771132e+01
3.300000e+01 1.173806e-01 2.664780e+01
3.350000e+01 7.363789e-02 1.810748e+01
3.400000e+01 7.333941e-02 1.806578e+01
3.450000e+01 1.182836e-01 2.703446e+01
3.500000e+01 7.395452e-02 1.822616e+01
3.550000e+01 7.429459e-02 1.832127e+01
3.600000e+01 7.713783e-02 1.889538e+01
3.650000e+01 8.006205e-02 1.946776e+01
3.700000e+01 8.441107e-02 2.035424e+01
3.750000e+01 7.498291e-02 1.849885e+01
3.800000e+01 7.438853e-02 1.838419e+01
3.850000e+01 7.541727e-02 1.860077e+01
3.900000e+01 7.493389e-02 1.850355e+01
3.950000e+01 9.823266e-02 2.323518e+01
4.000000e+01 7.702735e-02 1.893803e+01
4.050000e+01 7.530799e-02 1.861390e+01
4.100000e+01 7.861120e-02 1.931992e+01
4.150000e+01 7.657198e-02 1.889464e+01
4.200000e+01 7.667342e-02 1.892733e+01
4.250000e+01 7.729925e-02 1.906178e+01
4.300000e+01 7.932411e-02 1.947401e+01
4.350000e+01 7.769559e-02 1.917305e+01
4.400000e+01 7.802898e-02 1.925262e+01
4.450000e+01 7.864924e-02 1.938779e+01
4.500000e+01 7.950847e-02 1.957024e+01
4.550000e+01 8.193216e-02 2.005346e+01
4.600000e+01 1.148975e-01 2.637397e+01
4.650000e+01 9.034387e-02 2.169515e+01
4.700000e+01 8.235608e-02 2.018665e+01
4.750000e+01 8.167602e-02 2.007137e+01
4.800000e+01 8.231355e-02 2.021057e+01
4.850000e+01 8.551392e-02 2.083825e+01
4.900000e+01 1.658394e-01 3.618544e+01
4.950000e+01 8.532165e-02 2.083894e+01
5.000000e+01 8.383247e-02 2.057616e+01
5.050000e+01 8.376920e-02 2.058190e+01
5.100000e+01 9.063901e-02 2.197488e+01
5.150000e+01 8.465787e-02 2.079205e+01
5.200000e+01 8.506854e-02 2.089081e+01
5.250000e+01 8.645778e-02 2.117967e+01
5.300000e+01 9.515676e-02 2.286056e+01
5.350000e+01 9.854102e-02 2.356696e+01
5.400000e+01 8.784590e-02 2.150918e+01
5.450000e+01 8.760011e-02 2.148660e+01
5.500000e+01 8.797967e-02 2.158365e+01
5.550000e+01 8.864814e-02 2.173872e+01
5.600000e+01 8.931506e-02 2.189378e+01
5.650000e+01 9.013809e-02 2.208309e+01
5.700000e+01 9.146865e-02 2.237627e+01
5.750000e+01 9.320008e-02 2.275776e+01
5.800000e+01 9.706399e-02 2.355985e+01
5.850000e+01 1.139651e-01 2.678336e+01
5.900000e+01 9.825763e-02 2.384506e+01
5.950000e+01 9.909670e-02 2.403571e+01
6.000000e+01 9.716336e-02 2.365480e+01
6.050000e+01 1.017730e-01 2.456424e+01
6.100000e+01 1.042953e-01 2.508218e+01
6.150000e+01 1.188016e-01 2.780566e+01
6.200000e+01 1.224482e-01 2.852267e+01
6.250000e+01 1.042316e-01 2.514517e+01
6.300000e+01 1.142579e-01 2.704666e+01
6.350000e+01 1.057287e-01 2.547116e+01
6.400000e+01 1.026147e-01 2.492839e+01
6.450000e+01 1.038635e-01 2.520698e+01
6.500000e+01 1.058787e-01 2.563564e+01
6.550000e+01 1.042844e-01 2.536489e+01
6.600000e+01 1.047815e-01 2.549528e+01
6.650000e+01 1.055975e-01 2.569170e+01
6.700000e+01 1.067045e-01 2.594956e+01
6.750000e+01 1.082136e-01 2.629027e+01
6.800000e+01 1.092964e-01 2.655176e+01
6.850000e+01 1.112291e-01 2.698301e+01
6.900000e+01 1.126760e-01 2.732650e+01
6.950000e+01 1.148427e-01 2.781435e+01
7.000000e+01 1.254056e-01 2.989699e+01
7.050000e+01 1.193941e-01 2.884552e+01
7.100000e+01 1.208375e-01 2.920171e+01
7.150000e+01 1.227767e-01 2.965185e+01
7.200000e+01 1.251345e-01 3.019285e+01
7.250000e+01 1.281055e-01 3.086581e+01
7.300000e+01 1.315554e-01 3.164586e+01
7.350000e+01 1.354669e-01 3.252302e+01
7.400000e+01 1.397310e-01 3.346714e+01
7.450000e+01 1.429609e-01 3.420626e+01
7.500000e+01 1.478510e-01 3.527496e+01
7.550000e+01 1.562812e-01 3.700608e+01
7.600000e+01 1.808477e-01 4.161813e+01
7.650000e+01 1.831629e-01 4.232447e+01
7.700000e+01 1.782117e-01 4.183456e+01
7.750000e+01 1.858625e-01 4.360232e+01
7.800000e+01 1.970726e-01 4.605847e+01
7.850000e+01 2.124619e-01 4.932689e+01
7.900000e+01 2.327114e-01 5.353571e+01
7.950000e+01 2.609671e-01 5.921467e+01
8.000000e+01 4.680951e-01 9.262706e+01
8.050000e+01 3.446467e-01 7.530099e+01
8.100000e+01 3.961688e-01 8.457927e+01
8.150000e+01 4.471635e-01 9.332871e+01
8.200000e+01 5.211868e-01 1.051959e+02
8.250000e+01 6.306757e-01 1.213134e+02
8.300000e+01 8.012362e-01 1.431312e+02
8.350000e+01 1.059196e+00 1.698599e+02
8.400000e+01 1.435310e+00 1.984356e+02
8.450000e+01 1.918103e+00 2.224737e+02
8.500000e+01 2.318671e+00 2.351053e+02
8.550000e+01 2.168885e+00 2.309676e+02
8.600000e+01 1.692624e+00 2.125460e+02
8.650000e+01 1.270699e+00 1.867902e+02
8.700000e+01 9.863017e-01 1.617926e+02
8.750000e+01 7.219736e-01 1.331854e+02
8.800000e+01 5.759047e-01 1.132100e+02
8.850000e+01 4.698465e-01 9.695436e+01
8.900000e+01 3.976583e-01 8.478669e+01
8.950000e+01 3.455883e-01 7.544303e+01
9.000000e+01 3.069546e-01 6.818994e+01
9.050000e+01 2.777124e-01 6.250947e+01
9.100000e+01 2.553299e-01 5.804084e+01
9.150000e+01 2.380839e-01 5.451616e+01
9.200000e+01 2.256092e-01 5.187521e+01
9.250000e+01 2.279505e-01 5.178290e+01
9.300000e+01 2.229449e-01 5.058432e+01
9.350000e+01 1.978606e-01 4.602642e+01
9.400000e+01 1.905388e-01 4.451754e+01
9.450000e+01 1.852881e-01 4.340313e+01
9.500000e+01 1.827314e-01 4.279093e+01
9.550000e+01 1.798893e-01 4.215001e+01
9.600000e+01 1.748260e-01 4.112896e+01
9.650000e+01 1.715021e-01 4.041952e+01
9.700000e+01 1.689465e-01 3.986102e+01
9.750000e+01 1.670815e-01 3.944344e+01
9.800000e+01 1.652766e-01 3.905173e+01
9.850000e+01 1.641289e-01 3.879227e+01
9.900000e+01 1.631481e-01 3.857467e+01
9.950000e+01 1.624088e-01 3.841056e+01
1.000000e+02 1.619593e-01 3.830721e+01
1.005000e+02 1.617132e-01 3.824827e+01
1.010000e+02 1.616342e-01 3.822652e+01
1.015000e+02 1.617287e-01 3.824202e+01
1.020000e+02 1.621730e-01 3.832646e+01
1.025000e+02 1.629229e-01 3.847119e+01
1.030000e+02 1.670220e-01 3.920997e+01
1.035000e+02 1.804929e-01 4.176955e+01
1.040000e+02 1.652177e-01 3.894752e+01
1.045000e+02 1.663200e-01 3.918290e+01
1.050000e+02 1.723679e-01 4.029150e+01
1.055000e+02 1.690289e-01 3.973663e+01
1.060000e+02 1.695470e-01 3.985793e+01
1.065000e+02 1.694509e-01 3.987988e+01
1.070000e+02 1.703247e-01 4.007607e+01
1.075000e+02 1.714929e-01 4.033091e+01
1.080000e+02 1.729924e-01 4.065080e+01
1.085000e+02 1.745304e-01 4.098189e+01
1.090000e+02 1.766482e-01 4.142613e+01
1.095000e+02 1.789108e-01 4.189203e+01
1.100000e+02 1.812004e-01 4.237463e+01
1.105000e+02 1.841264e-01 4.297941e+01
1.110000e+02 1.889355e-01 4.392004e+01
1.115000e+02 1.995611e-01 4.582671e+01
1.120000e+02 2.055575e-01 4.694128e+01
1.125000e+02 2.269376e-01 5.062465e+01
1.130000e+02 2.074743e-01 4.743022e+01
1.135000e+02 1.993830e-01 4.615044e+01
1.140000e+02 2.005764e-01 4.645510e+01
1.145000e+02 2.043333e-01 4.720538e+01
1.150000e+02 2.709057e-01 5.876289e+01
1.155000e+02 2.110214e-01 4.859422e+01
1.160000e+02 2.139616e-01 4.923485e+01
1.165000e+02 2.181505e-01 5.009200e+01
1.170000e+02 2.224859e-01 5.097182e+01
1.175000e+02 2.452472e-01 5.490362e+01
1.180000e+02 2.426786e-01 5.465244e+01
1.185000e+02 2.505763e-01 5.612148e+01
1.190000e+02 2.830830e-01 6.152279e+01
1.195000e+02 2.634508e-01 5.864238e+01
1.200000e+02 2.573210e-01 5.789418e+01
1.205000e+02 2.600188e-01 5.858377e+01
1.210000e+02 2.670213e-01 5.997975e+01
1.215000e+02 2.785037e-01 6.209844e+01
1.220000e+02 2.850859e-01 6.345875e+01
1.225000e+02 2.944603e-01 6.527985e+01
1.230000e+02 3.071325e-01 6.762735e+01
1.235000e+02 3.648836e-01 7.690128e+01
1.240000e+02 3.415491e-01 7.372251e+01
1.245000e+02 4.908690e-01 9.521665e+01
1.250000e+02 3.763952e-01 7.998640e+01
1.255000e+02 3.991877e-01 8.397534e+01
1.260000e+02 4.346005e-01 8.978299e+01
1.265000e+02 4.920137e-01 9.854984e+01
1.270000e+02 5.811940e-01 1.111976e+02
1.275000e+02 7.449952e-01 1.315641e+02
1.280000e+02 1.189139e+00 1.710967e+02
1.285000e+02 5.472961e+00 2.364235e+02
1.290000e+02 1.249228e+00 1.761871e+02
1.295000e+02 8.575512e-01 1.452494e+02
1.300000e+02 7.470077e-01 1.341216e+02
1.305000e+02 7.254441e-01 1.322202e+02
1.310000e+02 8.350061e-01 1.438954e+02
1.315000e+02 7.837150e-01 1.400682e+02
1.320000e+02 8.414399e-01 1.469930e+02
1.325000e+02 9.186878e-01 1.555325e+02
1.330000e+02 1.018201e+00 1.655449e+02
1.335000e+02 1.138625e+00 1.764635e+02
1.340000e+02 1.291569e+00 1.885635e+02
1.345000e+02 1.485826e+00 2.015354e+02
1.350000e+02 1.749225e+00 2.154863e+02
1.355000e+02 2.059416e+00 2.282660e+02
1.360000e+02 2.486825e+00 2.405613e+02
1.365000e+02 3.060087e+00 2.509030e+02
1.370000e+02 3.856567e+00 2.585827e+02
1.375000e+02 4.986091e+00 2.632691e+02
1.380000e+02 6.646403e+00 2.655258e+02
1.385000e+02 9.096236e+00 2.664346e+02
1.390000e+02 1.260621e+01 2.668540e+02
1.395000e+02 1.714375e+01 2.670816e+02
1.400000e+02 2.109701e+01 2.671720e+02
1.405000e+02 2.008545e+01 2.671365e+02
1.410000e+02 1.556631e+01 2.669741e+02
1.415000e+02 1.131343e+01 2.666688e+02
1.420000e+02 8.205702e+00 2.661273e+02
1.425000e+02 6.081115e+00 2.649234e+02
1.430000e+02 4.636098e+00 2.621294e+02
1.435000e+02 3.635438e+00 2.568358e+02
1.440000e+02 2.925089e+00 2.488092e+02
1.445000e+02 2.408362e+00 2.385427e+02
1.450000e+02 2.023245e+00 2.268635e+02
1.455000e+02 1.730031e+00 2.145916e+02
1.460000e+02 1.501167e+00 2.022984e+02
1.465000e+02 1.319659e+00 1.904168e+02
1.470000e+02 1.186450e+00 1.800454e+02
1.475000e+02 1.063438e+00 1.695084e+02
1.480000e+02 9.581498e-01 1.595533e+02
1.485000e+02 8.784814e-01 1.511924e+02
1.490000e+02 8.151702e-01 1.440440e+02
1.495000e+02 7.649425e-01 1.380391e+02
1.500000e+02 7.253956e-01 1.330597e+02
1.505000e+02 6.892419e-01 1.283103e+02
1.510000e+02 6.463572e-01 1.225939e+02
1.515000e+02 6.045915e-01 1.167781e+02
1.520000e+02 5.684366e-01 1.115119e+02
1.525000e+02 5.597286e-01 1.095286e+02
1.530000e+02 5.155309e-01 1.033356e+02
1.535000e+02 4.871734e-01 9.905171e+01
1.540000e+02 4.669539e-01 9.580748e+01
1.545000e+02 4.499376e-01 9.300515e+01
1.550000e+02 4.430729e-01 9.160710e+01
1.555000e+02 4.223891e-01 8.834589e+01
1.560000e+02 4.114694e-01 8.644286e+01
1.565000e+02 4.578892e-01 9.259744e+01
1.570000e+02 4.208766e-01 8.718854e+01
1.575000e+02 3.833294e-01 8.151544e+01
1.580000e+02 3.753569e-01 8.011258e+01
1.585000e+02 3.689283e-01 7.895021e+01
1.590000e+02 3.639854e-01 7.802424e+01
1.595000e+02 3.617698e-01 7.752037e+01
1.600000e+02 3.937653e-01 8.198468e+01
1.605000e+02 3.604573e-01 7.705799e+01
1.610000e+02 3.757248e-01 7.920102e+01
1.615000e+02 3.903741e-01 8.122453e+01
1.620000e+02 3.974925e-01 8.208670e+01
1.625000e+02 4.324692e-01 8.676284e+01
1.630000e+02 3.464981e-01 7.442884e+01
1.635000e+02 3.384564e-01 7.310033e+01
1.640000e+02 3.367475e-01 7.273457e+01
1.645000e+02 3.294385e-01 7.156229e+01
1.650000e+02 3.268832e-01 7.111200e+01
1.655000e+02 3.254541e-01 7.084372e+01
1.660000e+02 3.246241e-01 7.067777e+01
1.665000e+02 3.241565e-01 7.057668e+01
1.670000e+02 3.244058e-01 7.059388e+01
1.675000e+02 3.257979e-01 7.079019e+01
1.680000e+02 3.358314e-01 7.226822e+01
1.685000e+02 3.451829e-01 7.365104e+01
1.690000e+02 3.290315e-01 7.129519e+01
1.695000e+02 3.279269e-01 7.114963e+01
1.700000e+02 3.290148e-01 7.134421e+01
1.705000e+02 3.310627e-01 7.169512e+01
1.710000e+02 3.332528e-01 7.207352e+01
1.715000e+02 3.369646e-01 7.269499e+01
1.720000e+02 3.431054e-01 7.368723e+01
1.725000e+02 3.482281e-01 7.452104e+01
1.730000e+02 4.020554e-01 8.267330e+01
1.735000e+02 3.556364e-01 7.578798e+01
1.740000e+02 3.795299e-01 7.930108e+01
1.745000e+02 3.859213e-01 8.033627e+01
1.750000e+02 3.706681e-01 7.835593e+01
1.755000e+02 3.753204e-01 7.920085e+01
1.760000e+02 3.828637e-01 8.047679e+01
1.765000e+02 3.927411e-01 8.210726e+01
1.770000e+02 4.040949e-01 8.396375e+01
1.775000e+02 4.178882e-01 8.618684e+01
1.780000e+02 4.350679e-01 8.890225e+01
1.785000e+02 4.554465e-01 9.207330e+01
1.790000e+02 4.813782e-01 9.600733e+01
1.795000e+02 5.143743e-01 1.008708e+02
1.800000e+02 5.576567e-01 1.070105e+02
1.805000e+02 6.157778e-01 1.148430e+02
1.810000e+02 6.954908e-01 1.249068e+02
1.815000e+02 8.082497e-01 1.379489e+02
1.820000e+02 9.841584e-01 1.556498e+02
1.825000e+02 1.273639e+00 1.790766e+02
1.830000e+02 1.795599e+00 2.081935e+02
1.835000e+02 2.883658e+00 2.381372e+02
1.840000e+02 5.449371e+00 2.558082e+02
1.845000e+02 1.409307e+01 2.603548e+02
1.850000e+02 1.507802e+01 2.604411e+02
1.855000e+02 5.692377e+00 2.563524e+02
1.860000e+02 2.987159e+00 2.399634e+02
1.865000e+02 1.885969e+00 2.121747e+02
1.870000e+02 1.385446e+00 1.866063e+02
1.875000e+02 1.070624e+00 1.637813e+02
1.880000e+02 9.015911e-01 1.482724e+02
1.885000e+02 7.957336e-01 1.372345e+02
1.890000e+02 7.324767e-01 1.300477e+02
1.895000e+02 6.858963e-01 1.246291e+02
1.900000e+02 6.496405e-01 1.203436e+02
1.905000e+02 6.434430e-01 1.194666e+02
1.910000e+02 6.150123e-01 1.163058e+02
1.915000e+02 6.082327e-01 1.156487e+02
1.920000e+02 6.095745e-01 1.160319e+02
1.925000e+02 6.162965e-01 1.171383e+02
1.930000e+02 6.291092e-01 1.190449e+02
1.935000e+02 6.462073e-01 1.215157e+02
1.940000e+02 6.697775e-01 1.248013e+02
1.945000e+02 7.017022e-01 1.290750e+02
1.950000e+02 7.433387e-01 1.344399e+02
1.955000e+02 8.005686e-01 1.414142e+02
1.960000e+02 8.794160e-01 1.503957e+02
1.965000e+02 9.942015e-01 1.622451e+02
1.970000e+02 1.164827e+00 1.774575e+02
1.975000e+02 1.763882e+00 2.110939e+02
1.980000e+02 1.670681e+00 2.104424e+02
1.985000e+02 2.159816e+00 2.296778e+02
1.990000e+02 2.605768e+00 2.410587e+02
1.995000e+02 2.561981e+00 2.403235e+02
2.000000e+02 2.156876e+00 2.300877e+02
2.005000e+02 1.867205e+00 2.196759e+02
2.010000e+02 1.760734e+00 2.148803e+02
2.015000e+02 1.813337e+00 2.168465e+02
2.020000e+02 1.918512e+00 2.214929e+02
2.025000e+02 2.122147e+00 2.291105e+02
2.030000e+02 2.423935e+00 2.376513e+02
2.035000e+02 2.679717e+00 2.433481e+02
2.040000e+02 3.018222e+00 2.489893e+02
2.045000e+02 3.568367e+00 2.550358e+02
2.050000e+02 4.425976e+00 2.600508e+02
2.055000e+02 5.777166e+00 2.631570e+02
2.060000e+02 7.675457e+00 2.645391e+02
2.065000e+02 1.067511e+01 2.651492e+02
2.070000e+02 1.510874e+01 2.654725e+02
2.075000e+02 2.058298e+01 2.656433e+02
2.080000e+02 2.554031e+01 2.656828e+02
2.085000e+02 1.986312e+01 2.655950e+02
2.090000e+02 1.443377e+01 2.653754e+02
2.095000e+02 1.016395e+01 2.649970e+02
2.100000e+02 7.335887e+00 2.642865e+02
2.105000e+02 5.479075e+00 2.626263e+02
2.110000e+02 4.242595e+00 2.591018e+02
2.115000e+02 3.396031e+00 2.532340e+02
2.120000e+02 2.807818e+00 2.453975e+02
2.125000e+02 2.357546e+00 2.358190e+02
2.130000e+02 2.023256e+00 2.255229e+02
2.135000e+02 1.770258e+00 2.152032e+02
2.140000e+02 1.574332e+00 2.052875e+02
2.145000e+02 1.422101e+00 1.961413e+02
2.150000e+02 1.295388e+00 1.875053e+02
2.155000e+02 1.193480e+00 1.797357e+02
2.160000e+02 1.110873e+00 1.728306e+02
2.165000e+02 1.043916e+00 1.667828e+02
2.170000e+02 9.935813e-01 1.618426e+02
2.175000e+02 1.022698e+00 1.630585e+02
2.180000e+02 9.013551e-01 1.525162e+02
2.185000e+02 8.639585e-01 1.485315e+02
2.190000e+02 8.338217e-01 1.451784e+02
2.195000e+02 8.103820e-01 1.424585e+02
2.200000e+02 7.892847e-01 1.399854e+02
2.205000e+02 7.732589e-01 1.380379e+02
2.210000e+02 7.641550e-01 1.367980e+02
2.215000e+02 7.497163e-01 1.351036e+02
2.220000e+02 7.456450e-01 1.344623e+02
2.225000e+02 7.631340e-01 1.359915e+02
2.230000e+02 7.644397e-01 1.360033e+02
2.235000e+02 7.538294e-01 1.349533e+02
2.240000e+02 7.530786e-01 1.348955e+02
2.245000e+02 7.364204e-01 1.332959e+02
2.250000e+02 7.374925e-01 1.334670e+02
2.255000e+02 7.399581e-01 1.337951e+02
2.260000e+02 7.481834e-01 1.347549e+02
2.265000e+02 7.929274e-01 1.392724e+02
2.270000e+02 7.818365e-01 1.386248e+02
2.275000e+02 8.053849e-01 1.413876e+02
2.280000e+02 1.134682e+00 1.686412e+02
2.285000e+02 9.296234e-01 1.540951e+02
2.290000e+02 9.832875e-01 1.599150e+02
2.295000e+02 1.210269e+00 1.781567e+02
2.300000e+02 1.334702e+00 1.879970e+02
2.305000e+02 1.445097e+00 1.966373e+02
2.310000e+02 1.902203e+00 2.168463e+02
2.315000e+02 1.536513e+00 2.023874e+02
2.320000e+02 1.491761e+00 1.999966e+02
2.325000e+02 1.571624e+00 2.045261e+02
2.330000e+02 1.857156e+00 2.176925e+02
2.335000e+02 2.204832e+00 2.306870e+02
2.340000e+02 2.848004e+00 2.449034e+02
2.345000e+02 3.490955e+00 2.524400e+02
2.350000e+02 3.337789e+00 2.510172e+02
2.355000e+02 2.620725e+00 2.407394e+02
2.360000e+02 2.282687e+00 2.309673e+02
2.365000e+02 1.612082e+00 2.065419e+02
2.370000e+02 1.364162e+00 1.915395e+02
2.375000e+02 1.200759e+00 1.795634e+02
2.380000e+02 1.089211e+00 1.703016e+02
2.385000e+02 1.018767e+00 1.638319e+02
2.390000e+02 9.738873e-01 1.594197e+02
2.395000e+02 9.574212e-01 1.574601e+02
2.400000e+02 9.676291e-01 1.578776e+02
2.405000e+02 9.514106e-01 1.561797e+02
2.410000e+02 9.593235e-01 1.566481e+02
2.415000e+02 1.021986e+00 1.614373e+02
2.420000e+02 9.439424e-01 1.555173e+02
2.425000e+02 9.446360e-01 1.557905e+02
2.430000e+02 9.657901e-01 1.578025e+02
2.435000e+02 1.004793e+00 1.613255e+02
2.440000e+02 1.056419e+00 1.658729e+02
2.445000e+02 1.142579e+00 1.728976e+02
2.450000e+02 1.280131e+00 1.829835e+02
2.455000e+02 1.524754e+00 1.978917e+02
2.460000e+02 2.016545e+00 2.190656e+02
2.465000e+02 3.202325e+00 2.432254e+02
2.470000e+02 7.225215e+00 2.558911e+02
2.475000e+02 7.343882e+00 2.563297e+02
2.480000e+02 3.520367e+00 2.476167e+02
2.485000e+02 2.499103e+00 2.340230e+02
2.490000e+02 1.989540e+00 2.202589e+02
2.495000e+02 1.699174e+00 2.083155e+02
2.500000e+02 1.459326e+00 1.959636e+02
2.505000e+02 1.329402e+00 1.877488e+02
2.510000e+02 1.237527e+00 1.813195e+02
2.515000e+02 1.171692e+00 1.763494e+02
2.520000e+02 1.143056e+00 1.738804e+02
2.525000e+02 1.097818e+00 1.703914e+02
2.530000e+02 1.079706e+00 1.688847e+02
2.535000e+02 1.069934e+00 1.680720e+02
2.540000e+02 1.065638e+00 1.677344e+02
2.545000e+02 1.065928e+00 1.677898e+02
2.550000e+02 1.069523e+00 1.681304e+02
2.555000e+02 1.077076e+00 1.687878e+02
2.560000e+02 1.108771e+00 1.711724e+02
2.565000e+02 1.113233e+00 1.716077e+02
2.570000e+02 1.142478e+00 1.737913e+02
2.575000e+02 1.119999e+00 1.725118e+02
2.580000e+02 1.161918e+00 1.755883e+02
2.585000e+02 1.154431e+00 1.752841e+02
2.590000e+02 1.167029e+00 1.763659e+02
2.595000e+02 1.172485e+00 1.770096e+02
2.600000e+02 1.190505e+00 1.784575e+02
2.605000e+02 1.227990e+00 1.811018e+02
2.610000e+02 1.229333e+00 1.815138e+02
2.615000e+02 1.255012e+00 1.834309e+02
2.620000e+02 1.287901e+00 1.857569e+02
2.625000e+02 1.323258e+00 1.882316e+02
2.630000e+02 1.352792e+00 1.904515e+02
2.635000e+02 1.396234e+00 1.933641e+02
2.640000e+02 1.415731e+00 1.946669e+02
2.645000e+02 1.424220e+00 1.952086e+02
2.650000e+02 1.433066e+00 1.957426e+02
2.655000e+02 1.448192e+00 1.966503e+02
2.660000e+02 1.465690e+00 1.977706e+02
2.665000e+02 1.495021e+00 1.995116e+02
2.670000e+02 1.530659e+00 2.015582e+02
2.675000e+02 1.591987e+00 2.046934e+02
2.680000e+02 1.668926e+00 2.083603e+02
2.685000e+02 1.685423e+00 2.095758e+02
2.690000e+02 1.746695e+00 2.123913e+02
2.695000e+02 1.765670e+00 2.133989e+02
2.700000e+02 1.767609e+00 2.136355e+02
2.705000e+02 1.772010e+00 2.139067e+02
2.710000e+02 1.783924e+00 2.144778e+02
2.715000e+02 1.803508e+00 2.153639e+02
2.720000e+02 1.832124e+00 2.165883e+02
2.725000e+02 1.859729e+00 2.177848e+02
2.730000e+02 1.893944e+00 2.191905e+02
2.735000e+02 1.931018e+00 2.206630e+02
2.740000e+02 1.970632e+00 2.221791e+02
2.745000e+02 2.013760e+00 2.237556e+02
2.750000e+02 2.132582e+00 2.273211e+02
2.755000e+02 2.104494e+00 2.268869e+02
2.760000e+02 2.152470e+00 2.284409e+02
2.765000e+02 2.204284e+00 2.300280e+02
2.770000e+02 2.264055e+00 2.317231e+02
2.775000e+02 2.406789e+00 2.349661e+02
2.780000e+02 2.372795e+00 2.346841e+02
2.785000e+02 2.430311e+00 2.361342e+02
2.790000e+02 2.492430e+00 2.376003e+02
2.795000e+02 2.562981e+00 2.391337e+02
2.800000e+02 2.704709e+00 2.415937e+02
2.805000e+02 2.713347e+00 2.420738e+02
2.810000e+02 2.771874e+00 2.432019e+02
2.815000e+02 2.848166e+00 2.444923e+02
2.820000e+02 3.049801e+00 2.470354e+02
2.825000e+02 3.015283e+00 2.470057e+02
2.830000e+02 3.119287e+00 2.483307e+02
2.835000e+02 3.270739e+00 2.499388e+02
2.840000e+02 3.286007e+00 2.503700e+02
2.845000e+02 3.381998e+00 2.513831e+02
2.850000e+02 3.484940e+00 2.523667e+02
2.855000e+02 3.594738e+00 2.533136e+02
2.860000e+02 3.711335e+00 2.542178e+02
2.865000e+02 3.837071e+00 2.550852e+02
2.870000e+02 3.970209e+00 2.559006e+02
2.875000e+02 4.116749e+00 2.566797e+02
2.880000e+02 4.242261e+00 2.573153e+02
2.885000e+02 4.387148e+00 2.579421e+02
2.890000e+02 4.543355e+00 2.585298e+02
2.895000e+02 4.713824e+00 2.590802e+02
2.900000e+02 4.884764e+00 2.595672e+02
2.905000e+02 5.080231e+00 2.600310e+02
2.910000e+02 5.271174e+00 2.604280e+02
2.915000e+02 5.474971e+00 2.607884e+02
2.920000e+02 5.692323e+00 2.611121e+02
2.925000e+02 5.927262e+00 2.614031e+02
2.930000e+02 6.177772e+00 2.616610e+02
2.935000e+02 6.445030e+00 2.618885e+02
2.940000e+02 6.735788e+00 2.620898e+02
2.945000e+02 7.042211e+00 2.622651e+02
2.950000e+02 7.358027e+00 2.624171e+02
2.955000e+02 7.707177e+00 2.625520e+02
2.960000e+02 8.108272e+00 2.626725e+02
2.965000e+02 8.482115e+00 2.627757e+02
2.970000e+02 8.914706e+00 2.628690e+02
2.975000e+02 9.380775e+00 2.629525e+02
2.980000e+02 9.882336e+00 2.630277e+02
2.985000e+02 1.042629e+01 2.630963e+02
2.990000e+02 1.102283e+01 2.631594e+02
2.995000e+02 1.169484e+01 2.632180e+02
3.000000e+02 1.236471e+01 2.632724e+02
3.005000e+02 1.313511e+01 2.633233e+02
3.010000e+02 1.396669e+01 2.633712e+02
3.015000e+02 1.488985e+01 2.634162e+02
3.020000e+02 1.591066e+01 2.634587e+02
3.025000e+02 1.704541e+01 2.634987e+02
3.030000e+02 1.830112e+01 2.635363e+02
3.035000e+02 1.970982e+01 2.635718e+02
3.040000e+02 2.129326e+01 2.636052e+02
3.045000e+02 2.309465e+01 2.636365e+02
3.050000e+02 2.516408e+01 2.636660e+02
3.055000e+02 2.747856e+01 2.636936e+02
3.060000e+02 3.020571e+01 2.637193e+02
3.065000e+02 3.339981e+01 2.637430e+02
3.070000e+02 3.712502e+01 2.637644e+02
3.075000e+02 4.132949e+01 2.637830e+02
3.080000e+02 4.561001e+01 2.637987e+02
3.085000e+02 5.016439e+01 2.638121e+02
3.090000e+02 5.560373e+01 2.638242e+02
3.095000e+02 6.225914e+01 2.638353e+02
3.100000e+02 7.050382e+01 2.638454e+02
3.105000e+02 8.071476e+01 2.638543e+02
3.110000e+02 9.377822e+01 2.638620e+02
3.115000e+02 1.094103e+02 2.638682e+02
3.120000e+02 1.296403e+02 2.638729e+02
3.125000e+02 1.556915e+02 2.638761e+02
3.130000e+02 1.898784e+02 2.638777e+02
3.135000e+02 2.358393e+02 2.638779e+02
3.140000e+02 2.988486e+02 2.638764e+02
3.145000e+02 3.868404e+02 2.638735e+02
3.150000e+02 5.112153e+02 2.638690e+02
3.155000e+02 6.860692e+02 2.638629e+02
3.160000e+02 9.200345e+02 2.638553e+02
3.165000e+02 1.185757e+03 2.638462e+02
3.170000e+02 1.366406e+03 2.638356e+02
3.175000e+02 1.203909e+03 2.638234e+02
3.180000e+02 9.515228e+02 2.638097e+02
3.185000e+02 7.174599e+02 2.637945e+02
3.190000e+02 5.377568e+02 2.637779e+02
3.195000e+02 4.081405e+02 2.637597e+02
3.200000e+02 3.157781e+02 2.637401e+02
3.205000e+02 2.493630e+02 2.637190e+02
3.210000e+02 2.008067e+02 2.636964e+02
3.215000e+02 1.645948e+02 2.636724e+02
3.220000e+02 1.370529e+02 2.636470e+02
3.225000e+02 1.157151e+02 2.636202e+02
3.230000e+02 9.890253e+01 2.635919e+02
3.235000e+02 8.545516e+01 2.635622e+02
3.240000e+02 7.453581e+01 2.635312e+02
3.245000e+02 6.557171e+01 2.634987e+02
3.250000e+02 5.812697e+01 2.634649e+02
3.255000e+02 5.188810e+01 2.634298e+02
3.260000e+02 4.662300e+01 2.633932e+02
3.265000e+02 4.215052e+01 2.633554e+02
3.270000e+02 3.824808e+01 2.633162e+02
3.275000e+02 3.482258e+01 2.632756e+02
3.280000e+02 3.187312e+01 2.632336e+02
3.285000e+02 2.929204e+01 2.631902e+02
3.290000e+02 2.701975e+01 2.631454e+02
3.295000e+02 2.500929e+01 2.630992e+02
3.300000e+02 2.328278e+01 2.630514e+02
3.305000e+02 2.162805e+01 2.630021e+02
3.310000e+02 2.129637e+01 2.629513e+02
3.315000e+02 1.888408e+01 2.628988e+02
3.320000e+02 1.770457e+01 2.628447e+02
3.325000e+02 1.664356e+01 2.627889e+02
3.330000e+02 1.569700e+01 2.627313e+02
3.335000e+02 1.481727e+01 2.626719e+02
3.340000e+02 1.398582e+01 2.626106e+02
3.345000e+02 1.327663e+01 2.625473e+02
3.350000e+02 1.256213e+01 2.624818e+02
3.355000e+02 1.193566e+01 2.624140e+02
3.360000e+02 1.136356e+01 2.623436e+02
3.365000e+02 1.104361e+01 2.622710e+02
3.370000e+02 1.033480e+01 2.621934e+02
3.375000e+02 9.886576e+00 2.621128e+02
3.380000e+02 9.440243e+00 2.620273e+02
3.385000e+02 9.031370e+00 2.619362e+02
3.390000e+02 8.653935e+00 2.618388e+02
3.395000e+02 8.301971e+00 2.617342e+02
3.400000e+02 7.974976e+00 2.616213e+02
3.405000e+02 7.666335e+00 2.614987e+02
3.410000e+02 7.379407e+00 2.613656e+02
3.415000e+02 7.113207e+00 2.612210e+02
3.420000e+02 6.912475e+00 2.610737e+02
3.425000e+02 6.633760e+00 2.608932e+02
3.430000e+02 6.391248e+00 2.606991e+02
3.435000e+02 6.293525e+00 2.605400e+02
3.440000e+02 5.967870e+00 2.602619e+02
3.445000e+02 5.772050e+00 2.600122e+02
3.450000e+02 5.589058e+00 2.597424e+02
3.455000e+02 5.416108e+00 2.594504e+02
3.460000e+02 5.252467e+00 2.591356e+02
3.465000e+02 5.096704e+00 2.587962e+02
3.470000e+02 4.949460e+00 2.584332e+02
3.475000e+02 4.808170e+00 2.580430e+02
3.480000e+02 4.674215e+00 2.576279e+02
3.485000e+02 4.547017e+00 2.571879e+02
3.490000e+02 4.428348e+00 2.567285e+02
3.495000e+02 4.310723e+00 2.562326e+02
3.500000e+02 4.202246e+00 2.557217e+02
3.505000e+02 4.103535e+00 2.552034e+02
3.510000e+02 4.071502e+00 2.549060e+02
3.515000e+02 3.904785e+00 2.540469e+02
3.520000e+02 3.809212e+00 2.534215e+02
3.525000e+02 3.748847e+00 2.529233e+02
3.530000e+02 3.641050e+00 2.521571e+02
3.535000e+02 3.556937e+00 2.514666e+02
3.540000e+02 3.481264e+00 2.507868e+02
3.545000e+02 3.413934e+00 2.501272e+02
3.550000e+02 3.436254e+00 2.500583e+02
3.555000e+02 3.284750e+00 2.487566e+02
3.560000e+02 3.215700e+00 2.479929e+02
3.565000e+02 3.158303e+00 2.472990e+02
3.570000e+02 3.107961e+00 2.466541e+02
3.575000e+02 3.065502e+00 2.460810e+02
3.580000e+02 3.032718e+00 2.456147e+02
3.585000e+02 3.012420e+00 2.453011e+02
3.590000e+02 3.006554e+00 2.451657e+02
3.595000e+02 3.008456e+00 2.451076e+02
3.600000e+02 3.043182e+00 2.453111e+02
3.605000e+02 2.901950e+00 2.435174e+02
3.610000e+02 2.808881e+00 2.420473e+02
3.615000e+02 2.724596e+00 2.405824e+02
3.620000e+02 2.657047e+00 2.392941e+02
3.625000e+02 2.611912e+00 2.383084e+02
3.630000e+02 2.552662e+00 2.370958e+02
3.635000e+02 2.496921e+00 2.359015e+02
3.640000e+02 2.452226e+00 2.348654e+02
3.645000e+02 2.412173e+00 2.338962e+02
3.650000e+02 2.376464e+00 2.329947e+02
3.655000e+02 2.344300e+00 2.321519e+02
3.660000e+02 2.314777e+00 2.313548e+02
3.665000e+02 2.287119e+00 2.305906e+02
3.670000e+02 2.262646e+00 2.298914e+02
3.675000e+02 2.241186e+00 2.292586e+02
3.680000e+02 2.224865e+00 2.287447e+02
3.685000e+02 2.203633e+00 2.281322e+02
3.690000e+02 2.191038e+00 2.277254e+02
3.695000e+02 2.197355e+00 2.277646e+02
3.700000e+02 2.208178e+00 2.279274e+02
3.705000e+02 2.262679e+00 2.290616e+02
3.710000e+02 2.190134e+00 2.274522e+02
3.715000e+02 2.195593e+00 2.275947e+02
3.720000e+02 2.174928e+00 2.271930e+02
3.725000e+02 2.186772e+00 2.275815e+02
3.730000e+02 2.208890e+00 2.282589e+02
3.735000e+02 2.241677e+00 2.292289e+02
3.740000e+02 2.288652e+00 2.305570e+02
3.745000e+02 2.357107e+00 2.323582e+02
3.750000e+02 2.445313e+00 2.345403e+02
3.755000e+02 2.552851e+00 2.370309e+02
3.760000e+02 2.710339e+00 2.401799e+02
3.765000e+02 2.925648e+00 2.437980e+02
3.770000e+02 3.222099e+00 2.477366e+02
3.775000e+02 3.650837e+00 2.517991e+02
3.780000e+02 4.269565e+00 2.554712e+02
3.785000e+02 5.204148e+00 2.583005e+02
3.790000e+02 6.633487e+00 2.599992e+02
3.795000e+02 8.796655e+00 2.608040e+02
3.800000e+02 1.176836e+01 2.611715e+02
3.805000e+02 1.459601e+01 2.613220e+02
3.810000e+02 1.417178e+01 2.612911e+02
3.815000e+02 1.109760e+01 2.610756e+02
3.820000e+02 8.248584e+00 2.606140e+02
3.825000e+02 6.230141e+00 2.595970e+02
3.830000e+02 4.892415e+00 2.574775e+02
3.835000e+02 4.027002e+00 2.540823e+02
3.840000e+02 3.402155e+00 2.494567e+02
3.845000e+02 2.961848e+00 2.441827e+02
3.850000e+02 2.650613e+00 2.388627e+02
3.855000e+02 2.426422e+00 2.338798e+02
3.860000e+02 2.236952e+00 2.288868e+02
3.865000e+02 2.097647e+00 2.245305e+02
3.870000e+02 1.990163e+00 2.207181e+02
3.875000e+02 1.915930e+00 2.177035e+02
3.880000e+02 1.840958e+00 2.145834e+02
3.885000e+02 1.755487e+00 2.109718e+02
3.890000e+02 1.693235e+00 2.080477e+02
3.895000e+02 1.642005e+00 2.054844e+02
3.900000e+02 1.598825e+00 2.032093e+02
3.905000e+02 1.560679e+00 2.011206e+02
3.910000e+02 1.527466e+00 1.992312e+02
3.915000e+02 1.499426e+00 1.975640e+02
3.920000e+02 1.496160e+00 1.970264e+02
3.925000e+02 1.455830e+00 1.948017e+02
3.930000e+02 1.427254e+00 1.931019e+02
3.935000e+02 1.411374e+00 1.920110e+02
3.940000e+02 1.393502e+00 1.908239e+02
3.945000e+02 1.597696e+00 2.001041e+02
3.950000e+02 1.355970e+00 1.883604e+02
3.955000e+02 1.335608e+00 1.870397e+02
3.960000e+02 1.320139e+00 1.859723e+02
3.965000e+02 1.306268e+00 1.849915e+02
3.970000e+02 1.293765e+00 1.840879e+02
3.975000e+02 1.282344e+00 1.832454e+02
3.980000e+02 1.273013e+00 1.825235e+02
3.985000e+02 1.276374e+00 1.825278e+02
3.990000e+02 1.351284e+00 1.864492e+02
3.995000e+02 1.249218e+00 1.806210e+02
4.000000e+02 1.257952e+00 1.809755e+02
4.005000e+02 1.227905e+00 1.790474e+02
4.010000e+02 1.216752e+00 1.782313e+02
4.015000e+02 1.230959e+00 1.789717e+02
4.020000e+02 1.216391e+00 1.779168e+02
4.025000e+02 1.251501e+00 1.798552e+02
4.030000e+02 1.193489e+00 1.762854e+02
4.035000e+02 1.186857e+00 1.757658e+02
4.040000e+02 1.179654e+00 1.752100e+02
4.045000e+02 1.192672e+00 1.759135e+02
4.050000e+02 1.209620e+00 1.768877e+02
4.055000e+02 1.182358e+00 1.752325e+02
4.060000e+02 1.176840e+00 1.748707e+02
4.065000e+02 1.162925e+00 1.738103e+02
4.070000e+02 1.152477e+00 1.729484e+02
4.075000e+02 1.162972e+00 1.734681e+02
4.080000e+02 1.195252e+00 1.753525e+02
4.085000e+02 1.135974e+00 1.715367e+02
4.090000e+02 1.128247e+00 1.709537e+02
4.095000e+02 1.124551e+00 1.706422e+02
4.100000e+02 1.123946e+00 1.705466e+02
4.105000e+02 1.130444e+00 1.709279e+02
4.110000e+02 1.140547e+00 1.715410e+02
4.115000e+02 1.634708e+00 1.974292e+02
4.120000e+02 1.142491e+00 1.716696e+02
4.125000e+02 1.140846e+00 1.716047e+02
4.130000e+02 1.152399e+00 1.723723e+02
4.135000e+02 1.177494e+00 1.739965e+02
4.140000e+02 1.194583e+00 1.751192e+02
4.145000e+02 1.241455e+00 1.780427e+02
4.150000e+02 2.067763e+00 2.123284e+02
4.155000e+02 1.448627e+00 1.894606e+02
4.160000e+02 2.237166e+00 2.169162e+02
4.165000e+02 1.681685e+00 2.007477e+02
4.170000e+02 1.325224e+00 1.852604e+02
4.175000e+02 1.454806e+00 1.928895e+02
4.180000e+02 1.570915e+00 1.985581e+02
4.185000e+02 1.370264e+00 1.887425e+02
4.190000e+02 1.310647e+00 1.847744e+02
4.195000e+02 1.242782e+00 1.799860e+02
4.200000e+02 1.193315e+00 1.761895e+02
4.205000e+02 1.158006e+00 1.733343e+02
4.210000e+02 1.137213e+00 1.715106e+02
4.215000e+02 1.251818e+00 1.783709e+02
4.220000e+02 1.103077e+00 1.686223e+02
4.225000e+02 1.089933e+00 1.675265e+02
4.230000e+02 1.081846e+00 1.668114e+02
4.235000e+02 1.075327e+00 1.662328e+02
4.240000e+02 1.071252e+00 1.658483e+02
4.245000e+02 1.080158e+00 1.664277e+02
4.250000e+02 1.071211e+00 1.656947e+02
4.255000e+02 1.111895e+00 1.683791e+02
4.260000e+02 1.085960e+00 1.665935e+02
4.265000e+02 1.101238e+00 1.676118e+02
4.270000e+02 1.070368e+00 1.654667e+02
4.275000e+02 1.066956e+00 1.652275e+02
4.280000e+02 1.060354e+00 1.647269e+02
4.285000e+02 1.057502e+00 1.645105e+02
4.290000e+02 1.059658e+00 1.646539e+02
4.295000e+02 1.075554e+00 1.657447e+02
4.300000e+02 1.131109e+00 1.694615e+02
4.305000e+02 1.066000e+00 1.650978e+02
4.310000e+02 1.067025e+00 1.651758e+02
4.315000e+02 1.118943e+00 1.686842e+02
4.320000e+02 1.092781e+00 1.669690e+02
4.325000e+02 1.086127e+00 1.665476e+02
4.330000e+02 1.075726e+00 1.658598e+02
4.335000e+02 1.071032e+00 1.655440e+02
4.340000e+02 1.109130e+00 1.681791e+02
4.345000e+02 1.070413e+00 1.655465e+02
4.350000e+02 1.070944e+00 1.656152e+02
4.355000e+02 1.073616e+00 1.658360e+02
4.360000e+02 1.103486e+00 1.679407e+02
4.365000e+02 1.081183e+00 1.664531e+02
4.370000e+02 1.090205e+00 1.671373e+02
4.375000e+02 1.094918e+00 1.675255e+02
4.380000e+02 1.110906e+00 1.686360e+02
4.385000e+02 1.097645e+00 1.678030e+02
4.390000e+02 1.098019e+00 1.678602e+02
4.395000e+02 1.097008e+00 1.678209e+02
4.400000e+02 1.098532e+00 1.679694e+02
4.405000e+02 1.101347e+00 1.682118e+02
4.410000e+02 1.104742e+00 1.684987e+02
4.415000e+02 1.108865e+00 1.688394e+02
4.420000e+02 1.113253e+00 1.692000e+02
4.425000e+02 1.117501e+00 1.695534e+02
4.430000e+02 1.124057e+00 1.700657e+02
4.435000e+02 1.144258e+00 1.714538e+02
4.440000e+02 1.139338e+00 1.712157e+02
4.445000e+02 1.140741e+00 1.713944e+02
4.450000e+02 1.142611e+00 1.716067e+02
4.455000e+02 1.147933e+00 1.720423e+02
4.460000e+02 1.153729e+00 1.725102e+02
4.465000e+02 1.159669e+00 1.729892e+02
4.470000e+02 1.166051e+00 1.734988e+02
4.475000e+02 1.173034e+00 1.740489e+02
4.480000e+02 1.180074e+00 1.746053e+02
4.485000e+02 1.187844e+00 1.752115e+02
4.490000e+02 1.196358e+00 1.758694e+02
4.495000e+02 1.205919e+00 1.766001e+02
4.500000e+02 1.217025e+00 1.774380e+02
4.505000e+02 1.230949e+00 1.784647e+02
4.510000e+02 1.250194e+00 1.798253e+02
4.515000e+02 1.290981e+00 1.823939e+02
4.520000e+02 1.306175e+00 1.834516e+02
4.525000e+02 1.356466e+00 1.861823e+02
4.530000e+02 1.300497e+00 1.832085e+02
4.535000e+02 1.631466e+00 1.992033e+02
4.540000e+02 1.300932e+00 1.833402e+02
4.545000e+02 1.312142e+00 1.840536e+02
4.550000e+02 1.320956e+00 1.846531e+02
4.555000e+02 1.316176e+00 1.845402e+02
4.560000e+02 1.345536e+00 1.862642e+02
4.565000e+02 1.335430e+00 1.858763e+02
4.570000e+02 1.346146e+00 1.866080e+02
4.575000e+02 1.364986e+00 1.877820e+02
4.580000e+02 1.368705e+00 1.881256e+02
4.585000e+02 1.382613e+00 1.890173e+02
4.590000e+02 1.453685e+00 1.928015e+02
4.595000e+02 1.411200e+00 1.908288e+02
4.600000e+02 1.427930e+00 1.918475e+02
4.605000e+02 1.458664e+00 1.935108e+02
4.610000e+02 1.528704e+00 1.968850e+02
4.615000e+02 1.592183e+00 2.000833e+02
4.620000e+02 1.495644e+00 1.958778e+02
4.625000e+02 1.515606e+00 1.970085e+02
4.630000e+02 1.563810e+00 1.993508e+02
4.635000e+02 1.550063e+00 1.989608e+02
4.640000e+02 1.563413e+00 1.997443e+02
4.645000e+02 1.581005e+00 2.007066e+02
4.650000e+02 1.600223e+00 2.017333e+02
4.655000e+02 1.621149e+00 2.028215e+02
4.660000e+02 1.643915e+00 2.039741e+02
4.665000e+02 1.666539e+00 2.051044e+02
4.670000e+02 1.691245e+00 2.063010e+02
4.675000e+02 1.717385e+00 2.075330e+02
4.680000e+02 1.751550e+00 2.090285e+02
4.685000e+02 1.774608e+00 2.101140e+02
4.690000e+02 1.803685e+00 2.113903e+02
4.695000e+02 1.844649e+00 2.130282e+02
4.700000e+02 1.872337e+00 2.142164e+02
4.705000e+02 1.908995e+00 2.156647e+02
4.710000e+02 1.953380e+00 2.173144e+02
4.715000e+02 2.114757e+00 2.221728e+02
4.720000e+02 2.057483e+00 2.209200e+02
4.725000e+02 2.127892e+00 2.231338e+02
4.730000e+02 2.223510e+00 2.258733e+02
4.735000e+02 2.367267e+00 2.294979e+02
4.740000e+02 2.618853e+00 2.346794e+02
4.745000e+02 3.162339e+00 2.422753e+02
4.750000e+02 4.750143e+00 2.508569e+02
4.755000e+02 7.916524e+00 2.532801e+02
4.760000e+02 3.934563e+00 2.483333e+02
4.765000e+02 3.070505e+00 2.418041e+02
4.770000e+02 2.783707e+00 2.381550e+02
4.775000e+02 2.680003e+00 2.366394e+02
4.780000e+02 2.671499e+00 2.365691e+02
4.785000e+02 2.700876e+00 2.371304e+02
4.790000e+02 2.693619e+00 2.372569e+02
4.795000e+02 2.748703e+00 2.382391e+02
4.800000e+02 2.812901e+00 2.393158e+02
4.805000e+02 2.841107e+00 2.399460e+02
4.810000e+02 2.901223e+00 2.409285e+02
4.815000e+02 2.970150e+00 2.419671e+02
4.820000e+02 3.045170e+00 2.430169e+02
4.825000e+02 3.127446e+00 2.440769e+02
4.830000e+02 3.243417e+00 2.453531e+02
4.835000e+02 3.394073e+00 2.467405e+02
4.840000e+02 3.401790e+00 2.470899e+02
4.845000e+02 3.497997e+00 2.479961e+02
4.850000e+02 3.603994e+00 2.488937e+02
4.855000e+02 3.719209e+00 2.497691e+02
4.860000e+02 3.839801e+00 2.505951e+02
4.865000e+02 3.978419e+00 2.514196e+02
4.870000e+02 4.112576e+00 2.521492e+02
4.875000e+02 4.257802e+00 2.528423e+02
4.880000e+02 4.429999e+00 2.535298e+02
4.885000e+02 4.578478e+00 2.540873e+02
4.890000e+02 4.748579e+00 2.546261e+02
4.895000e+02 4.936026e+00 2.551300e+02
4.900000e+02 5.201227e+00 2.556672e+02
4.905000e+02 5.362036e+00 2.560140e+02
4.910000e+02 5.623972e+00 2.564068e+02
4.915000e+02 5.855163e+00 2.567198e+02
4.920000e+02 6.097233e+00 2.569952e+02
4.925000e+02 6.376436e+00 2.572479e+02
4.930000e+02 6.682430e+00 2.574716e+02
4.935000e+02 7.016421e+00 2.576678e+02
4.940000e+02 7.385853e+00 2.578397e+02
4.945000e+02 7.821468e+00 2.579919e+02
4.950000e+02 8.310848e+00 2.581243e+02
4.955000e+02 8.666800e+00 2.582324e+02
4.960000e+02 9.176109e+00 2.583337e+02
4.965000e+02 9.760096e+00 2.584245e+02
4.970000e+02 1.035349e+01 2.585061e+02
4.975000e+02 1.103437e+01 2.585809e+02
4.980000e+02 1.178906e+01 2.586497e+02
4.985000e+02 1.262779e+01 2.587137e+02
4.990000e+02 1.356412e+01 2.587734e+02
4.995000e+02 1.461532e+01 2.588292e+02
5.000000e+02 1.581387e+01 2.588816e+02
5.005000e+02 1.721441e+01 2.589307e+02
5.010000e+02 1.864791e+01 2.589767e+02
5.015000e+02 2.037844e+01 2.590197e+02
5.020000e+02 2.237527e+01 2.590599e+02
5.025000e+02 2.469433e+01 2.590973e+02
5.030000e+02 2.741103e+01 2.591320e+02
5.035000e+02 3.061610e+01 2.591641e+02
5.040000e+02 3.444471e+01 2.591936e+02
5.045000e+02 3.904689e+01 2.592204e+02
5.050000e+02 4.455187e+01 2.592442e+02
5.055000e+02 5.094004e+01 2.592649e+02
5.060000e+02 5.834416e+01 2.592829e+02
5.065000e+02 6.766166e+01 2.592986e+02
5.070000e+02 7.939063e+01 2.593124e+02
5.075000e+02 9.467203e+01 2.593242e+02
5.080000e+02 1.149343e+02 2.593338e+02
5.085000e+02 1.421603e+02 2.593412e+02
5.090000e+02 1.792513e+02 2.593462e+02
5.095000e+02 2.311146e+02 2.593488e+02
5.100000e+02 3.048455e+02 2.593491e+02
5.105000e+02 4.099274e+02 2.593470e+02
5.110000e+02 5.548941e+02 2.593425e+02
5.115000e+02 7.314427e+02 2.593355e+02
5.120000e+02 8.910964e+02 2.593262e+02
5.125000e+02 8.178204e+02 2.593144e+02
5.130000e+02 6.565241e+02 2.593003e+02
5.135000e+02 4.948945e+02 2.592838e+02
5.140000e+02 3.683470e+02 2.592649e+02
5.145000e+02 2.772195e+02 2.592436e+02
5.150000e+02 2.125571e+02 2.592201e+02
5.155000e+02 1.665976e+02 2.591942e+02
5.160000e+02 1.333036e+02 2.591660e+02
5.165000e+02 1.086895e+02 2.591355e+02
5.170000e+02 9.014372e+01 2.591028e+02
5.175000e+02 7.584497e+01 2.590678e+02
5.180000e+02 6.460960e+01 2.590307e+02
5.185000e+02 5.569013e+01 2.589913e+02
5.190000e+02 4.848979e+01 2.589499e+02
5.195000e+02 4.260046e+01 2.589063e+02
5.200000e+02 3.772873e+01 2.588605e+02
5.205000e+02 3.365992e+01 2.588127e+02
5.210000e+02 3.021008e+01 2.587627e+02
5.215000e+02 2.728018e+01 2.587105e+02
5.220000e+02 2.476679e+01 2.586560e+02
5.225000e+02 2.259411e+01 2.585993e+02
5.230000e+02 2.070531e+01 2.585402e+02
5.235000e+02 1.905390e+01 2.584788e+02
5.240000e+02 1.760249e+01 2.584149e+02
5.245000e+02 1.632134e+01 2.583486e+02
5.250000e+02 1.519725e+01 2.582796e+02
5.255000e+02 1.417867e+01 2.582081e+02
5.260000e+02 1.328855e+01 2.581338e+02
5.265000e+02 1.249727e+01 2.580566e+02
5.270000e+02 1.174043e+01 2.579762e+02
5.275000e+02 1.109076e+01 2.578923e+02
5.280000e+02 1.050608e+01 2.578047e+02
5.285000e+02 9.988372e+00 2.577132e+02
5.290000e+02 9.533783e+00 2.576179e+02
5.295000e+02 9.143481e+00 2.575195e+02
5.300000e+02 8.825774e+00 2.574201e+02
5.305000e+02 8.589399e+00 2.573235e+02
5.310000e+02 8.473341e+00 2.572379e+02
5.315000e+02 8.543213e+00 2.571765e+02
5.320000e+02 8.961523e+00 2.571583e+02
5.325000e+02 1.014715e+01 2.572008e+02
5.330000e+02 1.340664e+01 2.573063e+02
5.335000e+02 2.433045e+01 2.574314e+02
5.340000e+02 3.529031e+01 2.574186e+02
5.345000e+02 1.518699e+01 2.571860e+02
5.350000e+02 9.875034e+00 2.568443e+02
5.355000e+02 7.712963e+00 2.564287e+02
5.360000e+02 6.635103e+00 2.559413e+02
5.365000e+02 5.977691e+00 2.554059e+02
5.370000e+02 5.489303e+00 2.548128e+02
5.375000e+02 5.140629e+00 2.542045e+02
5.380000e+02 4.876840e+00 2.535928e+02
5.385000e+02 4.648916e+00 2.529457e+02
5.390000e+02 4.450216e+00 2.522661e+02
5.395000e+02 4.301519e+00 2.516307e+02
5.400000e+02 4.138133e+00 2.508875e+02
5.405000e+02 3.984454e+00 2.500930e+02
5.410000e+02 3.855902e+00 2.493149e+02
5.415000e+02 3.740837e+00 2.485282e+02
5.420000e+02 3.646073e+00 2.477817e+02
5.425000e+02 3.771866e+00 2.481376e+02
5.430000e+02 3.444962e+00 2.460658e+02
5.435000e+02 3.356481e+00 2.451955e+02
5.440000e+02 3.267268e+00 2.442620e+02
5.445000e+02 3.236593e+00 2.437352e+02
5.450000e+02 3.130139e+00 2.425682e+02
5.455000e+02 3.045340e+00 2.415107e+02
5.460000e+02 2.964998e+00 2.404276e+02
5.465000e+02 2.895259e+00 2.393951e+02
5.470000e+02 2.832231e+00 2.383876e+02
5.475000e+02 2.772565e+00 2.373756e+02
5.480000e+02 2.715992e+00 2.363606e+02
5.485000e+02 2.662282e+00 2.353444e+02
5.490000e+02 2.611299e+00 2.343292e+02
5.495000e+02 2.561861e+00 2.333016e+02
5.500000e+02 2.515735e+00 2.322929e+02
5.505000e+02 2.474787e+00 2.313433e+02
5.510000e+02 2.439251e+00 2.304634e+02
5.515000e+02 2.401938e+00 2.295233e+02
5.520000e+02 2.352580e+00 2.283248e+02
5.525000e+02 2.314809e+00 2.273122e+02
5.530000e+02 2.319239e+00 2.271252e+02
5.535000e+02 2.255189e+00 2.255509e+02
5.540000e+02 2.202481e+00 2.241541e+02
5.545000e+02 2.168438e+00 2.231258e+02
5.550000e+02 2.134611e+00 2.220797e+02
5.555000e+02 2.103789e+00 2.210854e+02
5.560000e+02 2.075971e+00 2.201517e+02
5.565000e+02 2.047283e+00 2.191766e+02
5.570000e+02 2.021210e+00 2.182567e+02
5.575000e+02 1.995991e+00 2.173407e+02
5.580000e+02 1.969651e+00 2.163685e+02
5.585000e+02 1.949539e+00 2.155515e+02
5.590000e+02 1.925354e+00 2.146084e+02
5.595000e+02 1.897625e+00 2.135522e+02
5.600000e+02 1.870455e+00 2.124905e+02
5.605000e+02 1.848300e+00 2.115718e+02
5.610000e+02 1.827515e+00 2.106875e+02
5.615000e+02 1.807929e+00 2.098344e+02
5.620000e+02 1.791913e+00 2.090946e+02
5.625000e+02 1.786342e+00 2.087102e+02
5.630000e+02 1.762725e+00 2.077075e+02
5.635000e+02 1.745244e+00 2.068980e+02
5.640000e+02 1.720176e+00 2.058018e+02
5.645000e+02 1.702386e+00 2.049489e+02
5.650000e+02 1.684688e+00 2.040981e+02
5.655000e+02 1.668741e+00 2.033090e+02
5.660000e+02 1.656329e+00 2.026554e+02
5.665000e+02 1.652777e+00 2.023312e+02
5.670000e+02 1.640151e+00 2.016591e+02
5.675000e+02 1.736241e+00 2.049963e+02
5.680000e+02 1.620248e+00 2.004895e+02
5.685000e+02 1.586045e+00 1.989519e+02
5.690000e+02 1.569917e+00 1.981161e+02
5.695000e+02 1.561219e+00 1.975956e+02
5.700000e+02 1.548852e+00 1.969038e+02
5.705000e+02 1.557250e+00 1.970896e+02
5.710000e+02 1.568485e+00 1.974309e+02
5.715000e+02 1.652949e+00 2.007526e+02
5.720000e+02 1.504846e+00 1.943665e+02
5.725000e+02 1.493775e+00 1.937206e+02
5.730000e+02 1.525931e+00 1.949839e+02
5.735000e+02 1.485490e+00 1.930482e+02
5.740000e+02 1.985852e+00 2.116505e+02
5.745000e+02 1.456472e+00 1.914429e+02
5.750000e+02 1.442099e+00 1.906345e+02
5.755000e+02 1.431716e+00 1.900083e+02
5.760000e+02 1.423380e+00 1.894801e+02
5.765000e+02 1.414746e+00 1.889370e+02
5.770000e+02 1.407087e+00 1.884422e+02
5.775000e+02 1.400233e+00 1.879881e+02
5.780000e+02 1.394444e+00 1.875866e+02
5.785000e+02 1.404570e+00 1.879842e+02
5.790000e+02 1.383054e+00 1.868014e+02
5.795000e+02 1.388952e+00 1.869850e+02
5.800000e+02 1.381723e+00 1.865238e+02
5.805000e+02 1.366043e+00 1.856453e+02
5.810000e+02 1.358081e+00 1.851440e+02
5.815000e+02 1.353023e+00 1.847977e+02
5.820000e+02 1.349661e+00 1.845474e+02
5.825000e+02 1.346107e+00 1.842893e+02
5.830000e+02 1.343250e+00 1.840784e+02
5.835000e+02 1.342363e+00 1.839841e+02
5.840000e+02 1.343501e+00 1.840108e+02
5.845000e+02 1.346332e+00 1.841408e+02
5.850000e+02 1.356279e+00 1.846671e+02
5.855000e+02 1.414318e+00 1.875797e+02
5.860000e+02 1.432356e+00 1.885527e+02
5.865000e+02 1.504729e+00 1.921369e+02
5.870000e+02 1.407219e+00 1.876702e+02
5.875000e+02 1.414427e+00 1.880406e+02
5.880000e+02 1.509737e+00 1.926760e+02
5.885000e+02 1.400150e+00 1.870929e+02
5.890000e+02 1.393838e+00 1.867063e+02
5.895000e+02 1.406100e+00 1.873298e+02
5.900000e+02 1.430509e+00 1.886185e+02
5.905000e+02 1.527003e+00 1.932836e+02
5.910000e+02 2.010352e+00 2.107155e+02
5.915000e+02 1.751259e+00 2.031433e+02
5.920000e+02 1.835084e+00 2.070849e+02
5.925000e+02 2.143414e+00 2.174544e+02
5.930000e+02 2.863690e+00 2.325504e+02
5.935000e+02 4.660619e+00 2.460768e+02
5.940000e+02 1.207114e+01 2.506063e+02
5.945000e+02 7.353230e+00 2.497200e+02
5.950000e+02 3.643879e+00 2.409511e+02
5.955000e+02 2.457615e+00 2.252280e+02
5.960000e+02 1.941386e+00 2.110176e+02
5.965000e+02 1.710420e+00 2.018891e+02
5.970000e+02 1.628403e+00 1.977003e+02
5.975000e+02 1.484511e+00 1.909008e+02
5.980000e+02 1.469956e+00 1.897115e+02
5.985000e+02 1.484934e+00 1.900645e+02
5.990000e+02 1.361911e+00 1.838988e+02
5.995000e+02 1.468663e+00 1.887762e+02
6.000000e+02 1.385663e+00 1.846986e+02
6.005000e+02 1.371069e+00 1.839271e+02
6.010000e+02 1.615444e+00 1.949507e+02
6.015000e+02 1.542092e+00 1.917480e+02
6.020000e+02 1.527654e+00 1.909107e+02
6.025000e+02 1.694608e+00 1.971125e+02
6.030000e+02 2.460531e+00 2.166349e+02
6.035000e+02 1.344399e+00 1.816956e+02
6.040000e+02 1.256269e+00 1.768824e+02
6.045000e+02 1.228936e+00 1.752470e+02
6.050000e+02 1.218506e+00 1.745844e+02
6.055000e+02 1.217131e+00 1.744837e+02
6.060000e+02 1.209470e+00 1.739967e+02
6.065000e+02 1.210698e+00 1.740863e+02
6.070000e+02 1.209051e+00 1.740121e+02
6.075000e+02 1.214281e+00 1.743959e+02
6.080000e+02 1.223635e+00 1.750593e+02
6.085000e+02 1.235838e+00 1.758870e+02
6.090000e+02 1.363976e+00 1.829756e+02
6.095000e+02 1.234863e+00 1.757660e+02
6.100000e+02 1.225035e+00 1.750387e+02
6.105000e+02 1.205719e+00 1.737427e+02
6.110000e+02 1.198344e+00 1.731946e+02
6.115000e+02 1.196004e+00 1.729860e+02
6.120000e+02 1.192637e+00 1.727484e+02
6.125000e+02 1.197357e+00 1.730317e+02
6.130000e+02 1.202596e+00 1.733689e+02
6.135000e+02 1.205764e+00 1.735718e+02
6.140000e+02 1.198324e+00 1.731339e+02
6.145000e+02 1.195341e+00 1.729312e+02
6.150000e+02 1.194614e+00 1.728766e+02
6.155000e+02 1.205525e+00 1.735717e+02
6.160000e+02 1.200202e+00 1.732977e+02
6.165000e+02 1.210929e+00 1.740473e+02
6.170000e+02 1.225470e+00 1.750518e+02
6.175000e+02 1.253570e+00 1.768586e+02
6.180000e+02 1.742841e+00 1.995594e+02
6.185000e+02 1.285991e+00 1.793971e+02
6.190000e+02 1.307831e+00 1.811294e+02
6.195000e+02 1.342853e+00 1.835246e+02
6.200000e+02 1.366422e+00 1.850384e+02
6.205000e+02 1.360340e+00 1.845737e+02
6.210000e+02 1.326128e+00 1.822945e+02
6.215000e+02 1.501596e+00 1.904741e+02
6.220000e+02 1.264056e+00 1.778973e+02
6.225000e+02 1.253347e+00 1.769343e+02
6.230000e+02 1.388732e+00 1.838903e+02
6.235000e+02 1.221392e+00 1.746918e+02
6.240000e+02 1.208075e+00 1.737917e+02
6.245000e+02 1.200828e+00 1.732495e+02
6.250000e+02 1.196843e+00 1.729294e+02
6.255000e+02 1.204552e+00 1.733514e+02
6.260000e+02 1.221800e+00 1.743075e+02
6.265000e+02 1.195724e+00 1.727332e+02
6.270000e+02 1.190294e+00 1.723912e+02
6.275000e+02 1.189506e+00 1.723330e+02
6.280000e+02 1.189759e+00 1.723439e+02
6.285000e+02 1.197784e+00 1.728406e+02
6.290000e+02 1.212836e+00 1.737412e+02
6.295000e+02 1.207950e+00 1.735204e+02
6.300000e+02 1.194047e+00 1.726301e+02
6.305000e+02 1.196442e+00 1.727874e+02
6.310000e+02 1.195412e+00 1.727419e+02
6.315000e+02 1.196921e+00 1.728520e+02
6.320000e+02 1.198591e+00 1.729739e+02
6.325000e+02 1.200565e+00 1.731174e+02
6.330000e+02 1.202427e+00 1.732538e+02
6.335000e+02 1.204512e+00 1.734064e+02
6.340000e+02 1.209243e+00 1.737208e+02
6.345000e+02 1.209354e+00 1.737573e+02
6.350000e+02 1.212136e+00 1.739567e+02
6.355000e+02 1.233868e+00 1.752983e+02
6.360000e+02 1.218008e+00 1.743807e+02
6.365000e+02 1.220989e+00 1.746004e+02
6.370000e+02 1.224803e+00 1.748730e+02
6.375000e+02 1.229659e+00 1.752136e+02
6.380000e+02 1.236870e+00 1.756933e+02
6.385000e+02 1.248187e+00 1.763880e+02
6.390000e+02 1.242101e+00 1.760871e+02
6.395000e+02 1.243275e+00 1.761908e+02
6.400000e+02 1.245627e+00 1.763669e+02
6.405000e+02 1.249490e+00 1.766367e+02
6.410000e+02 1.255783e+00 1.770486e+02
6.415000e+02 1.268959e+00 1.778563e+02
6.420000e+02 1.265906e+00 1.777371e+02
6.425000e+02 1.281527e+00 1.786581e+02
6.430000e+02 1.617776e+00 1.945864e+02
6.435000e+02 1.299367e+00 1.797656e+02
6.440000e+02 1.286924e+00 1.791858e+02
6.445000e+02 1.289426e+00 1.794058e+02
6.450000e+02 1.295056e+00 1.797983e+02
6.455000e+02 1.306691e+00 1.805256e+02
6.460000e+02 1.313817e+00 1.809974e+02
6.465000e+02 1.456748e+00 1.883031e+02
6.470000e+02 1.342357e+00 1.827093e+02
6.475000e+02 1.356305e+00 1.835471e+02
6.480000e+02 1.422511e+00 1.869214e+02
6.485000e+02 1.375992e+00 1.848225e+02
6.490000e+02 1.366725e+00 1.845534e+02
6.495000e+02 1.377544e+00 1.853027e+02
6.500000e+02 1.393372e+00 1.863259e+02
6.505000e+02 1.413588e+00 1.875912e+02
6.510000e+02 1.438685e+00 1.891285e+02
6.515000e+02 1.472182e+00 1.911123e+02
6.520000e+02 1.517827e+00 1.936999e+02
6.525000e+02 1.579909e+00 1.970042e+02
6.530000e+02 1.656744e+00 2.007605e+02
6.535000e+02 1.729710e+00 2.039483e+02
6.540000e+02 1.727583e+00 2.039413e+02
6.545000e+02 1.702781e+00 2.027917e+02
6.550000e+02 1.725971e+00 2.032548e+02
6.555000e+02 1.646350e+00 2.001274e+02
6.560000e+02 1.820045e+00 2.060749e+02
6.565000e+02 1.606708e+00 1.983040e+02
6.570000e+02 1.593623e+00 1.978100e+02
6.575000e+02 1.601097e+00 1.982483e+02
6.580000e+02 1.620102e+00 1.992474e+02
6.585000e+02 1.648143e+00 2.006598e+02
6.590000e+02 1.677754e+00 2.021077e+02
6.595000e+02 1.699473e+00 2.031452e+02
6.600000e+02 1.711069e+00 2.037050e+02
6.605000e+02 1.724657e+00 2.043330e+02
6.610000e+02 1.753382e+00 2.055613e+02
6.615000e+02 1.780781e+00 2.068241e+02
6.620000e+02 1.819747e+00 2.085282e+02
6.625000e+02 1.870381e+00 2.105756e+02
6.630000e+02 1.914977e+00 2.123478e+02
6.635000e+02 1.973832e+00 2.144748e+02
6.640000e+02 2.028608e+00 2.165207e+02
6.645000e+02 2.143416e+00 2.201287e+02
6.650000e+02 2.247964e+00 2.233679e+02
6.655000e+02 2.415705e+00 2.276606e+02
6.660000e+02 2.577642e+00 2.311584e+02
6.665000e+02 2.644360e+00 2.324561e+02
6.670000e+02 2.611375e+00 2.319369e+02
6.675000e+02 2.616879e+00 2.320467e+02
6.680000e+02 2.715974e+00 2.336642e+02
6.685000e+02 2.833768e+00 2.356045e+02
6.690000e+02 2.922739e+00 2.372608e+02
6.695000e+02 3.097458e+00 2.397373e+02
6.700000e+02 3.355775e+00 2.426181e+02
6.705000e+02 3.662143e+00 2.453095e+02
6.710000e+02 4.069975e+00 2.478806e+02
6.715000e+02 4.605634e+00 2.501048e+02
6.720000e+02 5.345756e+00 2.518761e+02
6.725000e+02 6.276378e+00 2.530681e+02
6.730000e+02 7.610927e+00 2.538393e+02
6.735000e+02 9.512386e+00 2.543088e+02
6.740000e+02 1.228431e+01 2.546211e+02
6.745000e+02 1.636938e+01 2.548501e+02
6.750000e+02 2.224557e+01 2.550141e+02
6.755000e+02 2.974559e+01 2.551154e+02
6.760000e+02 3.606927e+01 2.551537e+02
6.765000e+02 3.407405e+01 2.551286e+02
6.770000e+02 2.664993e+01 2.550409e+02
6.775000e+02 1.970111e+01 2.548920e+02
6.780000e+02 1.463492e+01 2.546829e+02
6.785000e+02 1.119474e+01 2.544107e+02
6.790000e+02 8.877183e+00 2.540495e+02
6.795000e+02 7.250260e+00 2.535180e+02
6.800000e+02 6.069951e+00 2.526821e+02
6.805000e+02 5.206848e+00 2.514312e+02
6.810000e+02 4.569865e+00 2.497536e+02
6.815000e+02 4.093132e+00 2.477334e+02
6.820000e+02 3.724329e+00 2.454688e+02
6.825000e+02 3.422792e+00 2.430028e+02
6.830000e+02 3.188144e+00 2.405351e+02
6.835000e+02 2.999742e+00 2.381187e+02
6.840000e+02 2.843094e+00 2.357660e+02
6.845000e+02 2.718359e+00 2.336066e+02
6.850000e+02 2.646751e+00 2.320588e+02
6.855000e+02 2.551203e+00 2.301424e+02
6.860000e+02 2.460169e+00 2.282215e+02
6.865000e+02 2.435401e+00 2.273890e+02
6.870000e+02 2.338424e+00 2.252685e+02
6.875000e+02 2.399860e+00 2.261305e+02
6.880000e+02 2.260320e+00 2.231308e+02
6.885000e+02 2.240452e+00 2.224861e+02
6.890000e+02 2.196597e+00 2.213185e+02
6.895000e+02 2.173059e+00 2.206084e+02
6.900000e+02 2.152593e+00 2.199851e+02
6.905000e+02 2.137461e+00 2.195041e+02
6.910000e+02 2.126021e+00 2.191289e+02
6.915000e+02 2.119787e+00 2.188958e+02
6.920000e+02 2.115251e+00 2.187215e+02
6.925000e+02 2.123383e+00 2.188618e+02
6.930000e+02 2.259656e+00 2.218020e+02
6.935000e+02 2.152223e+00 2.194775e+02
6.940000e+02 2.111702e+00 2.185310e+02
6.945000e+02 2.107825e+00 2.184468e+02
6.950000e+02 2.109896e+00 2.185155e+02
6.955000e+02 2.115168e+00 2.186710e+02
6.960000e+02 2.125549e+00 2.189606e+02
6.965000e+02 2.128240e+00 2.190734e+02
6.970000e+02 2.141752e+00 2.194495e+02
6.975000e+02 2.149120e+00 2.196927e+02
6.980000e+02 2.158976e+00 2.200002e+02
6.985000e+02 2.171266e+00 2.203626e+02
6.990000e+02 2.183257e+00 2.207150e+02
6.995000e+02 2.196296e+00 2.210922e+02
7.000000e+02 2.212136e+00 2.215346e+02
7.005000e+02 2.226638e+00 2.219509e+02
7.010000e+02 2.243479e+00 2.224195e+02
7.015000e+02 2.261520e+00 2.229139e+02
7.020000e+02 2.280736e+00 2.234323e+02
7.025000e+02 2.302342e+00 2.239983e+02
7.030000e+02 2.325298e+00 2.245887e+02
7.035000e+02 2.352907e+00 2.252671e+02
7.040000e+02 2.374515e+00 2.258254e+02
7.045000e+02 2.405055e+00 2.265401e+02
7.050000e+02 2.444428e+00 2.273806e+02
7.055000e+02 2.452521e+00 2.276618e+02
7.060000e+02 2.476204e+00 2.282031e+02
7.065000e+02 2.502961e+00 2.287923e+02
7.070000e+02 2.532307e+00 2.294189e+02
7.075000e+02 2.565357e+00 2.300961e+02
7.080000e+02 2.600374e+00 2.307893e+02
7.085000e+02 2.654974e+00 2.317395e+02
7.090000e+02 2.751505e+00 2.331894e+02
7.095000e+02 2.714308e+00 2.329113e+02
7.100000e+02 2.752347e+00 2.335897e+02
7.105000e+02 2.825828e+00 2.346677e+02
7.110000e+02 2.859430e+00 2.352526e+02
7.115000e+02 2.948505e+00 2.364600e+02
7.120000e+02 2.929828e+00 2.364307e+02
7.125000e+02 2.981393e+00 2.371682e+02
7.130000e+02 3.037939e+00 2.379305e+02
7.135000e+02 3.106785e+00 2.387742e+02
7.140000e+02 3.161242e+00 2.394580e+02
7.145000e+02 3.241340e+00 2.403148e+02
7.150000e+02 3.294184e+00 2.409290e+02
7.155000e+02 3.362827e+00 2.416284e+02
7.160000e+02 3.477906e+00 2.425901e+02
7.165000e+02 3.515871e+00 2.430389e+02
7.170000e+02 3.608347e+00 2.437821e+02
7.175000e+02 3.698606e+00 2.444694e+02
7.180000e+02 3.815298e+00 2.452339e+02
7.185000e+02 4.948572e+00 2.484897e+02
7.190000e+02 4.039053e+00 2.465602e+02
7.195000e+02 4.149650e+00 2.471509e+02
7.200000e+02 4.285436e+00 2.477719e+02
7.205000e+02 4.433679e+00 2.483721e+02
7.210000e+02 4.600229e+00 2.489568e+02
7.215000e+02 4.786291e+00 2.495177e+02
7.220000e+02 4.995446e+00 2.500508e+02
7.225000e+02 5.237228e+00 2.505577e+02
7.230000e+02 5.499198e+00 2.510165e+02
7.235000e+02 5.809341e+00 2.514451e+02
7.240000e+02 6.172478e+00 2.518343e+02
7.245000e+02 6.604501e+00 2.521827e+02
7.250000e+02 7.127534e+00 2.524897e+02
7.255000e+02 7.773651e+00 2.527569e+02
7.260000e+02 8.591839e+00 2.529882e+02
7.265000e+02 9.657988e+00 2.531902e+02
7.270000e+02 1.109193e+01 2.533703e+02
7.275000e+02 1.308970e+01 2.535350e+02
7.280000e+02 1.597660e+01 2.536864e+02
7.285000e+02 2.028533e+01 2.538214e+02
7.290000e+02 2.694148e+01 2.539330e+02
7.295000e+02 3.590462e+01 2.540126e+02
7.300000e+02 4.551779e+01 2.540515e+02
7.305000e+02 4.659479e+01 2.540443e+02
7.310000e+02 3.784621e+01 2.539936e+02
7.315000e+02 2.908746e+01 2.539101e+02
7.320000e+02 2.299265e+01 2.538097e+02
7.325000e+02 1.917092e+01 2.537084e+02
7.330000e+02 1.740409e+01 2.536188e+02
7.335000e+02 1.549547e+01 2.535483e+02
7.340000e+02 1.476253e+01 2.534993e+02
7.345000e+02 1.446842e+01 2.534710e+02
7.350000e+02 1.449461e+01 2.534607e+02
7.355000e+02 1.477464e+01 2.534647e+02
7.360000e+02 1.527398e+01 2.534797e+02
7.365000e+02 1.600049e+01 2.535028e+02
7.370000e+02 1.687813e+01 2.535314e+02
7.375000e+02 1.798759e+01 2.535636e+02
7.380000e+02 1.933323e+01 2.535979e+02
7.385000e+02 2.094890e+01 2.536332e+02
7.390000e+02 2.286404e+01 2.536684e+02
7.395000e+02 2.515634e+01 2.537031e+02
7.400000e+02 2.801864e+01 2.537366e+02
7.405000e+02 3.120381e+01 2.537686e+02
7.410000e+02 3.522499e+01 2.537988e+02
7.415000e+02 4.016974e+01 2.538270e+02
7.420000e+02 4.632070e+01 2.538529e+02
7.425000e+02 5.409421e+01 2.538765e+02
7.430000e+02 6.416177e+01 2.538974e+02
7.435000e+02 7.690146e+01 2.539157e+02
7.440000e+02 9.397731e+01 2.539310e+02
7.445000e+02 1.169972e+02 2.539433e+02
7.450000e+02 1.488710e+02 2.539526e+02
7.455000e+02 1.940579e+02 2.539588e+02
7.460000e+02 2.590168e+02 2.539618e+02
7.465000e+02 3.515304e+02 2.539616e+02
7.470000e+02 4.756345e+02 2.539581e+02
7.475000e+02 6.112964e+02 2.539513e+02
7.480000e+02 6.805142e+02 2.539412e+02
7.485000e+02 5.736450e+02 2.539277e+02
7.490000e+02 4.369023e+02 2.539109e+02
7.495000e+02 3.220839e+02 2.538909e+02
7.500000e+02 2.386657e+02 2.538677e+02
7.505000e+02 1.804088e+02 2.538413e+02
7.510000e+02 1.396992e+02 2.538119e+02
7.515000e+02 1.107787e+02 2.537795e+02
7.520000e+02 8.972962e+01 2.537444e+02
7.525000e+02 7.415661e+01 2.537066e+02
7.530000e+02 6.236930e+01 2.536664e+02
7.535000e+02 5.337892e+01 2.536242e+02
7.540000e+02 4.649404e+01 2.535802e+02
7.545000e+02 4.106062e+01 2.535344e+02
7.550000e+02 3.627016e+01 2.534862e+02
7.555000e+02 3.214793e+01 2.534348e+02
7.560000e+02 2.855495e+01 2.533801e+02
7.565000e+02 2.554875e+01 2.533226e+02
7.570000e+02 2.304353e+01 2.532627e+02
7.575000e+02 2.094613e+01 2.532007e+02
7.580000e+02 1.916131e+01 2.531370e+02
7.585000e+02 1.764264e+01 2.530717e+02
7.590000e+02 1.633973e+01 2.530047e+02
7.595000e+02 1.517663e+01 2.529363e+02
