0.000000e+00 5.967810e-02 1.999807e+01
5.000000e-01 5.945777e-02 1.994844e+01
1.000000e+00 7.183816e-02 2.245281e+01
1.500000e+00 5.819937e-02 1.969182e+01
2.000000e+00 5.921546e-02 1.988168e+01
2.500000e+00 6.491869e-02 2.102198e+01
3.000000e+00 6.671974e-02 2.138329e+01
3.500000e+00 8.571655e-02 2.519291e+01
4.000000e+00 6.088386e-02 2.019220e+01
4.500000e+00 6.127483e-02 2.027464e+01
5.000000e+00 5.665093e-02 1.935530e+01
5.500000e+00 5.836684e-02 1.973939e+01
6.000000e+00 6.968822e-02 2.200104e+01
6.500000e+00 5.995279e-02 2.008187e+01
7.000000e+00 5.641017e-02 1.931384e+01
7.500000e+00 5.654856e-02 1.931848e+01
8.000000e+00 6.211463e-02 2.043271e+01
8.500000e+00 6.108565e-02 2.022643e+01
9.000000e+00 5.822436e-02 1.964657e+01
9.500000e+00 5.946974e-02 1.989350e+01
1.000000e+01 9.345902e-02 2.665071e+01
1.050000e+01 5.867746e-02 1.976154e+01
1.100000e+01 5.719538e-02 1.945473e+01
1.150000e+01 5.659532e-02 1.934130e+01
1.200000e+01 5.554636e-02 1.913678e+01
1.250000e+01 5.553719e-02 1.914501e+01
1.300000e+01 5.584015e-02 1.922345e+01
1.350000e+01 5.702613e-02 1.948749e+01
1.400000e+01 6.257007e-02 2.065024e+01
1.450000e+01 5.706263e-02 1.951671e+01
1.500000e+01 5.641905e-02 1.937560e+01
1.550000e+01 5.571219e-02 1.921168e+01
1.600000e+01 5.523549e-02 1.909519e+01
1.650000e+01 5.497001e-02 1.902787e+01
1.700000e+01 5.481696e-02 1.898803e+01
1.750000e+01 5.490483e-02 1.900236e+01
1.800000e+01 5.584978e-02 1.919238e+01
1.850000e+01 5.946552e-02 1.991649e+01
1.900000e+01 5.765556e-02 1.955310e+01
1.950000e+01 5.523489e-02 1.907023e+01
2.000000e+01 5.494479e-02 1.901422e+01
2.050000e+01 5.486046e-02 1.899972e+01
2.100000e+01 5.492808e-02 1.901750e+01
2.150000e+01 5.502629e-02 1.904254e+01
2.200000e+01 5.531269e-02 1.910712e+01
2.250000e+01 5.606635e-02 1.926919e+01
2.300000e+01 5.790960e-02 1.964641e+01
2.350000e+01 6.126354e-02 2.032317e+01
2.400000e+01 5.933411e-02 1.995215e+01
2.450000e+01 5.726204e-02 1.954795e+01
2.500000e+01 6.999072e-02 2.222216e+01
2.550000e+01 5.750226e-02 1.962640e+01
2.600000e+01 5.739579e-02 1.961731e+01
2.650000e+01 5.765671e-02 1.967509e+01
2.700000e+01 5.983759e-02 2.010894e+01
2.750000e+01 6.034231e-02 2.020920e+01
2.800000e+01 5.754992e-02 1.965502e+01
2.850000e+01 5.746156e-02 1.964333e+01
2.900000e+01 5.825959e-02 1.981560e+01
2.950000e+01 5.842777e-02 1.986021e+01
3.000000e+01 5.783178e-02 1.974445e+01
3.050000e+01 5.832254e-02 1.985755e+01
3.100000e+01 5.936159e-02 2.007936e+01
3.150000e+01 6.232539e-02 2.070586e+01
3.200000e+01 5.942423e-02 2.011953e+01
3.250000e+01 6.020870e-02 2.029501e+01
3.300000e+01 8.300192e-02 2.484933e+01
3.350000e+01 6.158512e-02 2.060989e+01
3.400000e+01 6.200455e-02 2.071723e+01
3.450000e+01 8.426621e-02 2.525753e+01
3.500000e+01 6.249784e-02 2.087760e+01
3.550000e+01 6.326096e-02 2.107707e+01
3.600000e+01 6.545630e-02 2.156297e+01
3.650000e+01 6.791505e-02 2.208840e+01
3.700000e+01 6.985439e-02 2.250046e+01
3.750000e+01 6.496239e-02 2.151222e+01
3.800000e+01 6.465643e-02 2.145030e+01
3.850000e+01 6.558705e-02 2.165122e+01
3.900000e+01 6.730798e-02 2.201260e+01
3.950000e+01 7.735880e-02 2.411184e+01
4.000000e+01 6.669753e-02 2.192218e+01
4.050000e+01 6.658176e-02 2.192727e+01
4.100000e+01 6.819742e-02 2.230360e+01
4.150000e+01 6.761372e-02 2.220217e+01
4.200000e+01 6.839685e-02 2.240156e+01
4.250000e+01 6.938823e-02 2.264270e+01
4.300000e+01 7.124678e-02 2.306589e+01
4.350000e+01 7.155032e-02 2.318395e+01
4.400000e+01 7.364002e-02 2.366245e+01
4.450000e+01 8.791613e-02 2.658462e+01
4.500000e+01 7.709961e-02 2.449566e+01
4.550000e+01 7.907112e-02 2.497235e+01
4.600000e+01 9.727589e-02 2.861756e+01
4.650000e+01 8.770760e-02 2.686504e+01
4.700000e+01 8.525441e-02 2.650206e+01
4.750000e+01 8.732014e-02 2.703596e+01
4.800000e+01 9.071910e-02 2.784876e+01
4.850000e+01 9.600607e-02 2.904892e+01
4.900000e+01 1.405944e-01 3.787382e+01
4.950000e+01 1.057392e-01 3.135320e+01
5.000000e+01 1.114062e-01 3.269990e+01
5.050000e+01 1.193453e-01 3.451256e+01
5.100000e+01 1.327311e-01 3.744059e+01
5.150000e+01 1.422575e-01 3.956343e+01
5.200000e+01 1.586245e-01 4.303084e+01
5.250000e+01 1.803986e-01 4.747430e+01
5.300000e+01 2.129997e-01 5.380986e+01
5.350000e+01 2.532746e-01 6.117088e+01
5.400000e+01 3.019604e-01 6.906354e+01
5.450000e+01 3.794287e-01 8.031333e+01
5.500000e+01 4.909328e-01 9.377832e+01
5.550000e+01 6.527865e-01 1.086664e+02
5.600000e+01 8.480664e-01 1.214187e+02
5.650000e+01 1.029907e+00 1.294628e+02
5.700000e+01 1.006450e+00 1.287668e+02
5.750000e+01 8.143629e-01 1.199579e+02
5.800000e+01 6.185551e-01 1.066014e+02
5.850000e+01 4.752166e-01 9.329892e+01
5.900000e+01 3.607743e-01 7.826455e+01
5.950000e+01 2.875714e-01 6.718704e+01
6.000000e+01 2.359431e-01 5.828247e+01
6.050000e+01 2.009592e-01 5.177390e+01
6.100000e+01 1.755455e-01 4.671151e+01
6.150000e+01 1.629551e-01 4.394232e+01
6.200000e+01 1.495903e-01 4.101634e+01
6.250000e+01 1.287504e-01 3.668758e+01
6.300000e+01 1.245670e-01 3.555838e+01
6.350000e+01 1.130796e-01 3.307716e+01
6.400000e+01 1.061763e-01 3.151270e+01
6.450000e+01 1.036763e-01 3.084098e+01
6.500000e+01 9.808627e-02 2.957944e+01
6.550000e+01 9.330238e-02 2.849686e+01
6.600000e+01 9.047128e-02 2.781482e+01
6.650000e+01 9.019856e-02 2.768067e+01
6.700000e+01 8.658219e-02 2.685442e+01
6.750000e+01 8.535736e-02 2.653910e+01
6.800000e+01 8.420256e-02 2.624994e+01
6.850000e+01 8.379365e-02 2.612056e+01
6.900000e+01 8.310595e-02 2.594536e+01
6.950000e+01 8.300864e-02 2.589664e+01
7.000000e+01 8.731189e-02 2.670402e+01
7.050000e+01 8.332356e-02 2.592411e+01
7.100000e+01 8.342675e-02 2.593966e+01
7.150000e+01 8.343614e-02 2.593144e+01
7.200000e+01 8.400023e-02 2.604568e+01
7.250000e+01 8.572747e-02 2.641135e+01
7.300000e+01 8.608635e-02 2.649200e+01
7.350000e+01 8.775946e-02 2.685271e+01
7.400000e+01 9.173115e-02 2.768949e+01
7.450000e+01 9.211911e-02 2.778701e+01
7.500000e+01 9.746017e-02 2.894029e+01
7.550000e+01 9.640746e-02 2.867091e+01
7.600000e+01 1.080320e-01 3.084324e+01
7.650000e+01 1.087769e-01 3.109734e+01
7.700000e+01 1.059542e-01 3.076342e+01
7.750000e+01 1.094673e-01 3.157546e+01
7.800000e+01 1.147881e-01 3.274048e+01
7.850000e+01 1.222209e-01 3.431894e+01
7.900000e+01 1.321062e-01 3.637463e+01
7.950000e+01 1.460051e-01 3.916997e+01
8.000000e+01 2.493577e-01 5.587195e+01
8.050000e+01 1.874377e-01 4.713884e+01
8.100000e+01 2.129951e-01 5.173916e+01
8.150000e+01 2.383597e-01 5.608867e+01
8.200000e+01 2.751515e-01 6.197900e+01
8.250000e+01 3.297408e-01 7.001001e+01
8.300000e+01 4.148797e-01 8.089484e+01
8.350000e+01 5.437899e-01 9.425050e+01
8.400000e+01 7.317628e-01 1.085232e+02
8.450000e+01 9.729228e-01 1.204924e+02
8.500000e+01 1.173111e+00 1.267865e+02
8.550000e+01 1.098238e+00 1.247179e+02
8.600000e+01 8.633377e-01 1.162090e+02
8.650000e+01 6.489707e-01 1.025773e+02
8.700000e+01 5.065633e-01 9.002447e+01
8.750000e+01 3.743211e-01 7.569079e+01
8.800000e+01 3.012874e-01 6.569140e+01
8.850000e+01 2.482716e-01 5.755241e+01
8.900000e+01 2.123946e-01 5.149981e+01
8.950000e+01 1.862920e-01 4.679826e+01
9.000000e+01 1.665900e-01 4.307511e+01
9.050000e+01 1.518009e-01 4.018434e+01
9.100000e+01 1.407567e-01 3.796873e+01
9.150000e+01 1.320679e-01 3.618149e+01
9.200000e+01 1.254759e-01 3.477631e+01
9.250000e+01 1.265602e-01 3.471074e+01
9.300000e+01 1.240132e-01 3.409815e+01
9.350000e+01 1.114529e-01 3.180016e+01
9.400000e+01 1.078243e-01 3.104802e+01
9.450000e+01 1.052996e-01 3.050958e+01
9.500000e+01 1.065086e-01 3.074418e+01
9.550000e+01 1.028088e-01 2.992882e+01
9.600000e+01 1.001654e-01 2.939367e+01
9.650000e+01 9.849393e-02 2.903462e+01
9.700000e+01 9.726952e-02 2.876255e+01
9.750000e+01 9.717428e-02 2.872797e+01
9.800000e+01 9.794029e-02 2.888641e+01
9.850000e+01 9.483197e-02 2.821438e+01
9.900000e+01 9.414666e-02 2.806416e+01
9.950000e+01 9.374236e-02 2.797596e+01
1.000000e+02 9.363901e-02 2.795437e+01
1.005000e+02 9.346903e-02 2.791690e+01
1.010000e+02 9.352645e-02 2.793129e+01
1.015000e+02 9.364605e-02 2.795865e+01
1.020000e+02 9.392456e-02 2.801643e+01
1.025000e+02 9.438396e-02 2.811052e+01
1.030000e+02 9.693797e-02 2.859576e+01
1.035000e+02 1.034342e-01 2.984086e+01
1.040000e+02 9.582642e-02 2.842780e+01
1.045000e+02 9.650739e-02 2.858071e+01
1.050000e+02 9.970367e-02 2.918455e+01
1.055000e+02 9.829618e-02 2.896958e+01
1.060000e+02 9.876274e-02 2.908315e+01
1.065000e+02 9.894360e-02 2.915215e+01
1.070000e+02 9.971546e-02 2.933371e+01
1.075000e+02 1.006720e-01 2.955370e+01
1.080000e+02 1.017596e-01 2.980052e+01
1.085000e+02 1.029671e-01 3.007591e+01
1.090000e+02 1.047217e-01 3.046563e+01
1.095000e+02 1.062404e-01 3.080073e+01
1.100000e+02 1.080503e-01 3.120637e+01
1.105000e+02 1.102982e-01 3.170158e+01
1.110000e+02 1.136180e-01 3.239640e+01
1.115000e+02 1.202323e-01 3.366235e+01
1.120000e+02 1.244421e-01 3.451481e+01
1.125000e+02 1.363856e-01 3.667491e+01
1.130000e+02 1.283864e-01 3.547653e+01
1.135000e+02 1.265364e-01 3.534548e+01
1.140000e+02 1.299263e-01 3.614378e+01
1.145000e+02 1.378574e-01 3.783661e+01
1.150000e+02 1.723327e-01 4.400176e+01
1.155000e+02 1.473253e-01 4.000653e+01
1.160000e+02 1.594950e-01 4.260870e+01
1.165000e+02 1.654982e-01 4.402158e+01
1.170000e+02 1.788384e-01 4.689762e+01
1.175000e+02 2.063685e-01 5.228611e+01
1.180000e+02 2.289423e-01 5.699754e+01
1.185000e+02 2.698544e-01 6.479713e+01
1.190000e+02 3.473212e-01 7.814090e+01
1.195000e+02 4.483595e-01 9.300108e+01
1.200000e+02 6.723192e-01 1.168756e+02
1.205000e+02 1.226787e+00 1.463935e+02
1.210000e+02 3.075384e+00 1.632608e+02
1.215000e+02 3.086548e+00 1.643593e+02
1.220000e+02 1.249687e+00 1.491950e+02
1.225000e+02 6.998499e-01 1.213821e+02
1.230000e+02 4.775002e-01 9.850281e+01
1.235000e+02 3.942232e-01 8.686648e+01
1.240000e+02 3.204148e-01 7.459708e+01
1.245000e+02 3.574410e-01 7.825439e+01
1.250000e+02 2.773490e-01 6.600127e+01
1.255000e+02 2.704360e-01 6.420603e+01
1.260000e+02 2.762291e-01 6.455389e+01
1.265000e+02 2.961221e-01 6.701150e+01
1.270000e+02 3.340698e-01 7.186514e+01
1.275000e+02 4.108118e-01 8.089884e+01
1.280000e+02 6.288357e-01 9.976163e+01
1.285000e+02 2.767593e+00 1.317161e+02
1.290000e+02 6.545651e-01 1.012691e+02
1.295000e+02 4.554174e-01 8.505003e+01
1.300000e+02 3.978864e-01 7.896578e+01
1.305000e+02 3.864726e-01 7.784449e+01
1.310000e+02 4.388828e-01 8.315911e+01
1.315000e+02 4.120609e-01 8.096818e+01
1.320000e+02 4.399520e-01 8.420608e+01
1.325000e+02 4.777067e-01 8.827613e+01
1.330000e+02 5.267224e-01 9.311267e+01
1.335000e+02 5.862899e-01 9.842493e+01
1.340000e+02 6.621973e-01 1.043466e+02
1.345000e+02 7.588319e-01 1.107209e+02
1.350000e+02 8.901019e-01 1.175995e+02
1.355000e+02 1.044843e+00 1.239092e+02
1.360000e+02 1.258617e+00 1.300674e+02
1.365000e+02 1.544640e+00 1.351059e+02
1.370000e+02 1.942530e+00 1.388683e+02
1.375000e+02 2.507115e+00 1.411708e+02
1.380000e+02 3.337606e+00 1.423667e+02
1.385000e+02 4.562408e+00 1.427951e+02
1.390000e+02 6.316732e+00 1.428644e+02
1.395000e+02 8.585661e+00 1.430132e+02
1.400000e+02 1.056178e+01 1.429466e+02
1.405000e+02 1.005584e+01 1.428948e+02
1.410000e+02 7.796154e+00 1.427904e+02
1.415000e+02 5.669628e+00 1.426204e+02
1.420000e+02 4.115724e+00 1.423429e+02
1.425000e+02 3.053390e+00 1.417344e+02
1.430000e+02 2.330889e+00 1.403412e+02
1.435000e+02 1.830792e+00 1.377456e+02
1.440000e+02 1.475748e+00 1.337621e+02
1.445000e+02 1.217064e+00 1.285629e+02
1.450000e+02 1.024490e+00 1.227218e+02
1.455000e+02 8.779669e-01 1.166050e+02
1.460000e+02 7.647893e-01 1.107308e+02
1.465000e+02 6.729442e-01 1.045552e+02
1.470000e+02 6.063239e-01 9.936858e+01
1.475000e+02 5.448944e-01 9.411837e+01
1.480000e+02 4.923518e-01 8.916459e+01
1.485000e+02 4.526364e-01 8.501220e+01
1.490000e+02 4.211238e-01 8.147202e+01
1.495000e+02 3.961541e-01 7.850446e+01
1.500000e+02 3.765566e-01 7.605762e+01
1.505000e+02 3.586538e-01 7.372533e+01
1.510000e+02 3.374151e-01 7.091558e+01
1.515000e+02 3.167585e-01 6.806094e+01
1.520000e+02 2.989178e-01 6.548372e+01
1.525000e+02 2.948085e-01 6.455284e+01
1.530000e+02 2.729723e-01 6.151643e+01
1.535000e+02 2.590804e-01 5.944202e+01
1.540000e+02 2.492825e-01 5.789445e+01
1.545000e+02 2.411141e-01 5.657487e+01
1.550000e+02 2.380495e-01 5.596597e+01
1.555000e+02 2.281051e-01 5.442966e+01
1.560000e+02 2.230764e-01 5.358236e+01
1.565000e+02 2.467532e-01 5.678500e+01
1.570000e+02 2.287544e-01 5.419768e+01
1.575000e+02 2.105344e-01 5.148772e+01
1.580000e+02 2.071548e-01 5.093265e+01
1.585000e+02 2.046069e-01 5.051219e+01
1.590000e+02 2.028574e-01 5.022310e+01
1.595000e+02 2.024936e-01 5.015061e+01
1.600000e+02 2.192318e-01 5.257098e+01
1.605000e+02 2.033775e-01 5.029079e+01
1.610000e+02 2.120454e-01 5.161196e+01
1.615000e+02 2.202142e-01 5.283241e+01
1.620000e+02 2.248785e-01 5.352817e+01
1.625000e+02 2.437440e-01 5.619627e+01
1.630000e+02 2.019417e-01 5.029017e+01
1.635000e+02 2.007974e-01 5.026193e+01
1.640000e+02 2.001475e-01 5.016511e+01
1.645000e+02 1.982825e-01 4.999518e+01
1.650000e+02 1.989347e-01 5.022105e+01
1.655000e+02 2.003988e-01 5.059320e+01
1.660000e+02 2.024583e-01 5.108157e+01
1.665000e+02 2.050160e-01 5.167213e+01
1.670000e+02 2.083145e-01 5.240521e+01
1.675000e+02 2.126447e-01 5.332734e+01
1.680000e+02 2.218199e-01 5.500542e+01
1.685000e+02 2.313396e-01 5.677968e+01
1.690000e+02 2.289210e-01 5.684479e+01
1.695000e+02 2.350987e-01 5.823960e+01
1.700000e+02 2.437774e-01 6.008736e+01
1.705000e+02 2.548967e-01 6.239903e+01
1.710000e+02 2.689152e-01 6.526747e+01
1.715000e+02 2.883071e-01 6.911374e+01
1.720000e+02 3.163732e-01 7.445691e+01
1.725000e+02 3.572246e-01 8.185556e+01
1.730000e+02 4.443932e-01 9.596160e+01
1.735000e+02 5.204880e-01 1.066611e+02
1.740000e+02 6.971702e-01 1.267143e+02
1.745000e+02 9.728705e-01 1.474033e+02
1.750000e+02 1.413630e+00 1.637685e+02
1.755000e+02 2.146834e+00 1.746356e+02
1.760000e+02 3.322363e+00 1.794595e+02
1.765000e+02 5.303642e+00 1.817636e+02
1.770000e+02 1.203151e+01 1.834385e+02
1.775000e+02 1.530964e+01 1.849490e+02
1.780000e+02 1.044507e+01 1.864665e+02
1.785000e+02 1.040913e+01 1.881236e+02
1.790000e+02 1.211316e+01 1.901431e+02
1.795000e+02 1.647542e+01 1.926138e+02
1.800000e+02 1.171750e+01 1.956475e+02
1.805000e+02 1.308955e+01 1.995025e+02
1.810000e+02 1.156434e+01 2.045069e+02
1.815000e+02 1.382177e+01 2.110108e+02
1.820000e+02 9.315879e+00 2.197588e+02
1.825000e+02 9.236070e+00 2.312969e+02
1.830000e+02 9.615085e+00 2.456001e+02
1.835000e+02 7.290136e+00 2.601578e+02
1.840000e+02 6.873456e+00 2.681990e+02
1.845000e+02 9.640965e+00 2.683617e+02
1.850000e+02 9.210311e+00 2.625455e+02
1.855000e+02 3.913924e+00 2.478688e+02
1.860000e+02 2.169498e+00 2.204061e+02
1.865000e+02 1.375501e+00 1.853496e+02
1.870000e+02 9.783473e-01 1.542494e+02
1.875000e+02 7.339030e-01 1.292888e+02
1.880000e+02 5.978583e-01 1.123544e+02
1.885000e+02 5.138389e-01 1.008358e+02
1.890000e+02 4.596733e-01 9.267127e+01
1.895000e+02 4.218313e-01 8.689604e+01
1.900000e+02 3.931231e-01 8.246859e+01
1.905000e+02 3.816240e-01 8.019207e+01
1.910000e+02 3.606705e-01 7.711345e+01
1.915000e+02 3.517038e-01 7.553372e+01
1.920000e+02 3.476802e-01 7.466392e+01
1.925000e+02 3.470398e-01 7.430655e+01
1.930000e+02 3.499994e-01 7.447165e+01
1.935000e+02 3.555537e-01 7.501935e+01
1.940000e+02 3.647179e-01 7.605873e+01
1.945000e+02 3.783714e-01 7.766311e+01
1.950000e+02 3.971572e-01 7.987619e+01
1.955000e+02 4.239381e-01 8.294078e+01
1.960000e+02 4.617404e-01 8.705819e+01
1.965000e+02 5.176956e-01 9.265264e+01
1.970000e+02 6.016661e-01 9.995273e+01
1.975000e+02 8.999762e-01 1.165001e+02
1.980000e+02 8.522787e-01 1.159163e+02
1.985000e+02 1.095852e+00 1.253068e+02
1.990000e+02 1.317920e+00 1.307872e+02
1.995000e+02 1.295195e+00 1.302238e+02
2.000000e+02 1.091879e+00 1.249233e+02
2.005000e+02 9.463512e-01 1.195510e+02
2.010000e+02 8.924591e-01 1.169976e+02
2.015000e+02 9.181627e-01 1.178412e+02
2.020000e+02 9.702304e-01 1.200437e+02
2.025000e+02 1.071507e+00 1.237294e+02
2.030000e+02 1.221911e+00 1.278888e+02
2.035000e+02 1.349358e+00 1.306356e+02
2.040000e+02 1.518328e+00 1.333910e+02
2.045000e+02 1.792880e+00 1.362971e+02
2.050000e+02 2.221322e+00 1.387225e+02
2.055000e+02 2.896578e+00 1.401988e+02
2.060000e+02 3.845407e+00 1.408182e+02
2.065000e+02 5.344941e+00 1.410565e+02
2.070000e+02 7.561478e+00 1.411559e+02
2.075000e+02 1.029834e+01 1.411836e+02
2.080000e+02 1.277677e+01 1.411498e+02
2.085000e+02 9.937948e+00 1.410563e+02
2.090000e+02 7.223064e+00 1.409013e+02
2.095000e+02 5.088022e+00 1.406835e+02
2.100000e+02 3.673861e+00 1.403001e+02
2.105000e+02 2.745186e+00 1.394122e+02
2.110000e+02 2.126849e+00 1.376297e+02
2.115000e+02 1.703382e+00 1.346561e+02
2.120000e+02 1.409163e+00 1.307140e+02
2.125000e+02 1.183936e+00 1.259059e+02
2.130000e+02 1.016723e+00 1.207443e+02
2.135000e+02 8.901881e-01 1.155788e+02
2.140000e+02 7.922318e-01 1.106260e+02
2.145000e+02 7.161940e-01 1.060758e+02
2.150000e+02 6.529627e-01 1.017942e+02
2.155000e+02 6.022662e-01 9.797951e+01
2.160000e+02 5.614121e-01 9.464580e+01
2.165000e+02 5.286022e-01 9.179755e+01
2.170000e+02 5.043627e-01 8.956669e+01
2.175000e+02 5.197769e-01 9.039336e+01
2.180000e+02 4.588682e-01 8.505979e+01
2.185000e+02 4.388792e-01 8.274728e+01
2.190000e+02 4.225747e-01 8.075835e+01
2.195000e+02 4.099636e-01 7.917197e+01
2.200000e+02 3.988099e-01 7.778222e+01
2.205000e+02 3.903815e-01 7.670461e+01
2.210000e+02 3.855338e-01 7.601252e+01
2.215000e+02 3.780944e-01 7.511244e+01
2.220000e+02 3.758881e-01 7.475273e+01
2.225000e+02 3.844951e-01 7.548910e+01
2.230000e+02 3.850336e-01 7.547135e+01
2.235000e+02 3.796316e-01 7.492618e+01
2.240000e+02 3.791732e-01 7.488158e+01
2.245000e+02 3.707664e-01 7.406619e+01
2.250000e+02 3.712388e-01 7.414124e+01
2.255000e+02 3.724066e-01 7.429494e+01
2.260000e+02 3.764624e-01 7.476709e+01
2.265000e+02 3.987827e-01 7.702275e+01
2.270000e+02 3.931895e-01 7.669201e+01
2.275000e+02 4.049196e-01 7.807048e+01
2.280000e+02 5.695271e-01 9.171361e+01
2.285000e+02 4.669608e-01 8.442654e+01
2.290000e+02 4.937685e-01 8.734005e+01
2.295000e+02 6.072159e-01 9.646802e+01
2.300000e+02 6.694002e-01 1.013912e+02
2.305000e+02 7.245644e-01 1.057133e+02
2.310000e+02 9.530884e-01 1.158254e+02
2.315000e+02 7.702152e-01 1.085884e+02
2.320000e+02 7.478144e-01 1.073914e+02
2.325000e+02 7.877231e-01 1.096582e+02
2.330000e+02 9.304679e-01 1.162477e+02
2.335000e+02 1.104287e+00 1.227510e+02
2.340000e+02 1.425855e+00 1.298654e+02
2.345000e+02 1.747314e+00 1.336377e+02
2.350000e+02 1.670715e+00 1.329277e+02
2.355000e+02 1.312168e+00 1.277876e+02
2.360000e+02 1.143136e+00 1.229005e+02
2.365000e+02 8.078209e-01 1.106804e+02
2.370000e+02 6.838483e-01 1.031744e+02
2.375000e+02 6.021338e-01 9.718193e+01
2.380000e+02 5.463426e-01 9.254662e+01
2.385000e+02 5.110935e-01 8.930595e+01
2.390000e+02 4.885892e-01 8.708573e+01
2.395000e+02 4.801006e-01 8.604438e+01
