0.000000e+00 2.765978e-08 2.700000e+00
5.000000e-01 2.780011e-03 3.383947e+00
1.000000e+00 3.291134e-03 3.515574e+00
1.500000e+00 3.419687e-03 3.548784e+00
2.000000e+00 3.474563e-03 3.562926e+00
2.500000e+00 3.508268e-03 3.571567e+00
3.000000e+00 3.534949e-03 3.578369e+00
3.500000e+00 3.559745e-03 3.584662e+00
4.000000e+00 3.584926e-03 3.591034e+00
4.500000e+00 3.611687e-03 3.597795e+00
5.000000e+00 3.640860e-03 3.605154e+00
5.500000e+00 3.672380e-03 3.613103e+00
6.000000e+00 3.705966e-03 3.621570e+00
6.500000e+00 3.741642e-03 3.630561e+00
7.000000e+00 3.780203e-03 3.640275e+00
7.500000e+00 3.822198e-03 3.650855e+00
8.000000e+00 3.867932e-03 3.662378e+00
8.500000e+00 3.917795e-03 3.674939e+00
9.000000e+00 3.973899e-03 3.688997e+00
9.500000e+00 4.031578e-03 3.703572e+00
1.000000e+01 4.098047e-03 3.720192e+00
1.050000e+01 4.163360e-03 3.736672e+00
1.100000e+01 4.249569e-03 3.757785e+00
1.150000e+01 4.298099e-03 3.770842e+00
1.200000e+01 4.372660e-03 3.789760e+00
1.250000e+01 4.454274e-03 3.810408e+00
1.300000e+01 4.542516e-03 3.832736e+00
1.350000e+01 4.638030e-03 3.856920e+00
1.400000e+01 4.741383e-03 3.883114e+00
1.450000e+01 4.855096e-03 3.911912e+00
1.500000e+01 4.985193e-03 3.944694e+00
1.550000e+01 5.112349e-03 3.977407e+00
1.600000e+01 5.267708e-03 4.016860e+00
1.650000e+01 5.433928e-03 4.059530e+00
1.700000e+01 5.627615e-03 4.109248e+00
1.750000e+01 5.856096e-03 4.167981e+00
1.800000e+01 6.131111e-03 4.238857e+00
1.850000e+01 6.472517e-03 4.327074e+00
1.900000e+01 6.912575e-03 4.441043e+00
1.950000e+01 7.504161e-03 4.594503e+00
2.000000e+01 8.335012e-03 4.810099e+00
2.050000e+01 9.545142e-03 5.123610e+00
2.100000e+01 1.132767e-02 5.583251e+00
2.150000e+01 1.379998e-02 6.214030e+00
2.200000e+01 1.638138e-02 6.859651e+00
2.250000e+01 1.685573e-02 6.980997e+00
2.300000e+01 1.514415e-02 6.556776e+00
2.350000e+01 1.328807e-02 6.083277e+00
2.400000e+01 1.195130e-02 5.736108e+00
2.450000e+01 1.105247e-02 5.502063e+00
2.500000e+01 1.053724e-02 5.365127e+00
2.550000e+01 1.028734e-02 5.295779e+00
2.600000e+01 1.013175e-02 5.253426e+00
2.650000e+01 1.011828e-02 5.246838e+00
2.700000e+01 1.018965e-02 5.262030e+00
2.750000e+01 1.032646e-02 5.293936e+00
2.800000e+01 1.050693e-02 5.337292e+00
2.850000e+01 1.073265e-02 5.392116e+00
2.900000e+01 1.110264e-02 5.479898e+00
2.950000e+01 1.129731e-02 5.530366e+00
3.000000e+01 1.183514e-02 5.656666e+00
3.050000e+01 1.209702e-02 5.724477e+00
3.100000e+01 1.236094e-02 5.793086e+00
3.150000e+01 1.277308e-02 5.895141e+00
3.200000e+01 1.322089e-02 6.005868e+00
3.250000e+01 1.370125e-02 6.124622e+00
3.300000e+01 1.421662e-02 6.251960e+00
3.350000e+01 1.476845e-02 6.388230e+00
3.400000e+01 1.535791e-02 6.533722e+00
3.450000e+01 1.598926e-02 6.689412e+00
3.500000e+01 1.666701e-02 6.856336e+00
3.550000e+01 1.739265e-02 7.034850e+00
3.600000e+01 1.843451e-02 7.284127e+00
3.650000e+01 1.899909e-02 7.429606e+00
3.700000e+01 1.988791e-02 7.647763e+00
3.750000e+01 2.086688e-02 7.886865e+00
3.800000e+01 2.194882e-02 8.149862e+00
3.850000e+01 2.298802e-02 8.406260e+00
3.900000e+01 2.418404e-02 8.698185e+00
3.950000e+01 2.549755e-02 9.017655e+00
4.000000e+01 2.688265e-02 9.355054e+00
4.050000e+01 2.840923e-02 9.725571e+00
4.100000e+01 3.007213e-02 1.012834e+01
4.150000e+01 3.188746e-02 1.056707e+01
4.200000e+01 3.387651e-02 1.104661e+01
4.250000e+01 3.607061e-02 1.157387e+01
4.300000e+01 3.850536e-02 1.215681e+01
4.350000e+01 4.118969e-02 1.279776e+01
4.400000e+01 4.406477e-02 1.348543e+01
4.450000e+01 4.730751e-02 1.425702e+01
4.500000e+01 5.097579e-02 1.512518e+01
4.550000e+01 5.504063e-02 1.608503e+01
4.600000e+01 5.965831e-02 1.716957e+01
4.650000e+01 6.490014e-02 1.839457e+01
4.700000e+01 7.088968e-02 1.978650e+01
4.750000e+01 7.778310e-02 2.137845e+01
4.800000e+01 8.578596e-02 2.321342e+01
4.850000e+01 9.517483e-02 2.534850e+01
4.900000e+01 1.063287e-01 2.786078e+01
4.950000e+01 1.198051e-01 3.086169e+01
5.000000e+01 1.366057e-01 3.454724e+01
5.050000e+01 1.577662e-01 3.911937e+01
5.100000e+01 1.868700e-01 4.525252e+01
5.150000e+01 2.319442e-01 5.439404e+01
5.200000e+01 2.941255e-01 6.638813e+01
5.250000e+01 3.971822e-01 8.473956e+01
5.300000e+01 5.712482e-01 1.118240e+02
5.350000e+01 8.650332e-01 1.484473e+02
5.400000e+01 1.351837e+00 1.907656e+02
5.450000e+01 2.135472e+00 2.293051e+02
5.500000e+01 3.342604e+00 2.545797e+02
5.550000e+01 5.188864e+00 2.663102e+02
5.600000e+01 8.297541e+00 2.705451e+02
5.650000e+01 1.169661e+01 2.721547e+02
5.700000e+01 1.743457e+01 2.730137e+02
5.750000e+01 1.719850e+01 2.735600e+02
5.800000e+01 1.764760e+01 2.739477e+02
5.850000e+01 2.683528e+01 2.741889e+02
5.900000e+01 2.243319e+01 2.742569e+02
5.950000e+01 2.556331e+01 2.743437e+02
6.000000e+01 2.287735e+01 2.744958e+02
6.050000e+01 3.243646e+01 2.745955e+02
6.100000e+01 2.374494e+01 2.745428e+02
6.150000e+01 2.036281e+01 2.744616e+02
6.200000e+01 2.045508e+01 2.743402e+02
6.250000e+01 3.020140e+01 2.740414e+02
6.300000e+01 2.365892e+01 2.732630e+02
6.350000e+01 1.021454e+01 2.717883e+02
6.400000e+01 6.261862e+00 2.688282e+02
6.450000e+01 3.918347e+00 2.604727e+02
6.500000e+01 2.456592e+00 2.395983e+02
6.550000e+01 1.559820e+00 2.048904e+02
6.600000e+01 1.014811e+00 1.645629e+02
6.650000e+01 6.853395e-01 1.279960e+02
6.700000e+01 4.867311e-01 9.969416e+01
6.750000e+01 3.662211e-01 7.967995e+01
6.800000e+01 2.896410e-01 6.573146e+01
6.850000e+01 2.396496e-01 5.605319e+01
6.900000e+01 2.045775e-01 4.899622e+01
6.950000e+01 1.787306e-01 4.365069e+01
7.000000e+01 1.585400e-01 3.939107e+01
7.050000e+01 1.422706e-01 3.590217e+01
7.100000e+01 1.288105e-01 3.297735e+01
7.150000e+01 1.174963e-01 3.049109e+01
7.200000e+01 1.078084e-01 2.834302e+01
7.250000e+01 9.949141e-02 2.648319e+01
7.300000e+01 9.222314e-02 2.484730e+01
7.350000e+01 8.587553e-02 2.340951e+01
7.400000e+01 8.029239e-02 2.213788e+01
7.450000e+01 7.534337e-02 2.100544e+01
7.500000e+01 7.098621e-02 2.000263e+01
7.550000e+01 6.712651e-02 1.910952e+01
7.600000e+01 6.354741e-02 1.828265e+01
7.650000e+01 6.313839e-02 1.811993e+01
7.700000e+01 5.738526e-02 1.685300e+01
7.750000e+01 5.501872e-02 1.629458e+01
7.800000e+01 5.226452e-02 1.566231e+01
7.850000e+01 5.005433e-02 1.514738e+01
7.900000e+01 4.836609e-02 1.474899e+01
7.950000e+01 4.629763e-02 1.426951e+01
8.000000e+01 4.469830e-02 1.389510e+01
8.050000e+01 4.321742e-02 1.354717e+01
8.100000e+01 4.172940e-02 1.319742e+01
8.150000e+01 4.028543e-02 1.285712e+01
8.200000e+01 3.895276e-02 1.254234e+01
8.250000e+01 3.773938e-02 1.225555e+01
8.300000e+01 3.663213e-02 1.199392e+01
8.350000e+01 3.561729e-02 1.175427e+01
8.400000e+01 3.468347e-02 1.153390e+01
8.450000e+01 3.382101e-02 1.133056e+01
8.500000e+01 3.302609e-02 1.114328e+01
8.550000e+01 3.229066e-02 1.097025e+01
8.600000e+01 3.161101e-02 1.081059e+01
8.650000e+01 3.098735e-02 1.066431e+01
8.700000e+01 3.041375e-02 1.053014e+01
8.750000e+01 2.988839e-02 1.040755e+01
8.800000e+01 2.939892e-02 1.029335e+01
8.850000e+01 2.892541e-02 1.018278e+01
8.900000e+01 2.847305e-02 1.007738e+01
8.950000e+01 2.806570e-02 9.982701e+00
9.000000e+01 2.771763e-02 9.902214e+00
9.050000e+01 2.736578e-02 9.821088e+00
9.100000e+01 2.707747e-02 9.755015e+00
9.150000e+01 2.679147e-02 9.690145e+00
9.200000e+01 2.655382e-02 9.636566e+00
9.250000e+01 2.635038e-02 9.591112e+00
9.300000e+01 2.619745e-02 9.557200e+00
9.350000e+01 2.622904e-02 9.562824e+00
9.400000e+01 2.841135e-02 1.003597e+01
9.450000e+01 2.590232e-02 9.495476e+00
9.500000e+01 2.573590e-02 9.462121e+00
9.550000e+01 2.576573e-02 9.471151e+00
9.600000e+01 2.640728e-02 9.610259e+00
9.650000e+01 2.614579e-02 9.559051e+00
9.700000e+01 2.568013e-02 9.466311e+00
9.750000e+01 2.566511e-02 9.469377e+00
9.800000e+01 2.574609e-02 9.493803e+00
9.850000e+01 2.582536e-02 9.518718e+00
9.900000e+01 2.599896e-02 9.565062e+00
9.950000e+01 2.622214e-02 9.623252e+00
1.000000e+02 2.654194e-02 9.702917e+00
1.005000e+02 2.757302e-02 9.938428e+00
1.010000e+02 2.725691e-02 9.880230e+00
1.015000e+02 2.858048e-02 1.017287e+01
1.020000e+02 2.880882e-02 1.023689e+01
1.025000e+02 2.813879e-02 1.011445e+01
1.030000e+02 2.849444e-02 1.020935e+01
1.035000e+02 2.919350e-02 1.037887e+01
1.040000e+02 3.040938e-02 1.065970e+01
1.045000e+02 3.026983e-02 1.065587e+01
1.050000e+02 3.097861e-02 1.083445e+01
1.055000e+02 3.183802e-02 1.104766e+01
1.060000e+02 3.282534e-02 1.129112e+01
1.065000e+02 3.395503e-02 1.156823e+01
1.070000e+02 3.524360e-02 1.188298e+01
1.075000e+02 3.672569e-02 1.224321e+01
1.080000e+02 3.846404e-02 1.266304e+01
1.085000e+02 4.040672e-02 1.313152e+01
1.090000e+02 4.275954e-02 1.369333e+01
1.095000e+02 4.750119e-02 1.476507e+01
1.100000e+02 4.876498e-02 1.511530e+01
1.105000e+02 5.328366e-02 1.615427e+01
1.110000e+02 5.990219e-02 1.763794e+01
1.115000e+02 6.222461e-02 1.827245e+01
1.120000e+02 6.853214e-02 1.974048e+01
1.125000e+02 7.662835e-02 2.159981e+01
1.130000e+02 8.694556e-02 2.394185e+01
1.135000e+02 1.002305e-01 2.691916e+01
1.140000e+02 1.178576e-01 3.080358e+01
1.145000e+02 1.416843e-01 3.594322e+01
1.150000e+02 1.783028e-01 4.354641e+01
1.155000e+02 2.240130e-01 5.279127e+01
1.160000e+02 2.992805e-01 6.704637e+01
1.165000e+02 4.235627e-01 8.840607e+01
1.170000e+02 6.478680e-01 1.210001e+02
1.175000e+02 1.105239e+00 1.691280e+02
1.180000e+02 2.214289e+00 2.265946e+02
1.185000e+02 5.894593e+00 2.583014e+02
1.190000e+02 5.883746e+00 2.582452e+02
1.195000e+02 2.193555e+00 2.259252e+02
1.200000e+02 1.087317e+00 1.675939e+02
1.205000e+02 6.332683e-01 1.191035e+02
1.210000e+02 4.115594e-01 8.649849e+01
1.215000e+02 2.891326e-01 6.525307e+01
1.220000e+02 2.152060e-01 5.114290e+01
1.225000e+02 1.674899e-01 4.147828e+01
1.230000e+02 1.351909e-01 3.466992e+01
1.235000e+02 1.128460e-01 2.981483e+01
1.240000e+02 1.050285e-01 2.786340e+01
1.245000e+02 8.362920e-02 2.331538e+01
1.250000e+02 7.375973e-02 2.108305e+01
1.255000e+02 7.138158e-02 2.039687e+01
1.260000e+02 5.927612e-02 1.777835e+01
1.265000e+02 5.368968e-02 1.649972e+01
1.270000e+02 4.929854e-02 1.548268e+01
1.275000e+02 4.583355e-02 1.467239e+01
1.280000e+02 4.332671e-02 1.407374e+01
1.285000e+02 4.090351e-02 1.350321e+01
1.290000e+02 3.830048e-02 1.290501e+01
1.295000e+02 3.646996e-02 1.247524e+01
1.300000e+02 3.490027e-02 1.210595e+01
1.305000e+02 3.357002e-02 1.179256e+01
1.310000e+02 3.279514e-02 1.160348e+01
1.315000e+02 3.140388e-02 1.128334e+01
1.320000e+02 3.052681e-02 1.107766e+01
1.325000e+02 2.985110e-02 1.091783e+01
1.330000e+02 2.910625e-02 1.074597e+01
1.335000e+02 2.843627e-02 1.059175e+01
1.340000e+02 2.797850e-02 1.048663e+01
1.345000e+02 2.756349e-02 1.039274e+01
1.350000e+02 2.703946e-02 1.027296e+01
1.355000e+02 2.669476e-02 1.019585e+01
1.360000e+02 2.643511e-02 1.013855e+01
1.365000e+02 2.637550e-02 1.012563e+01
1.370000e+02 2.685392e-02 1.023072e+01
1.375000e+02 2.584497e-02 1.001744e+01
1.380000e+02 2.567611e-02 9.986221e+00
1.385000e+02 2.556339e-02 9.966676e+00
1.390000e+02 2.541873e-02 9.938307e+00
1.395000e+02 2.522483e-02 9.898249e+00
1.400000e+02 2.531868e-02 9.924324e+00
1.405000e+02 2.507596e-02 9.873763e+00
1.410000e+02 2.514518e-02 9.895038e+00
1.415000e+02 2.553501e-02 9.986362e+00
1.420000e+02 3.060400e-02 1.107904e+01
1.425000e+02 2.726707e-02 1.037726e+01
1.430000e+02 2.559256e-02 1.003548e+01
1.435000e+02 2.548574e-02 1.002652e+01
1.440000e+02 2.550478e-02 1.003937e+01
1.445000e+02 2.572823e-02 1.009025e+01
1.450000e+02 3.028577e-02 1.108533e+01
1.455000e+02 2.531110e-02 1.000963e+01
1.460000e+02 2.510978e-02 9.973917e+00
1.465000e+02 2.504525e-02 9.968608e+00
1.470000e+02 2.508140e-02 9.986425e+00
1.475000e+02 2.516990e-02 1.001662e+01
1.480000e+02 2.534254e-02 1.006589e+01
1.485000e+02 2.605200e-02 1.023119e+01
1.490000e+02 2.618345e-02 1.027382e+01
1.495000e+02 2.588933e-02 1.022711e+01
1.500000e+02 2.622531e-02 1.031696e+01
1.505000e+02 2.699575e-02 1.049736e+01
1.510000e+02 2.713084e-02 1.054278e+01
1.515000e+02 2.669678e-02 1.046556e+01
1.520000e+02 2.667012e-02 1.047282e+01
1.525000e+02 2.666872e-02 1.048346e+01
1.530000e+02 2.682488e-02 1.053063e+01
1.535000e+02 2.724230e-02 1.063487e+01
1.540000e+02 3.405121e-02 1.214168e+01
1.545000e+02 2.759090e-02 1.074263e+01
1.550000e+02 2.755176e-02 1.075252e+01
1.555000e+02 2.774236e-02 1.081211e+01
1.560000e+02 2.821601e-02 1.093384e+01
1.565000e+02 2.838400e-02 1.099149e+01
1.570000e+02 2.852326e-02 1.104047e+01
1.575000e+02 2.880597e-02 1.112264e+01
1.580000e+02 2.911617e-02 1.121178e+01
1.585000e+02 2.955602e-02 1.133050e+01
1.590000e+02 2.982142e-02 1.141098e+01
1.595000e+02 3.022866e-02 1.152402e+01
1.600000e+02 3.062022e-02 1.163430e+01
1.605000e+02 3.104301e-02 1.175246e+01
1.610000e+02 3.150108e-02 1.187930e+01
1.615000e+02 3.197983e-02 1.201162e+01
1.620000e+02 3.250370e-02 1.215518e+01
1.625000e+02 3.307206e-02 1.230979e+01
1.630000e+02 3.369677e-02 1.247808e+01
1.635000e+02 3.439099e-02 1.266297e+01
1.640000e+02 3.521629e-02 1.287759e+01
1.645000e+02 3.653375e-02 1.319689e+01
1.650000e+02 4.706933e-02 1.549518e+01
1.655000e+02 4.127729e-02 1.427967e+01
1.660000e+02 4.373132e-02 1.484280e+01
1.665000e+02 4.005206e-02 1.413516e+01
1.670000e+02 4.061728e-02 1.431235e+01
1.675000e+02 4.334948e-02 1.495172e+01
1.680000e+02 4.286592e-02 1.491290e+01
1.685000e+02 4.409563e-02 1.524340e+01
1.690000e+02 4.601602e-02 1.572685e+01
1.695000e+02 4.725305e-02 1.606755e+01
1.700000e+02 4.921814e-02 1.657161e+01
1.705000e+02 5.117458e-02 1.708015e+01
1.710000e+02 5.353593e-02 1.768346e+01
1.715000e+02 5.635818e-02 1.839325e+01
1.720000e+02 5.910876e-02 1.910068e+01
1.725000e+02 6.250112e-02 1.995522e+01
1.730000e+02 6.645984e-02 2.094268e+01
1.735000e+02 7.479965e-02 2.286784e+01
1.740000e+02 7.616105e-02 2.334631e+01
1.745000e+02 8.232039e-02 2.485342e+01
1.750000e+02 9.029384e-02 2.675353e+01
1.755000e+02 1.034892e-01 2.972307e+01
1.760000e+02 1.097380e-01 3.136036e+01
1.765000e+02 1.204305e-01 3.394740e+01
1.770000e+02 1.348761e-01 3.731904e+01
1.775000e+02 1.532693e-01 4.152060e+01
1.780000e+02 1.767324e-01 4.675802e+01
1.785000e+02 2.071085e-01 5.334783e+01
1.790000e+02 2.467957e-01 6.166364e+01
1.795000e+02 3.001453e-01 7.232585e+01
1.800000e+02 3.747227e-01 8.627953e+01
1.805000e+02 4.760460e-01 1.037109e+02
1.810000e+02 6.232910e-01 1.260705e+02
1.815000e+02 8.364681e-01 1.531615e+02
1.820000e+02 1.140046e+00 1.830553e+02
1.825000e+02 1.535526e+00 2.105963e+02
1.830000e+02 1.921432e+00 2.286135e+02
1.835000e+02 1.969676e+00 2.303150e+02
1.840000e+02 1.606818e+00 2.144304e+02
1.845000e+02 1.216925e+00 1.890942e+02
1.850000e+02 8.938858e-01 1.594867e+02
1.855000e+02 6.712573e-01 1.326660e+02
1.860000e+02 5.160749e-01 1.101536e+02
1.865000e+02 4.080082e-01 9.227991e+01
1.870000e+02 3.308427e-01 7.828790e+01
1.875000e+02 2.743394e-01 6.734233e+01
1.880000e+02 2.321805e-01 5.876081e+01
1.885000e+02 1.998572e-01 5.193713e+01
1.890000e+02 1.748233e-01 4.649367e+01
1.895000e+02 1.549214e-01 4.207059e+01
1.900000e+02 1.389799e-01 3.846130e+01
1.905000e+02 1.261567e-01 3.550948e+01
1.910000e+02 1.153494e-01 3.300167e+01
1.915000e+02 1.064982e-01 3.092201e+01
1.920000e+02 9.912465e-02 2.917355e+01
1.925000e+02 9.296427e-02 2.770052e+01
1.930000e+02 8.815273e-02 2.652494e+01
1.935000e+02 8.507134e-02 2.572025e+01
1.940000e+02 7.965427e-02 2.447608e+01
1.945000e+02 7.621008e-02 2.363223e+01
1.950000e+02 7.469074e-02 2.318344e+01
1.955000e+02 9.718303e-02 2.755827e+01
1.960000e+02 6.925105e-02 2.186246e+01
1.965000e+02 6.540504e-02 2.099707e+01
1.970000e+02 6.316944e-02 2.046293e+01
1.975000e+02 6.147722e-02 2.004876e+01
1.980000e+02 6.012027e-02 1.971431e+01
1.985000e+02 5.865545e-02 1.935912e+01
1.990000e+02 5.778364e-02 1.913662e+01
1.995000e+02 5.785553e-02 1.911720e+01
2.000000e+02 5.636770e-02 1.878503e+01
2.005000e+02 5.648494e-02 1.878921e+01
2.010000e+02 5.968206e-02 1.943122e+01
2.015000e+02 5.575682e-02 1.861893e+01
2.020000e+02 5.492433e-02 1.844914e+01
2.025000e+02 5.494187e-02 1.846554e+01
2.030000e+02 5.529771e-02 1.855427e+01
2.035000e+02 5.576804e-02 1.864627e+01
2.040000e+02 5.377477e-02 1.819124e+01
2.045000e+02 5.222734e-02 1.781762e+01
2.050000e+02 5.104117e-02 1.752622e+01
2.055000e+02 5.024883e-02 1.732828e+01
2.060000e+02 5.066968e-02 1.739007e+01
2.065000e+02 4.953235e-02 1.714272e+01
2.070000e+02 4.862326e-02 1.693535e+01
2.075000e+02 4.867191e-02 1.693932e+01
2.080000e+02 4.856395e-02 1.690377e+01
2.085000e+02 5.527978e-02 1.828605e+01
2.090000e+02 4.940332e-02 1.706509e+01
2.095000e+02 4.802761e-02 1.678563e+01
2.100000e+02 4.743881e-02 1.665991e+01
2.105000e+02 4.884364e-02 1.695338e+01
2.110000e+02 4.860896e-02 1.690204e+01
2.115000e+02 4.683117e-02 1.653529e+01
2.120000e+02 4.656630e-02 1.648304e+01
2.125000e+02 4.645758e-02 1.646416e+01
2.130000e+02 4.642009e-02 1.646111e+01
2.135000e+02 4.642749e-02 1.646809e+01
2.140000e+02 4.654482e-02 1.649869e+01
2.145000e+02 4.729554e-02 1.666013e+01
2.150000e+02 6.695985e-02 2.080341e+01
2.155000e+02 4.710297e-02 1.663702e+01
2.160000e+02 4.684355e-02 1.659539e+01
2.165000e+02 4.642913e-02 1.651322e+01
2.170000e+02 4.641888e-02 1.652019e+01
2.175000e+02 4.673522e-02 1.660003e+01
2.180000e+02 4.662278e-02 1.658276e+01
2.185000e+02 4.659045e-02 1.658633e+01
2.190000e+02 4.665241e-02 1.661036e+01
2.195000e+02 4.675032e-02 1.664235e+01
2.200000e+02 4.691196e-02 1.668883e+01
2.205000e+02 4.695636e-02 1.671031e+01
2.210000e+02 4.708960e-02 1.675166e+01
2.215000e+02 4.725219e-02 1.680008e+01
2.220000e+02 4.742929e-02 1.685273e+01
2.225000e+02 4.768581e-02 1.692368e+01
2.230000e+02 4.796733e-02 1.700211e+01
2.235000e+02 4.835104e-02 1.710513e+01
2.240000e+02 4.889338e-02 1.724642e+01
2.245000e+02 4.965445e-02 1.744015e+01
2.250000e+02 5.093619e-02 1.775096e+01
2.255000e+02 5.275172e-02 1.817091e+01
2.260000e+02 6.439824e-02 2.060311e+01
2.265000e+02 5.375528e-02 1.839976e+01
2.270000e+02 5.157023e-02 1.793456e+01
2.275000e+02 5.061098e-02 1.772143e+01
2.280000e+02 5.017207e-02 1.762461e+01
2.285000e+02 5.002270e-02 1.759523e+01
2.290000e+02 5.016599e-02 1.763193e+01
2.295000e+02 5.356277e-02 1.835598e+01
2.300000e+02 5.094375e-02 1.781870e+01
2.305000e+02 5.207466e-02 1.806754e+01
2.310000e+02 5.593589e-02 1.887383e+01
2.315000e+02 5.857531e-02 1.943502e+01
2.320000e+02 5.302024e-02 1.833315e+01
2.325000e+02 5.344215e-02 1.845766e+01
2.330000e+02 5.558493e-02 1.896005e+01
2.335000e+02 6.165662e-02 2.028436e+01
2.340000e+02 8.310927e-02 2.456854e+01
2.345000e+02 6.061011e-02 2.009011e+01
2.350000e+02 5.701204e-02 1.930118e+01
2.355000e+02 6.520663e-02 2.093694e+01
2.360000e+02 6.083983e-02 2.004869e+01
2.365000e+02 5.612853e-02 1.909902e+01
2.370000e+02 7.240879e-02 2.241432e+01
2.375000e+02 5.876447e-02 1.966055e+01
2.380000e+02 5.528719e-02 1.897587e+01
2.385000e+02 5.777815e-02 1.951547e+01
2.390000e+02 8.609629e-02 2.527775e+01
2.395000e+02 6.099292e-02 2.022460e+01
2.400000e+02 5.967810e-02 1.999807e+01
2.405000e+02 5.792262e-02 1.967228e+01
2.410000e+02 5.758004e-02 1.962788e+01
2.415000e+02 5.862058e-02 1.986816e+01
2.420000e+02 6.314374e-02 2.078748e+01
2.425000e+02 7.107291e-02 2.238340e+01
2.430000e+02 6.103069e-02 2.035227e+01
2.435000e+02 1.153046e-01 3.128680e+01
2.440000e+02 6.092788e-02 2.033571e+01
2.445000e+02 5.734302e-02 1.961234e+01
2.450000e+02 5.628981e-02 1.940941e+01
2.455000e+02 5.612358e-02 1.938867e+01
2.460000e+02 5.626717e-02 1.943354e+01
2.465000e+02 5.824896e-02 1.987938e+01
2.470000e+02 5.723541e-02 1.966764e+01
2.475000e+02 5.965498e-02 2.017930e+01
2.480000e+02 7.120903e-02 2.253227e+01
2.485000e+02 6.359598e-02 2.101785e+01
2.490000e+02 6.051282e-02 2.041931e+01
2.495000e+02 6.686483e-02 2.171946e+01
2.500000e+02 1.359743e-01 3.548272e+01
2.505000e+02 6.379215e-02 2.116710e+01
2.510000e+02 6.422477e-02 2.127753e+01
2.515000e+02 6.316794e-02 2.108736e+01
2.520000e+02 6.092065e-02 2.064895e+01
2.525000e+02 6.046340e-02 2.056860e+01
2.530000e+02 6.011007e-02 2.051234e+01
2.535000e+02 6.029699e-02 2.057523e+01
2.540000e+02 6.074190e-02 2.069738e+01
2.545000e+02 6.137354e-02 2.086252e+01
2.550000e+02 6.190192e-02 2.100024e+01
2.555000e+02 6.176993e-02 2.098321e+01
2.560000e+02 6.157760e-02 2.094396e+01
2.565000e+02 6.158898e-02 2.095061e+01
2.570000e+02 6.166659e-02 2.097395e+01
2.575000e+02 6.212386e-02 2.108104e+01
2.580000e+02 6.427027e-02 2.153203e+01
2.585000e+02 7.167885e-02 2.303290e+01
2.590000e+02 6.822152e-02 2.235454e+01
2.595000e+02 6.351342e-02 2.143015e+01
2.600000e+02 6.297762e-02 2.133961e+01
2.605000e+02 6.297060e-02 2.135710e+01
2.610000e+02 6.320374e-02 2.142465e+01
2.615000e+02 6.346213e-02 2.149876e+01
2.620000e+02 6.400260e-02 2.163148e+01
2.625000e+02 6.539748e-02 2.193834e+01
2.630000e+02 6.940032e-02 2.277263e+01
2.635000e+02 7.609795e-02 2.413313e+01
2.640000e+02 7.182468e-02 2.330891e+01
2.645000e+02 6.742111e-02 2.245888e+01
2.650000e+02 7.302159e-02 2.364092e+01
2.655000e+02 6.770897e-02 2.259268e+01
2.660000e+02 6.824676e-02 2.273593e+01
2.665000e+02 6.888593e-02 2.288209e+01
2.670000e+02 7.325509e-02 2.375678e+01
2.675000e+02 7.422704e-02 2.395424e+01
2.680000e+02 6.853354e-02 2.282701e+01
2.685000e+02 6.809195e-02 2.275136e+01
2.690000e+02 6.791023e-02 2.272916e+01
2.695000e+02 6.801189e-02 2.276704e+01
2.700000e+02 6.822476e-02 2.282900e+01
2.705000e+02 6.861747e-02 2.292946e+01
2.710000e+02 6.931985e-02 2.309364e+01
2.715000e+02 6.937100e-02 2.312566e+01
2.720000e+02 7.028452e-02 2.333529e+01
2.725000e+02 7.174550e-02 2.365071e+01
2.730000e+02 1.173806e-01 3.276331e+01
2.735000e+02 7.363789e-02 2.407707e+01
2.740000e+02 7.333941e-02 2.404440e+01
2.745000e+02 1.182836e-01 3.318677e+01
2.750000e+02 7.395452e-02 2.422897e+01
2.755000e+02 7.429459e-02 2.433653e+01
2.760000e+02 7.713783e-02 2.493470e+01
2.765000e+02 8.006205e-02 2.553052e+01
2.770000e+02 8.441107e-02 2.644666e+01
2.775000e+02 7.498291e-02 2.455889e+01
2.780000e+02 7.438853e-02 2.445146e+01
2.785000e+02 7.541727e-02 2.468352e+01
2.790000e+02 7.493389e-02 2.459398e+01
2.795000e+02 9.823266e-02 2.943446e+01
2.800000e+02 7.702735e-02 2.505933e+01
2.805000e+02 7.530799e-02 2.473735e+01
2.810000e+02 7.861120e-02 2.547059e+01
2.815000e+02 7.657198e-02 2.504521e+01
2.820000e+02 7.667342e-02 2.508880e+01
2.825000e+02 7.729925e-02 2.523664e+01
2.830000e+02 7.932411e-02 2.566885e+01
2.835000e+02 7.769559e-02 2.537083e+01
2.840000e+02 7.802898e-02 2.546243e+01
2.845000e+02 7.864924e-02 2.561097e+01
2.850000e+02 7.950847e-02 2.580788e+01
2.855000e+02 8.193216e-02 2.631246e+01
2.860000e+02 1.148975e-01 3.275903e+01
2.865000e+02 9.034387e-02 2.800984e+01
2.870000e+02 8.235608e-02 2.647917e+01
2.875000e+02 8.167602e-02 2.637141e+01
2.880000e+02 8.231355e-02 2.652396e+01
2.885000e+02 8.551392e-02 2.717583e+01
2.890000e+02 1.658394e-01 4.274598e+01
2.895000e+02 8.532165e-02 2.719692e+01
2.900000e+02 8.383247e-02 2.693850e+01
2.905000e+02 8.376920e-02 2.695453e+01
2.910000e+02 9.063901e-02 2.838752e+01
2.915000e+02 8.465787e-02 2.718973e+01
2.920000e+02 8.506854e-02 2.730087e+01
2.925000e+02 8.645778e-02 2.760627e+01
2.930000e+02 9.515676e-02 2.933182e+01
2.935000e+02 9.854102e-02 3.006185e+01
2.940000e+02 8.784590e-02 2.797349e+01
2.945000e+02 8.760011e-02 2.796064e+01
2.950000e+02 8.797967e-02 2.806997e+01
2.955000e+02 8.864814e-02 2.823856e+01
2.960000e+02 8.931506e-02 2.840711e+01
2.965000e+02 9.013809e-02 2.861061e+01
2.970000e+02 9.146865e-02 2.892007e+01
2.975000e+02 9.320008e-02 2.931951e+01
2.980000e+02 9.706399e-02 3.014745e+01
2.985000e+02 1.139651e-01 3.343631e+01
2.990000e+02 9.825763e-02 3.045863e+01
2.995000e+02 9.909670e-02 3.066313e+01
3.000000e+02 9.716336e-02 3.028541e+01
3.005000e+02 1.017730e-01 3.122194e+01
3.010000e+02 1.042953e-01 3.175937e+01
3.015000e+02 1.188016e-01 3.453680e+01
3.020000e+02 1.224482e-01 3.527465e+01
3.025000e+02 1.042316e-01 3.185456e+01
3.030000e+02 1.142579e-01 3.379772e+01
3.035000e+02 1.057287e-01 3.220692e+01
3.040000e+02 1.026147e-01 3.166503e+01
3.045000e+02 1.038635e-01 3.195890e+01
3.050000e+02 1.058787e-01 3.240536e+01
3.055000e+02 1.042844e-01 3.214030e+01
3.060000e+02 1.047815e-01 3.228332e+01
3.065000e+02 1.055975e-01 3.249351e+01
3.070000e+02 1.067045e-01 3.276616e+01
3.075000e+02 1.082136e-01 3.312298e+01
3.080000e+02 1.092964e-01 3.339920e+01
3.085000e+02 1.112291e-01 3.384787e+01
3.090000e+02 1.126760e-01 3.420725e+01
3.095000e+02 1.148427e-01 3.471314e+01
3.100000e+02 1.254056e-01 3.683644e+01
3.105000e+02 1.193941e-01 3.578066e+01
3.110000e+02 1.208375e-01 3.615248e+01
3.115000e+02 1.227767e-01 3.661949e+01
3.120000e+02 1.251345e-01 3.717847e+01
3.125000e+02 1.281055e-01 3.787097e+01
3.130000e+02 1.315554e-01 3.867165e+01
3.135000e+02 1.354669e-01 3.957025e+01
3.140000e+02 1.397310e-01 4.053618e+01
3.145000e+02 1.429609e-01 4.129435e+01
3.150000e+02 1.478510e-01 4.238539e+01
3.155000e+02 1.562812e-01 4.414494e+01
3.160000e+02 1.808477e-01 4.880889e+01
3.165000e+02 1.831629e-01 4.953171e+01
3.170000e+02 1.782117e-01 4.904876e+01
3.175000e+02 1.858625e-01 5.084112e+01
3.180000e+02 1.970726e-01 5.332579e+01
3.185000e+02 2.124619e-01 5.662626e+01
3.190000e+02 2.327114e-01 6.086996e+01
3.195000e+02 2.609671e-01 6.658748e+01
3.200000e+02 4.680951e-01 1.001096e+02
3.205000e+02 3.446467e-01 8.275367e+01
3.210000e+02 3.961688e-01 9.206734e+01
3.215000e+02 4.471635e-01 1.008468e+02
3.220000e+02 5.211868e-01 1.127462e+02
3.225000e+02 6.306757e-01 1.288974e+02
3.230000e+02 8.012362e-01 1.507492e+02
3.235000e+02 1.059196e+00 1.775095e+02
3.240000e+02 1.435310e+00 2.061127e+02
3.245000e+02 1.918103e+00 2.301726e+02
3.250000e+02 2.318671e+00 2.428205e+02
3.255000e+02 2.168885e+00 2.386932e+02
3.260000e+02 1.692624e+00 2.202762e+02
3.265000e+02 1.270699e+00 1.945198e+02
3.270000e+02 9.863017e-01 1.695183e+02
3.275000e+02 7.219736e-01 1.408981e+02
3.280000e+02 5.759047e-01 1.209100e+02
3.285000e+02 4.698465e-01 1.046393e+02
3.290000e+02 3.976583e-01 9.245684e+01
3.295000e+02 3.455883e-01 8.309916e+01
3.300000e+02 3.069546e-01 7.583326e+01
3.305000e+02 2.777124e-01 7.014157e+01
3.310000e+02 2.553299e-01 6.566365e+01
3.315000e+02 2.380839e-01 6.213180e+01
3.320000e+02 2.256092e-01 5.948673e+01
3.325000e+02 2.279505e-01 5.940486e+01
3.330000e+02 2.229449e-01 5.820988e+01
3.335000e+02 1.978606e-01 5.363171e+01
3.340000e+02 1.905388e-01 5.212212e+01
3.345000e+02 1.852881e-01 5.100954e+01
3.350000e+02 1.827314e-01 5.040303e+01
3.355000e+02 1.798893e-01 4.976739e+01
3.360000e+02 1.748260e-01 4.874798e+01
3.365000e+02 1.715021e-01 4.804271e+01
3.370000e+02 1.689465e-01 4.748962e+01
3.375000e+02 1.670815e-01 4.707868e+01
3.380000e+02 1.652766e-01 4.669379e+01
3.385000e+02 1.641289e-01 4.644241e+01
3.390000e+02 1.631481e-01 4.623327e+01
3.395000e+02 1.624088e-01 4.607816e+01
3.400000e+02 1.619593e-01 4.598442e+01
3.405000e+02 1.617132e-01 4.593556e+01
3.410000e+02 1.616342e-01 4.592426e+01
3.415000e+02 1.617287e-01 4.595062e+01
3.420000e+02 1.621730e-01 4.604665e+01
3.425000e+02 1.629229e-01 4.620360e+01
3.430000e+02 1.670220e-01 4.696080e+01
3.435000e+02 1.804929e-01 4.955609e+01
3.440000e+02 1.652177e-01 4.671704e+01
3.445000e+02 1.663200e-01 4.696557e+01
3.450000e+02 1.723679e-01 4.809613e+01
3.455000e+02 1.690289e-01 4.754641e+01
3.460000e+02 1.695470e-01 4.767967e+01
3.465000e+02 1.694509e-01 4.771255e+01
3.470000e+02 1.703247e-01 4.792145e+01
3.475000e+02 1.714929e-01 4.818958e+01
3.480000e+02 1.729924e-01 4.852339e+01
3.485000e+02 1.745304e-01 4.886847e+01
3.490000e+02 1.766482e-01 4.932777e+01
3.495000e+02 1.789108e-01 4.980889e+01
3.500000e+02 1.812004e-01 5.030679e+01
3.505000e+02 1.841264e-01 5.092792e+01
3.510000e+02 1.889355e-01 5.188778e+01
3.515000e+02 1.995611e-01 5.382148e+01
3.520000e+02 2.055575e-01 5.495589e+01
3.525000e+02 2.269376e-01 5.867742e+01
3.530000e+02 2.074743e-01 5.547038e+01
3.535000e+02 1.993830e-01 5.419123e+01
3.540000e+02 2.005764e-01 5.450921e+01
3.545000e+02 2.043333e-01 5.527636e+01
3.550000e+02 2.709057e-01 6.692048e+01
3.555000e+02 2.110214e-01 5.669768e+01
3.560000e+02 2.139616e-01 5.735400e+01
3.565000e+02 2.181505e-01 5.822832e+01
3.570000e+02 2.224859e-01 5.912531e+01
3.575000e+02 2.452472e-01 6.309395e+01
3.580000e+02 2.426786e-01 6.285218e+01
3.585000e+02 2.505763e-01 6.434118e+01
3.590000e+02 2.830830e-01 6.978331e+01
3.595000e+02 2.634508e-01 6.689863e+01
3.600000e+02 2.573210e-01 6.615725e+01
3.605000e+02 2.600188e-01 6.686174e+01
3.610000e+02 2.670213e-01 6.827642e+01
3.615000e+02 2.785037e-01 7.041723e+01
3.620000e+02 2.850859e-01 7.179539e+01
3.625000e+02 2.944603e-01 7.363628e+01
3.630000e+02 3.071325e-01 7.600551e+01
3.635000e+02 3.648836e-01 8.532688e+01
3.640000e+02 3.415491e-01 8.214779e+01
3.645000e+02 4.908690e-01 1.037175e+02
3.650000e+02 3.763952e-01 8.845613e+01
3.655000e+02 3.991877e-01 9.246883e+01
3.660000e+02 4.346005e-01 9.830420e+01
3.665000e+02 4.920137e-01 1.071038e+02
3.670000e+02 5.811940e-01 1.197884e+02
3.675000e+02 7.449952e-01 1.401979e+02
3.680000e+02 1.189139e+00 1.797828e+02
3.685000e+02 5.472961e+00 2.451598e+02
3.690000e+02 1.249228e+00 1.849004e+02
3.695000e+02 8.575512e-01 1.539458e+02
3.700000e+02 7.470077e-01 1.428163e+02
3.705000e+02 7.254441e-01 1.409239e+02
3.710000e+02 8.350061e-01 1.526249e+02
3.715000e+02 7.837150e-01 1.488048e+02
3.720000e+02 8.414399e-01 1.557491e+02
3.725000e+02 9.186878e-01 1.643091e+02
3.730000e+02 1.018201e+00 1.743424e+02
3.735000e+02 1.138625e+00 1.852816e+02
3.740000e+02 1.291569e+00 1.974021e+02
3.745000e+02 1.485826e+00 2.103941e+02
3.750000e+02 1.749225e+00 2.243646e+02
3.755000e+02 2.059416e+00 2.371625e+02
3.760000e+02 2.486825e+00 2.494751e+02
3.765000e+02 3.060087e+00 2.598329e+02
3.770000e+02 3.856567e+00 2.675273e+02
3.775000e+02 4.986091e+00 2.722272e+02
3.780000e+02 6.646403e+00 2.744965e+02
3.785000e+02 9.096236e+00 2.754173e+02
3.790000e+02 1.260621e+01 2.758486e+02
3.795000e+02 1.714375e+01 2.760881e+02
3.800000e+02 2.109701e+01 2.761902e+02
3.805000e+02 2.008545e+01 2.761664e+02
3.810000e+02 1.556631e+01 2.760157e+02
3.815000e+02 1.131343e+01 2.757220e+02
3.820000e+02 8.205702e+00 2.751921e+02
3.825000e+02 6.081115e+00 2.739995e+02
3.830000e+02 4.636098e+00 2.712161e+02
3.835000e+02 3.635438e+00 2.659322e+02
3.840000e+02 2.925089e+00 2.579140e+02
3.845000e+02 2.408362e+00 2.476547e+02
3.850000e+02 2.023245e+00 2.359815e+02
3.855000e+02 1.730031e+00 2.237146e+02
3.860000e+02 1.501167e+00 2.114257e+02
3.865000e+02 1.319659e+00 1.995476e+02
3.870000e+02 1.186450e+00 1.891800e+02
3.875000e+02 1.063438e+00 1.786456e+02
3.880000e+02 9.581498e-01 1.686926e+02
3.885000e+02 8.784814e-01 1.603342e+02
3.890000e+02 8.151702e-01 1.531890e+02
3.895000e+02 7.649425e-01 1.471878e+02
3.900000e+02 7.253956e-01 1.422130e+02
3.905000e+02 6.892419e-01 1.374680e+02
3.910000e+02 6.463572e-01 1.317538e+02
3.915000e+02 6.045915e-01 1.259391e+02
3.920000e+02 5.684366e-01 1.206741e+02
3.925000e+02 5.597286e-01 1.186981e+02
3.930000e+02 5.155309e-01 1.125027e+02
3.935000e+02 4.871734e-01 1.082197e+02
3.940000e+02 4.669539e-01 1.049783e+02
3.945000e+02 4.499376e-01 1.021795e+02
3.950000e+02 4.430729e-01 1.007887e+02
3.955000e+02 4.223891e-01 9.752875e+01
3.960000e+02 4.114694e-01 9.563083e+01
3.965000e+02 4.578892e-01 1.018157e+02
3.970000e+02 4.208766e-01 9.640144e+01
3.975000e+02 3.833294e-01 9.071989e+01
3.980000e+02 3.753569e-01 8.932296e+01
3.985000e+02 3.689283e-01 8.816727e+01
3.990000e+02 3.639854e-01 8.724878e+01
3.995000e+02 3.617698e-01 8.675404e+01
4.000000e+02 3.937653e-01 9.124685e+01
4.005000e+02 3.604573e-01 8.631207e+01
4.010000e+02 3.757248e-01 8.847494e+01
4.015000e+02 3.903741e-01 9.051744e+01
4.020000e+02 3.974925e-01 9.139404e+01
4.025000e+02 4.324692e-01 9.609796e+01
4.030000e+02 3.464981e-01 8.372734e+01
4.035000e+02 3.384564e-01 8.240393e+01
4.040000e+02 3.367475e-01 8.204757e+01
4.045000e+02 3.294385e-01 8.088084e+01
4.050000e+02 3.268832e-01 8.043946e+01
4.055000e+02 3.254541e-01 8.018095e+01
4.060000e+02 3.246241e-01 8.002527e+01
4.065000e+02 3.241565e-01 7.993476e+01
4.070000e+02 3.244058e-01 7.996313e+01
4.075000e+02 3.257979e-01 8.017149e+01
4.080000e+02 3.358314e-01 8.166783e+01
4.085000e+02 3.451829e-01 8.306828e+01
4.090000e+02 3.290315e-01 8.071223e+01
4.095000e+02 3.279269e-01 8.057703e+01
4.100000e+02 3.290148e-01 8.078366e+01
4.105000e+02 3.310627e-01 8.114738e+01
4.110000e+02 3.332528e-01 8.153872e+01
4.115000e+02 3.369646e-01 8.217430e+01
4.120000e+02 3.431054e-01 8.318236e+01
4.125000e+02 3.482281e-01 8.403117e+01
4.130000e+02 4.020554e-01 9.222904e+01
4.135000e+02 3.556364e-01 8.532614e+01
4.140000e+02 3.795299e-01 8.886562e+01
4.145000e+02 3.859213e-01 8.991625e+01
4.150000e+02 3.706681e-01 8.793878e+01
4.155000e+02 3.753204e-01 8.879843e+01
4.160000e+02 3.828637e-01 9.009083e+01
4.165000e+02 3.927411e-01 9.173903e+01
4.170000e+02 4.040949e-01 9.361392e+01
4.175000e+02 4.178882e-01 9.585650e+01
4.180000e+02 4.350679e-01 9.859275e+01
4.185000e+02 4.554465e-01 1.017857e+02
4.190000e+02 4.813782e-01 1.057433e+02
4.195000e+02 5.143743e-01 1.106321e+02
4.200000e+02 5.576567e-01 1.167991e+02
4.205000e+02 6.157778e-01 1.246612e+02
4.210000e+02 6.954908e-01 1.347569e+02
4.215000e+02 8.082497e-01 1.478328e+02
4.220000e+02 9.841584e-01 1.655698e+02
4.225000e+02 1.273639e+00 1.890337e+02
4.230000e+02 1.795599e+00 2.181865e+02
4.235000e+02 2.883658e+00 2.481609e+02
4.240000e+02 5.449371e+00 2.658529e+02
4.245000e+02 1.409307e+01 2.704133e+02
4.250000e+02 1.507802e+01 2.705113e+02
4.255000e+02 5.692377e+00 2.664324e+02
4.260000e+02 2.987159e+00 2.500465e+02
4.265000e+02 1.885969e+00 2.222520e+02
4.270000e+02 1.385446e+00 1.966747e+02
4.275000e+02 1.070624e+00 1.738380e+02
4.280000e+02 9.015911e-01 1.583208e+02
4.285000e+02 7.957336e-01 1.472776e+02
4.290000e+02 7.324767e-01 1.400900e+02
4.295000e+02 6.858963e-01 1.346727e+02
4.300000e+02 6.496405e-01 1.303899e+02
4.305000e+02 6.434430e-01 1.295225e+02
4.310000e+02 6.150123e-01 1.263661e+02
4.315000e+02 6.082327e-01 1.257189e+02
4.320000e+02 6.095745e-01 1.261144e+02
4.325000e+02 6.162965e-01 1.272347e+02
4.330000e+02 6.291092e-01 1.291568e+02
4.335000e+02 6.462073e-01 1.316441e+02
4.340000e+02 6.697775e-01 1.349479e+02
4.345000e+02 7.017022e-01 1.392412e+02
4.350000e+02 7.433387e-01 1.446272e+02
4.355000e+02 8.005686e-01 1.516245e+02
4.360000e+02 8.794160e-01 1.606310e+02
4.365000e+02 9.942015e-01 1.725075e+02
4.370000e+02 1.164827e+00 1.877486e+02
4.375000e+02 1.763882e+00 2.214264e+02
4.380000e+02 1.670681e+00 2.207860e+02
4.385000e+02 2.159816e+00 2.400465e+02
4.390000e+02 2.605768e+00 2.514460e+02
4.395000e+02 2.561981e+00 2.507220e+02
4.400000e+02 2.156876e+00 2.404915e+02
4.405000e+02 1.867205e+00 2.300843e+02
4.410000e+02 1.760734e+00 2.252969e+02
4.415000e+02 1.813337e+00 2.272762e+02
4.420000e+02 1.918512e+00 2.319376e+02
4.425000e+02 2.122147e+00 2.395720e+02
4.430000e+02 2.423935e+00 2.481298e+02
4.435000e+02 2.679717e+00 2.538417e+02
4.440000e+02 3.018222e+00 2.594979e+02
4.445000e+02 3.568367e+00 2.655593e+02
4.450000e+02 4.425976e+00 2.705887e+02
4.455000e+02 5.777166e+00 2.737081e+02
4.460000e+02 7.675457e+00 2.751027e+02
4.465000e+02 1.067511e+01 2.757247e+02
4.470000e+02 1.510874e+01 2.760599e+02
4.475000e+02 2.058298e+01 2.762425e+02
4.480000e+02 2.554031e+01 2.762937e+02
4.485000e+02 1.986312e+01 2.762175e+02
4.490000e+02 1.443377e+01 2.760095e+02
4.495000e+02 1.016395e+01 2.756426e+02
4.500000e+02 7.335887e+00 2.749434e+02
4.505000e+02 5.479075e+00 2.732940e+02
4.510000e+02 4.242595e+00 2.697794e+02
4.515000e+02 3.396031e+00 2.639200e+02
4.520000e+02 2.807818e+00 2.560907e+02
4.525000e+02 2.357546e+00 2.465179e+02
4.530000e+02 2.023256e+00 2.362265e+02
4.535000e+02 1.770258e+00 2.259108e+02
4.540000e+02 1.574332e+00 2.159986e+02
4.545000e+02 1.422101e+00 2.068559e+02
4.550000e+02 1.295388e+00 1.982232e+02
4.555000e+02 1.193480e+00 1.904570e+02
4.560000e+02 1.110873e+00 1.835555e+02
4.565000e+02 1.043916e+00 1.775118e+02
4.570000e+02 9.935813e-01 1.725766e+02
4.575000e+02 1.022698e+00 1.738057e+02
4.580000e+02 9.013551e-01 1.632599e+02
4.585000e+02 8.639585e-01 1.592805e+02
4.590000e+02 8.338217e-01 1.559334e+02
4.595000e+02 8.103820e-01 1.532203e+02
4.600000e+02 7.892847e-01 1.507543e+02
4.605000e+02 7.732589e-01 1.488147e+02
4.610000e+02 7.641550e-01 1.475840e+02
4.615000e+02 7.497163e-01 1.458978e+02
4.620000e+02 7.456450e-01 1.452666e+02
4.625000e+02 7.631340e-01 1.468102e+02
4.630000e+02 7.644397e-01 1.468335e+02
4.635000e+02 7.538294e-01 1.457928e+02
4.640000e+02 7.530786e-01 1.457463e+02
4.645000e+02 7.364204e-01 1.441550e+02
4.650000e+02 7.374925e-01 1.443378e+02
4.655000e+02 7.399581e-01 1.446780e+02
4.660000e+02 7.481834e-01 1.456511e+02
4.665000e+02 7.929274e-01 1.501886e+02
4.670000e+02 7.818365e-01 1.495513e+02
4.675000e+02 8.053849e-01 1.523306e+02
4.680000e+02 1.134682e+00 1.796375e+02
4.685000e+02 9.296234e-01 1.650822e+02
4.690000e+02 9.832875e-01 1.709223e+02
4.695000e+02 1.210269e+00 1.891994e+02
4.700000e+02 1.334702e+00 1.990622e+02
4.705000e+02 1.445097e+00 2.077230e+02
4.710000e+02 1.902203e+00 2.279618e+02
4.715000e+02 1.536513e+00 2.135018e+02
4.720000e+02 1.491761e+00 2.111204e+02
4.725000e+02 1.571624e+00 2.156656e+02
4.730000e+02 1.857156e+00 2.288551e+02
4.735000e+02 2.204832e+00 2.418714e+02
4.740000e+02 2.848004e+00 2.561093e+02
4.745000e+02 3.490955e+00 2.636623e+02
4.750000e+02 3.337789e+00 2.622502e+02
4.755000e+02 2.620725e+00 2.519774e+02
4.760000e+02 2.282687e+00 2.422100e+02
4.765000e+02 1.612082e+00 2.177761e+02
4.770000e+02 1.364162e+00 2.027704e+02
4.775000e+02 1.200759e+00 1.907923e+02
4.780000e+02 1.089211e+00 1.815303e+02
4.785000e+02 1.018767e+00 1.750631e+02
4.790000e+02 9.738873e-01 1.706559e+02
4.795000e+02 9.574212e-01 1.687048e+02
4.800000e+02 9.676291e-01 1.691344e+02
4.805000e+02 9.514106e-01 1.674453e+02
4.810000e+02 9.593235e-01 1.679259e+02
4.815000e+02 1.021986e+00 1.727340e+02
4.820000e+02 9.439424e-01 1.668162e+02
4.825000e+02 9.446360e-01 1.671014e+02
4.830000e+02 9.657901e-01 1.691280e+02
4.835000e+02 1.004793e+00 1.726679e+02
4.840000e+02 1.056419e+00 1.772334e+02
4.845000e+02 1.142579e+00 1.842793e+02
4.850000e+02 1.280131e+00 1.943895e+02
4.855000e+02 1.524754e+00 2.093258e+02
4.860000e+02 2.016545e+00 2.305311e+02
4.865000e+02 3.202325e+00 2.547212e+02
4.870000e+02 7.225215e+00 2.674071e+02
4.875000e+02 7.343882e+00 2.678576e+02
4.880000e+02 3.520367e+00 2.591505e+02
4.885000e+02 2.499103e+00 2.455587e+02
4.890000e+02 1.989540e+00 2.317951e+02
4.895000e+02 1.699174e+00 2.198525e+02
4.900000e+02 1.459326e+00 2.074997e+02
4.905000e+02 1.329402e+00 1.992873e+02
4.910000e+02 1.237527e+00 1.928618e+02
4.915000e+02 1.171692e+00 1.878968e+02
4.920000e+02 1.143056e+00 1.854360e+02
4.925000e+02 1.097818e+00 1.819538e+02
4.930000e+02 1.079706e+00 1.804564e+02
4.935000e+02 1.069934e+00 1.796540e+02
4.940000e+02 1.065638e+00 1.793274e+02
4.945000e+02 1.065928e+00 1.793944e+02
4.950000e+02 1.069523e+00 1.797470e+02
4.955000e+02 1.077076e+00 1.804168e+02
4.960000e+02 1.108771e+00 1.828163e+02
4.965000e+02 1.113233e+00 1.832637e+02
4.970000e+02 1.142478e+00 1.854619e+02
4.975000e+02 1.119999e+00 1.841921e+02
4.980000e+02 1.161918e+00 1.872843e+02
4.985000e+02 1.154431e+00 1.869912e+02
4.990000e+02 1.167029e+00 1.880859e+02
4.995000e+02 1.172485e+00 1.887421e+02
5.000000e+02 1.190505e+00 1.902034e+02
5.005000e+02 1.227990e+00 1.928627e+02
5.010000e+02 1.229333e+00 1.932868e+02
5.015000e+02 1.255012e+00 1.952178e+02
5.020000e+02 1.287901e+00 1.975582e+02
5.025000e+02 1.323258e+00 2.000475e+02
5.030000e+02 1.352792e+00 2.022816e+02
5.035000e+02 1.396234e+00 2.052091e+02
5.040000e+02 1.415731e+00 2.065250e+02
5.045000e+02 1.424220e+00 2.070788e+02
5.050000e+02 1.433066e+00 2.076250e+02
5.055000e+02 1.448192e+00 2.085452e+02
5.060000e+02 1.465690e+00 2.096784e+02
5.065000e+02 1.495021e+00 2.114328e+02
5.070000e+02 1.530659e+00 2.134932e+02
5.075000e+02 1.591987e+00 2.166434e+02
5.080000e+02 1.668926e+00 2.203256e+02
5.085000e+02 1.685423e+00 2.215539e+02
5.090000e+02 1.746695e+00 2.243838e+02
5.095000e+02 1.765670e+00 2.254040e+02
5.100000e+02 1.767609e+00 2.256524e+02
5.105000e+02 1.772010e+00 2.259354e+02
5.110000e+02 1.783924e+00 2.265186e+02
5.115000e+02 1.803508e+00 2.274172e+02
5.120000e+02 1.832124e+00 2.286543e+02
5.125000e+02 1.859729e+00 2.298636e+02
5.130000e+02 1.893944e+00 2.312822e+02
5.135000e+02 1.931018e+00 2.327677e+02
5.140000e+02 1.970632e+00 2.342968e+02
5.145000e+02 2.013760e+00 2.358863e+02
5.150000e+02 2.132582e+00 2.394666e+02
5.155000e+02 2.104494e+00 2.390437e+02
5.160000e+02 2.152470e+00 2.406106e+02
5.165000e+02 2.204284e+00 2.422107e+02
5.170000e+02 2.264055e+00 2.439189e+02
5.175000e+02 2.406789e+00 2.471762e+02
5.180000e+02 2.372795e+00 2.469056e+02
5.185000e+02 2.430311e+00 2.483685e+02
5.190000e+02 2.492430e+00 2.498475e+02
5.195000e+02 2.562981e+00 2.513937e+02
5.200000e+02 2.704709e+00 2.538673e+02
5.205000e+02 2.713347e+00 2.543595e+02
5.210000e+02 2.771874e+00 2.555000e+02
5.215000e+02 2.848166e+00 2.568031e+02
5.220000e+02 3.049801e+00 2.593598e+02
5.225000e+02 3.015283e+00 2.593417e+02
5.230000e+02 3.119287e+00 2.606794e+02
5.235000e+02 3.270739e+00 2.623003e+02
5.240000e+02 3.286007e+00 2.627435e+02
5.245000e+02 3.381998e+00 2.637690e+02
5.250000e+02 3.484940e+00 2.647650e+02
5.255000e+02 3.594738e+00 2.657242e+02
5.260000e+02 3.711335e+00 2.666407e+02
5.265000e+02 3.837071e+00 2.675204e+02
5.270000e+02 3.970209e+00 2.683480e+02
5.275000e+02 4.116749e+00 2.691393e+02
5.280000e+02 4.242261e+00 2.697870e+02
5.285000e+02 4.387148e+00 2.704258e+02
5.290000e+02 4.543355e+00 2.710257e+02
5.295000e+02 4.713824e+00 2.715881e+02
5.300000e+02 4.884764e+00 2.720870e+02
5.305000e+02 5.080231e+00 2.725629e+02
5.310000e+02 5.271174e+00 2.729717e+02
5.315000e+02 5.474971e+00 2.733440e+02
5.320000e+02 5.692323e+00 2.736797e+02
5.325000e+02 5.927262e+00 2.739825e+02
5.330000e+02 6.177772e+00 2.742522e+02
5.335000e+02 6.445030e+00 2.744915e+02
5.340000e+02 6.735788e+00 2.747046e+02
5.345000e+02 7.042211e+00 2.748916e+02
5.350000e+02 7.358027e+00 2.750554e+02
5.355000e+02 7.707177e+00 2.752021e+02
5.360000e+02 8.108272e+00 2.753342e+02
5.365000e+02 8.482115e+00 2.754492e+02
5.370000e+02 8.914706e+00 2.755542e+02
5.375000e+02 9.380775e+00 2.756493e+02
5.380000e+02 9.882336e+00 2.757362e+02
5.385000e+02 1.042629e+01 2.758165e+02
5.390000e+02 1.102283e+01 2.758913e+02
5.395000e+02 1.169484e+01 2.759615e+02
5.400000e+02 1.236471e+01 2.760276e+02
5.405000e+02 1.313511e+01 2.760902e+02
5.410000e+02 1.396669e+01 2.761498e+02
5.415000e+02 1.488985e+01 2.762065e+02
5.420000e+02 1.591066e+01 2.762606e+02
5.425000e+02 1.704541e+01 2.763122e+02
5.430000e+02 1.830112e+01 2.763615e+02
5.435000e+02 1.970982e+01 2.764087e+02
5.440000e+02 2.129326e+01 2.764537e+02
5.445000e+02 2.309465e+01 2.764967e+02
5.450000e+02 2.516408e+01 2.765378e+02
5.455000e+02 2.747856e+01 2.765770e+02
5.460000e+02 3.020571e+01 2.766144e+02
5.465000e+02 3.339981e+01 2.766498e+02
5.470000e+02 3.712502e+01 2.766828e+02
5.475000e+02 4.132949e+01 2.767130e+02
5.480000e+02 4.561001e+01 2.767404e+02
5.485000e+02 5.016439e+01 2.767655e+02
5.490000e+02 5.560373e+01 2.767891e+02
5.495000e+02 6.225914e+01 2.768119e+02
5.500000e+02 7.050382e+01 2.768336e+02
5.505000e+02 8.071476e+01 2.768542e+02
5.510000e+02 9.377822e+01 2.768735e+02
5.515000e+02 1.094103e+02 2.768913e+02
5.520000e+02 1.296403e+02 2.769077e+02
5.525000e+02 1.556915e+02 2.769225e+02
5.530000e+02 1.898784e+02 2.769357e+02
5.535000e+02 2.358393e+02 2.769475e+02
5.540000e+02 2.988486e+02 2.769577e+02
5.545000e+02 3.868404e+02 2.769663e+02
5.550000e+02 5.112153e+02 2.769734e+02
5.555000e+02 6.860692e+02 2.769790e+02
5.560000e+02 9.200345e+02 2.769830e+02
5.565000e+02 1.185757e+03 2.769855e+02
5.570000e+02 1.366406e+03 2.769865e+02
5.575000e+02 1.203909e+03 2.769859e+02
5.580000e+02 9.515228e+02 2.769839e+02
5.585000e+02 7.174599e+02 2.769803e+02
5.590000e+02 5.377568e+02 2.769752e+02
5.595000e+02 4.081405e+02 2.769687e+02
5.600000e+02 3.157781e+02 2.769607e+02
5.605000e+02 2.493630e+02 2.769512e+02
5.610000e+02 2.008067e+02 2.769402e+02
5.615000e+02 1.645948e+02 2.769278e+02
5.620000e+02 1.370529e+02 2.769140e+02
5.625000e+02 1.157151e+02 2.768987e+02
5.630000e+02 9.890253e+01 2.768821e+02
5.635000e+02 8.545516e+01 2.768640e+02
5.640000e+02 7.453581e+01 2.768445e+02
5.645000e+02 6.557171e+01 2.768237e+02
5.650000e+02 5.812697e+01 2.768015e+02
5.655000e+02 5.188810e+01 2.767779e+02
5.660000e+02 4.662300e+01 2.767530e+02
5.665000e+02 4.215052e+01 2.767267e+02
5.670000e+02 3.824808e+01 2.766991e+02
5.675000e+02 3.482258e+01 2.766700e+02
5.680000e+02 3.187312e+01 2.766396e+02
5.685000e+02 2.929204e+01 2.766079e+02
5.690000e+02 2.701975e+01 2.765746e+02
5.695000e+02 2.500929e+01 2.765399e+02
5.700000e+02 2.328278e+01 2.765038e+02
5.705000e+02 2.162805e+01 2.764661e+02
5.710000e+02 2.129637e+01 2.764268e+02
5.715000e+02 1.888408e+01 2.763859e+02
5.720000e+02 1.770457e+01 2.763433e+02
5.725000e+02 1.664356e+01 2.762991e+02
5.730000e+02 1.569700e+01 2.762531e+02
5.735000e+02 1.481727e+01 2.762052e+02
5.740000e+02 1.398582e+01 2.761555e+02
5.745000e+02 1.327663e+01 2.761038e+02
5.750000e+02 1.256213e+01 2.760498e+02
5.755000e+02 1.193566e+01 2.759935e+02
5.760000e+02 1.136356e+01 2.759347e+02
5.765000e+02 1.104361e+01 2.758736e+02
5.770000e+02 1.033480e+01 2.758076e+02
5.775000e+02 9.886576e+00 2.757385e+02
5.780000e+02 9.440243e+00 2.756645e+02
5.785000e+02 9.031370e+00 2.755850e+02
5.790000e+02 8.653935e+00 2.754991e+02
5.795000e+02 8.301971e+00 2.754060e+02
5.800000e+02 7.974976e+00 2.753046e+02
5.805000e+02 7.666335e+00 2.751935e+02
5.810000e+02 7.379407e+00 2.750719e+02
5.815000e+02 7.113207e+00 2.749388e+02
5.820000e+02 6.912475e+00 2.748030e+02
5.825000e+02 6.633760e+00 2.746339e+02
5.830000e+02 6.391248e+00 2.744512e+02
5.835000e+02 6.293525e+00 2.743036e+02
5.840000e+02 5.967870e+00 2.740368e+02
5.845000e+02 5.772050e+00 2.737986e+02
5.850000e+02 5.589058e+00 2.735401e+02
5.855000e+02 5.416108e+00 2.732595e+02
5.860000e+02 5.252467e+00 2.729559e+02
5.865000e+02 5.096704e+00 2.726278e+02
5.870000e+02 4.949460e+00 2.722761e+02
5.875000e+02 4.808170e+00 2.718971e+02
5.880000e+02 4.674215e+00 2.714933e+02
5.885000e+02 4.547017e+00 2.710645e+02
5.890000e+02 4.428348e+00 2.706163e+02
5.895000e+02 4.310723e+00 2.701315e+02
5.900000e+02 4.202246e+00 2.696318e+02
5.905000e+02 4.103535e+00 2.691246e+02
5.910000e+02 4.071502e+00 2.688385e+02
5.915000e+02 3.904785e+00 2.679901e+02
5.920000e+02 3.809212e+00 2.673757e+02
5.925000e+02 3.748847e+00 2.668887e+02
5.930000e+02 3.641050e+00 2.661333e+02
5.935000e+02 3.556937e+00 2.654537e+02
5.940000e+02 3.481264e+00 2.647849e+02
5.945000e+02 3.413934e+00 2.641361e+02
5.950000e+02 3.436254e+00 2.640788e+02
5.955000e+02 3.284750e+00 2.627874e+02
5.960000e+02 3.215700e+00 2.620345e+02
5.965000e+02 3.158303e+00 2.613515e+02
5.970000e+02 3.107961e+00 2.607175e+02
5.975000e+02 3.065502e+00 2.601554e+02
5.980000e+02 3.032718e+00 2.597002e+02
5.985000e+02 3.012420e+00 2.593978e+02
5.990000e+02 3.006554e+00 2.592739e+02
5.995000e+02 3.008456e+00 2.592273e+02
6.000000e+02 3.043182e+00 2.594425e+02
6.005000e+02 2.901950e+00 2.576585e+02
6.010000e+02 2.808881e+00 2.561985e+02
6.015000e+02 2.724596e+00 2.547435e+02
6.020000e+02 2.657047e+00 2.534655e+02
6.025000e+02 2.611912e+00 2.524902e+02
6.030000e+02 2.552662e+00 2.512879e+02
6.035000e+02 2.496921e+00 2.501038e+02
6.040000e+02 2.452226e+00 2.490781e+02
6.045000e+02 2.412173e+00 2.481193e+02
6.050000e+02 2.376464e+00 2.472283e+02
6.055000e+02 2.344300e+00 2.463961e+02
6.060000e+02 2.314777e+00 2.456096e+02
6.065000e+02 2.287119e+00 2.448560e+02
6.070000e+02 2.262646e+00 2.441676e+02
6.075000e+02 2.241186e+00 2.435455e+02
6.080000e+02 2.224865e+00 2.430425e+02
6.085000e+02 2.203633e+00 2.424408e+02
6.090000e+02 2.191038e+00 2.420451e+02
6.095000e+02 2.197355e+00 2.420959e+02
6.100000e+02 2.208178e+00 2.422704e+02
6.105000e+02 2.262679e+00 2.434174e+02
6.110000e+02 2.190134e+00 2.418176e+02
6.115000e+02 2.195593e+00 2.419719e+02
6.120000e+02 2.174928e+00 2.415812e+02
6.125000e+02 2.186772e+00 2.419816e+02
6.130000e+02 2.208890e+00 2.426714e+02
6.135000e+02 2.241677e+00 2.436541e+02
6.140000e+02 2.288652e+00 2.449954e+02
6.145000e+02 2.357107e+00 2.468103e+02
6.150000e+02 2.445313e+00 2.490065e+02
6.155000e+02 2.552851e+00 2.515116e+02
6.160000e+02 2.710339e+00 2.546756e+02
6.165000e+02 2.925648e+00 2.583093e+02
6.170000e+02 3.222099e+00 2.622637e+02
6.175000e+02 3.650837e+00 2.663420e+02
6.180000e+02 4.269565e+00 2.700295e+02
6.185000e+02 5.204148e+00 2.728731e+02
6.190000e+02 6.633487e+00 2.745851e+02
6.195000e+02 8.796655e+00 2.754023e+02
6.200000e+02 1.176836e+01 2.757817e+02
6.205000e+02 1.459601e+01 2.759439e+02
6.210000e+02 1.417178e+01 2.759245e+02
6.215000e+02 1.109760e+01 2.757205e+02
6.220000e+02 8.248584e+00 2.752699e+02
6.225000e+02 6.230141e+00 2.742635e+02
6.230000e+02 4.892415e+00 2.721535e+02
6.235000e+02 4.027002e+00 2.687664e+02
6.240000e+02 3.402155e+00 2.641475e+02
6.245000e+02 2.961848e+00 2.588792e+02
6.250000e+02 2.650613e+00 2.535647e+02
6.255000e+02 2.426422e+00 2.485874e+02
6.260000e+02 2.236952e+00 2.435998e+02
6.265000e+02 2.097647e+00 2.392493e+02
6.270000e+02 1.990163e+00 2.354434e+02
6.275000e+02 1.915930e+00 2.324361e+02
6.280000e+02 1.840958e+00 2.293230e+02
6.285000e+02 1.755487e+00 2.257176e+02
6.290000e+02 1.693235e+00 2.228006e+02
6.295000e+02 1.642005e+00 2.202448e+02
6.300000e+02 1.598825e+00 2.179775e+02
6.305000e+02 1.560679e+00 2.158969e+02
6.310000e+02 1.527466e+00 2.140158e+02
6.315000e+02 1.499426e+00 2.123573e+02
6.320000e+02 1.496160e+00 2.118303e+02
6.325000e+02 1.455830e+00 2.096131e+02
6.330000e+02 1.427254e+00 2.079218e+02
6.335000e+02 1.411374e+00 2.068403e+02
6.340000e+02 1.393502e+00 2.056625e+02
6.345000e+02 1.597696e+00 2.149704e+02
6.350000e+02 1.355970e+00 2.032173e+02
6.355000e+02 1.335608e+00 2.019056e+02
6.360000e+02 1.320139e+00 2.008475e+02
6.365000e+02 1.306268e+00 1.998762e+02
6.370000e+02 1.293765e+00 1.989823e+02
6.375000e+02 1.282344e+00 1.981495e+02
6.380000e+02 1.273013e+00 1.974376e+02
6.385000e+02 1.276374e+00 1.974533e+02
6.390000e+02 1.351284e+00 2.013938e+02
6.395000e+02 1.249218e+00 1.955653e+02
6.400000e+02 1.257952e+00 1.959320e+02
6.405000e+02 1.227905e+00 1.940113e+02
6.410000e+02 1.216752e+00 1.932049e+02
6.415000e+02 1.230959e+00 1.939582e+02
6.420000e+02 1.216391e+00 1.929124e+02
6.425000e+02 1.251501e+00 1.948663e+02
6.430000e+02 1.193489e+00 1.913004e+02
6.435000e+02 1.186857e+00 1.907910e+02
6.440000e+02 1.179654e+00 1.902453e+02
6.445000e+02 1.192672e+00 1.909617e+02
6.450000e+02 1.209620e+00 1.919494e+02
6.455000e+02 1.182358e+00 1.903020e+02
6.460000e+02 1.176840e+00 1.899507e+02
6.465000e+02 1.162925e+00 1.888994e+02
6.470000e+02 1.152477e+00 1.880469e+02
6.475000e+02 1.162972e+00 1.885791e+02
6.480000e+02 1.195252e+00 1.904791e+02
6.485000e+02 1.135974e+00 1.866660e+02
6.490000e+02 1.128247e+00 1.860930e+02
6.495000e+02 1.124551e+00 1.857921e+02
6.500000e+02 1.123946e+00 1.857077e+02
6.505000e+02 1.130444e+00 1.861012e+02
6.510000e+02 1.140547e+00 1.867271e+02
6.515000e+02 1.634708e+00 2.126799e+02
6.520000e+02 1.142491e+00 1.868787e+02
6.525000e+02 1.140846e+00 1.868250e+02
6.530000e+02 1.152399e+00 1.876058e+02
6.535000e+02 1.177494e+00 1.892451e+02
6.540000e+02 1.194583e+00 1.903817e+02
6.545000e+02 1.241455e+00 1.933231e+02
6.550000e+02 2.067763e+00 2.276844e+02
6.555000e+02 1.448627e+00 2.047875e+02
6.560000e+02 2.237166e+00 2.323022e+02
6.565000e+02 1.681685e+00 2.161185e+02
6.570000e+02 1.325224e+00 2.006131e+02
6.575000e+02 1.454806e+00 2.082687e+02
6.580000e+02 1.570915e+00 2.139594e+02
6.585000e+02 1.370264e+00 2.041364e+02
6.590000e+02 1.310647e+00 2.001717e+02
6.595000e+02 1.242782e+00 1.953844e+02
6.600000e+02 1.193315e+00 1.915908e+02
6.605000e+02 1.158006e+00 1.887403e+02
6.610000e+02 1.137213e+00 1.869237e+02
6.615000e+02 1.251818e+00 1.938113e+02
6.620000e+02 1.103077e+00 1.840510e+02
6.625000e+02 1.089933e+00 1.829638e+02
6.630000e+02 1.081846e+00 1.822582e+02
6.635000e+02 1.075327e+00 1.816894e+02
6.640000e+02 1.071252e+00 1.813153e+02
6.645000e+02 1.080158e+00 1.819075e+02
6.650000e+02 1.071211e+00 1.811839e+02
6.655000e+02 1.111895e+00 1.838866e+02
6.660000e+02 1.085960e+00 1.821077e+02
6.665000e+02 1.101238e+00 1.831399e+02
6.670000e+02 1.070368e+00 1.810007e+02
6.675000e+02 1.066956e+00 1.807721e+02
6.680000e+02 1.060354e+00 1.802815e+02
6.685000e+02 1.057502e+00 1.800759e+02
6.690000e+02 1.059658e+00 1.802310e+02
6.695000e+02 1.075554e+00 1.813360e+02
6.700000e+02 1.131109e+00 1.850736e+02
6.705000e+02 1.066000e+00 1.807100e+02
6.710000e+02 1.067025e+00 1.807995e+02
6.715000e+02 1.118943e+00 1.843284e+02
6.720000e+02 1.092781e+00 1.826201e+02
6.725000e+02 1.086127e+00 1.822089e+02
6.730000e+02 1.075726e+00 1.815306e+02
6.735000e+02 1.071032e+00 1.812253e+02
6.740000e+02 1.109130e+00 1.838786e+02
6.745000e+02 1.070413e+00 1.812505e+02
6.750000e+02 1.070944e+00 1.813306e+02
6.755000e+02 1.073616e+00 1.815633e+02
6.760000e+02 1.103486e+00 1.836849e+02
6.765000e+02 1.081183e+00 1.822047e+02
6.770000e+02 1.090205e+00 1.829021e+02
6.775000e+02 1.094918e+00 1.833025e+02
6.780000e+02 1.110906e+00 1.844273e+02
6.785000e+02 1.097645e+00 1.836034e+02
6.790000e+02 1.098019e+00 1.836721e+02
6.795000e+02 1.097008e+00 1.836440e+02
6.800000e+02 1.098532e+00 1.838042e+02
6.805000e+02 1.101347e+00 1.840586e+02
6.810000e+02 1.104742e+00 1.843575e+02
6.815000e+02 1.108865e+00 1.847105e+02
6.820000e+02 1.113253e+00 1.850833e+02
6.825000e+02 1.117501e+00 1.854490e+02
6.830000e+02 1.124057e+00 1.859739e+02
6.835000e+02 1.144258e+00 1.873769e+02
6.840000e+02 1.139338e+00 1.871496e+02
6.845000e+02 1.140741e+00 1.873400e+02
6.850000e+02 1.142611e+00 1.875642e+02
6.855000e+02 1.147933e+00 1.880122e+02
6.860000e+02 1.153729e+00 1.884926e+02
6.865000e+02 1.159669e+00 1.889842e+02
6.870000e+02 1.166051e+00 1.895064e+02
6.875000e+02 1.173034e+00 1.900692e+02
6.880000e+02 1.180074e+00 1.906384e+02
6.885000e+02 1.187844e+00 1.912574e+02
6.890000e+02 1.196358e+00 1.919283e+02
6.895000e+02 1.205919e+00 1.926722e+02
6.900000e+02 1.217025e+00 1.935234e+02
6.905000e+02 1.230949e+00 1.945640e+02
6.910000e+02 1.250194e+00 1.959392e+02
6.915000e+02 1.290981e+00 1.985252e+02
6.920000e+02 1.306175e+00 1.995967e+02
6.925000e+02 1.356466e+00 2.023450e+02
6.930000e+02 1.300497e+00 1.993758e+02
6.935000e+02 1.631466e+00 2.154163e+02
6.940000e+02 1.300932e+00 1.995305e+02
6.945000e+02 1.312142e+00 2.002569e+02
6.950000e+02 1.320956e+00 2.008691e+02
6.955000e+02 1.316176e+00 2.007674e+02
6.960000e+02 1.345536e+00 2.025067e+02
6.965000e+02 1.335430e+00 2.021292e+02
6.970000e+02 1.346146e+00 2.028739e+02
6.975000e+02 1.364986e+00 2.040620e+02
6.980000e+02 1.368705e+00 2.044177e+02
6.985000e+02 1.382613e+00 2.053227e+02
6.990000e+02 1.453685e+00 2.091266e+02
6.995000e+02 1.411200e+00 2.071610e+02
7.000000e+02 1.427930e+00 2.081934e+02
7.005000e+02 1.458664e+00 2.098716e+02
7.010000e+02 1.528704e+00 2.132643e+02
7.015000e+02 1.592183e+00 2.164805e+02
7.020000e+02 1.495644e+00 2.122778e+02
7.025000e+02 1.515606e+00 2.134222e+02
7.030000e+02 1.563810e+00 2.157807e+02
7.035000e+02 1.550063e+00 2.154013e+02
7.040000e+02 1.563413e+00 2.161978e+02
7.045000e+02 1.581005e+00 2.171735e+02
7.050000e+02 1.600223e+00 2.182136e+02
7.055000e+02 1.621149e+00 2.193154e+02
7.060000e+02 1.643915e+00 2.204817e+02
7.065000e+02 1.666539e+00 2.216256e+02
7.070000e+02 1.691245e+00 2.228359e+02
7.075000e+02 1.717385e+00 2.240818e+02
7.080000e+02 1.751550e+00 2.255915e+02
7.085000e+02 1.774608e+00 2.266905e+02
7.090000e+02 1.803685e+00 2.279806e+02
7.095000e+02 1.844649e+00 2.296330e+02
7.100000e+02 1.872337e+00 2.308348e+02
7.105000e+02 1.908995e+00 2.322970e+02
7.110000e+02 1.953380e+00 2.339611e+02
7.115000e+02 2.114757e+00 2.388394e+02
7.120000e+02 2.057483e+00 2.375959e+02
7.125000e+02 2.127892e+00 2.398250e+02
7.130000e+02 2.223510e+00 2.425805e+02
7.135000e+02 2.367267e+00 2.462225e+02
7.140000e+02 2.618853e+00 2.514237e+02
7.145000e+02 3.162339e+00 2.590425e+02
7.150000e+02 4.750143e+00 2.676476e+02
7.155000e+02 7.916524e+00 2.700857e+02
7.160000e+02 3.934563e+00 2.651436e+02
7.165000e+02 3.070505e+00 2.586165e+02
7.170000e+02 2.783707e+00 2.549734e+02
7.175000e+02 2.680003e+00 2.534669e+02
7.180000e+02 2.671499e+00 2.534080e+02
7.185000e+02 2.700876e+00 2.539817e+02
7.190000e+02 2.693619e+00 2.541199e+02
7.195000e+02 2.748703e+00 2.551150e+02
7.200000e+02 2.812901e+00 2.562048e+02
7.205000e+02 2.841107e+00 2.568475e+02
7.210000e+02 2.901223e+00 2.578430e+02
7.215000e+02 2.970150e+00 2.588945e+02
7.220000e+02 3.045170e+00 2.599574e+02
7.225000e+02 3.127446e+00 2.610304e+02
7.230000e+02 3.243417e+00 2.623200e+02
7.235000e+02 3.394073e+00 2.637209e+02
7.240000e+02 3.401790e+00 2.640823e+02
7.245000e+02 3.497997e+00 2.650013e+02
7.250000e+02 3.603994e+00 2.659117e+02
7.255000e+02 3.719209e+00 2.667998e+02
7.260000e+02 3.839801e+00 2.676385e+02
7.265000e+02 3.978419e+00 2.684756e+02
7.270000e+02 4.112576e+00 2.692177e+02
7.275000e+02 4.257802e+00 2.699233e+02
7.280000e+02 4.429999e+00 2.706233e+02
7.285000e+02 4.578478e+00 2.711931e+02
7.290000e+02 4.748579e+00 2.717441e+02
7.295000e+02 4.936026e+00 2.722601e+02
7.300000e+02 5.201227e+00 2.728096e+02
7.305000e+02 5.362036e+00 2.731684e+02
7.310000e+02 5.623972e+00 2.735732e+02
7.315000e+02 5.855163e+00 2.738981e+02
7.320000e+02 6.097233e+00 2.741854e+02
7.325000e+02 6.376436e+00 2.744499e+02
7.330000e+02 6.682430e+00 2.746855e+02
7.335000e+02 7.016421e+00 2.748935e+02
7.340000e+02 7.385853e+00 2.750771e+02
7.345000e+02 7.821468e+00 2.752410e+02
7.350000e+02 8.310848e+00 2.753851e+02
7.355000e+02 8.666800e+00 2.755048e+02
7.360000e+02 9.176109e+00 2.756178e+02
7.365000e+02 9.760096e+00 2.757203e+02
7.370000e+02 1.035349e+01 2.758134e+02
7.375000e+02 1.103437e+01 2.758998e+02
7.380000e+02 1.178906e+01 2.759803e+02
7.385000e+02 1.262779e+01 2.760558e+02
7.390000e+02 1.356412e+01 2.761271e+02
7.395000e+02 1.461532e+01 2.761945e+02
7.400000e+02 1.581387e+01 2.762585e+02
7.405000e+02 1.721441e+01 2.763191e+02
7.410000e+02 1.864791e+01 2.763767e+02
7.415000e+02 2.037844e+01 2.764313e+02
7.420000e+02 2.237527e+01 2.764830e+02
7.425000e+02 2.469433e+01 2.765319e+02
7.430000e+02 2.741103e+01 2.765782e+02
7.435000e+02 3.061610e+01 2.766219e+02
7.440000e+02 3.444471e+01 2.766629e+02
7.445000e+02 3.904689e+01 2.767012e+02
7.450000e+02 4.455187e+01 2.767365e+02
7.455000e+02 5.094004e+01 2.767688e+02
7.460000e+02 5.834416e+01 2.767983e+02
7.465000e+02 6.766166e+01 2.768255e+02
7.470000e+02 7.939063e+01 2.768508e+02
7.475000e+02 9.467203e+01 2.768741e+02
7.480000e+02 1.149343e+02 2.768952e+02
7.485000e+02 1.421603e+02 2.769141e+02
7.490000e+02 1.792513e+02 2.769306e+02
7.495000e+02 2.311146e+02 2.769448e+02
7.500000e+02 3.048455e+02 2.769566e+02
7.505000e+02 4.099274e+02 2.769659e+02
7.510000e+02 5.548941e+02 2.769729e+02
7.515000e+02 7.314427e+02 2.769775e+02
7.520000e+02 8.910964e+02 2.769796e+02
7.525000e+02 8.178204e+02 2.769793e+02
7.530000e+02 6.565241e+02 2.769766e+02
7.535000e+02 4.948945e+02 2.769716e+02
7.540000e+02 3.683470e+02 2.769642e+02
7.545000e+02 2.772195e+02 2.769544e+02
7.550000e+02 2.125571e+02 2.769423e+02
7.555000e+02 1.665976e+02 2.769278e+02
7.560000e+02 1.333036e+02 2.769111e+02
7.565000e+02 1.086895e+02 2.768920e+02
7.570000e+02 9.014372e+01 2.768707e+02
7.575000e+02 7.584497e+01 2.768472e+02
7.580000e+02 6.460960e+01 2.768215e+02
7.585000e+02 5.569013e+01 2.767936e+02
7.590000e+02 4.848979e+01 2.767636e+02
7.595000e+02 4.260046e+01 2.767314e+02
7.600000e+02 3.772873e+01 2.766971e+02
7.605000e+02 3.365992e+01 2.766607e+02
7.610000e+02 3.021008e+01 2.766221e+02
7.615000e+02 2.728018e+01 2.765813e+02
7.620000e+02 2.476679e+01 2.765382e+02
7.625000e+02 2.259411e+01 2.764929e+02
7.630000e+02 2.070531e+01 2.764453e+02
7.635000e+02 1.905390e+01 2.763952e+02
7.640000e+02 1.760249e+01 2.763427e+02
7.645000e+02 1.632134e+01 2.762878e+02
7.650000e+02 1.519725e+01 2.762302e+02
7.655000e+02 1.417867e+01 2.761701e+02
7.660000e+02 1.328855e+01 2.761072e+02
7.665000e+02 1.249727e+01 2.760413e+02
7.670000e+02 1.174043e+01 2.759723e+02
7.675000e+02 1.109076e+01 2.758997e+02
7.680000e+02 1.050608e+01 2.758235e+02
7.685000e+02 9.988372e+00 2.757433e+02
7.690000e+02 9.533783e+00 2.756594e+02
7.695000e+02 9.143481e+00 2.755723e+02
7.700000e+02 8.825774e+00 2.754842e+02
7.705000e+02 8.589399e+00 2.753990e+02
7.710000e+02 8.473341e+00 2.753247e+02
7.715000e+02 8.543213e+00 2.752747e+02
7.720000e+02 8.961523e+00 2.752679e+02
7.725000e+02 1.014715e+01 2.753220e+02
7.730000e+02 1.340664e+01 2.754391e+02
7.735000e+02 2.433045e+01 2.755759e+02
7.740000e+02 3.529031e+01 2.755746e+02
7.745000e+02 1.518699e+01 2.753531e+02
7.750000e+02 9.875034e+00 2.750223e+02
7.755000e+02 7.712963e+00 2.746176e+02
7.760000e+02 6.635103e+00 2.741408e+02
7.765000e+02 5.977691e+00 2.736161e+02
7.770000e+02 5.489303e+00 2.730336e+02
7.775000e+02 5.140629e+00 2.724358e+02
7.780000e+02 4.876840e+00 2.718346e+02
7.785000e+02 4.648916e+00 2.711979e+02
7.790000e+02 4.450216e+00 2.705288e+02
7.795000e+02 4.301519e+00 2.699038e+02
7.800000e+02 4.138133e+00 2.691708e+02
7.805000e+02 3.984454e+00 2.683866e+02
7.810000e+02 3.855902e+00 2.676186e+02
7.815000e+02 3.740837e+00 2.668421e+02
7.820000e+02 3.646073e+00 2.661058e+02
7.825000e+02 3.771866e+00 2.664737e+02
7.830000e+02 3.444962e+00 2.644100e+02
7.835000e+02 3.356481e+00 2.635496e+02
7.840000e+02 3.267268e+00 2.626260e+02
7.845000e+02 3.236593e+00 2.621097e+02
7.850000e+02 3.130139e+00 2.609521e+02
7.855000e+02 3.045340e+00 2.599043e+02
7.860000e+02 2.964998e+00 2.588306e+02
7.865000e+02 2.895259e+00 2.578077e+02
7.870000e+02 2.832231e+00 2.568099e+02
7.875000e+02 2.772565e+00 2.558074e+02
7.880000e+02 2.715992e+00 2.548021e+02
7.885000e+02 2.662282e+00 2.537954e+02
7.890000e+02 2.611299e+00 2.527898e+02
7.895000e+02 2.561861e+00 2.517716e+02
7.900000e+02 2.515735e+00 2.507724e+02
7.905000e+02 2.474787e+00 2.498324e+02
7.910000e+02 2.439251e+00 2.489623e+02
7.915000e+02 2.401938e+00 2.480317e+02
7.920000e+02 2.352580e+00 2.468423e+02
7.925000e+02 2.314809e+00 2.458390e+02
7.930000e+02 2.319239e+00 2.456631e+02
7.935000e+02 2.255189e+00 2.440970e+02
7.940000e+02 2.202481e+00 2.427087e+02
7.945000e+02 2.168438e+00 2.416897e+02
7.950000e+02 2.134611e+00 2.406528e+02
7.955000e+02 2.103789e+00 2.396678e+02
7.960000e+02 2.075971e+00 2.387435e+02
7.965000e+02 2.047283e+00 2.377777e+02
7.970000e+02 2.021210e+00 2.368672e+02
7.975000e+02 1.995991e+00 2.359606e+02
7.980000e+02 1.969651e+00 2.349975e+02
7.985000e+02 1.949539e+00 2.341901e+02
7.990000e+02 1.925354e+00 2.332563e+02
7.995000e+02 1.897625e+00 2.322091e+02
8.000000e+02 1.870455e+00 2.311563e+02
8.005000e+02 1.848300e+00 2.302468e+02
8.010000e+02 1.827515e+00 2.293718e+02
8.015000e+02 1.807929e+00 2.285281e+02
8.020000e+02 1.791913e+00 2.277979e+02
8.025000e+02 1.786342e+00 2.274239e+02
8.030000e+02 1.762725e+00 2.264302e+02
8.035000e+02 1.745244e+00 2.256300e+02
8.040000e+02 1.720176e+00 2.245425e+02
8.045000e+02 1.702386e+00 2.236988e+02
8.050000e+02 1.684688e+00 2.228572e+02
8.055000e+02 1.668741e+00 2.220775e+02
8.060000e+02 1.656329e+00 2.214335e+02
8.065000e+02 1.652777e+00 2.211199e+02
8.070000e+02 1.640151e+00 2.204574e+02
8.075000e+02 1.736241e+00 2.238144e+02
8.080000e+02 1.620248e+00 2.193074e+02
8.085000e+02 1.586045e+00 2.177770e+02
8.090000e+02 1.569917e+00 2.169503e+02
8.095000e+02 1.561219e+00 2.164398e+02
8.100000e+02 1.548852e+00 2.157574e+02
8.105000e+02 1.557250e+00 2.159549e+02
8.110000e+02 1.568485e+00 2.163086e+02
8.115000e+02 1.652949e+00 2.196504e+02
8.120000e+02 1.504846e+00 2.132583e+02
8.125000e+02 1.493775e+00 2.126219e+02
8.130000e+02 1.525931e+00 2.139000e+02
8.135000e+02 1.485490e+00 2.119702e+02
8.140000e+02 1.985852e+00 2.306323e+02
8.145000e+02 1.456472e+00 2.103829e+02
8.150000e+02 1.442099e+00 2.095834e+02
8.155000e+02 1.431716e+00 2.089667e+02
8.160000e+02 1.423380e+00 2.084482e+02
8.165000e+02 1.414746e+00 2.079149e+02
8.170000e+02 1.407087e+00 2.074298e+02
8.175000e+02 1.400233e+00 2.069856e+02
8.180000e+02 1.394444e+00 2.065942e+02
8.185000e+02 1.404570e+00 2.070043e+02
8.190000e+02 1.383054e+00 2.058292e+02
8.195000e+02 1.388952e+00 2.060246e+02
8.200000e+02 1.381723e+00 2.055733e+02
8.205000e+02 1.366043e+00 2.047034e+02
8.210000e+02 1.358081e+00 2.042118e+02
8.215000e+02 1.353023e+00 2.038757e+02
8.220000e+02 1.349661e+00 2.036358e+02
8.225000e+02 1.346107e+00 2.033882e+02
8.230000e+02 1.343250e+00 2.031879e+02
8.235000e+02 1.342363e+00 2.031045e+02
8.240000e+02 1.343501e+00 2.031426e+02
8.245000e+02 1.346332e+00 2.032843e+02
8.250000e+02 1.356279e+00 2.038235e+02
8.255000e+02 1.414318e+00 2.067564e+02
8.260000e+02 1.432356e+00 2.077436e+02
8.265000e+02 1.504729e+00 2.113498e+02
8.270000e+02 1.407219e+00 2.068809e+02
8.275000e+02 1.414427e+00 2.072637e+02
8.280000e+02 1.509737e+00 2.119243e+02
8.285000e+02 1.400150e+00 2.063356e+02
8.290000e+02 1.393838e+00 2.059591e+02
8.295000e+02 1.406100e+00 2.065958e+02
8.300000e+02 1.430509e+00 2.078997e+02
8.305000e+02 1.527003e+00 2.125901e+02
8.310000e+02 2.010352e+00 2.300805e+02
8.315000e+02 1.751259e+00 2.225001e+02
8.320000e+02 1.835084e+00 2.264634e+02
8.325000e+02 2.143414e+00 2.368699e+02
8.330000e+02 2.863690e+00 2.520110e+02
8.335000e+02 4.660619e+00 2.655758e+02
8.340000e+02 1.207114e+01 2.701251e+02
8.345000e+02 7.353230e+00 2.692485e+02
8.350000e+02 3.643879e+00 2.604744e+02
8.355000e+02 2.457615e+00 2.447296e+02
8.360000e+02 1.941386e+00 2.304967e+02
8.365000e+02 1.710420e+00 2.213556e+02
8.370000e+02 1.628403e+00 2.171663e+02
8.375000e+02 1.484511e+00 2.103580e+02
8.380000e+02 1.469956e+00 2.091764e+02
8.385000e+02 1.484934e+00 2.095418e+02
8.390000e+02 1.361911e+00 2.033677e+02
8.395000e+02 1.468663e+00 2.082719e+02
8.400000e+02 1.385663e+00 2.041926e+02
8.405000e+02 1.371069e+00 2.034298e+02
8.410000e+02 1.615444e+00 2.144990e+02
8.415000e+02 1.542092e+00 2.112979e+02
8.420000e+02 1.527654e+00 2.104694e+02
8.425000e+02 1.694608e+00 2.167010e+02
8.430000e+02 2.460531e+00 2.362867e+02
8.435000e+02 1.344399e+00 2.012583e+02
8.440000e+02 1.256269e+00 1.964396e+02
8.445000e+02 1.228936e+00 1.948096e+02
8.450000e+02 1.218506e+00 1.941558e+02
8.455000e+02 1.217131e+00 1.940660e+02
8.460000e+02 1.209470e+00 1.935884e+02
8.465000e+02 1.210698e+00 1.936895e+02
8.470000e+02 1.209051e+00 1.936263e+02
8.475000e+02 1.214281e+00 1.940226e+02
8.480000e+02 1.223635e+00 1.946997e+02
8.485000e+02 1.235838e+00 1.955416e+02
8.490000e+02 1.363976e+00 2.026662e+02
8.495000e+02 1.234863e+00 1.954426e+02
8.500000e+02 1.225035e+00 1.947238e+02
8.505000e+02 1.205719e+00 1.934343e+02
8.510000e+02 1.198344e+00 1.928953e+02
8.515000e+02 1.196004e+00 1.926971e+02
8.520000e+02 1.192637e+00 1.924698e+02
8.525000e+02 1.197357e+00 1.927654e+02
8.530000e+02 1.202596e+00 1.931151e+02
8.535000e+02 1.205764e+00 1.933299e+02
8.540000e+02 1.198324e+00 1.929016e+02
8.545000e+02 1.195341e+00 1.927092e+02
8.550000e+02 1.194614e+00 1.926657e+02
8.555000e+02 1.205525e+00 1.933745e+02
8.560000e+02 1.200202e+00 1.931107e+02
8.565000e+02 1.210929e+00 1.938743e+02
8.570000e+02 1.225470e+00 1.948938e+02
8.575000e+02 1.253570e+00 1.967184e+02
8.580000e+02 1.742841e+00 2.195048e+02
8.585000e+02 1.285991e+00 1.992885e+02
8.590000e+02 1.307831e+00 2.010382e+02
8.595000e+02 1.342853e+00 2.034529e+02
8.600000e+02 1.366422e+00 2.049831e+02
8.605000e+02 1.360340e+00 2.045280e+02
8.610000e+02 1.326128e+00 2.022522e+02
8.615000e+02 1.501596e+00 2.104704e+02
8.620000e+02 1.264056e+00 1.978617e+02
8.625000e+02 1.253347e+00 1.969064e+02
8.630000e+02 1.388732e+00 2.038985e+02
8.635000e+02 1.221392e+00 1.946779e+02
8.640000e+02 1.208075e+00 1.937857e+02
8.645000e+02 1.200828e+00 1.932525e+02
8.650000e+02 1.196843e+00 1.929424e+02
8.655000e+02 1.204552e+00 1.933772e+02
8.660000e+02 1.221800e+00 1.943481e+02
8.665000e+02 1.195724e+00 1.927789e+02
8.670000e+02 1.190294e+00 1.924468e+02
8.675000e+02 1.189506e+00 1.923996e+02
8.680000e+02 1.189759e+00 1.924217e+02
8.685000e+02 1.197784e+00 1.929314e+02
8.690000e+02 1.212836e+00 1.938468e+02
8.695000e+02 1.207950e+00 1.936363e+02
8.700000e+02 1.194047e+00 1.927537e+02
8.705000e+02 1.196442e+00 1.929228e+02
8.710000e+02 1.195412e+00 1.928883e+02
8.715000e+02 1.196921e+00 1.930100e+02
8.720000e+02 1.198591e+00 1.931436e+02
8.725000e+02 1.200565e+00 1.932988e+02
8.730000e+02 1.202427e+00 1.934469e+02
8.735000e+02 1.204512e+00 1.936113e+02
8.740000e+02 1.209243e+00 1.939381e+02
8.745000e+02 1.209354e+00 1.939859e+02
8.750000e+02 1.212136e+00 1.941973e+02
8.755000e+02 1.233868e+00 1.955552e+02
8.760000e+02 1.218008e+00 1.946453e+02
8.765000e+02 1.220989e+00 1.948770e+02
8.770000e+02 1.224803e+00 1.951619e+02
8.775000e+02 1.229659e+00 1.955149e+02
8.780000e+02 1.236870e+00 1.960077e+02
8.785000e+02 1.248187e+00 1.967162e+02
8.790000e+02 1.242101e+00 1.964254e+02
8.795000e+02 1.243275e+00 1.965407e+02
8.800000e+02 1.245627e+00 1.967286e+02
8.805000e+02 1.249490e+00 1.970106e+02
8.810000e+02 1.255783e+00 1.974353e+02
8.815000e+02 1.268959e+00 1.982572e+02
8.820000e+02 1.265906e+00 1.981487e+02
8.825000e+02 1.281527e+00 1.990845e+02
8.830000e+02 1.617776e+00 2.150797e+02
8.835000e+02 1.299367e+00 2.002185e+02
8.840000e+02 1.286924e+00 1.996478e+02
8.845000e+02 1.289426e+00 1.998798e+02
8.850000e+02 1.295056e+00 2.002849e+02
8.855000e+02 1.306691e+00 2.010261e+02
8.860000e+02 1.313817e+00 2.015109e+02
8.865000e+02 1.456748e+00 2.088540e+02
8.870000e+02 1.342357e+00 2.032515e+02
8.875000e+02 1.356305e+00 2.041036e+02
8.880000e+02 1.422511e+00 2.075011e+02
8.885000e+02 1.375992e+00 2.054060e+02
8.890000e+02 1.366725e+00 2.051472e+02
8.895000e+02 1.377544e+00 2.059103e+02
8.900000e+02 1.393372e+00 2.069484e+02
8.905000e+02 1.413588e+00 2.082294e+02
8.910000e+02 1.438685e+00 2.097833e+02
8.915000e+02 1.472182e+00 2.117851e+02
8.920000e+02 1.517827e+00 2.143926e+02
8.925000e+02 1.579909e+00 2.177190e+02
8.930000e+02 1.656744e+00 2.214985e+02
8.935000e+02 1.729710e+00 2.247074e+02
8.940000e+02 1.727583e+00 2.247117e+02
8.945000e+02 1.702781e+00 2.235698e+02
8.950000e+02 1.725971e+00 2.240456e+02
8.955000e+02 1.646350e+00 2.209197e+02
8.960000e+02 1.820045e+00 2.268968e+02
8.965000e+02 1.606708e+00 2.191130e+02
8.970000e+02 1.593623e+00 2.186287e+02
8.975000e+02 1.601097e+00 2.190796e+02
8.980000e+02 1.620102e+00 2.200932e+02
8.985000e+02 1.648143e+00 2.215214e+02
8.990000e+02 1.677754e+00 2.229850e+02
8.995000e+02 1.699473e+00 2.240370e+02
9.000000e+02 1.711069e+00 2.246099e+02
9.005000e+02 1.724657e+00 2.252510e+02
9.010000e+02 1.753382e+00 2.264944e+02
9.015000e+02 1.780781e+00 2.277722e+02
9.020000e+02 1.819747e+00 2.294928e+02
9.025000e+02 1.870381e+00 2.315574e+02
9.030000e+02 1.914977e+00 2.333461e+02
9.035000e+02 1.973832e+00 2.354905e+02
9.040000e+02 2.028608e+00 2.375533e+02
9.045000e+02 2.143416e+00 2.411825e+02
9.050000e+02 2.247964e+00 2.444418e+02
9.055000e+02 2.415705e+00 2.487568e+02
9.060000e+02 2.577642e+00 2.522747e+02
9.065000e+02 2.644360e+00 2.535870e+02
9.070000e+02 2.611375e+00 2.530778e+02
9.075000e+02 2.616879e+00 2.531992e+02
9.080000e+02 2.715974e+00 2.548320e+02
9.085000e+02 2.833768e+00 2.567884e+02
9.090000e+02 2.922739e+00 2.584600e+02
9.095000e+02 3.097458e+00 2.609537e+02
9.100000e+02 3.355775e+00 2.638525e+02
9.105000e+02 3.662143e+00 2.665614e+02
9.110000e+02 4.069975e+00 2.691496e+02
9.115000e+02 4.605634e+00 2.713900e+02
9.120000e+02 5.345756e+00 2.731765e+02
9.125000e+02 6.276378e+00 2.743825e+02
9.130000e+02 7.610927e+00 2.751666e+02
9.135000e+02 9.512386e+00 2.756485e+02
9.140000e+02 1.228431e+01 2.759729e+02
9.145000e+02 1.636938e+01 2.762137e+02
9.150000e+02 2.224557e+01 2.763895e+02
9.155000e+02 2.974559e+01 2.765023e+02
9.160000e+02 3.606927e+01 2.765521e+02
9.165000e+02 3.407405e+01 2.765384e+02
9.170000e+02 2.664993e+01 2.764619e+02
9.175000e+02 1.970111e+01 2.763240e+02
9.180000e+02 1.463492e+01 2.761259e+02
9.185000e+02 1.119474e+01 2.758645e+02
9.190000e+02 8.877183e+00 2.755139e+02
9.195000e+02 7.250260e+00 2.749926e+02
9.200000e+02 6.069951e+00 2.741663e+02
9.205000e+02 5.206848e+00 2.729241e+02
9.210000e+02 4.569865e+00 2.712542e+02
9.215000e+02 4.093132e+00 2.692408e+02
9.220000e+02 3.724329e+00 2.669825e+02
9.225000e+02 3.422792e+00 2.645221e+02
9.230000e+02 3.188144e+00 2.620600e+02
9.235000e+02 2.999742e+00 2.596491e+02
9.240000e+02 2.843094e+00 2.573019e+02
9.245000e+02 2.718359e+00 2.551484e+02
9.250000e+02 2.646751e+00 2.536081e+02
9.255000e+02 2.551203e+00 2.516980e+02
9.260000e+02 2.460169e+00 2.497834e+02
9.265000e+02 2.435401e+00 2.489601e+02
9.270000e+02 2.338424e+00 2.468452e+02
9.275000e+02 2.399860e+00 2.477209e+02
9.280000e+02 2.260320e+00 2.447242e+02
9.285000e+02 2.240452e+00 2.440891e+02
9.290000e+02 2.196597e+00 2.429295e+02
9.295000e+02 2.173059e+00 2.422287e+02
9.300000e+02 2.152593e+00 2.416149e+02
9.305000e+02 2.137461e+00 2.411438e+02
9.310000e+02 2.126021e+00 2.407788e+02
9.315000e+02 2.119787e+00 2.405563e+02
9.320000e+02 2.115251e+00 2.403928e+02
9.325000e+02 2.123383e+00 2.405448e+02
9.330000e+02 2.259656e+00 2.435047e+02
9.335000e+02 2.152223e+00 2.411849e+02
9.340000e+02 2.111702e+00 2.402469e+02
9.345000e+02 2.107825e+00 2.401738e+02
9.350000e+02 2.109896e+00 2.402540e+02
9.355000e+02 2.115168e+00 2.404212e+02
9.360000e+02 2.125549e+00 2.407229e+02
9.365000e+02 2.128240e+00 2.408473e+02
9.370000e+02 2.141752e+00 2.412358e+02
9.375000e+02 2.149120e+00 2.414910e+02
9.380000e+02 2.158976e+00 2.418106e+02
9.385000e+02 2.171266e+00 2.421854e+02
9.390000e+02 2.183257e+00 2.425502e+02
9.395000e+02 2.196296e+00 2.429396e+02
9.400000e+02 2.212136e+00 2.433946e+02
9.405000e+02 2.226638e+00 2.438234e+02
9.410000e+02 2.243479e+00 2.443047e+02
9.415000e+02 2.261520e+00 2.448117e+02
9.420000e+02 2.280736e+00 2.453429e+02
9.425000e+02 2.302342e+00 2.459218e+02
9.430000e+02 2.325298e+00 2.465252e+02
9.435000e+02 2.352907e+00 2.472168e+02
9.440000e+02 2.374515e+00 2.477879e+02
9.445000e+02 2.405055e+00 2.485159e+02
9.450000e+02 2.444428e+00 2.493700e+02
9.455000e+02 2.452521e+00 2.496633e+02
9.460000e+02 2.476204e+00 2.502174e+02
9.465000e+02 2.502961e+00 2.508195e+02
9.470000e+02 2.532307e+00 2.514591e+02
9.475000e+02 2.565357e+00 2.521495e+02
9.480000e+02 2.600374e+00 2.528559e+02
9.485000e+02 2.654974e+00 2.538199e+02
9.490000e+02 2.751505e+00 2.552850e+02
9.495000e+02 2.714308e+00 2.550175e+02
9.500000e+02 2.752347e+00 2.557090e+02
9.505000e+02 2.825828e+00 2.568012e+02
9.510000e+02 2.859430e+00 2.573989e+02
9.515000e+02 2.948505e+00 2.586208e+02
9.520000e+02 2.929828e+00 2.586027e+02
9.525000e+02 2.981393e+00 2.593536e+02
9.530000e+02 3.037939e+00 2.601292e+02
9.535000e+02 3.106785e+00 2.609863e+02
9.540000e+02 3.161242e+00 2.616832e+02
9.545000e+02 3.241340e+00 2.625535e+02
9.550000e+02 3.294184e+00 2.631806e+02
9.555000e+02 3.362827e+00 2.638931e+02
9.560000e+02 3.477906e+00 2.648686e+02
9.565000e+02 3.515871e+00 2.653298e+02
9.570000e+02 3.608347e+00 2.660862e+02
9.575000e+02 3.698606e+00 2.667866e+02
9.580000e+02 3.815298e+00 2.675643e+02
9.585000e+02 4.948572e+00 2.708394e+02
9.590000e+02 4.039053e+00 2.689165e+02
9.595000e+02 4.149650e+00 2.695199e+02
9.600000e+02 4.285436e+00 2.701539e+02
9.605000e+02 4.433679e+00 2.707668e+02
9.610000e+02 4.600229e+00 2.713643e+02
9.615000e+02 4.786291e+00 2.719378e+02
9.620000e+02 4.995446e+00 2.724836e+02
9.625000e+02 5.237228e+00 2.730030e+02
9.630000e+02 5.499198e+00 2.734743e+02
9.635000e+02 5.809341e+00 2.739152e+02
9.640000e+02 6.172478e+00 2.743167e+02
9.645000e+02 6.604501e+00 2.746773e+02
9.650000e+02 7.127534e+00 2.749964e+02
9.655000e+02 7.773651e+00 2.752755e+02
9.660000e+02 8.591839e+00 2.755188e+02
9.665000e+02 9.657988e+00 2.757326e+02
9.670000e+02 1.109193e+01 2.759245e+02
9.675000e+02 1.308970e+01 2.761009e+02
9.680000e+02 1.597660e+01 2.762640e+02
9.685000e+02 2.028533e+01 2.764107e+02
9.690000e+02 2.694148e+01 2.765340e+02
9.695000e+02 3.590462e+01 2.766251e+02
9.700000e+02 4.551779e+01 2.766754e+02
9.705000e+02 4.659479e+01 2.766796e+02
9.710000e+02 3.784621e+01 2.766401e+02
9.715000e+02 2.908746e+01 2.765677e+02
9.720000e+02 2.299265e+01 2.764784e+02
9.725000e+02 1.917092e+01 2.763883e+02
9.730000e+02 1.740409e+01 2.763098e+02
9.735000e+02 1.549547e+01 2.762504e+02
9.740000e+02 1.476253e+01 2.762127e+02
9.745000e+02 1.446842e+01 2.761957e+02
9.750000e+02 1.449461e+01 2.761967e+02
9.755000e+02 1.477464e+01 2.762121e+02
9.760000e+02 1.527398e+01 2.762385e+02
9.765000e+02 1.600049e+01 2.762729e+02
9.770000e+02 1.687813e+01 2.763130e+02
9.775000e+02 1.798759e+01 2.763566e+02
9.780000e+02 1.933323e+01 2.764023e+02
9.785000e+02 2.094890e+01 2.764490e+02
9.790000e+02 2.286404e+01 2.764957e+02
9.795000e+02 2.515634e+01 2.765418e+02
9.800000e+02 2.801864e+01 2.765867e+02
9.805000e+02 3.120381e+01 2.766302e+02
9.810000e+02 3.522499e+01 2.766718e+02
9.815000e+02 4.016974e+01 2.767114e+02
9.820000e+02 4.632070e+01 2.767487e+02
9.825000e+02 5.409421e+01 2.767837e+02
9.830000e+02 6.416177e+01 2.768161e+02
9.835000e+02 7.690146e+01 2.768456e+02
9.840000e+02 9.397731e+01 2.768723e+02
9.845000e+02 1.169972e+02 2.768960e+02
9.850000e+02 1.488710e+02 2.769167e+02
9.855000e+02 1.940579e+02 2.769342e+02
9.860000e+02 2.590168e+02 2.769486e+02
9.865000e+02 3.515304e+02 2.769598e+02
9.870000e+02 4.756345e+02 2.769676e+02
9.875000e+02 6.112964e+02 2.769721e+02
9.880000e+02 6.805142e+02 2.769733e+02
9.885000e+02 5.736450e+02 2.769711e+02
9.890000e+02 4.369023e+02 2.769657e+02
9.895000e+02 3.220839e+02 2.769570e+02
9.900000e+02 2.386657e+02 2.769450e+02
9.905000e+02 1.804088e+02 2.769299e+02
9.910000e+02 1.396992e+02 2.769118e+02
9.915000e+02 1.107787e+02 2.768907e+02
9.920000e+02 8.972962e+01 2.768667e+02
9.925000e+02 7.415661e+01 2.768402e+02
9.930000e+02 6.236930e+01 2.768113e+02
9.935000e+02 5.337892e+01 2.767803e+02
9.940000e+02 4.649404e+01 2.767476e+02
9.945000e+02 4.106062e+01 2.767130e+02
9.950000e+02 3.627016e+01 2.766759e+02
9.955000e+02 3.214793e+01 2.766357e+02
9.960000e+02 2.855495e+01 2.765923e+02
9.965000e+02 2.554875e+01 2.765459e+02
9.970000e+02 2.304353e+01 2.764972e+02
9.975000e+02 2.094613e+01 2.764465e+02
9.980000e+02 1.916131e+01 2.763940e+02
9.985000e+02 1.764264e+01 2.763398e+02
9.990000e+02 1.633973e+01 2.762840e+02
9.995000e+02 1.517663e+01 2.762267e+02
1.000000e+03 1.417009e+01 2.761679e+02
