# am version 14.0 (build date Sep 30 2024 09:36:11)

# run time 0.119 s
# dcache hit: 270  miss: 0  discard: 0

f 10 GHz  1000 GHz  500 MHz
output text  f GHz  tx none  Tb K

tol 0.0001
selfbroad_vmr_tol 0.003

geometry plane-parallel
refract none
za 30 deg
PTmode Pbase Tbase

g 980.665 cm*s^-2
dg_dz 0 s^-2

Nscale troposphere h2o 0.3
Nscale troposphere iwp_abs_Rayleigh 0.3

T0 2.7 K

layer mesosphere
# P 0.1 mbar
# T 215.7 K
# dP 0.1 mbar
Pbase 0.1 mbar
Tbase 215.7 K
Mair 28.964 h2o o3  (28.964)
lineshape Voigt-Kielkopf ch4 co co2 h2o_lines n2o o2_coupled o2_uncoupled o3
column dry_air hydrostatic (0.999992)  (2.12016e+21 cm^-2)
! Warning: Column included 5264 unresolved lines.
column h2o hydrostatic 5.598e-06  (1.18688e+16 cm^-2)
! Warning: Column included 838 unresolved lines.
column iwp_abs_Rayleigh hydrostatic 6.22e-07  (1.31875e+15 cm^-2)
column o3 hydrostatic 1.78e-06  (3.77391e+15 cm^-2)
! Warning: Column included 33099 unresolved lines.

layer mesosphere
# P 0.2 mbar
# T 229.707 K
# dP 0.2 mbar
Pbase 0.3 mbar
Tbase 237.9 K
Mair 28.964 h2o o3  (28.964)
lineshape Voigt-Kielkopf ch4 co co2 h2o_lines n2o o2_coupled o2_uncoupled o3
column dry_air hydrostatic (0.999992)  (4.24032e+21 cm^-2)
! Warning: Column included 5264 unresolved lines.
column h2o hydrostatic 5.823e-06  (2.46916e+16 cm^-2)
! Warning: Column included 838 unresolved lines.
column iwp_abs_Rayleigh hydrostatic 6.47e-07  (2.74351e+15 cm^-2)
column o3 hydrostatic 1.66e-06  (7.03899e+15 cm^-2)
! Warning: Column included 33099 unresolved lines.

layer mesosphere
# P 0.35 mbar
# T 241.276 K
# dP 0.1 mbar
Pbase 0.4 mbar
Tbase 244.2 K
Mair 28.964 h2o o3  (28.964)
lineshape Voigt-Kielkopf ch4 co co2 h2o_lines n2o o2_coupled o2_uncoupled o3
column dry_air hydrostatic (0.999992)  (2.12016e+21 cm^-2)
! Warning: Column included 5264 unresolved lines.
column h2o hydrostatic 6.048e-06  (1.28228e+16 cm^-2)
! Warning: Column included 838 unresolved lines.
column iwp_abs_Rayleigh hydrostatic 6.72e-07  (1.42476e+15 cm^-2)
column o3 hydrostatic 1.61e-06  (3.41349e+15 cm^-2)
! Warning: Column included 33099 unresolved lines.

layer mesosphere
# P 0.45 mbar
# T 247.209 K
# dP 0.1 mbar
Pbase 0.5 mbar
Tbase 249.9 K
Mair 28.964 h2o o3  (28.964)
lineshape Voigt-Kielkopf ch4 co co2 h2o_lines n2o o2_coupled o2_uncoupled o3
column dry_air hydrostatic (0.999992)  (2.12016e+21 cm^-2)
! Warning: Column included 5264 unresolved lines.
column h2o hydrostatic 6.03e-06  (1.27847e+16 cm^-2)
! Warning: Column included 838 unresolved lines.
column iwp_abs_Rayleigh hydrostatic 6.7e-07  (1.42052e+15 cm^-2)
column o3 hydrostatic 1.78e-06  (3.77392e+15 cm^-2)
! Warning: Column included 33099 unresolved lines.

layer mesosphere
# P 0.6 mbar
# T 253.964 K
# dP 0.2 mbar
Pbase 0.7 mbar
Tbase 257.4 K
Mair 28.964 h2o o3  (28.964)
lineshape Voigt-Kielkopf ch4 co co2 h2o_lines n2o o2_coupled o2_uncoupled o3
column dry_air hydrostatic (0.999991)  (4.24032e+21 cm^-2)
! Warning: Column included 5264 unresolved lines.
column h2o hydrostatic 5.967e-06  (2.53022e+16 cm^-2)
! Warning: Column included 838 unresolved lines.
column iwp_abs_Rayleigh hydrostatic 6.63e-07  (2.81135e+15 cm^-2)
column o3 hydrostatic 2.07e-06  (8.77753e+15 cm^-2)
! Warning: Column included 33099 unresolved lines.

layer stratosphere
# P 0.85 mbar
# T 259.087 K
# dP 0.3 mbar
Pbase 1 mbar
Tbase 260.5 K
Mair 28.964 h2o o3  (28.964)
lineshape Voigt-Kielkopf ch4 co co2 h2o_lines n2o o2_coupled o2_uncoupled o3
column dry_air hydrostatic (0.999991)  (6.36047e+21 cm^-2)
! Warning: Column included 5264 unresolved lines.
column h2o hydrostatic 5.814e-06  (3.69801e+16 cm^-2)
! Warning: Column included 838 unresolved lines.
column iwp_abs_Rayleigh hydrostatic 6.46e-07  (4.1089e+15 cm^-2)
column o3 hydrostatic 2.58e-06  (1.64102e+16 cm^-2)
! Warning: Column included 33099 unresolved lines.

layer stratosphere
# P 1.5 mbar
# T 256.054 K
# dP 1 mbar
Pbase 2 mbar
Tbase 252.9 K
Mair 28.964 h2o o3  (28.964)
lineshape Gross ch4 co co2 n2o o2_uncoupled o3
lineshape VVW_coupled o2_coupled
lineshape VVH_750 h2o_lines
column dry_air hydrostatic (0.99999)  (2.12015e+22 cm^-2)
! Warning: Column included 5264 unresolved lines.
column h2o hydrostatic 5.481e-06  (1.16207e+17 cm^-2)
! Warning: Column included 838 unresolved lines.
column iwp_abs_Rayleigh hydrostatic 6.09e-07  (1.29119e+16 cm^-2)
column o3 hydrostatic 3.87e-06  (8.20507e+16 cm^-2)
! Warning: Column included 33099 unresolved lines.

layer stratosphere
# P 2.5 mbar
# T 248.827 K
# dP 1 mbar
Pbase 3 mbar
Tbase 245.5 K
Mair 28.964 h2o o3  (28.9641)
lineshape Gross ch4 co co2 n2o o2_uncoupled o3
lineshape VVW_coupled o2_coupled
lineshape VVH_750 h2o_lines
column dry_air hydrostatic (0.999989)  (2.12015e+22 cm^-2)
! Warning: Column included 5264 unresolved lines.
column h2o hydrostatic 5.094e-06  (1.08002e+17 cm^-2)
! Warning: Column included 838 unresolved lines.
column iwp_abs_Rayleigh hydrostatic 5.66e-07  (1.20002e+16 cm^-2)
column o3 hydrostatic 5.7e-06  (1.2085e+17 cm^-2)
! Warning: Column included 33099 unresolved lines.

layer stratosphere
# P 3.5 mbar
# T 243.142 K
# dP 1 mbar
Pbase 4 mbar
Tbase 241.1 K
Mair 28.964 h2o o3  (28.9641)
lineshape Gross ch4 co co2 n2o o2_uncoupled o3
lineshape VVW_coupled o2_coupled
lineshape VVH_750 h2o_lines
column dry_air hydrostatic (0.999987)  (2.12014e+22 cm^-2)
! Warning: Column included 5264 unresolved lines.
column h2o hydrostatic 4.842e-06  (1.02659e+17 cm^-2)
! Warning: Column included 838 unresolved lines.
column iwp_abs_Rayleigh hydrostatic 5.38e-07  (1.14065e+16 cm^-2)
column o3 hydrostatic 7.19e-06  (1.5244e+17 cm^-2)
! Warning: Column included 33099 unresolved lines.

layer stratosphere
# P 4.5 mbar
# T 239.2 K
# dP 1 mbar
Pbase 5 mbar
Tbase 237.5 K
Mair 28.964 h2o o3  (28.9641)
lineshape Gross ch4 co co2 n2o o2_uncoupled o3
lineshape VVW_coupled o2_coupled
lineshape VVH_750 h2o_lines
column dry_air hydrostatic (0.999987)  (2.12014e+22 cm^-2)
! Warning: Column included 5264 unresolved lines.
column h2o hydrostatic 4.68e-06  (9.92238e+16 cm^-2)
! Warning: Column included 838 unresolved lines.
column iwp_abs_Rayleigh hydrostatic 5.2e-07  (1.10249e+16 cm^-2)
column o3 hydrostatic 8.18e-06  (1.7343e+17 cm^-2)
! Warning: Column included 33099 unresolved lines.

layer stratosphere
# P 6 mbar
# T 234.303 K
# dP 2 mbar
Pbase 7 mbar
Tbase 231.6 K
Mair 28.964 h2o o3  (28.9641)
lineshape Gross ch4 co co2 n2o o2_uncoupled o3
lineshape VVW_coupled o2_coupled
lineshape VVH_750 h2o_lines
column dry_air hydrostatic (0.999986)  (4.24027e+22 cm^-2)
! Warning: Column included 5264 unresolved lines.
column h2o hydrostatic 4.527e-06  (1.9196e+17 cm^-2)
! Warning: Column included 838 unresolved lines.
column iwp_abs_Rayleigh hydrostatic 5.03e-07  (2.13289e+16 cm^-2)
column o3 hydrostatic 8.88e-06  (3.76542e+17 cm^-2)
! Warning: Column included 33099 unresolved lines.

layer stratosphere
# P 8.5 mbar
# T 229.15 K
# dP 3 mbar
Pbase 10 mbar
Tbase 227.1 K
Mair 28.964 h2o o3  (28.9641)
lineshape Gross ch4 co co2 n2o o2_uncoupled o3
lineshape VVW_coupled o2_coupled
lineshape VVH_750 h2o_lines
column dry_air hydrostatic (0.999986)  (6.36041e+22 cm^-2)
! Warning: Column included 5264 unresolved lines.
column h2o hydrostatic 4.374e-06  (2.78208e+17 cm^-2)
! Warning: Column included 838 unresolved lines.
column iwp_abs_Rayleigh hydrostatic 4.86e-07  (3.0912e+16 cm^-2)
column o3 hydrostatic 9.2e-06  (5.85166e+17 cm^-2)
! Warning: Column included 33099 unresolved lines.

layer stratosphere
# P 15 mbar
# T 222.186 K
# dP 10 mbar
Pbase 20 mbar
Tbase 218.7 K
Mair 28.964 h2o o3  (28.9641)
lineshape Gross ch4 co co2 n2o o2_uncoupled o3
lineshape VVW_coupled o2_coupled
lineshape VVH_750 h2o_lines
column dry_air hydrostatic (0.999987)  (2.12014e+23 cm^-2)
! Warning: Column included 5264 unresolved lines.
column h2o hydrostatic 4.194e-06  (8.89198e+17 cm^-2)
! Warning: Column included 838 unresolved lines.
column iwp_abs_Rayleigh hydrostatic 4.66e-07  (9.87998e+16 cm^-2)
column o3 hydrostatic 7.99e-06  (1.69401e+18 cm^-2)
! Warning: Column included 33099 unresolved lines.

layer stratosphere
# P 25 mbar
# T 215.673 K
# dP 10 mbar
Pbase 30 mbar
Tbase 213.2 K
Mair 28.964 h2o o3  (28.9641)
lineshape Gross ch4 co co2 n2o o2_uncoupled o3
lineshape VVW_coupled o2_coupled
lineshape VVH_750 h2o_lines
column dry_air hydrostatic (0.99999)  (2.12015e+23 cm^-2)
! Warning: Column included 5264 unresolved lines.
column h2o hydrostatic 4.032e-06  (8.54853e+17 cm^-2)
! Warning: Column included 838 unresolved lines.
column iwp_abs_Rayleigh hydrostatic 4.48e-07  (9.49836e+16 cm^-2)
column o3 hydrostatic 5.53e-06  (1.17245e+18 cm^-2)
! Warning: Column included 33099 unresolved lines.

layer stratosphere
# P 35 mbar
# T 210.521 K
# dP 10 mbar
Pbase 40 mbar
Tbase 208.2 K
Mair 28.964 h2o o3  (28.964)
lineshape Gross ch4 co co2 n2o o2_uncoupled o3
lineshape VVW_coupled o2_coupled
lineshape VVH_750 h2o_lines
column dry_air hydrostatic (0.999992)  (2.12016e+23 cm^-2)
! Warning: Column included 5264 unresolved lines.
column h2o hydrostatic 3.96e-06  (8.39589e+17 cm^-2)
! Warning: Column included 838 unresolved lines.
column iwp_abs_Rayleigh hydrostatic 4.4e-07  (9.32876e+16 cm^-2)
column o3 hydrostatic 3.44e-06  (7.2934e+17 cm^-2)
! Warning: Column included 33099 unresolved lines.

layer stratosphere
# P 45 mbar
# T 205.455 K
# dP 10 mbar
Pbase 50 mbar
Tbase 203 K
Mair 28.964 h2o o3  (28.964)
lineshape Gross ch4 co co2 n2o o2_uncoupled o3
lineshape VVW_coupled o2_coupled
lineshape VVH_750 h2o_lines
column dry_air hydrostatic (0.999994)  (2.12016e+23 cm^-2)
! Warning: Column included 5264 unresolved lines.
column h2o hydrostatic 3.915e-06  (8.30049e+17 cm^-2)
! Warning: Column included 838 unresolved lines.
column iwp_abs_Rayleigh hydrostatic 4.35e-07  (9.22276e+16 cm^-2)
column o3 hydrostatic 2.08e-06  (4.40996e+17 cm^-2)
! Warning: Column included 33099 unresolved lines.

layer stratosphere
# P 60 mbar
# T 197.581 K
# dP 20 mbar
Pbase 70 mbar
Tbase 193 K
Mair 28.964 h2o o3  (28.964)
lineshape Gross ch4 co co2 n2o o2_uncoupled o3
lineshape VVW_coupled o2_coupled
lineshape VVH_750 h2o_lines
column dry_air hydrostatic (0.999995)  (4.24033e+23 cm^-2)
! Warning: Column included 5264 unresolved lines.
column h2o hydrostatic 3.762e-06  (1.59522e+18 cm^-2)
! Warning: Column included 838 unresolved lines.
column iwp_abs_Rayleigh hydrostatic 4.18e-07  (1.77247e+17 cm^-2)
column o3 hydrostatic 1.04e-06  (4.40997e+17 cm^-2)
! Warning: Column included 33099 unresolved lines.

layer troposphere
# P 85 mbar
# T 192.347 K
# dP 30 mbar
Pbase 100 mbar
Tbase 191.8 K
Mair 28.964 h2o o3  (28.964)
lineshape Gross ch4 co co2 n2o o2_uncoupled o3
lineshape VVW_coupled o2_coupled
lineshape VVH_750 h2o_lines
column dry_air hydrostatic (0.999999)  (6.36052e+23 cm^-2)
! Warning: Column included 5264 unresolved lines.
column h2o hydrostatic 3.069e-06  (1.95205e+18 cm^-2)  (* 0.300000)
! Warning: Column included 838 unresolved lines.
column iwp_abs_Rayleigh hydrostatic 3.41e-07  (2.16894e+17 cm^-2)  (* 0.300000)
column o3 hydrostatic 3.23e-07  (2.05445e+17 cm^-2)
! Warning: Column included 33099 unresolved lines.

layer troposphere
# P 125 mbar
# T 198.899 K
# dP 50 mbar
Pbase 150 mbar
Tbase 204.7 K
Mair 28.964 h2o o3  (28.964)
lineshape Gross ch4 co co2 n2o o2_uncoupled o3
lineshape VVW_coupled o2_coupled
lineshape VVH_750 h2o_lines
column dry_air hydrostatic (0.999998)  (1.06009e+24 cm^-2)
! Warning: Column included 5264 unresolved lines.
column h2o hydrostatic 5.157e-06  (5.46687e+18 cm^-2)  (* 0.300000)
! Warning: Column included 802 unresolved lines.
column iwp_abs_Rayleigh hydrostatic 5.73e-07  (6.0743e+17 cm^-2)  (* 0.300000)
column o3 hydrostatic 9.5e-08  (1.00708e+17 cm^-2)
! Warning: Column included 33099 unresolved lines.

layer troposphere
# P 175 mbar
# T 212.041 K
# dP 50 mbar
Pbase 200 mbar
Tbase 218.4 K
Mair 28.964 h2o o3  (28.9639)
lineshape Gross ch4 co co2 n2o o2_uncoupled o3
lineshape VVW_coupled o2_coupled
lineshape VVH_750 h2o_lines
column dry_air hydrostatic (0.999995)  (1.06008e+24 cm^-2)
! Warning: Column included 4663 unresolved lines.
column h2o hydrostatic 1.62e-05  (1.71734e+19 cm^-2)  (* 0.300000)
! Warning: Column included 450 unresolved lines.
column iwp_abs_Rayleigh hydrostatic 1.8e-06  (1.90816e+18 cm^-2)  (* 0.300000)
column o3 hydrostatic 5.11e-08  (5.41706e+16 cm^-2)
! Warning: Column included 19659 unresolved lines.

layer troposphere
# P 225 mbar
# T 224.47 K
# dP 50 mbar
Pbase 250 mbar
Tbase 229.9 K
Mair 28.964 h2o o3  (28.9639)
lineshape Gross ch4 co co2 n2o o2_uncoupled o3
lineshape VVW_coupled o2_coupled
lineshape VVH_750 h2o_lines
column dry_air hydrostatic (0.999989)  (1.06008e+24 cm^-2)
! Warning: Column included 3121 unresolved lines.
column h2o hydrostatic 3.294e-05  (3.49194e+19 cm^-2)  (* 0.300000)
! Warning: Column included 292 unresolved lines.
column iwp_abs_Rayleigh hydrostatic 3.66e-06  (3.87993e+18 cm^-2)  (* 0.300000)
column o3 hydrostatic 4.31e-08  (4.56899e+16 cm^-2)

layer troposphere
# P 275 mbar
# T 234.918 K
# dP 50 mbar
Pbase 300 mbar
Tbase 239.5 K
Mair 28.964 h2o o3  (28.9639)
lineshape Gross ch4 co co2 n2o o2_uncoupled o3
lineshape VVW_coupled o2_coupled
lineshape VVH_750 h2o_lines
column dry_air hydrostatic (0.999986)  (1.06008e+24 cm^-2)
! Warning: Column included 2493 unresolved lines.
column h2o hydrostatic 4.185e-05  (4.43649e+19 cm^-2)  (* 0.300000)
! Warning: Column included 190 unresolved lines.
column iwp_abs_Rayleigh hydrostatic 4.65e-06  (4.92943e+18 cm^-2)  (* 0.300000)
column o3 hydrostatic 4.26e-08  (4.51599e+16 cm^-2)

layer troposphere
# P 325 mbar
# T 243.758 K
# dP 50 mbar
Pbase 350 mbar
Tbase 247.7 K
Mair 28.964 h2o o3  (28.9639)
lineshape Gross ch4 co co2 n2o o2_uncoupled o3
lineshape VVW_coupled o2_coupled
lineshape VVH_750 h2o_lines
column dry_air hydrostatic (0.999985)  (1.06008e+24 cm^-2)
! Warning: Column included 1839 unresolved lines.
column h2o hydrostatic 4.347e-05  (4.60822e+19 cm^-2)  (* 0.300000)
! Warning: Column included 141 unresolved lines.
column iwp_abs_Rayleigh hydrostatic 4.83e-06  (5.12025e+18 cm^-2)  (* 0.300000)
column o3 hydrostatic 4.31e-08  (4.569e+16 cm^-2)

layer troposphere
# P 375 mbar
# T 251.317 K
# dP 50 mbar
Pbase 400 mbar
Tbase 254.7 K
Mair 28.964 h2o o3  (28.9638)
lineshape Gross ch4 co co2 n2o o2_uncoupled o3
lineshape VVW_coupled o2_coupled
lineshape VVH_750 h2o_lines
column dry_air hydrostatic (0.999979)  (1.06007e+24 cm^-2)
! Warning: Column included 1438 unresolved lines.
column h2o hydrostatic 6.174e-05  (6.54503e+19 cm^-2)  (* 0.300000)
! Warning: Column included 107 unresolved lines.
column iwp_abs_Rayleigh hydrostatic 6.86e-06  (7.27225e+18 cm^-2)  (* 0.300000)
column o3 hydrostatic 4.38e-08  (4.64322e+16 cm^-2)

layer troposphere
# P 425 mbar
# T 257.891 K
# dP 50 mbar
Pbase 450 mbar
Tbase 260.9 K
Mair 28.964 h2o o3  (28.9636)
lineshape Gross ch4 co co2 n2o o2_uncoupled o3
lineshape VVW_coupled o2_coupled
lineshape VVH_750 h2o_lines
column dry_air hydrostatic (0.999959)  (1.06006e+24 cm^-2)
! Warning: Column included 1202 unresolved lines.
column h2o hydrostatic 0.0001224  (1.29757e+20 cm^-2)  (* 0.300000)
! Warning: Column included 83 unresolved lines.
column iwp_abs_Rayleigh hydrostatic 1.36e-05  (1.44174e+19 cm^-2)  (* 0.300000)
column o3 hydrostatic 4.41e-08  (4.67505e+16 cm^-2)

layer troposphere
# P 475 mbar
# T 263.671 K
# dP 50 mbar
Pbase 500 mbar
Tbase 266.3 K
Mair 28.964 h2o o3  (28.9632)
lineshape Gross ch4 co co2 n2o o2_uncoupled o3
lineshape VVW_coupled o2_coupled
lineshape VVH_750 h2o_lines
column dry_air hydrostatic (0.999923)  (1.06003e+24 cm^-2)
! Warning: Column included 11 unresolved lines.
column h2o hydrostatic 0.0002322  (2.46159e+20 cm^-2)  (* 0.300000)
! Warning: Column included 55 unresolved lines.
column iwp_abs_Rayleigh hydrostatic 2.58e-05  (2.7351e+19 cm^-2)  (* 0.300000)
column o3 hydrostatic 4.36e-08  (4.6221e+16 cm^-2)

layer troposphere
# P 521 mbar
# T 268.187 K
# dP 42 mbar
Pbase 542 mbar (observing level)
Tbase 270 K
Mair 28.964 h2o o3  (28.9625)
lineshape Gross ch4 co co2 n2o o2_uncoupled o3
lineshape VVW_coupled o2_coupled
lineshape VVH_750 h2o_lines
column dry_air hydrostatic (0.999848)  (8.90384e+23 cm^-2)
! Warning: Column included 11 unresolved lines.
column h2o hydrostatic 0.0004572  (4.07146e+20 cm^-2)  (* 0.300000)
! Warning: Column included 51 unresolved lines.
column iwp_abs_Rayleigh hydrostatic 5.08e-05  (4.52384e+19 cm^-2)  (* 0.300000)
column o3 hydrostatic 4.26e-08  (3.79361e+16 cm^-2)

#
# column densities [cm^-2], including scale factors
#
#                           zenith             line-of-sight     
# mesosphere (5 layers):
#                  dry_air  1.484112e+22       1.713704e+22      
#                      h2o  8.747003e+16       1.010017e+17      
#                            (0.0261675 um_pwv) (0.0302156 um_pwv)
#         iwp_abs_Rayleigh  9.718892e+15       1.122241e+16      
#                            (2.9075e-06 kg*m^-2) (3.35729e-06 kg*m^-2)
#                       o3  2.677784e+16       3.092038e+16      
#                            (0.996644 DU)      (1.15083 DU)      
#
# stratosphere (12 layers):
#                  dry_air  1.469267e+24       1.696563e+24      
#                      h2o  5.942148e+18       6.861401e+18      
#                            (1.77765 um_pwv)   (2.05265 um_pwv)  
#         iwp_abs_Rayleigh  6.602386e+17       7.623779e+17      
#                            (0.000197517 kg*m^-2) (0.000228072 kg*m^-2)
#                       o3  5.984688e+18       6.910523e+18      
#                            (222.744 DU)       (257.203 DU)      
#
# troposphere (10 layers):
#                  dry_air  1.000700e+25       1.155509e+25      
#                      h2o  2.995410e+20       3.458802e+20      
#                            (89.6105 um_pwv)   (103.473 um_pwv)  
#         iwp_abs_Rayleigh  3.328233e+19       3.843113e+19      
#                            (0.00995672 kg*m^-2) (0.011497 kg*m^-2)
#                       o3  6.742036e+17       7.785033e+17      
#                            (25.0932 DU)       (28.9751 DU)      
#
# total (27 layers):
#                  dry_air  1.149111e+25       1.326879e+25      
#                      h2o  3.055706e+20       3.528426e+20      
#                            (91.4143 um_pwv)   (105.556 um_pwv)  
#         iwp_abs_Rayleigh  3.395229e+19       3.920473e+19      
#                            (0.0101571 kg*m^-2) (0.0117285 kg*m^-2)
#                       o3  6.685670e+18       7.719946e+18      
#                            (248.834 DU)       (287.329 DU)      
#

! Warning: Encountered in-band lines narrower than the frequency
!          grid spacing.  The output configuration data includes
!          the unresolved line count after each column definition
!          for which this occurred.  Count: 185

# am version 14.0 (build date Sep 30 2024 09:36:11)

# run time 0.113 s
# dcache hit: 270  miss: 0  discard: 0

f 10 GHz  1000 GHz  500 MHz
output text  f GHz  tx none  Tb K

tol 0.0001
selfbroad_vmr_tol 0.003

geometry plane-parallel
refract none
za 30 deg
PTmode Pbase Tbase

g 980.665 cm*s^-2
dg_dz 0 s^-2

Nscale troposphere h2o 3.005
Nscale troposphere iwp_abs_Rayleigh 3.005

T0 2.7 K

layer mesosphere
# P 0.1 mbar
# T 215.7 K
# dP 0.1 mbar
Pbase 0.1 mbar
Tbase 215.7 K
Mair 28.964 h2o o3  (28.964)
lineshape Voigt-Kielkopf ch4 co co2 h2o_lines n2o o2_coupled o2_uncoupled o3
column dry_air hydrostatic (0.999992)  (2.12016e+21 cm^-2)
! Warning: Column included 5264 unresolved lines.
column h2o hydrostatic 5.598e-06  (1.18688e+16 cm^-2)
! Warning: Column included 838 unresolved lines.
column iwp_abs_Rayleigh hydrostatic 6.22e-07  (1.31875e+15 cm^-2)
column o3 hydrostatic 1.78e-06  (3.77391e+15 cm^-2)
! Warning: Column included 33099 unresolved lines.

layer mesosphere
# P 0.2 mbar
# T 229.707 K
# dP 0.2 mbar
Pbase 0.3 mbar
Tbase 237.9 K
Mair 28.964 h2o o3  (28.964)
lineshape Voigt-Kielkopf ch4 co co2 h2o_lines n2o o2_coupled o2_uncoupled o3
column dry_air hydrostatic (0.999992)  (4.24032e+21 cm^-2)
! Warning: Column included 5264 unresolved lines.
column h2o hydrostatic 5.823e-06  (2.46916e+16 cm^-2)
! Warning: Column included 838 unresolved lines.
column iwp_abs_Rayleigh hydrostatic 6.47e-07  (2.74351e+15 cm^-2)
column o3 hydrostatic 1.66e-06  (7.03899e+15 cm^-2)
! Warning: Column included 33099 unresolved lines.

layer mesosphere
# P 0.35 mbar
# T 241.276 K
# dP 0.1 mbar
Pbase 0.4 mbar
Tbase 244.2 K
Mair 28.964 h2o o3  (28.964)
lineshape Voigt-Kielkopf ch4 co co2 h2o_lines n2o o2_coupled o2_uncoupled o3
column dry_air hydrostatic (0.999992)  (2.12016e+21 cm^-2)
! Warning: Column included 5264 unresolved lines.
column h2o hydrostatic 6.048e-06  (1.28228e+16 cm^-2)
! Warning: Column included 838 unresolved lines.
column iwp_abs_Rayleigh hydrostatic 6.72e-07  (1.42476e+15 cm^-2)
column o3 hydrostatic 1.61e-06  (3.41349e+15 cm^-2)
! Warning: Column included 33099 unresolved lines.

layer mesosphere
# P 0.45 mbar
# T 247.209 K
# dP 0.1 mbar
Pbase 0.5 mbar
Tbase 249.9 K
Mair 28.964 h2o o3  (28.964)
lineshape Voigt-Kielkopf ch4 co co2 h2o_lines n2o o2_coupled o2_uncoupled o3
column dry_air hydrostatic (0.999992)  (2.12016e+21 cm^-2)
! Warning: Column included 5264 unresolved lines.
column h2o hydrostatic 6.03e-06  (1.27847e+16 cm^-2)
! Warning: Column included 838 unresolved lines.
column iwp_abs_Rayleigh hydrostatic 6.7e-07  (1.42052e+15 cm^-2)
column o3 hydrostatic 1.78e-06  (3.77392e+15 cm^-2)
! Warning: Column included 33099 unresolved lines.

layer mesosphere
# P 0.6 mbar
# T 253.964 K
# dP 0.2 mbar
Pbase 0.7 mbar
Tbase 257.4 K
Mair 28.964 h2o o3  (28.964)
lineshape Voigt-Kielkopf ch4 co co2 h2o_lines n2o o2_coupled o2_uncoupled o3
column dry_air hydrostatic (0.999991)  (4.24032e+21 cm^-2)
! Warning: Column included 5264 unresolved lines.
column h2o hydrostatic 5.967e-06  (2.53022e+16 cm^-2)
! Warning: Column included 838 unresolved lines.
column iwp_abs_Rayleigh hydrostatic 6.63e-07  (2.81135e+15 cm^-2)
column o3 hydrostatic 2.07e-06  (8.77753e+15 cm^-2)
! Warning: Column included 33099 unresolved lines.

layer stratosphere
# P 0.85 mbar
# T 259.087 K
# dP 0.3 mbar
Pbase 1 mbar
Tbase 260.5 K
Mair 28.964 h2o o3  (28.964)
lineshape Voigt-Kielkopf ch4 co co2 h2o_lines n2o o2_coupled o2_uncoupled o3
column dry_air hydrostatic (0.999991)  (6.36047e+21 cm^-2)
! Warning: Column included 5264 unresolved lines.
column h2o hydrostatic 5.814e-06  (3.69801e+16 cm^-2)
! Warning: Column included 838 unresolved lines.
column iwp_abs_Rayleigh hydrostatic 6.46e-07  (4.1089e+15 cm^-2)
column o3 hydrostatic 2.58e-06  (1.64102e+16 cm^-2)
! Warning: Column included 33099 unresolved lines.

layer stratosphere
# P 1.5 mbar
# T 256.054 K
# dP 1 mbar
Pbase 2 mbar
Tbase 252.9 K
Mair 28.964 h2o o3  (28.964)
lineshape Gross ch4 co co2 n2o o2_uncoupled o3
lineshape VVW_coupled o2_coupled
lineshape VVH_750 h2o_lines
column dry_air hydrostatic (0.99999)  (2.12015e+22 cm^-2)
! Warning: Column included 5264 unresolved lines.
column h2o hydrostatic 5.481e-06  (1.16207e+17 cm^-2)
! Warning: Column included 838 unresolved lines.
column iwp_abs_Rayleigh hydrostatic 6.09e-07  (1.29119e+16 cm^-2)
column o3 hydrostatic 3.87e-06  (8.20507e+16 cm^-2)
! Warning: Column included 33099 unresolved lines.

layer stratosphere
# P 2.5 mbar
# T 248.827 K
# dP 1 mbar
Pbase 3 mbar
Tbase 245.5 K
Mair 28.964 h2o o3  (28.9641)
lineshape Gross ch4 co co2 n2o o2_uncoupled o3
lineshape VVW_coupled o2_coupled
lineshape VVH_750 h2o_lines
column dry_air hydrostatic (0.999989)  (2.12015e+22 cm^-2)
! Warning: Column included 5264 unresolved lines.
column h2o hydrostatic 5.094e-06  (1.08002e+17 cm^-2)
! Warning: Column included 838 unresolved lines.
column iwp_abs_Rayleigh hydrostatic 5.66e-07  (1.20002e+16 cm^-2)
column o3 hydrostatic 5.7e-06  (1.2085e+17 cm^-2)
! Warning: Column included 33099 unresolved lines.

layer stratosphere
# P 3.5 mbar
# T 243.142 K
# dP 1 mbar
Pbase 4 mbar
Tbase 241.1 K
Mair 28.964 h2o o3  (28.9641)
lineshape Gross ch4 co co2 n2o o2_uncoupled o3
lineshape VVW_coupled o2_coupled
lineshape VVH_750 h2o_lines
column dry_air hydrostatic (0.999987)  (2.12014e+22 cm^-2)
! Warning: Column included 5264 unresolved lines.
column h2o hydrostatic 4.842e-06  (1.02659e+17 cm^-2)
! Warning: Column included 838 unresolved lines.
column iwp_abs_Rayleigh hydrostatic 5.38e-07  (1.14065e+16 cm^-2)
column o3 hydrostatic 7.19e-06  (1.5244e+17 cm^-2)
! Warning: Column included 33099 unresolved lines.

layer stratosphere
# P 4.5 mbar
# T 239.2 K
# dP 1 mbar
Pbase 5 mbar
Tbase 237.5 K
Mair 28.964 h2o o3  (28.9641)
lineshape Gross ch4 co co2 n2o o2_uncoupled o3
lineshape VVW_coupled o2_coupled
lineshape VVH_750 h2o_lines
column dry_air hydrostatic (0.999987)  (2.12014e+22 cm^-2)
! Warning: Column included 5264 unresolved lines.
column h2o hydrostatic 4.68e-06  (9.92238e+16 cm^-2)
! Warning: Column included 838 unresolved lines.
column iwp_abs_Rayleigh hydrostatic 5.2e-07  (1.10249e+16 cm^-2)
column o3 hydrostatic 8.18e-06  (1.7343e+17 cm^-2)
! Warning: Column included 33099 unresolved lines.

layer stratosphere
# P 6 mbar
# T 234.303 K
# dP 2 mbar
Pbase 7 mbar
Tbase 231.6 K
Mair 28.964 h2o o3  (28.9641)
lineshape Gross ch4 co co2 n2o o2_uncoupled o3
lineshape VVW_coupled o2_coupled
lineshape VVH_750 h2o_lines
column dry_air hydrostatic (0.999986)  (4.24027e+22 cm^-2)
! Warning: Column included 5264 unresolved lines.
column h2o hydrostatic 4.527e-06  (1.9196e+17 cm^-2)
! Warning: Column included 838 unresolved lines.
column iwp_abs_Rayleigh hydrostatic 5.03e-07  (2.13289e+16 cm^-2)
column o3 hydrostatic 8.88e-06  (3.76542e+17 cm^-2)
! Warning: Column included 33099 unresolved lines.

layer stratosphere
# P 8.5 mbar
# T 229.15 K
# dP 3 mbar
Pbase 10 mbar
Tbase 227.1 K
Mair 28.964 h2o o3  (28.9641)
lineshape Gross ch4 co co2 n2o o2_uncoupled o3
lineshape VVW_coupled o2_coupled
lineshape VVH_750 h2o_lines
column dry_air hydrostatic (0.999986)  (6.36041e+22 cm^-2)
! Warning: Column included 5264 unresolved lines.
column h2o hydrostatic 4.374e-06  (2.78208e+17 cm^-2)
! Warning: Column included 838 unresolved lines.
column iwp_abs_Rayleigh hydrostatic 4.86e-07  (3.0912e+16 cm^-2)
column o3 hydrostatic 9.2e-06  (5.85166e+17 cm^-2)
! Warning: Column included 33099 unresolved lines.

layer stratosphere
# P 15 mbar
# T 222.186 K
# dP 10 mbar
Pbase 20 mbar
Tbase 218.7 K
Mair 28.964 h2o o3  (28.9641)
lineshape Gross ch4 co co2 n2o o2_uncoupled o3
lineshape VVW_coupled o2_coupled
lineshape VVH_750 h2o_lines
column dry_air hydrostatic (0.999987)  (2.12014e+23 cm^-2)
! Warning: Column included 5264 unresolved lines.
column h2o hydrostatic 4.194e-06  (8.89198e+17 cm^-2)
! Warning: Column included 838 unresolved lines.
column iwp_abs_Rayleigh hydrostatic 4.66e-07  (9.87998e+16 cm^-2)
column o3 hydrostatic 7.99e-06  (1.69401e+18 cm^-2)
! Warning: Column included 33099 unresolved lines.

layer stratosphere
# P 25 mbar
# T 215.673 K
# dP 10 mbar
Pbase 30 mbar
Tbase 213.2 K
Mair 28.964 h2o o3  (28.9641)
lineshape Gross ch4 co co2 n2o o2_uncoupled o3
lineshape VVW_coupled o2_coupled
lineshape VVH_750 h2o_lines
column dry_air hydrostatic (0.99999)  (2.12015e+23 cm^-2)
! Warning: Column included 5264 unresolved lines.
column h2o hydrostatic 4.032e-06  (8.54853e+17 cm^-2)
! Warning: Column included 838 unresolved lines.
column iwp_abs_Rayleigh hydrostatic 4.48e-07  (9.49836e+16 cm^-2)
column o3 hydrostatic 5.53e-06  (1.17245e+18 cm^-2)
! Warning: Column included 33099 unresolved lines.

layer stratosphere
# P 35 mbar
# T 210.521 K
# dP 10 mbar
Pbase 40 mbar
Tbase 208.2 K
Mair 28.964 h2o o3  (28.964)
lineshape Gross ch4 co co2 n2o o2_uncoupled o3
lineshape VVW_coupled o2_coupled
lineshape VVH_750 h2o_lines
column dry_air hydrostatic (0.999992)  (2.12016e+23 cm^-2)
! Warning: Column included 5264 unresolved lines.
column h2o hydrostatic 3.96e-06  (8.39589e+17 cm^-2)
! Warning: Column included 838 unresolved lines.
column iwp_abs_Rayleigh hydrostatic 4.4e-07  (9.32876e+16 cm^-2)
column o3 hydrostatic 3.44e-06  (7.2934e+17 cm^-2)
! Warning: Column included 33099 unresolved lines.

layer stratosphere
# P 45 mbar
# T 205.455 K
# dP 10 mbar
Pbase 50 mbar
Tbase 203 K
Mair 28.964 h2o o3  (28.964)
lineshape Gross ch4 co co2 n2o o2_uncoupled o3
lineshape VVW_coupled o2_coupled
lineshape VVH_750 h2o_lines
column dry_air hydrostatic (0.999994)  (2.12016e+23 cm^-2)
! Warning: Column included 5264 unresolved lines.
column h2o hydrostatic 3.915e-06  (8.30049e+17 cm^-2)
! Warning: Column included 838 unresolved lines.
column iwp_abs_Rayleigh hydrostatic 4.35e-07  (9.22276e+16 cm^-2)
column o3 hydrostatic 2.08e-06  (4.40996e+17 cm^-2)
! Warning: Column included 33099 unresolved lines.

layer stratosphere
# P 60 mbar
# T 197.581 K
# dP 20 mbar
Pbase 70 mbar
Tbase 193 K
Mair 28.964 h2o o3  (28.964)
lineshape Gross ch4 co co2 n2o o2_uncoupled o3
lineshape VVW_coupled o2_coupled
lineshape VVH_750 h2o_lines
column dry_air hydrostatic (0.999995)  (4.24033e+23 cm^-2)
! Warning: Column included 5264 unresolved lines.
column h2o hydrostatic 3.762e-06  (1.59522e+18 cm^-2)
! Warning: Column included 838 unresolved lines.
column iwp_abs_Rayleigh hydrostatic 4.18e-07  (1.77247e+17 cm^-2)
column o3 hydrostatic 1.04e-06  (4.40997e+17 cm^-2)
! Warning: Column included 33099 unresolved lines.

layer troposphere
# P 85 mbar
# T 192.347 K
# dP 30 mbar
Pbase 100 mbar
Tbase 191.8 K
Mair 28.964 h2o o3  (28.9639)
lineshape Gross ch4 co co2 n2o o2_uncoupled o3
lineshape VVW_coupled o2_coupled
lineshape VVH_750 h2o_lines
column dry_air hydrostatic (0.999989)  (6.36048e+23 cm^-2)
! Warning: Column included 5264 unresolved lines.
column h2o hydrostatic 3.069e-06  (1.95205e+18 cm^-2)  (* 3.00500)
! Warning: Column included 838 unresolved lines.
column iwp_abs_Rayleigh hydrostatic 3.41e-07  (2.16895e+17 cm^-2)  (* 3.00500)
column o3 hydrostatic 3.23e-07  (2.05446e+17 cm^-2)
! Warning: Column included 33099 unresolved lines.

layer troposphere
# P 125 mbar
# T 198.899 K
# dP 50 mbar
Pbase 150 mbar
Tbase 204.7 K
Mair 28.964 h2o o3  (28.9638)
lineshape Gross ch4 co co2 n2o o2_uncoupled o3
lineshape VVW_coupled o2_coupled
lineshape VVH_750 h2o_lines
column dry_air hydrostatic (0.999983)  (1.06008e+24 cm^-2)
! Warning: Column included 5264 unresolved lines.
column h2o hydrostatic 5.157e-06  (5.4669e+18 cm^-2)  (* 3.00500)
! Warning: Column included 802 unresolved lines.
column iwp_abs_Rayleigh hydrostatic 5.73e-07  (6.07434e+17 cm^-2)  (* 3.00500)
column o3 hydrostatic 9.5e-08  (1.00709e+17 cm^-2)
! Warning: Column included 33099 unresolved lines.

layer troposphere
# P 175 mbar
# T 212.041 K
# dP 50 mbar
Pbase 200 mbar
Tbase 218.4 K
Mair 28.964 h2o o3  (28.9635)
lineshape Gross ch4 co co2 n2o o2_uncoupled o3
lineshape VVW_coupled o2_coupled
lineshape VVH_750 h2o_lines
column dry_air hydrostatic (0.999946)  (1.06005e+24 cm^-2)
! Warning: Column included 4663 unresolved lines.
column h2o hydrostatic 1.62e-05  (1.71737e+19 cm^-2)  (* 3.00500)
! Warning: Column included 450 unresolved lines.
column iwp_abs_Rayleigh hydrostatic 1.8e-06  (1.90819e+18 cm^-2)  (* 3.00500)
column o3 hydrostatic 5.11e-08  (5.41715e+16 cm^-2)
! Warning: Column included 19659 unresolved lines.

layer troposphere
# P 225 mbar
# T 224.47 K
# dP 50 mbar
Pbase 250 mbar
Tbase 229.9 K
Mair 28.964 h2o o3  (28.9629)
lineshape Gross ch4 co co2 n2o o2_uncoupled o3
lineshape VVW_coupled o2_coupled
lineshape VVH_750 h2o_lines
column dry_air hydrostatic (0.99989)  (1.06001e+24 cm^-2)
! Warning: Column included 3121 unresolved lines.
column h2o hydrostatic 3.294e-05  (3.49206e+19 cm^-2)  (* 3.00500)
! Warning: Column included 292 unresolved lines.
column iwp_abs_Rayleigh hydrostatic 3.66e-06  (3.88007e+18 cm^-2)  (* 3.00500)
column o3 hydrostatic 4.31e-08  (4.56915e+16 cm^-2)

layer troposphere
# P 275 mbar
# T 234.918 K
# dP 50 mbar
Pbase 300 mbar
Tbase 239.5 K
Mair 28.964 h2o o3  (28.9626)
lineshape Gross ch4 co co2 n2o o2_uncoupled o3
lineshape VVW_coupled o2_coupled
lineshape VVH_750 h2o_lines
column dry_air hydrostatic (0.99986)  (1.05999e+24 cm^-2)
! Warning: Column included 2493 unresolved lines.
column h2o hydrostatic 4.185e-05  (4.43668e+19 cm^-2)  (* 3.00500)
! Warning: Column included 190 unresolved lines.
column iwp_abs_Rayleigh hydrostatic 4.65e-06  (4.92964e+18 cm^-2)  (* 3.00500)
column o3 hydrostatic 4.26e-08  (4.51619e+16 cm^-2)

layer troposphere
# P 325 mbar
# T 243.758 K
# dP 50 mbar
Pbase 350 mbar
Tbase 247.7 K
Mair 28.964 h2o o3  (28.9626)
lineshape Gross ch4 co co2 n2o o2_uncoupled o3
lineshape VVW_coupled o2_coupled
lineshape VVH_750 h2o_lines
column dry_air hydrostatic (0.999855)  (1.05999e+24 cm^-2)
! Warning: Column included 1839 unresolved lines.
column h2o hydrostatic 4.347e-05  (4.60843e+19 cm^-2)  (* 3.00500)
! Warning: Column included 141 unresolved lines.
column iwp_abs_Rayleigh hydrostatic 4.83e-06  (5.12048e+18 cm^-2)  (* 3.00500)
column o3 hydrostatic 4.31e-08  (4.5692e+16 cm^-2)

layer troposphere
# P 375 mbar
# T 251.317 K
# dP 50 mbar
Pbase 400 mbar
Tbase 254.7 K
Mair 28.964 h2o o3  (28.962)
lineshape Gross ch4 co co2 n2o o2_uncoupled o3
lineshape VVW_coupled o2_coupled
lineshape VVH_750 h2o_lines
column dry_air hydrostatic (0.999794)  (1.05994e+24 cm^-2)
! Warning: Column included 1438 unresolved lines.
column h2o hydrostatic 6.174e-05  (6.54544e+19 cm^-2)  (* 3.00500)
! Warning: Column included 107 unresolved lines.
column iwp_abs_Rayleigh hydrostatic 6.86e-06  (7.27271e+18 cm^-2)  (* 3.00500)
column o3 hydrostatic 4.38e-08  (4.64351e+16 cm^-2)

layer troposphere
# P 425 mbar
# T 257.891 K
# dP 50 mbar
Pbase 450 mbar
Tbase 260.9 K
Mair 28.964 h2o o3  (28.96)
lineshape Gross ch4 co co2 n2o o2_uncoupled o3
lineshape VVW_coupled o2_coupled
lineshape VVH_750 h2o_lines
column dry_air hydrostatic (0.999591)  (1.0598e+24 cm^-2)
! Warning: Column included 1202 unresolved lines.
column h2o hydrostatic 0.0001224  (1.29773e+20 cm^-2)  (* 3.00500)
! Warning: Column included 83 unresolved lines.
column iwp_abs_Rayleigh hydrostatic 1.36e-05  (1.44192e+19 cm^-2)  (* 3.00500)
column o3 hydrostatic 4.41e-08  (4.67564e+16 cm^-2)

layer troposphere
# P 475 mbar
# T 263.671 K
# dP 50 mbar
Pbase 500 mbar
Tbase 266.3 K
Mair 28.964 h2o o3  (28.9564)
lineshape Gross ch4 co co2 n2o o2_uncoupled o3
lineshape VVW_coupled o2_coupled
lineshape VVH_750 h2o_lines
column dry_air hydrostatic (0.999225)  (1.05954e+24 cm^-2)
! Warning: Column included 11 unresolved lines.
column h2o hydrostatic 0.0002322  (2.46217e+20 cm^-2)  (* 3.00500)
! Warning: Column included 55 unresolved lines.
column iwp_abs_Rayleigh hydrostatic 2.58e-05  (2.73575e+19 cm^-2)  (* 3.00500)
column o3 hydrostatic 4.36e-08  (4.6232e+16 cm^-2)

layer troposphere
# P 521 mbar
# T 268.187 K
# dP 42 mbar
Pbase 542 mbar (observing level)
Tbase 270 K
Mair 28.964 h2o o3  (28.949)
lineshape Gross ch4 co co2 n2o o2_uncoupled o3
lineshape VVW_coupled o2_coupled
lineshape VVH_750 h2o_lines
column dry_air hydrostatic (0.998473)  (8.89576e+23 cm^-2)
! Warning: Column included 11 unresolved lines.
column h2o hydrostatic 0.0004572  (4.07336e+20 cm^-2)  (* 3.00500)
! Warning: Column included 51 unresolved lines.
column iwp_abs_Rayleigh hydrostatic 5.08e-05  (4.52596e+19 cm^-2)  (* 3.00500)
column o3 hydrostatic 4.26e-08  (3.79539e+16 cm^-2)

#
# column densities [cm^-2], including scale factors
#
#                           zenith             line-of-sight     
# mesosphere (5 layers):
#                  dry_air  1.484112e+22       1.713704e+22      
#                      h2o  8.747003e+16       1.010017e+17      
#                            (0.0261675 um_pwv) (0.0302156 um_pwv)
#         iwp_abs_Rayleigh  9.718892e+15       1.122241e+16      
#                            (2.9075e-06 kg*m^-2) (3.35729e-06 kg*m^-2)
#                       o3  2.677784e+16       3.092038e+16      
#                            (0.996644 DU)      (1.15083 DU)      
#
# stratosphere (12 layers):
#                  dry_air  1.469267e+24       1.696563e+24      
#                      h2o  5.942148e+18       6.861401e+18      
#                            (1.77765 um_pwv)   (2.05265 um_pwv)  
#         iwp_abs_Rayleigh  6.602386e+17       7.623779e+17      
#                            (0.000197517 kg*m^-2) (0.000228072 kg*m^-2)
#                       o3  5.984688e+18       6.910523e+18      
#                            (222.744 DU)       (257.203 DU)      
#
# troposphere (10 layers):
#                  dry_air  1.000502e+25       1.155281e+25      
#                      h2o  3.001228e+21       3.465519e+21      
#                            (897.845 um_pwv)   (1036.74 um_pwv)  
#         iwp_abs_Rayleigh  3.334698e+20       3.850577e+20      
#                            (0.0997606 kg*m^-2) (0.115194 kg*m^-2)
#                       o3  6.742487e+17       7.785553e+17      
#                            (25.0949 DU)       (28.977 DU)       
#
# total (27 layers):
#                  dry_air  1.148913e+25       1.326651e+25      
#                      h2o  3.007257e+21       3.472482e+21      
#                            (899.649 um_pwv)   (1038.83 um_pwv)  
#         iwp_abs_Rayleigh  3.341397e+20       3.858313e+20      
#                            (0.099961 kg*m^-2) (0.115425 kg*m^-2)
#                       o3  6.685715e+18       7.719998e+18      
#                            (248.836 DU)       (287.331 DU)      
#

! Warning: Encountered in-band lines narrower than the frequency
!          grid spacing.  The output configuration data includes
!          the unresolved line count after each column definition
!          for which this occurred.  Count: 185

# am version 14.0 (build date Sep 30 2024 09:36:11)

# run time 0.107 s
# dcache hit: 243  miss: 0  discard: 0

f 10 GHz  1000 GHz  500 MHz
output text  f GHz  tx none  Tb K

tol 0.0001
selfbroad_vmr_tol 0.003

geometry plane-parallel
refract none
za 30 deg
PTmode Pbase Tbase

g 980.665 cm*s^-2
dg_dz 0 s^-2

Nscale troposphere h2o 0.3
Nscale troposphere iwp_abs_Rayleigh 0.3

T0 2.7 K

layer mesosphere
# P 0.1 mbar
# T 215.7 K
# dP 0.1 mbar
Pbase 0.1 mbar
Tbase 215.7 K
Mair 28.964 h2o o3  (28.964)
lineshape Voigt-Kielkopf ch4 co co2 h2o_lines n2o o2_coupled o2_uncoupled o3
column dry_air hydrostatic (0.999992)  (2.12016e+21 cm^-2)
! Warning: Column included 5264 unresolved lines.
column h2o hydrostatic 0  (0 cm^-2)
column iwp_abs_Rayleigh hydrostatic 6.22e-06  (1.31875e+16 cm^-2)
column o3 hydrostatic 1.78e-06  (3.77391e+15 cm^-2)
! Warning: Column included 33099 unresolved lines.

layer mesosphere
# P 0.2 mbar
# T 229.707 K
# dP 0.2 mbar
Pbase 0.3 mbar
Tbase 237.9 K
Mair 28.964 h2o o3  (28.964)
lineshape Voigt-Kielkopf ch4 co co2 h2o_lines n2o o2_coupled o2_uncoupled o3
column dry_air hydrostatic (0.999992)  (4.24031e+21 cm^-2)
! Warning: Column included 5264 unresolved lines.
column h2o hydrostatic 0  (0 cm^-2)
column iwp_abs_Rayleigh hydrostatic 6.47e-06  (2.7435e+16 cm^-2)
column o3 hydrostatic 1.66e-06  (7.03897e+15 cm^-2)
! Warning: Column included 33099 unresolved lines.

layer mesosphere
# P 0.35 mbar
# T 241.276 K
# dP 0.1 mbar
Pbase 0.4 mbar
Tbase 244.2 K
Mair 28.964 h2o o3  (28.964)
lineshape Voigt-Kielkopf ch4 co co2 h2o_lines n2o o2_coupled o2_uncoupled o3
column dry_air hydrostatic (0.999992)  (2.12016e+21 cm^-2)
! Warning: Column included 5264 unresolved lines.
column h2o hydrostatic 0  (0 cm^-2)
column iwp_abs_Rayleigh hydrostatic 6.72e-06  (1.42476e+16 cm^-2)
column o3 hydrostatic 1.61e-06  (3.41348e+15 cm^-2)
! Warning: Column included 33099 unresolved lines.

layer mesosphere
# P 0.45 mbar
# T 247.209 K
# dP 0.1 mbar
Pbase 0.5 mbar
Tbase 249.9 K
Mair 28.964 h2o o3  (28.964)
lineshape Voigt-Kielkopf ch4 co co2 h2o_lines n2o o2_coupled o2_uncoupled o3
column dry_air hydrostatic (0.999992)  (2.12015e+21 cm^-2)
! Warning: Column included 5264 unresolved lines.
column h2o hydrostatic 0  (0 cm^-2)
column iwp_abs_Rayleigh hydrostatic 6.7e-06  (1.42052e+16 cm^-2)
column o3 hydrostatic 1.78e-06  (3.77391e+15 cm^-2)
! Warning: Column included 33099 unresolved lines.

layer mesosphere
# P 0.6 mbar
# T 253.964 K
# dP 0.2 mbar
Pbase 0.7 mbar
Tbase 257.4 K
Mair 28.964 h2o o3  (28.964)
lineshape Voigt-Kielkopf ch4 co co2 h2o_lines n2o o2_coupled o2_uncoupled o3
column dry_air hydrostatic (0.999991)  (4.24031e+21 cm^-2)
! Warning: Column included 5264 unresolved lines.
column h2o hydrostatic 0  (0 cm^-2)
column iwp_abs_Rayleigh hydrostatic 6.63e-06  (2.81135e+16 cm^-2)
column o3 hydrostatic 2.07e-06  (8.77751e+15 cm^-2)
! Warning: Column included 33099 unresolved lines.

layer stratosphere
# P 0.85 mbar
# T 259.087 K
# dP 0.3 mbar
Pbase 1 mbar
Tbase 260.5 K
Mair 28.964 h2o o3  (28.964)
lineshape Voigt-Kielkopf ch4 co co2 h2o_lines n2o o2_coupled o2_uncoupled o3
column dry_air hydrostatic (0.999991)  (6.36046e+21 cm^-2)
! Warning: Column included 5264 unresolved lines.
column h2o hydrostatic 0  (0 cm^-2)
column iwp_abs_Rayleigh hydrostatic 6.46e-06  (4.10889e+16 cm^-2)
column o3 hydrostatic 2.58e-06  (1.64101e+16 cm^-2)
! Warning: Column included 33099 unresolved lines.

layer stratosphere
# P 1.5 mbar
# T 256.054 K
# dP 1 mbar
Pbase 2 mbar
Tbase 252.9 K
Mair 28.964 h2o o3  (28.9641)
lineshape Gross ch4 co co2 n2o o2_uncoupled o3
lineshape VVW_coupled o2_coupled
lineshape VVH_750 h2o_lines
column dry_air hydrostatic (0.99999)  (2.12015e+22 cm^-2)
! Warning: Column included 5264 unresolved lines.
column h2o hydrostatic 0  (0 cm^-2)
column iwp_abs_Rayleigh hydrostatic 6.09e-06  (1.29118e+17 cm^-2)
column o3 hydrostatic 3.87e-06  (8.20506e+16 cm^-2)
! Warning: Column included 33099 unresolved lines.

layer stratosphere
# P 2.5 mbar
# T 248.827 K
# dP 1 mbar
Pbase 3 mbar
Tbase 245.5 K
Mair 28.964 h2o o3  (28.9641)
lineshape Gross ch4 co co2 n2o o2_uncoupled o3
lineshape VVW_coupled o2_coupled
lineshape VVH_750 h2o_lines
column dry_air hydrostatic (0.999989)  (2.12014e+22 cm^-2)
! Warning: Column included 5264 unresolved lines.
column h2o hydrostatic 0  (0 cm^-2)
column iwp_abs_Rayleigh hydrostatic 5.66e-06  (1.20001e+17 cm^-2)
column o3 hydrostatic 5.7e-06  (1.2085e+17 cm^-2)
! Warning: Column included 33099 unresolved lines.

layer stratosphere
# P 3.5 mbar
# T 243.142 K
# dP 1 mbar
Pbase 4 mbar
Tbase 241.1 K
Mair 28.964 h2o o3  (28.9641)
lineshape Gross ch4 co co2 n2o o2_uncoupled o3
lineshape VVW_coupled o2_coupled
lineshape VVH_750 h2o_lines
column dry_air hydrostatic (0.999987)  (2.12014e+22 cm^-2)
! Warning: Column included 5264 unresolved lines.
column h2o hydrostatic 0  (0 cm^-2)
column iwp_abs_Rayleigh hydrostatic 5.38e-06  (1.14065e+17 cm^-2)
column o3 hydrostatic 7.19e-06  (1.5244e+17 cm^-2)
! Warning: Column included 33099 unresolved lines.

layer stratosphere
# P 4.5 mbar
# T 239.2 K
# dP 1 mbar
Pbase 5 mbar
Tbase 237.5 K
Mair 28.964 h2o o3  (28.9642)
lineshape Gross ch4 co co2 n2o o2_uncoupled o3
lineshape VVW_coupled o2_coupled
lineshape VVH_750 h2o_lines
column dry_air hydrostatic (0.999987)  (2.12014e+22 cm^-2)
! Warning: Column included 5264 unresolved lines.
column h2o hydrostatic 0  (0 cm^-2)
column iwp_abs_Rayleigh hydrostatic 5.2e-06  (1.10249e+17 cm^-2)
column o3 hydrostatic 8.18e-06  (1.73429e+17 cm^-2)
! Warning: Column included 33099 unresolved lines.

layer stratosphere
# P 6 mbar
# T 234.303 K
# dP 2 mbar
Pbase 7 mbar
Tbase 231.6 K
Mair 28.964 h2o o3  (28.9642)
lineshape Gross ch4 co co2 n2o o2_uncoupled o3
lineshape VVW_coupled o2_coupled
lineshape VVH_750 h2o_lines
column dry_air hydrostatic (0.999986)  (4.24027e+22 cm^-2)
! Warning: Column included 5264 unresolved lines.
column h2o hydrostatic 0  (0 cm^-2)
column iwp_abs_Rayleigh hydrostatic 5.03e-06  (2.13288e+17 cm^-2)
column o3 hydrostatic 8.88e-06  (3.76541e+17 cm^-2)
! Warning: Column included 33099 unresolved lines.

layer stratosphere
# P 8.5 mbar
# T 229.15 K
# dP 3 mbar
Pbase 10 mbar
Tbase 227.1 K
Mair 28.964 h2o o3  (28.9642)
lineshape Gross ch4 co co2 n2o o2_uncoupled o3
lineshape VVW_coupled o2_coupled
lineshape VVH_750 h2o_lines
column dry_air hydrostatic (0.999986)  (6.3604e+22 cm^-2)
! Warning: Column included 5264 unresolved lines.
column h2o hydrostatic 0  (0 cm^-2)
column iwp_abs_Rayleigh hydrostatic 4.86e-06  (3.0912e+17 cm^-2)
column o3 hydrostatic 9.2e-06  (5.85165e+17 cm^-2)
! Warning: Column included 33099 unresolved lines.

layer stratosphere
# P 15 mbar
# T 222.186 K
# dP 10 mbar
Pbase 20 mbar
Tbase 218.7 K
Mair 28.964 h2o o3  (28.9642)
lineshape Gross ch4 co co2 n2o o2_uncoupled o3
lineshape VVW_coupled o2_coupled
lineshape VVH_750 h2o_lines
column dry_air hydrostatic (0.999987)  (2.12014e+23 cm^-2)
! Warning: Column included 5264 unresolved lines.
column h2o hydrostatic 0  (0 cm^-2)
column iwp_abs_Rayleigh hydrostatic 4.66e-06  (9.87996e+17 cm^-2)
column o3 hydrostatic 7.99e-06  (1.69401e+18 cm^-2)
! Warning: Column included 33099 unresolved lines.

layer stratosphere
# P 25 mbar
# T 215.673 K
# dP 10 mbar
Pbase 30 mbar
Tbase 213.2 K
Mair 28.964 h2o o3  (28.9641)
lineshape Gross ch4 co co2 n2o o2_uncoupled o3
lineshape VVW_coupled o2_coupled
lineshape VVH_750 h2o_lines
column dry_air hydrostatic (0.99999)  (2.12015e+23 cm^-2)
! Warning: Column included 5264 unresolved lines.
column h2o hydrostatic 0  (0 cm^-2)
column iwp_abs_Rayleigh hydrostatic 4.48e-06  (9.49835e+17 cm^-2)
column o3 hydrostatic 5.53e-06  (1.17245e+18 cm^-2)
! Warning: Column included 33099 unresolved lines.

layer stratosphere
# P 35 mbar
# T 210.521 K
# dP 10 mbar
Pbase 40 mbar
Tbase 208.2 K
Mair 28.964 h2o o3  (28.9641)
lineshape Gross ch4 co co2 n2o o2_uncoupled o3
lineshape VVW_coupled o2_coupled
lineshape VVH_750 h2o_lines
column dry_air hydrostatic (0.999992)  (2.12015e+23 cm^-2)
! Warning: Column included 5264 unresolved lines.
column h2o hydrostatic 0  (0 cm^-2)
column iwp_abs_Rayleigh hydrostatic 4.4e-06  (9.32875e+17 cm^-2)
column o3 hydrostatic 3.44e-06  (7.29339e+17 cm^-2)
! Warning: Column included 33099 unresolved lines.

layer stratosphere
# P 45 mbar
# T 205.455 K
# dP 10 mbar
Pbase 50 mbar
Tbase 203 K
Mair 28.964 h2o o3  (28.964)
lineshape Gross ch4 co co2 n2o o2_uncoupled o3
lineshape VVW_coupled o2_coupled
lineshape VVH_750 h2o_lines
column dry_air hydrostatic (0.999994)  (2.12016e+23 cm^-2)
! Warning: Column included 5264 unresolved lines.
column h2o hydrostatic 0  (0 cm^-2)
column iwp_abs_Rayleigh hydrostatic 4.35e-06  (9.22275e+17 cm^-2)
column o3 hydrostatic 2.08e-06  (4.40996e+17 cm^-2)
! Warning: Column included 33099 unresolved lines.

layer stratosphere
# P 60 mbar
# T 197.581 K
# dP 20 mbar
Pbase 70 mbar
Tbase 193 K
Mair 28.964 h2o o3  (28.964)
lineshape Gross ch4 co co2 n2o o2_uncoupled o3
lineshape VVW_coupled o2_coupled
lineshape VVH_750 h2o_lines
column dry_air hydrostatic (0.999995)  (4.24032e+23 cm^-2)
! Warning: Column included 5264 unresolved lines.
column h2o hydrostatic 0  (0 cm^-2)
column iwp_abs_Rayleigh hydrostatic 4.18e-06  (1.77247e+18 cm^-2)
column o3 hydrostatic 1.04e-06  (4.40996e+17 cm^-2)
! Warning: Column included 33099 unresolved lines.

layer troposphere
# P 85 mbar
# T 192.347 K
# dP 30 mbar
Pbase 100 mbar
Tbase 191.8 K
Mair 28.964 h2o o3  (28.964)
lineshape Gross ch4 co co2 n2o o2_uncoupled o3
lineshape VVW_coupled o2_coupled
lineshape VVH_750 h2o_lines
column dry_air hydrostatic (0.999999)  (6.36051e+23 cm^-2)
! Warning: Column included 5264 unresolved lines.
column h2o hydrostatic 0  (0 cm^-2)  (* 0.300000)
column iwp_abs_Rayleigh hydrostatic 3.41e-06  (2.16894e+18 cm^-2)  (* 0.300000)
column o3 hydrostatic 3.23e-07  (2.05445e+17 cm^-2)
! Warning: Column included 33099 unresolved lines.

layer troposphere
# P 125 mbar
# T 198.899 K
# dP 50 mbar
Pbase 150 mbar
Tbase 204.7 K
Mair 28.964 h2o o3  (28.964)
lineshape Gross ch4 co co2 n2o o2_uncoupled o3
lineshape VVW_coupled o2_coupled
lineshape VVH_750 h2o_lines
column dry_air hydrostatic (0.999998)  (1.06009e+24 cm^-2)
! Warning: Column included 5264 unresolved lines.
column h2o hydrostatic 0  (0 cm^-2)  (* 0.300000)
column iwp_abs_Rayleigh hydrostatic 5.73e-06  (6.0743e+18 cm^-2)  (* 0.300000)
column o3 hydrostatic 9.5e-08  (1.00708e+17 cm^-2)
! Warning: Column included 33099 unresolved lines.

layer troposphere
# P 175 mbar
# T 212.041 K
# dP 50 mbar
Pbase 200 mbar
Tbase 218.4 K
Mair 28.964 h2o o3  (28.964)
lineshape Gross ch4 co co2 n2o o2_uncoupled o3
lineshape VVW_coupled o2_coupled
lineshape VVH_750 h2o_lines
column dry_air hydrostatic (0.999995)  (1.06008e+24 cm^-2)
! Warning: Column included 4663 unresolved lines.
column h2o hydrostatic 0  (0 cm^-2)  (* 0.300000)
column iwp_abs_Rayleigh hydrostatic 1.8e-05  (1.90816e+19 cm^-2)  (* 0.300000)
column o3 hydrostatic 5.11e-08  (5.41705e+16 cm^-2)
! Warning: Column included 19659 unresolved lines.

layer troposphere
# P 225 mbar
# T 224.47 K
# dP 50 mbar
Pbase 250 mbar
Tbase 229.9 K
Mair 28.964 h2o o3  (28.964)
lineshape Gross ch4 co co2 n2o o2_uncoupled o3
lineshape VVW_coupled o2_coupled
lineshape VVH_750 h2o_lines
column dry_air hydrostatic (0.999989)  (1.06008e+24 cm^-2)
! Warning: Column included 3121 unresolved lines.
column h2o hydrostatic 0  (0 cm^-2)  (* 0.300000)
column iwp_abs_Rayleigh hydrostatic 3.66e-05  (3.87992e+19 cm^-2)  (* 0.300000)
column o3 hydrostatic 4.31e-08  (4.56898e+16 cm^-2)

layer troposphere
# P 275 mbar
# T 234.918 K
# dP 50 mbar
Pbase 300 mbar
Tbase 239.5 K
Mair 28.964 h2o o3  (28.964)
lineshape Gross ch4 co co2 n2o o2_uncoupled o3
lineshape VVW_coupled o2_coupled
lineshape VVH_750 h2o_lines
column dry_air hydrostatic (0.999986)  (1.06007e+24 cm^-2)
! Warning: Column included 2493 unresolved lines.
column h2o hydrostatic 0  (0 cm^-2)  (* 0.300000)
column iwp_abs_Rayleigh hydrostatic 4.65e-05  (4.92941e+19 cm^-2)  (* 0.300000)
column o3 hydrostatic 4.26e-08  (4.51597e+16 cm^-2)

layer troposphere
# P 325 mbar
# T 243.758 K
# dP 50 mbar
Pbase 350 mbar
Tbase 247.7 K
Mair 28.964 h2o o3  (28.964)
lineshape Gross ch4 co co2 n2o o2_uncoupled o3
lineshape VVW_coupled o2_coupled
lineshape VVH_750 h2o_lines
column dry_air hydrostatic (0.999985)  (1.06007e+24 cm^-2)
! Warning: Column included 1839 unresolved lines.
column h2o hydrostatic 0  (0 cm^-2)  (* 0.300000)
column iwp_abs_Rayleigh hydrostatic 4.83e-05  (5.12022e+19 cm^-2)  (* 0.300000)
column o3 hydrostatic 4.31e-08  (4.56898e+16 cm^-2)

layer troposphere
# P 375 mbar
# T 251.317 K
# dP 50 mbar
Pbase 400 mbar
Tbase 254.7 K
Mair 28.964 h2o o3  (28.964)
lineshape Gross ch4 co co2 n2o o2_uncoupled o3
lineshape VVW_coupled o2_coupled
lineshape VVH_750 h2o_lines
column dry_air hydrostatic (0.999979)  (1.06007e+24 cm^-2)
! Warning: Column included 1438 unresolved lines.
column h2o hydrostatic 0  (0 cm^-2)  (* 0.300000)
column iwp_abs_Rayleigh hydrostatic 6.86e-05  (7.2722e+19 cm^-2)  (* 0.300000)
column o3 hydrostatic 4.38e-08  (4.64318e+16 cm^-2)

layer troposphere
# P 425 mbar
# T 257.891 K
# dP 50 mbar
Pbase 450 mbar
Tbase 260.9 K
Mair 28.964 h2o o3  (28.964)
lineshape Gross ch4 co co2 n2o o2_uncoupled o3
lineshape VVW_coupled o2_coupled
lineshape VVH_750 h2o_lines
column dry_air hydrostatic (0.999959)  (1.06004e+24 cm^-2)
! Warning: Column included 1202 unresolved lines.
column h2o hydrostatic 0  (0 cm^-2)  (* 0.300000)
column iwp_abs_Rayleigh hydrostatic 0.000136  (1.44172e+20 cm^-2)  (* 0.300000)
column o3 hydrostatic 4.41e-08  (4.67499e+16 cm^-2)

layer troposphere
# P 475 mbar
# T 263.671 K
# dP 50 mbar
Pbase 500 mbar
Tbase 266.3 K
Mair 28.964 h2o o3  (28.964)
lineshape Gross ch4 co co2 n2o o2_uncoupled o3
lineshape VVW_coupled o2_coupled
lineshape VVH_750 h2o_lines
column dry_air hydrostatic (0.999923)  (1.06001e+24 cm^-2)
! Warning: Column included 11 unresolved lines.
column h2o hydrostatic 0  (0 cm^-2)  (* 0.300000)
column iwp_abs_Rayleigh hydrostatic 0.000258  (2.73503e+20 cm^-2)  (* 0.300000)
column o3 hydrostatic 4.36e-08  (4.62198e+16 cm^-2)

layer troposphere
# P 521 mbar
# T 268.187 K
# dP 42 mbar
Pbase 542 mbar (observing level)
Tbase 270 K
Mair 28.964 h2o o3  (28.964)
lineshape Gross ch4 co co2 n2o o2_uncoupled o3
lineshape VVW_coupled o2_coupled
lineshape VVH_750 h2o_lines
column dry_air hydrostatic (0.999848)  (8.90338e+23 cm^-2)
! Warning: Column included 11 unresolved lines.
column h2o hydrostatic 0  (0 cm^-2)  (* 0.300000)
column iwp_abs_Rayleigh hydrostatic 0.000508  (4.52361e+20 cm^-2)  (* 0.300000)
column o3 hydrostatic 4.26e-08  (3.79342e+16 cm^-2)

#
# column densities [cm^-2], including scale factors
#
#                           zenith             line-of-sight     
# mesosphere (5 layers):
#                  dry_air  1.484108e+22       1.713701e+22      
#                      h2o  0.000000e+00       0.000000e+00      
#                            (0 um_pwv)         (0 um_pwv)        
#         iwp_abs_Rayleigh  9.718870e+16       1.122238e+17      
#                            (2.90749e-05 kg*m^-2) (3.35728e-05 kg*m^-2)
#                       o3  2.677778e+16       3.092031e+16      
#                            (0.996642 DU)      (1.15082 DU)      
#
# stratosphere (12 layers):
#                  dry_air  1.469265e+24       1.696561e+24      
#                      h2o  0.000000e+00       0.000000e+00      
#                            (0 um_pwv)         (0 um_pwv)        
#         iwp_abs_Rayleigh  6.602376e+18       7.623767e+18      
#                            (0.00197516 kg*m^-2) (0.00228072 kg*m^-2)
#                       o3  5.984679e+18       6.910512e+18      
#                            (222.744 DU)       (257.202 DU)      
#
# troposphere (10 layers):
#                  dry_air  1.000689e+25       1.155496e+25      
#                      h2o  0.000000e+00       0.000000e+00      
#                            (0 um_pwv)         (0 um_pwv)        
#         iwp_abs_Rayleigh  3.328132e+20       3.842996e+20      
#                            (0.0995642 kg*m^-2) (0.114967 kg*m^-2)
#                       o3  6.741986e+17       7.784975e+17      
#                            (25.093 DU)        (28.9749 DU)      
#
# total (27 layers):
#                  dry_air  1.149100e+25       1.326866e+25      
#                      h2o  0.000000e+00       0.000000e+00      
#                            (0 um_pwv)         (0 um_pwv)        
#         iwp_abs_Rayleigh  3.395127e+20       3.920355e+20      
#                            (0.101568 kg*m^-2) (0.117281 kg*m^-2)
#                       o3  6.685655e+18       7.719930e+18      
#                            (248.833 DU)       (287.328 DU)      
#

! Warning: Encountered in-band lines narrower than the frequency
!          grid spacing.  The output configuration data includes
!          the unresolved line count after each column definition
!          for which this occurred.  Count: 158

# am version 14.0 (build date Sep 30 2024 09:36:11)

# run time 0.117 s
# dcache hit: 243  miss: 0  discard: 0

f 10 GHz  1000 GHz  500 MHz
output text  f GHz  tx none  Tb K

tol 0.0001
selfbroad_vmr_tol 0.003

geometry plane-parallel
refract none
za 30 deg
PTmode Pbase Tbase

g 980.665 cm*s^-2
dg_dz 0 s^-2

Nscale troposphere h2o 3.005
Nscale troposphere iwp_abs_Rayleigh 3.005

T0 2.7 K

layer mesosphere
# P 0.1 mbar
# T 215.7 K
# dP 0.1 mbar
Pbase 0.1 mbar
Tbase 215.7 K
Mair 28.964 h2o o3  (28.964)
lineshape Voigt-Kielkopf ch4 co co2 h2o_lines n2o o2_coupled o2_uncoupled o3
column dry_air hydrostatic (0.999992)  (2.12016e+21 cm^-2)
! Warning: Column included 5264 unresolved lines.
column h2o hydrostatic 0  (0 cm^-2)
column iwp_abs_Rayleigh hydrostatic 6.22e-06  (1.31875e+16 cm^-2)
column o3 hydrostatic 1.78e-06  (3.77391e+15 cm^-2)
! Warning: Column included 33099 unresolved lines.

layer mesosphere
# P 0.2 mbar
# T 229.707 K
# dP 0.2 mbar
Pbase 0.3 mbar
Tbase 237.9 K
Mair 28.964 h2o o3  (28.964)
lineshape Voigt-Kielkopf ch4 co co2 h2o_lines n2o o2_coupled o2_uncoupled o3
column dry_air hydrostatic (0.999992)  (4.24031e+21 cm^-2)
! Warning: Column included 5264 unresolved lines.
column h2o hydrostatic 0  (0 cm^-2)
column iwp_abs_Rayleigh hydrostatic 6.47e-06  (2.7435e+16 cm^-2)
column o3 hydrostatic 1.66e-06  (7.03897e+15 cm^-2)
! Warning: Column included 33099 unresolved lines.

layer mesosphere
# P 0.35 mbar
# T 241.276 K
# dP 0.1 mbar
Pbase 0.4 mbar
Tbase 244.2 K
Mair 28.964 h2o o3  (28.964)
lineshape Voigt-Kielkopf ch4 co co2 h2o_lines n2o o2_coupled o2_uncoupled o3
column dry_air hydrostatic (0.999992)  (2.12016e+21 cm^-2)
! Warning: Column included 5264 unresolved lines.
column h2o hydrostatic 0  (0 cm^-2)
column iwp_abs_Rayleigh hydrostatic 6.72e-06  (1.42476e+16 cm^-2)
column o3 hydrostatic 1.61e-06  (3.41348e+15 cm^-2)
! Warning: Column included 33099 unresolved lines.

layer mesosphere
# P 0.45 mbar
# T 247.209 K
# dP 0.1 mbar
Pbase 0.5 mbar
Tbase 249.9 K
Mair 28.964 h2o o3  (28.964)
lineshape Voigt-Kielkopf ch4 co co2 h2o_lines n2o o2_coupled o2_uncoupled o3
column dry_air hydrostatic (0.999992)  (2.12015e+21 cm^-2)
! Warning: Column included 5264 unresolved lines.
column h2o hydrostatic 0  (0 cm^-2)
column iwp_abs_Rayleigh hydrostatic 6.7e-06  (1.42052e+16 cm^-2)
column o3 hydrostatic 1.78e-06  (3.77391e+15 cm^-2)
! Warning: Column included 33099 unresolved lines.

layer mesosphere
# P 0.6 mbar
# T 253.964 K
# dP 0.2 mbar
Pbase 0.7 mbar
Tbase 257.4 K
Mair 28.964 h2o o3  (28.964)
lineshape Voigt-Kielkopf ch4 co co2 h2o_lines n2o o2_coupled o2_uncoupled o3
column dry_air hydrostatic (0.999991)  (4.24031e+21 cm^-2)
! Warning: Column included 5264 unresolved lines.
column h2o hydrostatic 0  (0 cm^-2)
column iwp_abs_Rayleigh hydrostatic 6.63e-06  (2.81135e+16 cm^-2)
column o3 hydrostatic 2.07e-06  (8.77751e+15 cm^-2)
! Warning: Column included 33099 unresolved lines.

layer stratosphere
# P 0.85 mbar
# T 259.087 K
# dP 0.3 mbar
Pbase 1 mbar
Tbase 260.5 K
Mair 28.964 h2o o3  (28.964)
lineshape Voigt-Kielkopf ch4 co co2 h2o_lines n2o o2_coupled o2_uncoupled o3
column dry_air hydrostatic (0.999991)  (6.36046e+21 cm^-2)
! Warning: Column included 5264 unresolved lines.
column h2o hydrostatic 0  (0 cm^-2)
column iwp_abs_Rayleigh hydrostatic 6.46e-06  (4.10889e+16 cm^-2)
column o3 hydrostatic 2.58e-06  (1.64101e+16 cm^-2)
! Warning: Column included 33099 unresolved lines.

layer stratosphere
# P 1.5 mbar
# T 256.054 K
# dP 1 mbar
Pbase 2 mbar
Tbase 252.9 K
Mair 28.964 h2o o3  (28.9641)
lineshape Gross ch4 co co2 n2o o2_uncoupled o3
lineshape VVW_coupled o2_coupled
lineshape VVH_750 h2o_lines
column dry_air hydrostatic (0.99999)  (2.12015e+22 cm^-2)
! Warning: Column included 5264 unresolved lines.
column h2o hydrostatic 0  (0 cm^-2)
column iwp_abs_Rayleigh hydrostatic 6.09e-06  (1.29118e+17 cm^-2)
column o3 hydrostatic 3.87e-06  (8.20506e+16 cm^-2)
! Warning: Column included 33099 unresolved lines.

layer stratosphere
# P 2.5 mbar
# T 248.827 K
# dP 1 mbar
Pbase 3 mbar
Tbase 245.5 K
Mair 28.964 h2o o3  (28.9641)
lineshape Gross ch4 co co2 n2o o2_uncoupled o3
lineshape VVW_coupled o2_coupled
lineshape VVH_750 h2o_lines
column dry_air hydrostatic (0.999989)  (2.12014e+22 cm^-2)
! Warning: Column included 5264 unresolved lines.
column h2o hydrostatic 0  (0 cm^-2)
column iwp_abs_Rayleigh hydrostatic 5.66e-06  (1.20001e+17 cm^-2)
column o3 hydrostatic 5.7e-06  (1.2085e+17 cm^-2)
! Warning: Column included 33099 unresolved lines.

layer stratosphere
# P 3.5 mbar
# T 243.142 K
# dP 1 mbar
Pbase 4 mbar
Tbase 241.1 K
Mair 28.964 h2o o3  (28.9641)
lineshape Gross ch4 co co2 n2o o2_uncoupled o3
lineshape VVW_coupled o2_coupled
lineshape VVH_750 h2o_lines
column dry_air hydrostatic (0.999987)  (2.12014e+22 cm^-2)
! Warning: Column included 5264 unresolved lines.
column h2o hydrostatic 0  (0 cm^-2)
column iwp_abs_Rayleigh hydrostatic 5.38e-06  (1.14065e+17 cm^-2)
column o3 hydrostatic 7.19e-06  (1.5244e+17 cm^-2)
! Warning: Column included 33099 unresolved lines.

layer stratosphere
# P 4.5 mbar
# T 239.2 K
# dP 1 mbar
Pbase 5 mbar
Tbase 237.5 K
Mair 28.964 h2o o3  (28.9642)
lineshape Gross ch4 co co2 n2o o2_uncoupled o3
lineshape VVW_coupled o2_coupled
lineshape VVH_750 h2o_lines
column dry_air hydrostatic (0.999987)  (2.12014e+22 cm^-2)
! Warning: Column included 5264 unresolved lines.
column h2o hydrostatic 0  (0 cm^-2)
column iwp_abs_Rayleigh hydrostatic 5.2e-06  (1.10249e+17 cm^-2)
column o3 hydrostatic 8.18e-06  (1.73429e+17 cm^-2)
! Warning: Column included 33099 unresolved lines.

layer stratosphere
# P 6 mbar
# T 234.303 K
# dP 2 mbar
Pbase 7 mbar
Tbase 231.6 K
Mair 28.964 h2o o3  (28.9642)
lineshape Gross ch4 co co2 n2o o2_uncoupled o3
lineshape VVW_coupled o2_coupled
lineshape VVH_750 h2o_lines
column dry_air hydrostatic (0.999986)  (4.24027e+22 cm^-2)
! Warning: Column included 5264 unresolved lines.
column h2o hydrostatic 0  (0 cm^-2)
column iwp_abs_Rayleigh hydrostatic 5.03e-06  (2.13288e+17 cm^-2)
column o3 hydrostatic 8.88e-06  (3.76541e+17 cm^-2)
! Warning: Column included 33099 unresolved lines.

layer stratosphere
# P 8.5 mbar
# T 229.15 K
# dP 3 mbar
Pbase 10 mbar
Tbase 227.1 K
Mair 28.964 h2o o3  (28.9642)
lineshape Gross ch4 co co2 n2o o2_uncoupled o3
lineshape VVW_coupled o2_coupled
lineshape VVH_750 h2o_lines
column dry_air hydrostatic (0.999986)  (6.3604e+22 cm^-2)
! Warning: Column included 5264 unresolved lines.
column h2o hydrostatic 0  (0 cm^-2)
column iwp_abs_Rayleigh hydrostatic 4.86e-06  (3.0912e+17 cm^-2)
column o3 hydrostatic 9.2e-06  (5.85165e+17 cm^-2)
! Warning: Column included 33099 unresolved lines.

layer stratosphere
# P 15 mbar
# T 222.186 K
# dP 10 mbar
Pbase 20 mbar
Tbase 218.7 K
Mair 28.964 h2o o3  (28.9642)
lineshape Gross ch4 co co2 n2o o2_uncoupled o3
lineshape VVW_coupled o2_coupled
lineshape VVH_750 h2o_lines
column dry_air hydrostatic (0.999987)  (2.12014e+23 cm^-2)
! Warning: Column included 5264 unresolved lines.
column h2o hydrostatic 0  (0 cm^-2)
column iwp_abs_Rayleigh hydrostatic 4.66e-06  (9.87996e+17 cm^-2)
column o3 hydrostatic 7.99e-06  (1.69401e+18 cm^-2)
! Warning: Column included 33099 unresolved lines.

layer stratosphere
# P 25 mbar
# T 215.673 K
# dP 10 mbar
Pbase 30 mbar
Tbase 213.2 K
Mair 28.964 h2o o3  (28.9641)
lineshape Gross ch4 co co2 n2o o2_uncoupled o3
lineshape VVW_coupled o2_coupled
lineshape VVH_750 h2o_lines
column dry_air hydrostatic (0.99999)  (2.12015e+23 cm^-2)
! Warning: Column included 5264 unresolved lines.
column h2o hydrostatic 0  (0 cm^-2)
column iwp_abs_Rayleigh hydrostatic 4.48e-06  (9.49835e+17 cm^-2)
column o3 hydrostatic 5.53e-06  (1.17245e+18 cm^-2)
! Warning: Column included 33099 unresolved lines.

layer stratosphere
# P 35 mbar
# T 210.521 K
# dP 10 mbar
Pbase 40 mbar
Tbase 208.2 K
Mair 28.964 h2o o3  (28.9641)
lineshape Gross ch4 co co2 n2o o2_uncoupled o3
lineshape VVW_coupled o2_coupled
lineshape VVH_750 h2o_lines
column dry_air hydrostatic (0.999992)  (2.12015e+23 cm^-2)
! Warning: Column included 5264 unresolved lines.
column h2o hydrostatic 0  (0 cm^-2)
column iwp_abs_Rayleigh hydrostatic 4.4e-06  (9.32875e+17 cm^-2)
column o3 hydrostatic 3.44e-06  (7.29339e+17 cm^-2)
! Warning: Column included 33099 unresolved lines.

layer stratosphere
# P 45 mbar
# T 205.455 K
# dP 10 mbar
Pbase 50 mbar
Tbase 203 K
Mair 28.964 h2o o3  (28.964)
lineshape Gross ch4 co co2 n2o o2_uncoupled o3
lineshape VVW_coupled o2_coupled
lineshape VVH_750 h2o_lines
column dry_air hydrostatic (0.999994)  (2.12016e+23 cm^-2)
! Warning: Column included 5264 unresolved lines.
column h2o hydrostatic 0  (0 cm^-2)
column iwp_abs_Rayleigh hydrostatic 4.35e-06  (9.22275e+17 cm^-2)
column o3 hydrostatic 2.08e-06  (4.40996e+17 cm^-2)
! Warning: Column included 33099 unresolved lines.

layer stratosphere
# P 60 mbar
# T 197.581 K
# dP 20 mbar
Pbase 70 mbar
Tbase 193 K
Mair 28.964 h2o o3  (28.964)
lineshape Gross ch4 co co2 n2o o2_uncoupled o3
lineshape VVW_coupled o2_coupled
lineshape VVH_750 h2o_lines
column dry_air hydrostatic (0.999995)  (4.24032e+23 cm^-2)
! Warning: Column included 5264 unresolved lines.
column h2o hydrostatic 0  (0 cm^-2)
column iwp_abs_Rayleigh hydrostatic 4.18e-06  (1.77247e+18 cm^-2)
column o3 hydrostatic 1.04e-06  (4.40996e+17 cm^-2)
! Warning: Column included 33099 unresolved lines.

layer troposphere
# P 85 mbar
# T 192.347 K
# dP 30 mbar
Pbase 100 mbar
Tbase 191.8 K
Mair 28.964 h2o o3  (28.964)
lineshape Gross ch4 co co2 n2o o2_uncoupled o3
lineshape VVW_coupled o2_coupled
lineshape VVH_750 h2o_lines
column dry_air hydrostatic (0.999989)  (6.36046e+23 cm^-2)
! Warning: Column included 5264 unresolved lines.
column h2o hydrostatic 0  (0 cm^-2)  (* 3.00500)
column iwp_abs_Rayleigh hydrostatic 3.41e-06  (2.16894e+18 cm^-2)  (* 3.00500)
column o3 hydrostatic 3.23e-07  (2.05445e+17 cm^-2)
! Warning: Column included 33099 unresolved lines.

layer troposphere
# P 125 mbar
# T 198.899 K
# dP 50 mbar
Pbase 150 mbar
Tbase 204.7 K
Mair 28.964 h2o o3  (28.964)
lineshape Gross ch4 co co2 n2o o2_uncoupled o3
lineshape VVW_coupled o2_coupled
lineshape VVH_750 h2o_lines
column dry_air hydrostatic (0.999983)  (1.06007e+24 cm^-2)
! Warning: Column included 5264 unresolved lines.
column h2o hydrostatic 0  (0 cm^-2)  (* 3.00500)
column iwp_abs_Rayleigh hydrostatic 5.73e-06  (6.0743e+18 cm^-2)  (* 3.00500)
column o3 hydrostatic 9.5e-08  (1.00708e+17 cm^-2)
! Warning: Column included 33099 unresolved lines.

layer troposphere
# P 175 mbar
# T 212.041 K
# dP 50 mbar
Pbase 200 mbar
Tbase 218.4 K
Mair 28.964 h2o o3  (28.964)
lineshape Gross ch4 co co2 n2o o2_uncoupled o3
lineshape VVW_coupled o2_coupled
lineshape VVH_750 h2o_lines
column dry_air hydrostatic (0.999946)  (1.06003e+24 cm^-2)
! Warning: Column included 4663 unresolved lines.
column h2o hydrostatic 0  (0 cm^-2)  (* 3.00500)
column iwp_abs_Rayleigh hydrostatic 1.8e-05  (1.90816e+19 cm^-2)  (* 3.00500)
column o3 hydrostatic 5.11e-08  (5.41705e+16 cm^-2)
! Warning: Column included 19659 unresolved lines.

layer troposphere
# P 225 mbar
# T 224.47 K
# dP 50 mbar
Pbase 250 mbar
Tbase 229.9 K
Mair 28.964 h2o o3  (28.964)
lineshape Gross ch4 co co2 n2o o2_uncoupled o3
lineshape VVW_coupled o2_coupled
lineshape VVH_750 h2o_lines
column dry_air hydrostatic (0.99989)  (1.05997e+24 cm^-2)
! Warning: Column included 3121 unresolved lines.
column h2o hydrostatic 0  (0 cm^-2)  (* 3.00500)
column iwp_abs_Rayleigh hydrostatic 3.66e-05  (3.87992e+19 cm^-2)  (* 3.00500)
column o3 hydrostatic 4.31e-08  (4.56898e+16 cm^-2)

layer troposphere
# P 275 mbar
# T 234.918 K
# dP 50 mbar
Pbase 300 mbar
Tbase 239.5 K
Mair 28.964 h2o o3  (28.964)
lineshape Gross ch4 co co2 n2o o2_uncoupled o3
lineshape VVW_coupled o2_coupled
lineshape VVH_750 h2o_lines
column dry_air hydrostatic (0.99986)  (1.05994e+24 cm^-2)
! Warning: Column included 2493 unresolved lines.
column h2o hydrostatic 0  (0 cm^-2)  (* 3.00500)
column iwp_abs_Rayleigh hydrostatic 4.65e-05  (4.92941e+19 cm^-2)  (* 3.00500)
column o3 hydrostatic 4.26e-08  (4.51597e+16 cm^-2)

layer troposphere
# P 325 mbar
# T 243.758 K
# dP 50 mbar
Pbase 350 mbar
Tbase 247.7 K
Mair 28.964 h2o o3  (28.964)
lineshape Gross ch4 co co2 n2o o2_uncoupled o3
lineshape VVW_coupled o2_coupled
lineshape VVH_750 h2o_lines
column dry_air hydrostatic (0.999855)  (1.05993e+24 cm^-2)
! Warning: Column included 1839 unresolved lines.
column h2o hydrostatic 0  (0 cm^-2)  (* 3.00500)
column iwp_abs_Rayleigh hydrostatic 4.83e-05  (5.12022e+19 cm^-2)  (* 3.00500)
column o3 hydrostatic 4.31e-08  (4.56898e+16 cm^-2)

layer troposphere
# P 375 mbar
# T 251.317 K
# dP 50 mbar
Pbase 400 mbar
Tbase 254.7 K
Mair 28.964 h2o o3  (28.964)
lineshape Gross ch4 co co2 n2o o2_uncoupled o3
lineshape VVW_coupled o2_coupled
lineshape VVH_750 h2o_lines
column dry_air hydrostatic (0.999794)  (1.05987e+24 cm^-2)
! Warning: Column included 1438 unresolved lines.
column h2o hydrostatic 0  (0 cm^-2)  (* 3.00500)
column iwp_abs_Rayleigh hydrostatic 6.86e-05  (7.2722e+19 cm^-2)  (* 3.00500)
column o3 hydrostatic 4.38e-08  (4.64318e+16 cm^-2)

layer troposphere
# P 425 mbar
# T 257.891 K
# dP 50 mbar
Pbase 450 mbar
Tbase 260.9 K
Mair 28.964 h2o o3  (28.964)
lineshape Gross ch4 co co2 n2o o2_uncoupled o3
lineshape VVW_coupled o2_coupled
lineshape VVH_750 h2o_lines
column dry_air hydrostatic (0.999591)  (1.05965e+24 cm^-2)
! Warning: Column included 1202 unresolved lines.
column h2o hydrostatic 0  (0 cm^-2)  (* 3.00500)
column iwp_abs_Rayleigh hydrostatic 0.000136  (1.44172e+20 cm^-2)  (* 3.00500)
column o3 hydrostatic 4.41e-08  (4.67499e+16 cm^-2)

layer troposphere
# P 475 mbar
# T 263.671 K
# dP 50 mbar
Pbase 500 mbar
Tbase 266.3 K
Mair 28.964 h2o o3  (28.964)
lineshape Gross ch4 co co2 n2o o2_uncoupled o3
lineshape VVW_coupled o2_coupled
lineshape VVH_750 h2o_lines
column dry_air hydrostatic (0.999225)  (1.05927e+24 cm^-2)
! Warning: Column included 11 unresolved lines.
column h2o hydrostatic 0  (0 cm^-2)  (* 3.00500)
column iwp_abs_Rayleigh hydrostatic 0.000258  (2.73503e+20 cm^-2)  (* 3.00500)
column o3 hydrostatic 4.36e-08  (4.62198e+16 cm^-2)

layer troposphere
# P 521 mbar
# T 268.187 K
# dP 42 mbar
Pbase 542 mbar (observing level)
Tbase 270 K
Mair 28.964 h2o o3  (28.964)
lineshape Gross ch4 co co2 n2o o2_uncoupled o3
lineshape VVW_coupled o2_coupled
lineshape VVH_750 h2o_lines
column dry_air hydrostatic (0.998473)  (8.89114e+23 cm^-2)
! Warning: Column included 11 unresolved lines.
column h2o hydrostatic 0  (0 cm^-2)  (* 3.00500)
column iwp_abs_Rayleigh hydrostatic 0.000508  (4.52361e+20 cm^-2)  (* 3.00500)
column o3 hydrostatic 4.26e-08  (3.79342e+16 cm^-2)

#
# column densities [cm^-2], including scale factors
#
#                           zenith             line-of-sight     
# mesosphere (5 layers):
#                  dry_air  1.484108e+22       1.713701e+22      
#                      h2o  0.000000e+00       0.000000e+00      
#                            (0 um_pwv)         (0 um_pwv)        
#         iwp_abs_Rayleigh  9.718870e+16       1.122238e+17      
#                            (2.90749e-05 kg*m^-2) (3.35728e-05 kg*m^-2)
#                       o3  2.677778e+16       3.092031e+16      
#                            (0.996642 DU)      (1.15082 DU)      
#
# stratosphere (12 layers):
#                  dry_air  1.469265e+24       1.696561e+24      
#                      h2o  0.000000e+00       0.000000e+00      
#                            (0 um_pwv)         (0 um_pwv)        
#         iwp_abs_Rayleigh  6.602376e+18       7.623767e+18      
#                            (0.00197516 kg*m^-2) (0.00228072 kg*m^-2)
#                       o3  5.984679e+18       6.910512e+18      
#                            (222.744 DU)       (257.202 DU)      
#
# troposphere (10 layers):
#                  dry_air  1.000389e+25       1.155150e+25      
#                      h2o  0.000000e+00       0.000000e+00      
#                            (0 um_pwv)         (0 um_pwv)        
#         iwp_abs_Rayleigh  3.333679e+21       3.849401e+21      
#                            (0.997301 kg*m^-2) (1.15158 kg*m^-2) 
#                       o3  6.741986e+17       7.784975e+17      
#                            (25.093 DU)        (28.9749 DU)      
#
# total (27 layers):
#                  dry_air  1.148800e+25       1.326520e+25      
#                      h2o  0.000000e+00       0.000000e+00      
#                            (0 um_pwv)         (0 um_pwv)        
#         iwp_abs_Rayleigh  3.340378e+21       3.857137e+21      
#                            (0.999305 kg*m^-2) (1.1539 kg*m^-2)  
#                       o3  6.685655e+18       7.719930e+18      
#                            (248.833 DU)       (287.328 DU)      
#

! Warning: Encountered in-band lines narrower than the frequency
!          grid spacing.  The output configuration data includes
!          the unresolved line count after each column definition
!          for which this occurred.  Count: 158

