
! Error: Column definition encountered on layer 0 with P <= 0.


! Error: Column definition encountered on layer 0 with P <= 0.

# am version 14.0 (build date Sep 30 2024 09:36:11)

# run time 1.216 s
# dcache hit: 241  miss: 29  discard: 29

f 10 GHz  200 GHz  100 MHz
output text  f GHz  tx none  Tb K

tol 0.0001
selfbroad_vmr_tol 0.003

geometry plane-parallel
refract none
za 30 deg
PTmode Pbase Tbase

g 980.665 cm*s^-2
dg_dz 0 s^-2

Nscale troposphere h2o 30.05

T0 2.7 K

layer mesosphere
# P 0.1 mbar
# T 215.7 K
# dP 0.1 mbar
Pbase 0.1 mbar
Tbase 215.7 K
Mair 28.964 h2o o3  (28.964)
lineshape Voigt-Kielkopf ch4 co co2 h2o_lines n2o o2_coupled o2_uncoupled o3
column dry_air hydrostatic (0.999992)  (2.12016e+21 cm^-2)
! Warning: Column included 2491 unresolved lines.
column h2o hydrostatic 6.22e-06  (1.31875e+16 cm^-2)
! Warning: Column included 173 unresolved lines.
column o3 hydrostatic 1.78e-06  (3.77392e+15 cm^-2)
! Warning: Column included 3752 unresolved lines.

layer mesosphere
# P 0.15 mbar
# T 228.686 K
# dP 0.1 mbar
Pbase 0.2 mbar
Tbase 237.9 K
Mair 28.964 h2o o3  (28.964)
lineshape Voigt-Kielkopf ch4 co co2 h2o_lines n2o o2_coupled o2_uncoupled o3
column dry_air hydrostatic (0.999992)  (2.12016e+21 cm^-2)
! Warning: Column included 2491 unresolved lines.
column h2o hydrostatic 6.47e-06  (1.37176e+16 cm^-2)
! Warning: Column included 173 unresolved lines.
column o3 hydrostatic 1.66e-06  (3.5195e+15 cm^-2)
! Warning: Column included 3752 unresolved lines.

layer mesosphere
# P 0.25 mbar
# T 241.367 K
# dP 0.1 mbar
Pbase 0.3 mbar
Tbase 244.2 K
Mair 28.964 h2o o3  (28.964)
lineshape Voigt-Kielkopf ch4 co co2 h2o_lines n2o o2_coupled o2_uncoupled o3
column dry_air hydrostatic (0.999992)  (2.12016e+21 cm^-2)
! Warning: Column included 2491 unresolved lines.
column h2o hydrostatic 6.72e-06  (1.42476e+16 cm^-2)
! Warning: Column included 173 unresolved lines.
column o3 hydrostatic 1.61e-06  (3.41349e+15 cm^-2)
! Warning: Column included 3752 unresolved lines.

layer mesosphere
# P 0.35 mbar
# T 247.254 K
# dP 0.1 mbar
Pbase 0.4 mbar
Tbase 249.9 K
Mair 28.964 h2o o3  (28.964)
lineshape Voigt-Kielkopf ch4 co co2 h2o_lines n2o o2_coupled o2_uncoupled o3
column dry_air hydrostatic (0.999992)  (2.12016e+21 cm^-2)
! Warning: Column included 2491 unresolved lines.
column h2o hydrostatic 6.7e-06  (1.42052e+16 cm^-2)
! Warning: Column included 173 unresolved lines.
column o3 hydrostatic 1.78e-06  (3.77392e+15 cm^-2)
! Warning: Column included 3752 unresolved lines.

layer mesosphere
# P 0.45 mbar
# T 253.859 K
# dP 0.1 mbar
Pbase 0.5 mbar
Tbase 257.4 K
Mair 28.964 h2o o3  (28.964)
lineshape Voigt-Kielkopf ch4 co co2 h2o_lines n2o o2_coupled o2_uncoupled o3
column dry_air hydrostatic (0.999991)  (2.12016e+21 cm^-2)
! Warning: Column included 2491 unresolved lines.
column h2o hydrostatic 6.63e-06  (1.40568e+16 cm^-2)
! Warning: Column included 173 unresolved lines.
column o3 hydrostatic 2.07e-06  (4.38877e+15 cm^-2)
! Warning: Column included 3752 unresolved lines.

layer stratosphere
# P 0.6 mbar
# T 259.08 K
# dP 0.2 mbar
Pbase 0.7 mbar
Tbase 260.5 K
Mair 28.964 h2o o3  (28.964)
lineshape Voigt-Kielkopf ch4 co co2 h2o_lines n2o o2_coupled o2_uncoupled o3
column dry_air hydrostatic (0.999991)  (4.24031e+21 cm^-2)
! Warning: Column included 2491 unresolved lines.
column h2o hydrostatic 6.46e-06  (2.73927e+16 cm^-2)
! Warning: Column included 173 unresolved lines.
column o3 hydrostatic 2.58e-06  (1.09401e+16 cm^-2)
! Warning: Column included 3752 unresolved lines.

layer stratosphere
# P 1.05 mbar
# T 256.054 K
# dP 0.7 mbar
Pbase 1.4 mbar
Tbase 252.9 K
Mair 28.964 h2o o3  (28.964)
lineshape Gross ch4 co co2 n2o o2_uncoupled o3
lineshape VVW_coupled o2_coupled
lineshape VVH_750 h2o_lines
column dry_air hydrostatic (0.99999)  (1.48411e+22 cm^-2)
! Warning: Column included 2491 unresolved lines.
column h2o hydrostatic 6.09e-06  (9.0383e+16 cm^-2)
! Warning: Column included 173 unresolved lines.
column o3 hydrostatic 3.87e-06  (5.74355e+16 cm^-2)
! Warning: Column included 3752 unresolved lines.

layer stratosphere
# P 1.75 mbar
# T 248.827 K
# dP 0.7 mbar
Pbase 2.1 mbar
Tbase 245.5 K
Mair 28.964 h2o o3  (28.964)
lineshape Gross ch4 co co2 n2o o2_uncoupled o3
lineshape VVW_coupled o2_coupled
lineshape VVH_750 h2o_lines
column dry_air hydrostatic (0.999989)  (1.4841e+22 cm^-2)
! Warning: Column included 2491 unresolved lines.
column h2o hydrostatic 5.66e-06  (8.40012e+16 cm^-2)
! Warning: Column included 173 unresolved lines.
column o3 hydrostatic 5.7e-06  (8.45948e+16 cm^-2)
! Warning: Column included 3752 unresolved lines.

layer stratosphere
# P 2.45 mbar
# T 243.142 K
# dP 0.7 mbar
Pbase 2.8 mbar
Tbase 241.1 K
Mair 28.964 h2o o3  (28.9641)
lineshape Gross ch4 co co2 n2o o2_uncoupled o3
lineshape VVW_coupled o2_coupled
lineshape VVH_750 h2o_lines
column dry_air hydrostatic (0.999987)  (1.4841e+22 cm^-2)
! Warning: Column included 2491 unresolved lines.
column h2o hydrostatic 5.38e-06  (7.98456e+16 cm^-2)
! Warning: Column included 173 unresolved lines.
column o3 hydrostatic 7.19e-06  (1.06708e+17 cm^-2)
! Warning: Column included 3752 unresolved lines.

layer stratosphere
# P 3.15 mbar
# T 239.2 K
# dP 0.7 mbar
Pbase 3.5 mbar
Tbase 237.5 K
Mair 28.964 h2o o3  (28.9641)
lineshape Gross ch4 co co2 n2o o2_uncoupled o3
lineshape VVW_coupled o2_coupled
lineshape VVH_750 h2o_lines
column dry_air hydrostatic (0.999987)  (1.4841e+22 cm^-2)
! Warning: Column included 2491 unresolved lines.
column h2o hydrostatic 5.2e-06  (7.71741e+16 cm^-2)
! Warning: Column included 173 unresolved lines.
column o3 hydrostatic 8.18e-06  (1.21401e+17 cm^-2)
! Warning: Column included 3752 unresolved lines.

layer stratosphere
# P 4.2 mbar
# T 234.303 K
# dP 1.4 mbar
Pbase 4.9 mbar
Tbase 231.6 K
Mair 28.964 h2o o3  (28.9641)
lineshape Gross ch4 co co2 n2o o2_uncoupled o3
lineshape VVW_coupled o2_coupled
lineshape VVH_750 h2o_lines
column dry_air hydrostatic (0.999986)  (2.96819e+22 cm^-2)
! Warning: Column included 2491 unresolved lines.
column h2o hydrostatic 5.03e-06  (1.49302e+17 cm^-2)
! Warning: Column included 173 unresolved lines.
column o3 hydrostatic 8.88e-06  (2.63579e+17 cm^-2)
! Warning: Column included 3752 unresolved lines.

layer stratosphere
# P 5.95 mbar
# T 229.15 K
# dP 2.1 mbar
Pbase 7 mbar
Tbase 227.1 K
Mair 28.964 h2o o3  (28.9641)
lineshape Gross ch4 co co2 n2o o2_uncoupled o3
lineshape VVW_coupled o2_coupled
lineshape VVH_750 h2o_lines
column dry_air hydrostatic (0.999986)  (4.45229e+22 cm^-2)
! Warning: Column included 2491 unresolved lines.
column h2o hydrostatic 4.86e-06  (2.16384e+17 cm^-2)
! Warning: Column included 173 unresolved lines.
column o3 hydrostatic 9.2e-06  (4.09616e+17 cm^-2)
! Warning: Column included 3752 unresolved lines.

layer stratosphere
# P 10.5 mbar
# T 222.186 K
# dP 7 mbar
Pbase 14 mbar
Tbase 218.7 K
Mair 28.964 h2o o3  (28.9641)
lineshape Gross ch4 co co2 n2o o2_uncoupled o3
lineshape VVW_coupled o2_coupled
lineshape VVH_750 h2o_lines
column dry_air hydrostatic (0.999987)  (1.4841e+23 cm^-2)
! Warning: Column included 2491 unresolved lines.
column h2o hydrostatic 4.66e-06  (6.91599e+17 cm^-2)
! Warning: Column included 173 unresolved lines.
column o3 hydrostatic 7.99e-06  (1.18581e+18 cm^-2)
! Warning: Column included 3752 unresolved lines.

layer stratosphere
# P 17.5 mbar
# T 215.673 K
# dP 7 mbar
Pbase 21 mbar
Tbase 213.2 K
Mair 28.964 h2o o3  (28.9641)
lineshape Gross ch4 co co2 n2o o2_uncoupled o3
lineshape VVW_coupled o2_coupled
lineshape VVH_750 h2o_lines
column dry_air hydrostatic (0.99999)  (1.4841e+23 cm^-2)
! Warning: Column included 2491 unresolved lines.
column h2o hydrostatic 4.48e-06  (6.64886e+17 cm^-2)
! Warning: Column included 173 unresolved lines.
column o3 hydrostatic 5.53e-06  (8.20718e+17 cm^-2)
! Warning: Column included 3752 unresolved lines.

layer stratosphere
# P 24.5 mbar
# T 210.521 K
# dP 7 mbar
Pbase 28 mbar
Tbase 208.2 K
Mair 28.964 h2o o3  (28.964)
lineshape Gross ch4 co co2 n2o o2_uncoupled o3
lineshape VVW_coupled o2_coupled
lineshape VVH_750 h2o_lines
column dry_air hydrostatic (0.999992)  (1.48411e+23 cm^-2)
! Warning: Column included 2491 unresolved lines.
column h2o hydrostatic 4.4e-06  (6.53013e+17 cm^-2)
! Warning: Column included 173 unresolved lines.
column o3 hydrostatic 3.44e-06  (5.10538e+17 cm^-2)
! Warning: Column included 3752 unresolved lines.

layer stratosphere
# P 31.5 mbar
# T 205.455 K
# dP 7 mbar
Pbase 35 mbar
Tbase 203 K
Mair 28.964 h2o o3  (28.964)
lineshape Gross ch4 co co2 n2o o2_uncoupled o3
lineshape VVW_coupled o2_coupled
lineshape VVH_750 h2o_lines
column dry_air hydrostatic (0.999994)  (1.48411e+23 cm^-2)
! Warning: Column included 2323 unresolved lines.
column h2o hydrostatic 4.35e-06  (6.45593e+17 cm^-2)
! Warning: Column included 114 unresolved lines.
column o3 hydrostatic 2.08e-06  (3.08698e+17 cm^-2)
! Warning: Column included 2956 unresolved lines.

layer stratosphere
# P 42 mbar
# T 197.581 K
# dP 14 mbar
Pbase 49 mbar
Tbase 193 K
Mair 28.964 h2o o3  (28.964)
lineshape Gross ch4 co co2 n2o o2_uncoupled o3
lineshape VVW_coupled o2_coupled
lineshape VVH_750 h2o_lines
column dry_air hydrostatic (0.999995)  (2.96823e+23 cm^-2)
! Warning: Column included 2148 unresolved lines.
column h2o hydrostatic 4.18e-06  (1.24073e+18 cm^-2)
! Warning: Column included 52 unresolved lines.
column o3 hydrostatic 1.04e-06  (3.08698e+17 cm^-2)

layer troposphere
# P 59.5 mbar
# T 192.347 K
# dP 21 mbar
Pbase 70 mbar
Tbase 191.8 K
Mair 28.964 h2o o3  (28.9629)
lineshape Gross ch4 co co2 n2o o2_uncoupled o3
lineshape VVW_coupled o2_coupled
lineshape VVH_750 h2o_lines
column dry_air hydrostatic (0.999897)  (4.45208e+23 cm^-2)
! Warning: Column included 1538 unresolved lines.
column h2o hydrostatic 3.41e-06  (1.51832e+18 cm^-2)  (* 30.0500)
! Warning: Column included 30 unresolved lines.
column o3 hydrostatic 3.23e-07  (1.43817e+17 cm^-2)

layer troposphere
# P 87.5 mbar
# T 198.899 K
# dP 35 mbar
Pbase 105 mbar
Tbase 204.7 K
Mair 28.964 h2o o3  (28.9621)
lineshape Gross ch4 co co2 n2o o2_uncoupled o3
lineshape VVW_coupled o2_coupled
lineshape VVH_750 h2o_lines
column dry_air hydrostatic (0.999828)  (7.41982e+23 cm^-2)
! Warning: Column included 11 unresolved lines.
column h2o hydrostatic 5.73e-06  (4.25229e+18 cm^-2)  (* 30.0500)
! Warning: Column included 14 unresolved lines.
column o3 hydrostatic 9.5e-08  (7.05004e+16 cm^-2)

layer troposphere
# P 122.5 mbar
# T 212.041 K
# dP 35 mbar
Pbase 140 mbar
Tbase 218.4 K
Mair 28.964 h2o o3  (28.9581)
lineshape Gross ch4 co co2 n2o o2_uncoupled o3
lineshape VVW_coupled o2_coupled
lineshape VVH_750 h2o_lines
column dry_air hydrostatic (0.999459)  (7.41811e+23 cm^-2)
column h2o hydrostatic 1.8e-05  (1.33598e+19 cm^-2)  (* 30.0500)
! Warning: Column included 8 unresolved lines.
column o3 hydrostatic 5.11e-08  (3.79271e+16 cm^-2)

layer troposphere
# P 157.5 mbar
# T 224.47 K
# dP 35 mbar
Pbase 175 mbar
Tbase 229.9 K
Mair 28.964 h2o o3  (28.952)
lineshape Gross ch4 co co2 n2o o2_uncoupled o3
lineshape VVW_coupled o2_coupled
lineshape VVH_750 h2o_lines
column dry_air hydrostatic (0.9989)  (7.41553e+23 cm^-2)
column h2o hydrostatic 3.66e-05  (2.71707e+19 cm^-2)  (* 30.0500)
! Warning: Column included 6 unresolved lines.
column o3 hydrostatic 4.31e-08  (3.19961e+16 cm^-2)

layer troposphere
# P 192.5 mbar
# T 234.918 K
# dP 35 mbar
Pbase 210 mbar
Tbase 239.5 K
Mair 28.964 h2o o3  (28.9487)
lineshape Gross ch4 co co2 n2o o2_uncoupled o3
lineshape VVW_coupled o2_coupled
lineshape VVH_750 h2o_lines
column dry_air hydrostatic (0.998603)  (7.41416e+23 cm^-2)
column h2o hydrostatic 4.65e-05  (3.45241e+19 cm^-2)  (* 30.0500)
! Warning: Column included 4 unresolved lines.
column o3 hydrostatic 4.26e-08  (3.16285e+16 cm^-2)

layer troposphere
# P 227.5 mbar
# T 243.758 K
# dP 35 mbar
Pbase 245 mbar
Tbase 247.7 K
Mair 28.964 h2o o3  (28.9481)
lineshape Gross ch4 co co2 n2o o2_uncoupled o3
lineshape VVW_coupled o2_coupled
lineshape VVH_750 h2o_lines
column dry_air hydrostatic (0.998549)  (7.41391e+23 cm^-2)
column h2o hydrostatic 4.83e-05  (3.58612e+19 cm^-2)  (* 30.0500)
! Warning: Column included 2 unresolved lines.
column o3 hydrostatic 4.31e-08  (3.20004e+16 cm^-2)

layer troposphere
# P 262.5 mbar
# T 251.317 K
# dP 35 mbar
Pbase 280 mbar
Tbase 254.7 K
Mair 28.964 h2o o3  (28.9414)
lineshape Gross ch4 co co2 n2o o2_uncoupled o3
lineshape VVW_coupled o2_coupled
lineshape VVH_750 h2o_lines
column dry_air hydrostatic (0.997939)  (7.41109e+23 cm^-2)
column h2o hydrostatic 6.86e-05  (5.09451e+19 cm^-2)  (* 30.0500)
! Warning: Column included 2 unresolved lines.
column o3 hydrostatic 4.38e-08  (3.25276e+16 cm^-2)

layer troposphere
# P 297.5 mbar
# T 257.891 K
# dP 35 mbar
Pbase 315 mbar
Tbase 260.9 K
Mair 28.964 h2o o3  (28.9193)
lineshape Gross ch4 co co2 n2o o2_uncoupled o3
lineshape VVW_coupled o2_coupled
lineshape VVH_750 h2o_lines
column dry_air hydrostatic (0.995913)  (7.40172e+23 cm^-2)
column h2o hydrostatic 0.000136  (1.01076e+20 cm^-2)  (* 30.0500)
! Warning: Column included 2 unresolved lines.
column o3 hydrostatic 4.41e-08  (3.27755e+16 cm^-2)

layer troposphere
# P 332.5 mbar
# T 263.671 K
# dP 35 mbar
Pbase 350 mbar
Tbase 266.3 K
Mair 28.964 h2o o3  (28.8791)
lineshape Gross ch4 co co2 n2o o2_uncoupled o3
lineshape VVW_coupled o2_coupled
lineshape VVH_750 h2o_lines
column dry_air hydrostatic (0.992247)  (7.38472e+23 cm^-2)
column h2o hydrostatic 0.000258  (1.92015e+20 cm^-2)  (* 30.0500)
! Warning: Column included 2 unresolved lines.
column o3 hydrostatic 4.36e-08  (3.2449e+16 cm^-2)

layer troposphere
# P 364.7 mbar
# T 268.187 K
# dP 29.4 mbar
Pbase 379.4 mbar (observing level)
Tbase 270 K
Mair 28.964 h2o o3  (28.7969)
lineshape Gross ch4 co co2 n2o o2_uncoupled o3
lineshape VVW_coupled o2_coupled
lineshape VVH_750 h2o_lines
column dry_air hydrostatic (0.984735)  (6.17379e+23 cm^-2)
column h2o hydrostatic 0.000508  (3.1849e+20 cm^-2)  (* 30.0500)
! Warning: Column included 2 unresolved lines.
column o3 hydrostatic 4.26e-08  (2.6708e+16 cm^-2)

#
# column densities [cm^-2], including scale factors
#
#                           zenith             line-of-sight     
# mesosphere (5 layers):
#                  dry_air  1.060080e+22       1.224075e+22      
#                      h2o  6.941462e+16       8.015310e+16      
#                            (0.020766 um_pwv)  (0.0239785 um_pwv)
#                       o3  1.886958e+16       2.178872e+16      
#                            (0.702307 DU)      (0.810954 DU)     
#
# stratosphere (12 layers):
#                  dry_air  1.028275e+24       1.187350e+24      
#                      h2o  4.620301e+18       5.335065e+18      
#                            (1.38221 um_pwv)   (1.59603 um_pwv)  
#                       o3  4.188736e+18       4.836735e+18      
#                            (155.901 DU)       (180.018 DU)      
#
# troposphere (10 layers):
#                  dry_air  6.990493e+24       8.071926e+24      
#                      h2o  2.341534e+22       2.703771e+22      
#                            (7004.92 um_pwv)   (8088.58 um_pwv)  
#                       o3  4.723297e+17       5.453994e+17      
#                            (17.5796 DU)       (20.2992 DU)      
#
# total (27 layers):
#                  dry_air  8.029369e+24       9.271517e+24      
#                      h2o  2.342003e+22       2.704313e+22      
#                            (7006.32 um_pwv)   (8090.2 um_pwv)   
#                       o3  4.679935e+18       5.403923e+18      
#                            (174.182 DU)       (201.129 DU)      
#

! Warning: Encountered in-band lines narrower than the frequency
!          grid spacing.  The output configuration data includes
!          the unresolved line count after each column definition
!          for which this occurred.  Count: 146

# am version 14.0 (build date Sep 30 2024 09:36:11)

# run time 3.812 s
# dcache hit: 144  miss: 126  discard: 126

f 10 GHz  200 GHz  100 MHz
output text  f GHz  tx none  Tb K

tol 0.0001
selfbroad_vmr_tol 0.003

geometry plane-parallel
refract none
za 30 deg
PTmode Pbase Tbase

g 980.665 cm*s^-2
dg_dz 0 s^-2

Nscale troposphere h2o 30.05

T0 2.7 K

layer mesosphere
# P 0.1 mbar
# T 215.7 K
# dP 0.1 mbar
Pbase 0.1 mbar
Tbase 215.7 K
Mair 28.964 h2o o3  (28.964)
lineshape Voigt-Kielkopf ch4 co co2 h2o_lines n2o o2_coupled o2_uncoupled o3
column dry_air hydrostatic (0.999992)  (2.12016e+21 cm^-2)
! Warning: Column included 2491 unresolved lines.
column h2o hydrostatic 6.22e-06  (1.31875e+16 cm^-2)
! Warning: Column included 173 unresolved lines.
column o3 hydrostatic 1.78e-06  (3.77392e+15 cm^-2)
! Warning: Column included 3752 unresolved lines.

layer mesosphere
# P 0.2 mbar
# T 229.707 K
# dP 0.2 mbar
Pbase 0.3 mbar
Tbase 237.9 K
Mair 28.964 h2o o3  (28.964)
lineshape Voigt-Kielkopf ch4 co co2 h2o_lines n2o o2_coupled o2_uncoupled o3
column dry_air hydrostatic (0.999992)  (4.24032e+21 cm^-2)
! Warning: Column included 2491 unresolved lines.
column h2o hydrostatic 6.47e-06  (2.74351e+16 cm^-2)
! Warning: Column included 173 unresolved lines.
column o3 hydrostatic 1.66e-06  (7.03899e+15 cm^-2)
! Warning: Column included 3752 unresolved lines.

layer mesosphere
# P 0.35 mbar
# T 241.276 K
# dP 0.1 mbar
Pbase 0.4 mbar
Tbase 244.2 K
Mair 28.964 h2o o3  (28.964)
lineshape Voigt-Kielkopf ch4 co co2 h2o_lines n2o o2_coupled o2_uncoupled o3
column dry_air hydrostatic (0.999992)  (2.12016e+21 cm^-2)
! Warning: Column included 2491 unresolved lines.
column h2o hydrostatic 6.72e-06  (1.42476e+16 cm^-2)
! Warning: Column included 173 unresolved lines.
column o3 hydrostatic 1.61e-06  (3.41349e+15 cm^-2)
! Warning: Column included 3752 unresolved lines.

layer mesosphere
# P 0.45 mbar
# T 247.209 K
# dP 0.1 mbar
Pbase 0.5 mbar
Tbase 249.9 K
Mair 28.964 h2o o3  (28.964)
lineshape Voigt-Kielkopf ch4 co co2 h2o_lines n2o o2_coupled o2_uncoupled o3
column dry_air hydrostatic (0.999992)  (2.12016e+21 cm^-2)
! Warning: Column included 2491 unresolved lines.
column h2o hydrostatic 6.7e-06  (1.42052e+16 cm^-2)
! Warning: Column included 173 unresolved lines.
column o3 hydrostatic 1.78e-06  (3.77392e+15 cm^-2)
! Warning: Column included 3752 unresolved lines.

layer mesosphere
# P 0.6 mbar
# T 253.964 K
# dP 0.2 mbar
Pbase 0.7 mbar
Tbase 257.4 K
Mair 28.964 h2o o3  (28.964)
lineshape Voigt-Kielkopf ch4 co co2 h2o_lines n2o o2_coupled o2_uncoupled o3
column dry_air hydrostatic (0.999991)  (4.24032e+21 cm^-2)
! Warning: Column included 2491 unresolved lines.
column h2o hydrostatic 6.63e-06  (2.81136e+16 cm^-2)
! Warning: Column included 173 unresolved lines.
column o3 hydrostatic 2.07e-06  (8.77753e+15 cm^-2)
! Warning: Column included 3752 unresolved lines.

layer stratosphere
# P 0.85 mbar
# T 259.087 K
# dP 0.3 mbar
Pbase 1 mbar
Tbase 260.5 K
Mair 28.964 h2o o3  (28.964)
lineshape Voigt-Kielkopf ch4 co co2 h2o_lines n2o o2_coupled o2_uncoupled o3
column dry_air hydrostatic (0.999991)  (6.36047e+21 cm^-2)
! Warning: Column included 2491 unresolved lines.
column h2o hydrostatic 6.46e-06  (4.1089e+16 cm^-2)
! Warning: Column included 173 unresolved lines.
column o3 hydrostatic 2.58e-06  (1.64102e+16 cm^-2)
! Warning: Column included 3752 unresolved lines.

layer stratosphere
# P 1.5 mbar
# T 256.054 K
# dP 1 mbar
Pbase 2 mbar
Tbase 252.9 K
Mair 28.964 h2o o3  (28.964)
lineshape Gross ch4 co co2 n2o o2_uncoupled o3
lineshape VVW_coupled o2_coupled
lineshape VVH_750 h2o_lines
column dry_air hydrostatic (0.99999)  (2.12015e+22 cm^-2)
! Warning: Column included 2491 unresolved lines.
column h2o hydrostatic 6.09e-06  (1.29119e+17 cm^-2)
! Warning: Column included 173 unresolved lines.
column o3 hydrostatic 3.87e-06  (8.20508e+16 cm^-2)
! Warning: Column included 3752 unresolved lines.

layer stratosphere
# P 2.5 mbar
# T 248.827 K
# dP 1 mbar
Pbase 3 mbar
Tbase 245.5 K
Mair 28.964 h2o o3  (28.964)
lineshape Gross ch4 co co2 n2o o2_uncoupled o3
lineshape VVW_coupled o2_coupled
lineshape VVH_750 h2o_lines
column dry_air hydrostatic (0.999989)  (2.12015e+22 cm^-2)
! Warning: Column included 2491 unresolved lines.
column h2o hydrostatic 5.66e-06  (1.20002e+17 cm^-2)
! Warning: Column included 173 unresolved lines.
column o3 hydrostatic 5.7e-06  (1.2085e+17 cm^-2)
! Warning: Column included 3752 unresolved lines.

layer stratosphere
# P 3.5 mbar
# T 243.142 K
# dP 1 mbar
Pbase 4 mbar
Tbase 241.1 K
Mair 28.964 h2o o3  (28.9641)
lineshape Gross ch4 co co2 n2o o2_uncoupled o3
lineshape VVW_coupled o2_coupled
lineshape VVH_750 h2o_lines
column dry_air hydrostatic (0.999987)  (2.12014e+22 cm^-2)
! Warning: Column included 2491 unresolved lines.
column h2o hydrostatic 5.38e-06  (1.14065e+17 cm^-2)
! Warning: Column included 173 unresolved lines.
column o3 hydrostatic 7.19e-06  (1.5244e+17 cm^-2)
! Warning: Column included 3752 unresolved lines.

layer stratosphere
# P 4.5 mbar
# T 239.2 K
# dP 1 mbar
Pbase 5 mbar
Tbase 237.5 K
Mair 28.964 h2o o3  (28.9641)
lineshape Gross ch4 co co2 n2o o2_uncoupled o3
lineshape VVW_coupled o2_coupled
lineshape VVH_750 h2o_lines
column dry_air hydrostatic (0.999987)  (2.12014e+22 cm^-2)
! Warning: Column included 2491 unresolved lines.
column h2o hydrostatic 5.2e-06  (1.10249e+17 cm^-2)
! Warning: Column included 173 unresolved lines.
column o3 hydrostatic 8.18e-06  (1.7343e+17 cm^-2)
! Warning: Column included 3752 unresolved lines.

layer stratosphere
# P 6 mbar
# T 234.303 K
# dP 2 mbar
Pbase 7 mbar
Tbase 231.6 K
Mair 28.964 h2o o3  (28.9641)
lineshape Gross ch4 co co2 n2o o2_uncoupled o3
lineshape VVW_coupled o2_coupled
lineshape VVH_750 h2o_lines
column dry_air hydrostatic (0.999986)  (4.24027e+22 cm^-2)
! Warning: Column included 2491 unresolved lines.
column h2o hydrostatic 5.03e-06  (2.13289e+17 cm^-2)
! Warning: Column included 173 unresolved lines.
column o3 hydrostatic 8.88e-06  (3.76542e+17 cm^-2)
! Warning: Column included 3752 unresolved lines.

layer stratosphere
# P 8.5 mbar
# T 229.15 K
# dP 3 mbar
Pbase 10 mbar
Tbase 227.1 K
Mair 28.964 h2o o3  (28.9641)
lineshape Gross ch4 co co2 n2o o2_uncoupled o3
lineshape VVW_coupled o2_coupled
lineshape VVH_750 h2o_lines
column dry_air hydrostatic (0.999986)  (6.36041e+22 cm^-2)
! Warning: Column included 2491 unresolved lines.
column h2o hydrostatic 4.86e-06  (3.0912e+17 cm^-2)
! Warning: Column included 173 unresolved lines.
column o3 hydrostatic 9.2e-06  (5.85166e+17 cm^-2)
! Warning: Column included 3752 unresolved lines.

layer stratosphere
# P 15 mbar
# T 222.186 K
# dP 10 mbar
Pbase 20 mbar
Tbase 218.7 K
Mair 28.964 h2o o3  (28.9641)
lineshape Gross ch4 co co2 n2o o2_uncoupled o3
lineshape VVW_coupled o2_coupled
lineshape VVH_750 h2o_lines
column dry_air hydrostatic (0.999987)  (2.12014e+23 cm^-2)
! Warning: Column included 2491 unresolved lines.
column h2o hydrostatic 4.66e-06  (9.87998e+17 cm^-2)
! Warning: Column included 173 unresolved lines.
column o3 hydrostatic 7.99e-06  (1.69401e+18 cm^-2)
! Warning: Column included 3752 unresolved lines.

layer stratosphere
# P 25 mbar
# T 215.673 K
# dP 10 mbar
Pbase 30 mbar
Tbase 213.2 K
Mair 28.964 h2o o3  (28.9641)
lineshape Gross ch4 co co2 n2o o2_uncoupled o3
lineshape VVW_coupled o2_coupled
lineshape VVH_750 h2o_lines
column dry_air hydrostatic (0.99999)  (2.12015e+23 cm^-2)
! Warning: Column included 2491 unresolved lines.
column h2o hydrostatic 4.48e-06  (9.49837e+17 cm^-2)
! Warning: Column included 173 unresolved lines.
column o3 hydrostatic 5.53e-06  (1.17245e+18 cm^-2)
! Warning: Column included 3752 unresolved lines.

layer stratosphere
# P 35 mbar
# T 210.521 K
# dP 10 mbar
Pbase 40 mbar
Tbase 208.2 K
Mair 28.964 h2o o3  (28.964)
lineshape Gross ch4 co co2 n2o o2_uncoupled o3
lineshape VVW_coupled o2_coupled
lineshape VVH_750 h2o_lines
column dry_air hydrostatic (0.999992)  (2.12016e+23 cm^-2)
! Warning: Column included 2246 unresolved lines.
column h2o hydrostatic 4.4e-06  (9.32876e+17 cm^-2)
! Warning: Column included 84 unresolved lines.
column o3 hydrostatic 3.44e-06  (7.2934e+17 cm^-2)
! Warning: Column included 1993 unresolved lines.

layer stratosphere
# P 45 mbar
# T 205.455 K
# dP 10 mbar
Pbase 50 mbar
Tbase 203 K
Mair 28.964 h2o o3  (28.964)
lineshape Gross ch4 co co2 n2o o2_uncoupled o3
lineshape VVW_coupled o2_coupled
lineshape VVH_750 h2o_lines
column dry_air hydrostatic (0.999994)  (2.12016e+23 cm^-2)
! Warning: Column included 2142 unresolved lines.
column h2o hydrostatic 4.35e-06  (9.22276e+17 cm^-2)
! Warning: Column included 47 unresolved lines.
column o3 hydrostatic 2.08e-06  (4.40997e+17 cm^-2)

layer stratosphere
# P 60 mbar
# T 197.581 K
# dP 20 mbar
Pbase 70 mbar
Tbase 193 K
Mair 28.964 h2o o3  (28.964)
lineshape Gross ch4 co co2 n2o o2_uncoupled o3
lineshape VVW_coupled o2_coupled
lineshape VVH_750 h2o_lines
column dry_air hydrostatic (0.999995)  (4.24033e+23 cm^-2)
! Warning: Column included 1573 unresolved lines.
column h2o hydrostatic 4.18e-06  (1.77247e+18 cm^-2)
! Warning: Column included 30 unresolved lines.
column o3 hydrostatic 1.04e-06  (4.40997e+17 cm^-2)

layer troposphere
# P 85 mbar
# T 192.347 K
# dP 30 mbar
Pbase 100 mbar
Tbase 191.8 K
Mair 28.964 h2o o3  (28.9629)
lineshape Gross ch4 co co2 n2o o2_uncoupled o3
lineshape VVW_coupled o2_coupled
lineshape VVH_750 h2o_lines
column dry_air hydrostatic (0.999897)  (6.36012e+23 cm^-2)
! Warning: Column included 11 unresolved lines.
column h2o hydrostatic 3.41e-06  (2.16902e+18 cm^-2)  (* 30.0500)
! Warning: Column included 14 unresolved lines.
column o3 hydrostatic 3.23e-07  (2.05453e+17 cm^-2)

layer troposphere
# P 125 mbar
# T 198.899 K
# dP 50 mbar
Pbase 150 mbar
Tbase 204.7 K
Mair 28.964 h2o o3  (28.9621)
lineshape Gross ch4 co co2 n2o o2_uncoupled o3
lineshape VVW_coupled o2_coupled
lineshape VVH_750 h2o_lines
column dry_air hydrostatic (0.999828)  (1.05997e+24 cm^-2)
column h2o hydrostatic 5.73e-06  (6.0747e+18 cm^-2)  (* 30.0500)
! Warning: Column included 7 unresolved lines.
column o3 hydrostatic 9.5e-08  (1.00715e+17 cm^-2)

layer troposphere
# P 175 mbar
# T 212.041 K
# dP 50 mbar
Pbase 200 mbar
Tbase 218.4 K
Mair 28.964 h2o o3  (28.9581)
lineshape Gross ch4 co co2 n2o o2_uncoupled o3
lineshape VVW_coupled o2_coupled
lineshape VVH_750 h2o_lines
column dry_air hydrostatic (0.999459)  (1.05973e+24 cm^-2)
column h2o hydrostatic 1.8e-05  (1.90855e+19 cm^-2)  (* 30.0500)
! Warning: Column included 4 unresolved lines.
column o3 hydrostatic 5.11e-08  (5.41815e+16 cm^-2)

layer troposphere
# P 225 mbar
# T 224.47 K
# dP 50 mbar
Pbase 250 mbar
Tbase 229.9 K
Mair 28.964 h2o o3  (28.952)
lineshape Gross ch4 co co2 n2o o2_uncoupled o3
lineshape VVW_coupled o2_coupled
lineshape VVH_750 h2o_lines
column dry_air hydrostatic (0.9989)  (1.05936e+24 cm^-2)
column h2o hydrostatic 3.66e-05  (3.88153e+19 cm^-2)  (* 30.0500)
! Warning: Column included 2 unresolved lines.
column o3 hydrostatic 4.31e-08  (4.57088e+16 cm^-2)

layer troposphere
# P 275 mbar
# T 234.918 K
# dP 50 mbar
Pbase 300 mbar
Tbase 239.5 K
Mair 28.964 h2o o3  (28.9487)
lineshape Gross ch4 co co2 n2o o2_uncoupled o3
lineshape VVW_coupled o2_coupled
lineshape VVH_750 h2o_lines
column dry_air hydrostatic (0.998603)  (1.05917e+24 cm^-2)
column h2o hydrostatic 4.65e-05  (4.93201e+19 cm^-2)  (* 30.0500)
! Warning: Column included 2 unresolved lines.
column o3 hydrostatic 4.26e-08  (4.51836e+16 cm^-2)

layer troposphere
# P 325 mbar
# T 243.758 K
# dP 50 mbar
Pbase 350 mbar
Tbase 247.7 K
Mair 28.964 h2o o3  (28.9481)
lineshape Gross ch4 co co2 n2o o2_uncoupled o3
lineshape VVW_coupled o2_coupled
lineshape VVH_750 h2o_lines
column dry_air hydrostatic (0.998549)  (1.05913e+24 cm^-2)
column h2o hydrostatic 4.83e-05  (5.12303e+19 cm^-2)  (* 30.0500)
! Warning: Column included 2 unresolved lines.
column o3 hydrostatic 4.31e-08  (4.57149e+16 cm^-2)

layer troposphere
# P 375 mbar
# T 251.317 K
# dP 50 mbar
Pbase 400 mbar
Tbase 254.7 K
Mair 28.964 h2o o3  (28.9414)
lineshape Gross ch4 co co2 n2o o2_uncoupled o3
lineshape VVW_coupled o2_coupled
lineshape VVH_750 h2o_lines
column dry_air hydrostatic (0.997939)  (1.05873e+24 cm^-2)
column h2o hydrostatic 6.86e-05  (7.27787e+19 cm^-2)  (* 30.0500)
! Warning: Column included 2 unresolved lines.
column o3 hydrostatic 4.38e-08  (4.6468e+16 cm^-2)

layer troposphere
# P 425 mbar
# T 257.891 K
# dP 50 mbar
Pbase 450 mbar
Tbase 260.9 K
Mair 28.964 h2o o3  (28.9193)
lineshape Gross ch4 co co2 n2o o2_uncoupled o3
lineshape VVW_coupled o2_coupled
lineshape VVH_750 h2o_lines
column dry_air hydrostatic (0.995913)  (1.05739e+24 cm^-2)
column h2o hydrostatic 0.000136  (1.44395e+20 cm^-2)  (* 30.0500)
column o3 hydrostatic 4.41e-08  (4.68222e+16 cm^-2)

layer troposphere
# P 475 mbar
# T 263.671 K
# dP 50 mbar
Pbase 500 mbar
Tbase 266.3 K
Mair 28.964 h2o o3  (28.8791)
lineshape Gross ch4 co co2 n2o o2_uncoupled o3
lineshape VVW_coupled o2_coupled
lineshape VVH_750 h2o_lines
column dry_air hydrostatic (0.992247)  (1.05496e+24 cm^-2)
column h2o hydrostatic 0.000258  (2.74306e+20 cm^-2)  (* 30.0500)
column o3 hydrostatic 4.36e-08  (4.63557e+16 cm^-2)

layer troposphere
# P 521 mbar
# T 268.187 K
# dP 42 mbar
Pbase 542 mbar (observing level)
Tbase 270 K
Mair 28.964 h2o o3  (28.7969)
lineshape Gross ch4 co co2 n2o o2_uncoupled o3
lineshape VVW_coupled o2_coupled
lineshape VVH_750 h2o_lines
column dry_air hydrostatic (0.984735)  (8.81969e+23 cm^-2)
column h2o hydrostatic 0.000508  (4.54986e+20 cm^-2)  (* 30.0500)
column o3 hydrostatic 4.26e-08  (3.81543e+16 cm^-2)

#
# column densities [cm^-2], including scale factors
#
#                           zenith             line-of-sight     
# mesosphere (5 layers):
#                  dry_air  1.484112e+22       1.713705e+22      
#                      h2o  9.718894e+16       1.122241e+17      
#                            (0.029075 um_pwv)  (0.0335729 um_pwv)
#                       o3  2.677784e+16       3.092039e+16      
#                            (0.996644 DU)      (1.15083 DU)      
#
# stratosphere (12 layers):
#                  dry_air  1.469267e+24       1.696564e+24      
#                      h2o  6.602387e+18       7.623780e+18      
#                            (1.97517 um_pwv)   (2.28073 um_pwv)  
#                       o3  5.984689e+18       6.910524e+18      
#                            (222.744 DU)       (257.203 DU)      
#
# troposphere (10 layers):
#                  dry_air  9.986419e+24       1.153132e+25      
#                      h2o  3.345049e+22       3.862530e+22      
#                            (10007 um_pwv)     (11555.1 um_pwv)  
#                       o3  6.747567e+17       7.791419e+17      
#                            (25.1138 DU)       (28.9989 DU)      
#
# total (27 layers):
#                  dry_air  1.147053e+25       1.324502e+25      
#                      h2o  3.345719e+22       3.863304e+22      
#                            (10009 um_pwv)     (11557.4 um_pwv)  
#                       o3  6.686224e+18       7.720586e+18      
#                            (248.855 DU)       (287.352 DU)      
#

! Warning: Encountered in-band lines narrower than the frequency
!          grid spacing.  The output configuration data includes
!          the unresolved line count after each column definition
!          for which this occurred.  Count: 134

# am version 14.0 (build date Sep 30 2024 09:36:11)

# run time 1.061 s
# dcache hit: 243  miss: 27  discard: 27

f 10 GHz  200 GHz  100 MHz
output text  f GHz  tx none  Tb K

tol 0.0001
selfbroad_vmr_tol 0.003

geometry plane-parallel
refract none
za 30 deg
PTmode Pbase Tbase

g 980.665 cm*s^-2
dg_dz 0 s^-2

Nscale troposphere h2o 30.05

T0 2.7 K

layer mesosphere
# P 0.1 mbar
# T 215.7 K
# dP 0.1 mbar
Pbase 0.1 mbar
Tbase 215.7 K
Mair 28.964 h2o o3  (28.964)
lineshape Voigt-Kielkopf ch4 co co2 h2o_lines n2o o2_coupled o2_uncoupled o3
column dry_air hydrostatic (0.999992)  (2.12016e+21 cm^-2)
! Warning: Column included 2491 unresolved lines.
column h2o hydrostatic 6.22e-06  (1.31875e+16 cm^-2)
! Warning: Column included 173 unresolved lines.
column o3 hydrostatic 1.78e-06  (3.77392e+15 cm^-2)
! Warning: Column included 3752 unresolved lines.

layer mesosphere
# P 0.25 mbar
# T 230.373 K
# dP 0.3 mbar
Pbase 0.4 mbar
Tbase 237.9 K
Mair 28.964 h2o o3  (28.964)
lineshape Voigt-Kielkopf ch4 co co2 h2o_lines n2o o2_coupled o2_uncoupled o3
column dry_air hydrostatic (0.999992)  (6.36048e+21 cm^-2)
! Warning: Column included 2491 unresolved lines.
column h2o hydrostatic 6.47e-06  (4.11527e+16 cm^-2)
! Warning: Column included 173 unresolved lines.
column o3 hydrostatic 1.66e-06  (1.05585e+16 cm^-2)
! Warning: Column included 3752 unresolved lines.

layer mesosphere
# P 0.45 mbar
# T 241.225 K
# dP 0.1 mbar
Pbase 0.5 mbar
Tbase 244.2 K
Mair 28.964 h2o o3  (28.964)
lineshape Voigt-Kielkopf ch4 co co2 h2o_lines n2o o2_coupled o2_uncoupled o3
column dry_air hydrostatic (0.999992)  (2.12016e+21 cm^-2)
! Warning: Column included 2491 unresolved lines.
column h2o hydrostatic 6.72e-06  (1.42476e+16 cm^-2)
! Warning: Column included 173 unresolved lines.
column o3 hydrostatic 1.61e-06  (3.41349e+15 cm^-2)
! Warning: Column included 3752 unresolved lines.

layer mesosphere
# P 0.6 mbar
# T 247.289 K
# dP 0.2 mbar
Pbase 0.7 mbar
Tbase 249.9 K
Mair 28.964 h2o o3  (28.964)
lineshape Voigt-Kielkopf ch4 co co2 h2o_lines n2o o2_coupled o2_uncoupled o3
column dry_air hydrostatic (0.999992)  (4.24032e+21 cm^-2)
! Warning: Column included 2491 unresolved lines.
column h2o hydrostatic 6.7e-06  (2.84104e+16 cm^-2)
! Warning: Column included 173 unresolved lines.
column o3 hydrostatic 1.78e-06  (7.54783e+15 cm^-2)
! Warning: Column included 3752 unresolved lines.

layer mesosphere
# P 0.8 mbar
# T 253.885 K
# dP 0.2 mbar
Pbase 0.9 mbar
Tbase 257.4 K
Mair 28.964 h2o o3  (28.964)
lineshape Voigt-Kielkopf ch4 co co2 h2o_lines n2o o2_coupled o2_uncoupled o3
column dry_air hydrostatic (0.999991)  (4.24032e+21 cm^-2)
! Warning: Column included 2491 unresolved lines.
column h2o hydrostatic 6.63e-06  (2.81136e+16 cm^-2)
! Warning: Column included 173 unresolved lines.
column o3 hydrostatic 2.07e-06  (8.77753e+15 cm^-2)
! Warning: Column included 3752 unresolved lines.

layer stratosphere
# P 1.1 mbar
# T 259.092 K
# dP 0.4 mbar
Pbase 1.3 mbar
Tbase 260.5 K
Mair 28.964 h2o o3  (28.964)
lineshape Voigt-Kielkopf ch4 co co2 h2o_lines n2o o2_coupled o2_uncoupled o3
column dry_air hydrostatic (0.999991)  (8.48063e+21 cm^-2)
! Warning: Column included 2491 unresolved lines.
column h2o hydrostatic 6.46e-06  (5.47854e+16 cm^-2)
! Warning: Column included 173 unresolved lines.
column o3 hydrostatic 2.58e-06  (2.18802e+16 cm^-2)
! Warning: Column included 3752 unresolved lines.

layer stratosphere
# P 1.95 mbar
# T 256.054 K
# dP 1.3 mbar
Pbase 2.6 mbar
Tbase 252.9 K
Mair 28.964 h2o o3  (28.964)
lineshape Gross ch4 co co2 n2o o2_uncoupled o3
lineshape VVW_coupled o2_coupled
lineshape VVH_750 h2o_lines
column dry_air hydrostatic (0.99999)  (2.7562e+22 cm^-2)
! Warning: Column included 2491 unresolved lines.
column h2o hydrostatic 6.09e-06  (1.67854e+17 cm^-2)
! Warning: Column included 173 unresolved lines.
column o3 hydrostatic 3.87e-06  (1.06666e+17 cm^-2)
! Warning: Column included 3752 unresolved lines.

layer stratosphere
# P 3.25 mbar
# T 248.827 K
# dP 1.3 mbar
Pbase 3.9 mbar
Tbase 245.5 K
Mair 28.964 h2o o3  (28.964)
lineshape Gross ch4 co co2 n2o o2_uncoupled o3
lineshape VVW_coupled o2_coupled
lineshape VVH_750 h2o_lines
column dry_air hydrostatic (0.999989)  (2.75619e+22 cm^-2)
! Warning: Column included 2491 unresolved lines.
column h2o hydrostatic 5.66e-06  (1.56002e+17 cm^-2)
! Warning: Column included 173 unresolved lines.
column o3 hydrostatic 5.7e-06  (1.57105e+17 cm^-2)
! Warning: Column included 3752 unresolved lines.

layer stratosphere
# P 4.55 mbar
# T 243.142 K
# dP 1.3 mbar
Pbase 5.2 mbar
Tbase 241.1 K
Mair 28.964 h2o o3  (28.9641)
lineshape Gross ch4 co co2 n2o o2_uncoupled o3
lineshape VVW_coupled o2_coupled
lineshape VVH_750 h2o_lines
column dry_air hydrostatic (0.999987)  (2.75619e+22 cm^-2)
! Warning: Column included 2491 unresolved lines.
column h2o hydrostatic 5.38e-06  (1.48285e+17 cm^-2)
! Warning: Column included 173 unresolved lines.
column o3 hydrostatic 7.19e-06  (1.98172e+17 cm^-2)
! Warning: Column included 3752 unresolved lines.

layer stratosphere
# P 5.85 mbar
# T 239.2 K
# dP 1.3 mbar
Pbase 6.5 mbar
Tbase 237.5 K
Mair 28.964 h2o o3  (28.9641)
lineshape Gross ch4 co co2 n2o o2_uncoupled o3
lineshape VVW_coupled o2_coupled
lineshape VVH_750 h2o_lines
column dry_air hydrostatic (0.999987)  (2.75618e+22 cm^-2)
! Warning: Column included 2491 unresolved lines.
column h2o hydrostatic 5.2e-06  (1.43323e+17 cm^-2)
! Warning: Column included 173 unresolved lines.
column o3 hydrostatic 8.18e-06  (2.25459e+17 cm^-2)
! Warning: Column included 3752 unresolved lines.

layer stratosphere
# P 7.8 mbar
# T 234.303 K
# dP 2.6 mbar
Pbase 9.1 mbar
Tbase 231.6 K
Mair 28.964 h2o o3  (28.9641)
lineshape Gross ch4 co co2 n2o o2_uncoupled o3
lineshape VVW_coupled o2_coupled
lineshape VVH_750 h2o_lines
column dry_air hydrostatic (0.999986)  (5.51236e+22 cm^-2)
! Warning: Column included 2491 unresolved lines.
column h2o hydrostatic 5.03e-06  (2.77275e+17 cm^-2)
! Warning: Column included 173 unresolved lines.
column o3 hydrostatic 8.88e-06  (4.89504e+17 cm^-2)
! Warning: Column included 3752 unresolved lines.

layer stratosphere
# P 11.05 mbar
# T 229.15 K
# dP 3.9 mbar
Pbase 13 mbar
Tbase 227.1 K
Mair 28.964 h2o o3  (28.9641)
lineshape Gross ch4 co co2 n2o o2_uncoupled o3
lineshape VVW_coupled o2_coupled
lineshape VVH_750 h2o_lines
column dry_air hydrostatic (0.999986)  (8.26853e+22 cm^-2)
! Warning: Column included 2491 unresolved lines.
column h2o hydrostatic 4.86e-06  (4.01856e+17 cm^-2)
! Warning: Column included 173 unresolved lines.
column o3 hydrostatic 9.2e-06  (7.60716e+17 cm^-2)
! Warning: Column included 3752 unresolved lines.

layer stratosphere
# P 19.5 mbar
# T 222.186 K
# dP 13 mbar
Pbase 26 mbar
Tbase 218.7 K
Mair 28.964 h2o o3  (28.9641)
lineshape Gross ch4 co co2 n2o o2_uncoupled o3
lineshape VVW_coupled o2_coupled
lineshape VVH_750 h2o_lines
column dry_air hydrostatic (0.999987)  (2.75618e+23 cm^-2)
! Warning: Column included 2491 unresolved lines.
column h2o hydrostatic 4.66e-06  (1.2844e+18 cm^-2)
! Warning: Column included 173 unresolved lines.
column o3 hydrostatic 7.99e-06  (2.20222e+18 cm^-2)
! Warning: Column included 3752 unresolved lines.

layer stratosphere
# P 32.5 mbar
# T 215.673 K
# dP 13 mbar
Pbase 39 mbar
Tbase 213.2 K
Mair 28.964 h2o o3  (28.9641)
lineshape Gross ch4 co co2 n2o o2_uncoupled o3
lineshape VVW_coupled o2_coupled
lineshape VVH_750 h2o_lines
column dry_air hydrostatic (0.99999)  (2.75619e+23 cm^-2)
! Warning: Column included 2323 unresolved lines.
column h2o hydrostatic 4.48e-06  (1.23479e+18 cm^-2)
! Warning: Column included 117 unresolved lines.
column o3 hydrostatic 5.53e-06  (1.52419e+18 cm^-2)
! Warning: Column included 2997 unresolved lines.

layer stratosphere
# P 45.5 mbar
# T 210.521 K
# dP 13 mbar
Pbase 52 mbar
Tbase 208.2 K
Mair 28.964 h2o o3  (28.964)
lineshape Gross ch4 co co2 n2o o2_uncoupled o3
lineshape VVW_coupled o2_coupled
lineshape VVH_750 h2o_lines
column dry_air hydrostatic (0.999992)  (2.7562e+23 cm^-2)
! Warning: Column included 2142 unresolved lines.
column h2o hydrostatic 4.4e-06  (1.21274e+18 cm^-2)
! Warning: Column included 47 unresolved lines.
column o3 hydrostatic 3.44e-06  (9.48142e+17 cm^-2)

layer stratosphere
# P 58.5 mbar
# T 205.455 K
# dP 13 mbar
Pbase 65 mbar
Tbase 203 K
Mair 28.964 h2o o3  (28.964)
lineshape Gross ch4 co co2 n2o o2_uncoupled o3
lineshape VVW_coupled o2_coupled
lineshape VVH_750 h2o_lines
column dry_air hydrostatic (0.999994)  (2.75621e+23 cm^-2)
! Warning: Column included 1772 unresolved lines.
column h2o hydrostatic 4.35e-06  (1.19896e+18 cm^-2)
! Warning: Column included 32 unresolved lines.
column o3 hydrostatic 2.08e-06  (5.73295e+17 cm^-2)

layer stratosphere
# P 78 mbar
# T 197.581 K
# dP 26 mbar
Pbase 91 mbar
Tbase 193 K
Mair 28.964 h2o o3  (28.964)
lineshape Gross ch4 co co2 n2o o2_uncoupled o3
lineshape VVW_coupled o2_coupled
lineshape VVH_750 h2o_lines
column dry_air hydrostatic (0.999995)  (5.51243e+23 cm^-2)
! Warning: Column included 11 unresolved lines.
column h2o hydrostatic 4.18e-06  (2.30421e+18 cm^-2)
! Warning: Column included 19 unresolved lines.
column o3 hydrostatic 1.04e-06  (5.73296e+17 cm^-2)

layer troposphere
# P 110.5 mbar
# T 192.347 K
# dP 39 mbar
Pbase 130 mbar
Tbase 191.8 K
Mair 28.964 h2o o3  (28.9629)
lineshape Gross ch4 co co2 n2o o2_uncoupled o3
lineshape VVW_coupled o2_coupled
lineshape VVH_750 h2o_lines
column dry_air hydrostatic (0.999897)  (8.26815e+23 cm^-2)
column h2o hydrostatic 3.41e-06  (2.81973e+18 cm^-2)  (* 30.0500)
! Warning: Column included 9 unresolved lines.
column o3 hydrostatic 3.23e-07  (2.67089e+17 cm^-2)

layer troposphere
# P 162.5 mbar
# T 198.899 K
# dP 65 mbar
Pbase 195 mbar
Tbase 204.7 K
Mair 28.964 h2o o3  (28.9621)
lineshape Gross ch4 co co2 n2o o2_uncoupled o3
lineshape VVW_coupled o2_coupled
lineshape VVH_750 h2o_lines
column dry_air hydrostatic (0.999828)  (1.37797e+24 cm^-2)
column h2o hydrostatic 5.73e-06  (7.89711e+18 cm^-2)  (* 30.0500)
! Warning: Column included 4 unresolved lines.
column o3 hydrostatic 9.5e-08  (1.30929e+17 cm^-2)

layer troposphere
# P 227.5 mbar
# T 212.041 K
# dP 65 mbar
Pbase 260 mbar
Tbase 218.4 K
Mair 28.964 h2o o3  (28.9581)
lineshape Gross ch4 co co2 n2o o2_uncoupled o3
lineshape VVW_coupled o2_coupled
lineshape VVH_750 h2o_lines
column dry_air hydrostatic (0.999459)  (1.37765e+24 cm^-2)
column h2o hydrostatic 1.8e-05  (2.48111e+19 cm^-2)  (* 30.0500)
! Warning: Column included 2 unresolved lines.
column o3 hydrostatic 5.11e-08  (7.0436e+16 cm^-2)

layer troposphere
# P 292.5 mbar
# T 224.47 K
# dP 65 mbar
Pbase 325 mbar
Tbase 229.9 K
Mair 28.964 h2o o3  (28.952)
lineshape Gross ch4 co co2 n2o o2_uncoupled o3
lineshape VVW_coupled o2_coupled
lineshape VVH_750 h2o_lines
column dry_air hydrostatic (0.9989)  (1.37717e+24 cm^-2)
column h2o hydrostatic 3.66e-05  (5.04599e+19 cm^-2)  (* 30.0500)
! Warning: Column included 2 unresolved lines.
column o3 hydrostatic 4.31e-08  (5.94214e+16 cm^-2)

layer troposphere
# P 357.5 mbar
# T 234.918 K
# dP 65 mbar
Pbase 390 mbar
Tbase 239.5 K
Mair 28.964 h2o o3  (28.9487)
lineshape Gross ch4 co co2 n2o o2_uncoupled o3
lineshape VVW_coupled o2_coupled
lineshape VVH_750 h2o_lines
column dry_air hydrostatic (0.998603)  (1.37692e+24 cm^-2)
column h2o hydrostatic 4.65e-05  (6.41162e+19 cm^-2)  (* 30.0500)
! Warning: Column included 2 unresolved lines.
column o3 hydrostatic 4.26e-08  (5.87387e+16 cm^-2)

layer troposphere
# P 422.5 mbar
# T 243.758 K
# dP 65 mbar
Pbase 455 mbar
Tbase 247.7 K
Mair 28.964 h2o o3  (28.9481)
lineshape Gross ch4 co co2 n2o o2_uncoupled o3
lineshape VVW_coupled o2_coupled
lineshape VVH_750 h2o_lines
column dry_air hydrostatic (0.998549)  (1.37687e+24 cm^-2)
column h2o hydrostatic 4.83e-05  (6.65994e+19 cm^-2)  (* 30.0500)
column o3 hydrostatic 4.31e-08  (5.94293e+16 cm^-2)

layer troposphere
# P 487.5 mbar
# T 251.317 K
# dP 65 mbar
Pbase 520 mbar
Tbase 254.7 K
Mair 28.964 h2o o3  (28.9414)
lineshape Gross ch4 co co2 n2o o2_uncoupled o3
lineshape VVW_coupled o2_coupled
lineshape VVH_750 h2o_lines
column dry_air hydrostatic (0.997939)  (1.37635e+24 cm^-2)
column h2o hydrostatic 6.86e-05  (9.46123e+19 cm^-2)  (* 30.0500)
column o3 hydrostatic 4.38e-08  (6.04085e+16 cm^-2)

layer troposphere
# P 552.5 mbar
# T 257.891 K
# dP 65 mbar
Pbase 585 mbar
Tbase 260.9 K
Mair 28.964 h2o o3  (28.9193)
lineshape Gross ch4 co co2 n2o o2_uncoupled o3
lineshape VVW_coupled o2_coupled
lineshape VVH_750 h2o_lines
column dry_air hydrostatic (0.995913)  (1.37461e+24 cm^-2)
column h2o hydrostatic 0.000136  (1.87713e+20 cm^-2)  (* 30.0500)
column o3 hydrostatic 4.41e-08  (6.08688e+16 cm^-2)

layer troposphere
# P 617.5 mbar
# T 263.671 K
# dP 65 mbar
Pbase 650 mbar
Tbase 266.3 K
Mair 28.964 h2o o3  (28.8791)
lineshape Gross ch4 co co2 n2o o2_uncoupled o3
lineshape VVW_coupled o2_coupled
lineshape VVH_750 h2o_lines
column dry_air hydrostatic (0.992247)  (1.37145e+24 cm^-2)
column h2o hydrostatic 0.000258  (3.56598e+20 cm^-2)  (* 30.0500)
column o3 hydrostatic 4.36e-08  (6.02624e+16 cm^-2)

layer troposphere
# P 677.3 mbar
# T 268.187 K
# dP 54.6 mbar
Pbase 704.6 mbar (observing level)
Tbase 270 K
Mair 28.964 h2o o3  (28.7969)
lineshape Gross ch4 co co2 n2o o2_uncoupled o3
lineshape VVW_coupled o2_coupled
lineshape VVH_750 h2o_lines
column dry_air hydrostatic (0.984735)  (1.14656e+24 cm^-2)
column h2o hydrostatic 0.000508  (5.91482e+20 cm^-2)  (* 30.0500)
column o3 hydrostatic 4.26e-08  (4.96006e+16 cm^-2)

#
# column densities [cm^-2], including scale factors
#
#                           zenith             line-of-sight     
# mesosphere (5 layers):
#                  dry_air  1.908144e+22       2.203335e+22      
#                      h2o  1.251117e+17       1.444665e+17      
#                            (0.0374283 um_pwv) (0.0432185 um_pwv)
#                       o3  3.407126e+16       3.934210e+16      
#                            (1.2681 DU)        (1.46427 DU)      
#
# stratosphere (12 layers):
#                  dry_air  1.910259e+24       2.205778e+24      
#                      h2o  8.584473e+18       9.912496e+18      
#                            (2.56813 um_pwv)   (2.96542 um_pwv)  
#                       o3  7.780643e+18       8.984313e+18      
#                            (289.588 DU)       (334.387 DU)      
#
# troposphere (10 layers):
#                  dry_air  1.298234e+25       1.499072e+25      
#                      h2o  4.348564e+22       5.021289e+22      
#                            (13009.1 um_pwv)   (15021.7 um_pwv)  
#                       o3  8.771837e+17       1.012885e+18      
#                            (32.6479 DU)       (37.6985 DU)      
#
# total (27 layers):
#                  dry_air  1.491169e+25       1.721853e+25      
#                      h2o  4.349435e+22       5.022295e+22      
#                            (13011.7 um_pwv)   (15024.7 um_pwv)  
#                       o3  8.691898e+18       1.003654e+19      
#                            (323.504 DU)       (373.55 DU)       
#

! Warning: Encountered in-band lines narrower than the frequency
!          grid spacing.  The output configuration data includes
!          the unresolved line count after each column definition
!          for which this occurred.  Count: 127

# am version 14.0 (build date Sep 30 2024 09:36:11)

# run time 6.168 s
# dcache hit: 46  miss: 224  discard: 224

f 10 GHz  200 GHz  100 MHz
output text  f GHz  tx none  Tb K

tol 0.0001
selfbroad_vmr_tol 0.003

geometry plane-parallel
refract none
za 30 deg
PTmode Pbase Tbase

g 980.665 cm*s^-2
dg_dz 0 s^-2

Nscale troposphere h2o 30.05

T0 2.7 K

layer mesosphere
# P 0.2 mbar
# T 215.7 K
# dP 0.2 mbar
Pbase 0.2 mbar
Tbase 215.7 K
Mair 28.964 h2o o3  (28.964)
lineshape Voigt-Kielkopf ch4 co co2 h2o_lines n2o o2_coupled o2_uncoupled o3
column dry_air hydrostatic (0.999992)  (4.24032e+21 cm^-2)
! Warning: Column included 2491 unresolved lines.
column h2o hydrostatic 6.22e-06  (2.6375e+16 cm^-2)
! Warning: Column included 173 unresolved lines.
column o3 hydrostatic 1.78e-06  (7.54783e+15 cm^-2)
! Warning: Column included 3752 unresolved lines.

layer mesosphere
# P 0.35 mbar
# T 229.258 K
# dP 0.3 mbar
Pbase 0.5 mbar
Tbase 237.9 K
Mair 28.964 h2o o3  (28.964)
lineshape Voigt-Kielkopf ch4 co co2 h2o_lines n2o o2_coupled o2_uncoupled o3
column dry_air hydrostatic (0.999992)  (6.36048e+21 cm^-2)
! Warning: Column included 2491 unresolved lines.
column h2o hydrostatic 6.47e-06  (4.11527e+16 cm^-2)
! Warning: Column included 173 unresolved lines.
column o3 hydrostatic 1.66e-06  (1.05585e+16 cm^-2)
! Warning: Column included 3752 unresolved lines.

layer mesosphere
# P 0.55 mbar
# T 241.193 K
# dP 0.1 mbar
Pbase 0.6 mbar
Tbase 244.2 K
Mair 28.964 h2o o3  (28.964)
lineshape Voigt-Kielkopf ch4 co co2 h2o_lines n2o o2_coupled o2_uncoupled o3
column dry_air hydrostatic (0.999992)  (2.12016e+21 cm^-2)
! Warning: Column included 2491 unresolved lines.
column h2o hydrostatic 6.72e-06  (1.42476e+16 cm^-2)
! Warning: Column included 173 unresolved lines.
column o3 hydrostatic 1.61e-06  (3.41349e+15 cm^-2)
! Warning: Column included 3752 unresolved lines.

layer mesosphere
# P 0.7 mbar
# T 247.254 K
# dP 0.2 mbar
Pbase 0.8 mbar
Tbase 249.9 K
Mair 28.964 h2o o3  (28.964)
lineshape Voigt-Kielkopf ch4 co co2 h2o_lines n2o o2_coupled o2_uncoupled o3
column dry_air hydrostatic (0.999992)  (4.24032e+21 cm^-2)
! Warning: Column included 2491 unresolved lines.
column h2o hydrostatic 6.7e-06  (2.84104e+16 cm^-2)
! Warning: Column included 173 unresolved lines.
column o3 hydrostatic 1.78e-06  (7.54783e+15 cm^-2)
! Warning: Column included 3752 unresolved lines.

layer mesosphere
# P 0.95 mbar
# T 253.947 K
# dP 0.3 mbar
Pbase 1.1 mbar
Tbase 257.4 K
Mair 28.964 h2o o3  (28.964)
lineshape Voigt-Kielkopf ch4 co co2 h2o_lines n2o o2_coupled o2_uncoupled o3
column dry_air hydrostatic (0.999991)  (6.36048e+21 cm^-2)
! Warning: Column included 2491 unresolved lines.
column h2o hydrostatic 6.63e-06  (4.21703e+16 cm^-2)
! Warning: Column included 173 unresolved lines.
column o3 hydrostatic 2.07e-06  (1.31663e+16 cm^-2)
! Warning: Column included 3752 unresolved lines.

layer stratosphere
# P 1.35 mbar
# T 259.094 K
# dP 0.5 mbar
Pbase 1.6 mbar
Tbase 260.5 K
Mair 28.964 h2o o3  (28.964)
lineshape Voigt-Kielkopf ch4 co co2 h2o_lines n2o o2_coupled o2_uncoupled o3
column dry_air hydrostatic (0.999991)  (1.06008e+22 cm^-2)
! Warning: Column included 2491 unresolved lines.
column h2o hydrostatic 6.46e-06  (6.84817e+16 cm^-2)
! Warning: Column included 173 unresolved lines.
column o3 hydrostatic 2.58e-06  (2.73503e+16 cm^-2)
! Warning: Column included 3752 unresolved lines.

layer stratosphere
# P 2.4 mbar
# T 256.054 K
# dP 1.6 mbar
Pbase 3.2 mbar
Tbase 252.9 K
Mair 28.964 h2o o3  (28.964)
lineshape Gross ch4 co co2 n2o o2_uncoupled o3
lineshape VVW_coupled o2_coupled
lineshape VVH_750 h2o_lines
column dry_air hydrostatic (0.99999)  (3.39225e+22 cm^-2)
! Warning: Column included 2491 unresolved lines.
column h2o hydrostatic 6.09e-06  (2.0659e+17 cm^-2)
! Warning: Column included 173 unresolved lines.
column o3 hydrostatic 3.87e-06  (1.31281e+17 cm^-2)
! Warning: Column included 3752 unresolved lines.

layer stratosphere
# P 4 mbar
# T 248.827 K
# dP 1.6 mbar
Pbase 4.8 mbar
Tbase 245.5 K
Mair 28.964 h2o o3  (28.964)
lineshape Gross ch4 co co2 n2o o2_uncoupled o3
lineshape VVW_coupled o2_coupled
lineshape VVH_750 h2o_lines
column dry_air hydrostatic (0.999989)  (3.39224e+22 cm^-2)
! Warning: Column included 2491 unresolved lines.
column h2o hydrostatic 5.66e-06  (1.92003e+17 cm^-2)
! Warning: Column included 173 unresolved lines.
column o3 hydrostatic 5.7e-06  (1.9336e+17 cm^-2)
! Warning: Column included 3752 unresolved lines.

layer stratosphere
# P 5.6 mbar
# T 243.142 K
# dP 1.6 mbar
Pbase 6.4 mbar
Tbase 241.1 K
Mair 28.964 h2o o3  (28.9641)
lineshape Gross ch4 co co2 n2o o2_uncoupled o3
lineshape VVW_coupled o2_coupled
lineshape VVH_750 h2o_lines
column dry_air hydrostatic (0.999987)  (3.39223e+22 cm^-2)
! Warning: Column included 2491 unresolved lines.
column h2o hydrostatic 5.38e-06  (1.82504e+17 cm^-2)
! Warning: Column included 173 unresolved lines.
column o3 hydrostatic 7.19e-06  (2.43904e+17 cm^-2)
! Warning: Column included 3752 unresolved lines.

layer stratosphere
# P 7.2 mbar
# T 239.2 K
# dP 1.6 mbar
Pbase 8 mbar
Tbase 237.5 K
Mair 28.964 h2o o3  (28.9641)
lineshape Gross ch4 co co2 n2o o2_uncoupled o3
lineshape VVW_coupled o2_coupled
lineshape VVH_750 h2o_lines
column dry_air hydrostatic (0.999987)  (3.39222e+22 cm^-2)
! Warning: Column included 2491 unresolved lines.
column h2o hydrostatic 5.2e-06  (1.76398e+17 cm^-2)
! Warning: Column included 173 unresolved lines.
column o3 hydrostatic 8.18e-06  (2.77488e+17 cm^-2)
! Warning: Column included 3752 unresolved lines.

layer stratosphere
# P 9.6 mbar
# T 234.303 K
# dP 3.2 mbar
Pbase 11.2 mbar
Tbase 231.6 K
Mair 28.964 h2o o3  (28.9641)
lineshape Gross ch4 co co2 n2o o2_uncoupled o3
lineshape VVW_coupled o2_coupled
lineshape VVH_750 h2o_lines
column dry_air hydrostatic (0.999986)  (6.78444e+22 cm^-2)
! Warning: Column included 2491 unresolved lines.
column h2o hydrostatic 5.03e-06  (3.41262e+17 cm^-2)
! Warning: Column included 173 unresolved lines.
column o3 hydrostatic 8.88e-06  (6.02467e+17 cm^-2)
! Warning: Column included 3752 unresolved lines.

layer stratosphere
# P 13.6 mbar
# T 229.15 K
# dP 4.8 mbar
Pbase 16 mbar
Tbase 227.1 K
Mair 28.964 h2o o3  (28.9641)
lineshape Gross ch4 co co2 n2o o2_uncoupled o3
lineshape VVW_coupled o2_coupled
lineshape VVH_750 h2o_lines
column dry_air hydrostatic (0.999986)  (1.01767e+23 cm^-2)
! Warning: Column included 2491 unresolved lines.
column h2o hydrostatic 4.86e-06  (4.94592e+17 cm^-2)
! Warning: Column included 173 unresolved lines.
column o3 hydrostatic 9.2e-06  (9.36265e+17 cm^-2)
! Warning: Column included 3752 unresolved lines.

layer stratosphere
# P 24 mbar
# T 222.186 K
# dP 16 mbar
Pbase 32 mbar
Tbase 218.7 K
Mair 28.964 h2o o3  (28.9641)
lineshape Gross ch4 co co2 n2o o2_uncoupled o3
lineshape VVW_coupled o2_coupled
lineshape VVH_750 h2o_lines
column dry_air hydrostatic (0.999987)  (3.39223e+23 cm^-2)
! Warning: Column included 2491 unresolved lines.
column h2o hydrostatic 4.66e-06  (1.5808e+18 cm^-2)
! Warning: Column included 173 unresolved lines.
column o3 hydrostatic 7.99e-06  (2.71042e+18 cm^-2)
! Warning: Column included 3752 unresolved lines.

layer stratosphere
# P 40 mbar
# T 215.673 K
# dP 16 mbar
Pbase 48 mbar
Tbase 213.2 K
Mair 28.964 h2o o3  (28.9641)
lineshape Gross ch4 co co2 n2o o2_uncoupled o3
lineshape VVW_coupled o2_coupled
lineshape VVH_750 h2o_lines
column dry_air hydrostatic (0.99999)  (3.39224e+23 cm^-2)
! Warning: Column included 2207 unresolved lines.
column h2o hydrostatic 4.48e-06  (1.51974e+18 cm^-2)
! Warning: Column included 66 unresolved lines.
column o3 hydrostatic 5.53e-06  (1.87593e+18 cm^-2)
! Warning: Column included 1 unresolved line.

layer stratosphere
# P 56 mbar
# T 210.521 K
# dP 16 mbar
Pbase 64 mbar
Tbase 208.2 K
Mair 28.964 h2o o3  (28.964)
lineshape Gross ch4 co co2 n2o o2_uncoupled o3
lineshape VVW_coupled o2_coupled
lineshape VVH_750 h2o_lines
column dry_air hydrostatic (0.999992)  (3.39225e+23 cm^-2)
! Warning: Column included 1957 unresolved lines.
column h2o hydrostatic 4.4e-06  (1.4926e+18 cm^-2)
! Warning: Column included 36 unresolved lines.
column o3 hydrostatic 3.44e-06  (1.16694e+18 cm^-2)

layer stratosphere
# P 72 mbar
# T 205.455 K
# dP 16 mbar
Pbase 80 mbar
Tbase 203 K
Mair 28.964 h2o o3  (28.964)
lineshape Gross ch4 co co2 n2o o2_uncoupled o3
lineshape VVW_coupled o2_coupled
lineshape VVH_750 h2o_lines
column dry_air hydrostatic (0.999994)  (3.39226e+23 cm^-2)
! Warning: Column included 1198 unresolved lines.
column h2o hydrostatic 4.35e-06  (1.47564e+18 cm^-2)
! Warning: Column included 22 unresolved lines.
column o3 hydrostatic 2.08e-06  (7.05594e+17 cm^-2)

layer stratosphere
# P 96 mbar
# T 197.581 K
# dP 32 mbar
Pbase 112 mbar
Tbase 193 K
Mair 28.964 h2o o3  (28.964)
lineshape Gross ch4 co co2 n2o o2_uncoupled o3
lineshape VVW_coupled o2_coupled
lineshape VVH_750 h2o_lines
column dry_air hydrostatic (0.999995)  (6.78453e+23 cm^-2)
column h2o hydrostatic 4.18e-06  (2.83595e+18 cm^-2)
! Warning: Column included 11 unresolved lines.
column o3 hydrostatic 1.04e-06  (7.05595e+17 cm^-2)

layer troposphere
# P 136 mbar
# T 192.347 K
# dP 48 mbar
Pbase 160 mbar
Tbase 191.8 K
Mair 28.964 h2o o3  (28.9629)
lineshape Gross ch4 co co2 n2o o2_uncoupled o3
lineshape VVW_coupled o2_coupled
lineshape VVH_750 h2o_lines
column dry_air hydrostatic (0.999897)  (1.01762e+24 cm^-2)
column h2o hydrostatic 3.41e-06  (3.47044e+18 cm^-2)  (* 30.0500)
! Warning: Column included 6 unresolved lines.
column o3 hydrostatic 3.23e-07  (3.28725e+17 cm^-2)

layer troposphere
# P 200 mbar
# T 198.899 K
# dP 80 mbar
Pbase 240 mbar
Tbase 204.7 K
Mair 28.964 h2o o3  (28.9621)
lineshape Gross ch4 co co2 n2o o2_uncoupled o3
lineshape VVW_coupled o2_coupled
lineshape VVH_750 h2o_lines
column dry_air hydrostatic (0.999828)  (1.69596e+24 cm^-2)
column h2o hydrostatic 5.73e-06  (9.71951e+18 cm^-2)  (* 30.0500)
! Warning: Column included 2 unresolved lines.
column o3 hydrostatic 9.5e-08  (1.61144e+17 cm^-2)

layer troposphere
# P 280 mbar
# T 212.041 K
# dP 80 mbar
Pbase 320 mbar
Tbase 218.4 K
Mair 28.964 h2o o3  (28.9581)
lineshape Gross ch4 co co2 n2o o2_uncoupled o3
lineshape VVW_coupled o2_coupled
lineshape VVH_750 h2o_lines
column dry_air hydrostatic (0.999459)  (1.69557e+24 cm^-2)
column h2o hydrostatic 1.8e-05  (3.05368e+19 cm^-2)  (* 30.0500)
! Warning: Column included 2 unresolved lines.
column o3 hydrostatic 5.11e-08  (8.66905e+16 cm^-2)

layer troposphere
# P 360 mbar
# T 224.47 K
# dP 80 mbar
Pbase 400 mbar
Tbase 229.9 K
Mair 28.964 h2o o3  (28.952)
lineshape Gross ch4 co co2 n2o o2_uncoupled o3
lineshape VVW_coupled o2_coupled
lineshape VVH_750 h2o_lines
column dry_air hydrostatic (0.9989)  (1.69498e+24 cm^-2)
column h2o hydrostatic 3.66e-05  (6.21045e+19 cm^-2)  (* 30.0500)
! Warning: Column included 2 unresolved lines.
column o3 hydrostatic 4.31e-08  (7.3134e+16 cm^-2)

layer troposphere
# P 440 mbar
# T 234.918 K
# dP 80 mbar
Pbase 480 mbar
Tbase 239.5 K
Mair 28.964 h2o o3  (28.9487)
lineshape Gross ch4 co co2 n2o o2_uncoupled o3
lineshape VVW_coupled o2_coupled
lineshape VVH_750 h2o_lines
column dry_air hydrostatic (0.998603)  (1.69466e+24 cm^-2)
column h2o hydrostatic 4.65e-05  (7.89122e+19 cm^-2)  (* 30.0500)
column o3 hydrostatic 4.26e-08  (7.22937e+16 cm^-2)

layer troposphere
# P 520 mbar
# T 243.758 K
# dP 80 mbar
Pbase 560 mbar
Tbase 247.7 K
Mair 28.964 h2o o3  (28.9481)
lineshape Gross ch4 co co2 n2o o2_uncoupled o3
lineshape VVW_coupled o2_coupled
lineshape VVH_750 h2o_lines
column dry_air hydrostatic (0.998549)  (1.69461e+24 cm^-2)
column h2o hydrostatic 4.83e-05  (8.19685e+19 cm^-2)  (* 30.0500)
column o3 hydrostatic 4.31e-08  (7.31438e+16 cm^-2)

layer troposphere
# P 600 mbar
# T 251.317 K
# dP 80 mbar
Pbase 640 mbar
Tbase 254.7 K
Mair 28.964 h2o o3  (28.9414)
lineshape Gross ch4 co co2 n2o o2_uncoupled o3
lineshape VVW_coupled o2_coupled
lineshape VVH_750 h2o_lines
column dry_air hydrostatic (0.997939)  (1.69396e+24 cm^-2)
column h2o hydrostatic 6.86e-05  (1.16446e+20 cm^-2)  (* 30.0500)
column o3 hydrostatic 4.38e-08  (7.43489e+16 cm^-2)

layer troposphere
# P 680 mbar
# T 257.891 K
# dP 80 mbar
Pbase 720 mbar
Tbase 260.9 K
Mair 28.964 h2o o3  (28.9193)
lineshape Gross ch4 co co2 n2o o2_uncoupled o3
lineshape VVW_coupled o2_coupled
lineshape VVH_750 h2o_lines
column dry_air hydrostatic (0.995913)  (1.69182e+24 cm^-2)
column h2o hydrostatic 0.000136  (2.31032e+20 cm^-2)  (* 30.0500)
column o3 hydrostatic 4.41e-08  (7.49155e+16 cm^-2)

layer troposphere
# P 760 mbar
# T 263.671 K
# dP 80 mbar
Pbase 800 mbar
Tbase 266.3 K
Mair 28.964 h2o o3  (28.8791)
lineshape Gross ch4 co co2 n2o o2_uncoupled o3
lineshape VVW_coupled o2_coupled
lineshape VVH_750 h2o_lines
column dry_air hydrostatic (0.992247)  (1.68794e+24 cm^-2)
column h2o hydrostatic 0.000258  (4.3889e+20 cm^-2)  (* 30.0500)
column o3 hydrostatic 4.36e-08  (7.41691e+16 cm^-2)

layer troposphere
# P 833.6 mbar
# T 268.187 K
# dP 67.2 mbar
Pbase 867.2 mbar (observing level)
Tbase 270 K
Mair 28.964 h2o o3  (28.7969)
lineshape Gross ch4 co co2 n2o o2_uncoupled o3
lineshape VVW_coupled o2_coupled
lineshape VVH_750 h2o_lines
column dry_air hydrostatic (0.984735)  (1.41115e+24 cm^-2)
column h2o hydrostatic 0.000508  (7.27978e+20 cm^-2)  (* 30.0500)
column o3 hydrostatic 4.26e-08  (6.10469e+16 cm^-2)

#
# column densities [cm^-2], including scale factors
#
#                           zenith             line-of-sight     
# mesosphere (5 layers):
#                  dry_air  2.332176e+22       2.692965e+22      
#                      h2o  1.523560e+17       1.759255e+17      
#                            (0.0455787 um_pwv) (0.0526298 um_pwv)
#                       o3  4.223394e+16       4.876755e+16      
#                            (1.5719 DU)        (1.81508 DU)      
#
# stratosphere (12 layers):
#                  dry_air  2.351252e+24       2.714991e+24      
#                      h2o  1.056656e+19       1.220121e+19      
#                            (3.16109 um_pwv)   (3.65011 um_pwv)  
#                       o3  9.576597e+18       1.105810e+19      
#                            (356.431 DU)       (411.571 DU)      
#
# troposphere (10 layers):
#                  dry_air  1.597827e+25       1.845012e+25      
#                      h2o  5.352079e+22       6.180048e+22      
#                            (16011.2 um_pwv)   (18488.2 um_pwv)  
#                       o3  1.079611e+18       1.246627e+18      
#                            (40.182 DU)        (46.3982 DU)      
#
# total (27 layers):
#                  dry_air  1.835284e+25       2.119204e+25      
#                      h2o  5.353151e+22       6.181286e+22      
#                            (16014.5 um_pwv)   (18491.9 um_pwv)  
#                       o3  1.069844e+19       1.235350e+19      
#                            (398.185 DU)       (459.785 DU)      
#

! Warning: Encountered in-band lines narrower than the frequency
!          grid spacing.  The output configuration data includes
!          the unresolved line count after each column definition
!          for which this occurred.  Count: 123

# am version 14.0 (build date Sep 30 2024 09:36:11)

# run time 8.141 s
# dcache hit: 58  miss: 212  discard: 211

f 10 GHz  200 GHz  100 MHz
output text  f GHz  tx none  Tb K

tol 0.0001
selfbroad_vmr_tol 0.003

geometry plane-parallel
refract none
za 30 deg
PTmode Pbase Tbase

g 980.665 cm*s^-2
dg_dz 0 s^-2

Nscale troposphere h2o 30.05

T0 2.7 K

layer mesosphere
# P 0.2 mbar
# T 215.7 K
# dP 0.2 mbar
Pbase 0.2 mbar
Tbase 215.7 K
Mair 28.964 h2o o3  (28.964)
lineshape Voigt-Kielkopf ch4 co co2 h2o_lines n2o o2_coupled o2_uncoupled o3
column dry_air hydrostatic (0.999992)  (4.24032e+21 cm^-2)
! Warning: Column included 2491 unresolved lines.
column h2o hydrostatic 6.22e-06  (2.6375e+16 cm^-2)
! Warning: Column included 173 unresolved lines.
column o3 hydrostatic 1.78e-06  (7.54783e+15 cm^-2)
! Warning: Column included 3752 unresolved lines.

layer mesosphere
# P 0.4 mbar
# T 229.707 K
# dP 0.4 mbar
Pbase 0.6 mbar
Tbase 237.9 K
Mair 28.964 h2o o3  (28.964)
lineshape Voigt-Kielkopf ch4 co co2 h2o_lines n2o o2_coupled o2_uncoupled o3
column dry_air hydrostatic (0.999992)  (8.48064e+21 cm^-2)
! Warning: Column included 2491 unresolved lines.
column h2o hydrostatic 6.47e-06  (5.48702e+16 cm^-2)
! Warning: Column included 173 unresolved lines.
column o3 hydrostatic 1.66e-06  (1.4078e+16 cm^-2)
! Warning: Column included 3752 unresolved lines.

layer mesosphere
# P 0.7 mbar
# T 241.276 K
# dP 0.2 mbar
Pbase 0.8 mbar
Tbase 244.2 K
Mair 28.964 h2o o3  (28.964)
lineshape Voigt-Kielkopf ch4 co co2 h2o_lines n2o o2_coupled o2_uncoupled o3
column dry_air hydrostatic (0.999992)  (4.24032e+21 cm^-2)
! Warning: Column included 2491 unresolved lines.
column h2o hydrostatic 6.72e-06  (2.84952e+16 cm^-2)
! Warning: Column included 173 unresolved lines.
column o3 hydrostatic 1.61e-06  (6.82697e+15 cm^-2)
! Warning: Column included 3752 unresolved lines.

layer mesosphere
# P 0.9 mbar
# T 247.209 K
# dP 0.2 mbar
Pbase 1 mbar
Tbase 249.9 K
Mair 28.964 h2o o3  (28.964)
lineshape Voigt-Kielkopf ch4 co co2 h2o_lines n2o o2_coupled o2_uncoupled o3
column dry_air hydrostatic (0.999992)  (4.24032e+21 cm^-2)
! Warning: Column included 2491 unresolved lines.
column h2o hydrostatic 6.7e-06  (2.84104e+16 cm^-2)
! Warning: Column included 173 unresolved lines.
column o3 hydrostatic 1.78e-06  (7.54783e+15 cm^-2)
! Warning: Column included 3752 unresolved lines.

layer mesosphere
# P 1.15 mbar
# T 253.895 K
# dP 0.3 mbar
Pbase 1.3 mbar
Tbase 257.4 K
Mair 28.964 h2o o3  (28.964)
lineshape Voigt-Kielkopf ch4 co co2 h2o_lines n2o o2_coupled o2_uncoupled o3
column dry_air hydrostatic (0.999991)  (6.36048e+21 cm^-2)
! Warning: Column included 2491 unresolved lines.
column h2o hydrostatic 6.63e-06  (4.21703e+16 cm^-2)
! Warning: Column included 173 unresolved lines.
column o3 hydrostatic 2.07e-06  (1.31663e+16 cm^-2)
! Warning: Column included 3752 unresolved lines.

layer stratosphere
# P 1.6 mbar
# T 259.096 K
# dP 0.6 mbar
Pbase 1.9 mbar
Tbase 260.5 K
Mair 28.964 h2o o3  (28.964)
lineshape Voigt-Kielkopf ch4 co co2 h2o_lines n2o o2_coupled o2_uncoupled o3
column dry_air hydrostatic (0.999991)  (1.27209e+22 cm^-2)
! Warning: Column included 2491 unresolved lines.
column h2o hydrostatic 6.46e-06  (8.2178e+16 cm^-2)
! Warning: Column included 173 unresolved lines.
column o3 hydrostatic 2.58e-06  (3.28203e+16 cm^-2)
! Warning: Column included 3752 unresolved lines.

layer stratosphere
# P 2.85 mbar
# T 256.054 K
# dP 1.9 mbar
Pbase 3.8 mbar
Tbase 252.9 K
Mair 28.964 h2o o3  (28.964)
lineshape Gross ch4 co co2 n2o o2_uncoupled o3
lineshape VVW_coupled o2_coupled
lineshape VVH_750 h2o_lines
column dry_air hydrostatic (0.99999)  (4.02829e+22 cm^-2)
! Warning: Column included 2491 unresolved lines.
column h2o hydrostatic 6.09e-06  (2.45325e+17 cm^-2)
! Warning: Column included 173 unresolved lines.
column o3 hydrostatic 3.87e-06  (1.55896e+17 cm^-2)
! Warning: Column included 3752 unresolved lines.

layer stratosphere
# P 4.75 mbar
# T 248.827 K
# dP 1.9 mbar
Pbase 5.7 mbar
Tbase 245.5 K
Mair 28.964 h2o o3  (28.964)
lineshape Gross ch4 co co2 n2o o2_uncoupled o3
lineshape VVW_coupled o2_coupled
lineshape VVH_750 h2o_lines
column dry_air hydrostatic (0.999989)  (4.02828e+22 cm^-2)
! Warning: Column included 2491 unresolved lines.
column h2o hydrostatic 5.66e-06  (2.28003e+17 cm^-2)
! Warning: Column included 173 unresolved lines.
column o3 hydrostatic 5.7e-06  (2.29615e+17 cm^-2)
! Warning: Column included 3752 unresolved lines.

layer stratosphere
# P 6.65 mbar
# T 243.142 K
# dP 1.9 mbar
Pbase 7.6 mbar
Tbase 241.1 K
Mair 28.964 h2o o3  (28.9641)
lineshape Gross ch4 co co2 n2o o2_uncoupled o3
lineshape VVW_coupled o2_coupled
lineshape VVH_750 h2o_lines
column dry_air hydrostatic (0.999987)  (4.02827e+22 cm^-2)
! Warning: Column included 2491 unresolved lines.
column h2o hydrostatic 5.38e-06  (2.16724e+17 cm^-2)
! Warning: Column included 173 unresolved lines.
column o3 hydrostatic 7.19e-06  (2.89636e+17 cm^-2)
! Warning: Column included 3752 unresolved lines.

layer stratosphere
# P 8.55 mbar
# T 239.2 K
# dP 1.9 mbar
Pbase 9.5 mbar
Tbase 237.5 K
Mair 28.964 h2o o3  (28.9641)
lineshape Gross ch4 co co2 n2o o2_uncoupled o3
lineshape VVW_coupled o2_coupled
lineshape VVH_750 h2o_lines
column dry_air hydrostatic (0.999987)  (4.02826e+22 cm^-2)
! Warning: Column included 2491 unresolved lines.
column h2o hydrostatic 5.2e-06  (2.09473e+17 cm^-2)
! Warning: Column included 173 unresolved lines.
column o3 hydrostatic 8.18e-06  (3.29516e+17 cm^-2)
! Warning: Column included 3752 unresolved lines.

layer stratosphere
# P 11.4 mbar
# T 234.303 K
# dP 3.8 mbar
Pbase 13.3 mbar
Tbase 231.6 K
Mair 28.964 h2o o3  (28.9641)
lineshape Gross ch4 co co2 n2o o2_uncoupled o3
lineshape VVW_coupled o2_coupled
lineshape VVH_750 h2o_lines
column dry_air hydrostatic (0.999986)  (8.05652e+22 cm^-2)
! Warning: Column included 2491 unresolved lines.
column h2o hydrostatic 5.03e-06  (4.05249e+17 cm^-2)
! Warning: Column included 173 unresolved lines.
column o3 hydrostatic 8.88e-06  (7.15429e+17 cm^-2)
! Warning: Column included 3752 unresolved lines.

layer stratosphere
# P 16.15 mbar
# T 229.15 K
# dP 5.7 mbar
Pbase 19 mbar
Tbase 227.1 K
Mair 28.964 h2o o3  (28.9641)
lineshape Gross ch4 co co2 n2o o2_uncoupled o3
lineshape VVW_coupled o2_coupled
lineshape VVH_750 h2o_lines
column dry_air hydrostatic (0.999986)  (1.20848e+23 cm^-2)
! Warning: Column included 2491 unresolved lines.
column h2o hydrostatic 4.86e-06  (5.87328e+17 cm^-2)
! Warning: Column included 173 unresolved lines.
column o3 hydrostatic 9.2e-06  (1.11182e+18 cm^-2)
! Warning: Column included 3752 unresolved lines.

layer stratosphere
# P 28.5 mbar
# T 222.186 K
# dP 19 mbar
Pbase 38 mbar
Tbase 218.7 K
Mair 28.964 h2o o3  (28.9641)
lineshape Gross ch4 co co2 n2o o2_uncoupled o3
lineshape VVW_coupled o2_coupled
lineshape VVH_750 h2o_lines
column dry_air hydrostatic (0.999987)  (4.02827e+23 cm^-2)
! Warning: Column included 2486 unresolved lines.
column h2o hydrostatic 4.66e-06  (1.8772e+18 cm^-2)
! Warning: Column included 160 unresolved lines.
column o3 hydrostatic 7.99e-06  (3.21863e+18 cm^-2)
! Warning: Column included 3752 unresolved lines.

layer stratosphere
# P 47.5 mbar
# T 215.673 K
# dP 19 mbar
Pbase 57 mbar
Tbase 213.2 K
Mair 28.964 h2o o3  (28.9641)
lineshape Gross ch4 co co2 n2o o2_uncoupled o3
lineshape VVW_coupled o2_coupled
lineshape VVH_750 h2o_lines
column dry_air hydrostatic (0.99999)  (4.02828e+23 cm^-2)
! Warning: Column included 2142 unresolved lines.
column h2o hydrostatic 4.48e-06  (1.80469e+18 cm^-2)
! Warning: Column included 45 unresolved lines.
column o3 hydrostatic 5.53e-06  (2.22766e+18 cm^-2)

layer stratosphere
# P 66.5 mbar
# T 210.521 K
# dP 19 mbar
Pbase 76 mbar
Tbase 208.2 K
Mair 28.964 h2o o3  (28.964)
lineshape Gross ch4 co co2 n2o o2_uncoupled o3
lineshape VVW_coupled o2_coupled
lineshape VVH_750 h2o_lines
column dry_air hydrostatic (0.999992)  (4.0283e+23 cm^-2)
! Warning: Column included 1435 unresolved lines.
column h2o hydrostatic 4.4e-06  (1.77247e+18 cm^-2)
! Warning: Column included 26 unresolved lines.
column o3 hydrostatic 3.44e-06  (1.38575e+18 cm^-2)

layer stratosphere
# P 85.5 mbar
# T 205.455 K
# dP 19 mbar
Pbase 95 mbar
Tbase 203 K
Mair 28.964 h2o o3  (28.964)
lineshape Gross ch4 co co2 n2o o2_uncoupled o3
lineshape VVW_coupled o2_coupled
lineshape VVH_750 h2o_lines
column dry_air hydrostatic (0.999994)  (4.02831e+23 cm^-2)
! Warning: Column included 11 unresolved lines.
column h2o hydrostatic 4.35e-06  (1.75233e+18 cm^-2)
! Warning: Column included 14 unresolved lines.
column o3 hydrostatic 2.08e-06  (8.37893e+17 cm^-2)

layer stratosphere
# P 114 mbar
# T 197.581 K
# dP 38 mbar
Pbase 133 mbar
Tbase 193 K
Mair 28.964 h2o o3  (28.964)
lineshape Gross ch4 co co2 n2o o2_uncoupled o3
lineshape VVW_coupled o2_coupled
lineshape VVH_750 h2o_lines
column dry_air hydrostatic (0.999995)  (8.05663e+23 cm^-2)
column h2o hydrostatic 4.18e-06  (3.36769e+18 cm^-2)
! Warning: Column included 9 unresolved lines.
column o3 hydrostatic 1.04e-06  (8.37894e+17 cm^-2)

layer troposphere
# P 161.5 mbar
# T 192.347 K
# dP 57 mbar
Pbase 190 mbar
Tbase 191.8 K
Mair 28.964 h2o o3  (28.9629)
lineshape Gross ch4 co co2 n2o o2_uncoupled o3
lineshape VVW_coupled o2_coupled
lineshape VVH_750 h2o_lines
column dry_air hydrostatic (0.999897)  (1.20842e+24 cm^-2)
column h2o hydrostatic 3.41e-06  (4.12114e+18 cm^-2)  (* 30.0500)
! Warning: Column included 4 unresolved lines.
column o3 hydrostatic 3.23e-07  (3.9036e+17 cm^-2)

layer troposphere
# P 237.5 mbar
# T 198.899 K
# dP 95 mbar
Pbase 285 mbar
Tbase 204.7 K
Mair 28.964 h2o o3  (28.9621)
lineshape Gross ch4 co co2 n2o o2_uncoupled o3
lineshape VVW_coupled o2_coupled
lineshape VVH_750 h2o_lines
column dry_air hydrostatic (0.999828)  (2.01395e+24 cm^-2)
column h2o hydrostatic 5.73e-06  (1.15419e+19 cm^-2)  (* 30.0500)
! Warning: Column included 2 unresolved lines.
column o3 hydrostatic 9.5e-08  (1.91358e+17 cm^-2)

layer troposphere
# P 332.5 mbar
# T 212.041 K
# dP 95 mbar
Pbase 380 mbar
Tbase 218.4 K
Mair 28.964 h2o o3  (28.9581)
lineshape Gross ch4 co co2 n2o o2_uncoupled o3
lineshape VVW_coupled o2_coupled
lineshape VVH_750 h2o_lines
column dry_air hydrostatic (0.999459)  (2.01349e+24 cm^-2)
column h2o hydrostatic 1.8e-05  (3.62624e+19 cm^-2)  (* 30.0500)
! Warning: Column included 2 unresolved lines.
column o3 hydrostatic 5.11e-08  (1.02945e+17 cm^-2)

layer troposphere
# P 427.5 mbar
# T 224.47 K
# dP 95 mbar
Pbase 475 mbar
Tbase 229.9 K
Mair 28.964 h2o o3  (28.952)
lineshape Gross ch4 co co2 n2o o2_uncoupled o3
lineshape VVW_coupled o2_coupled
lineshape VVH_750 h2o_lines
column dry_air hydrostatic (0.9989)  (2.01279e+24 cm^-2)
column h2o hydrostatic 3.66e-05  (7.37491e+19 cm^-2)  (* 30.0500)
column o3 hydrostatic 4.31e-08  (8.68467e+16 cm^-2)

layer troposphere
# P 522.5 mbar
# T 234.918 K
# dP 95 mbar
Pbase 570 mbar
Tbase 239.5 K
Mair 28.964 h2o o3  (28.9487)
lineshape Gross ch4 co co2 n2o o2_uncoupled o3
lineshape VVW_coupled o2_coupled
lineshape VVH_750 h2o_lines
column dry_air hydrostatic (0.998603)  (2.01241e+24 cm^-2)
column h2o hydrostatic 4.65e-05  (9.37082e+19 cm^-2)  (* 30.0500)
column o3 hydrostatic 4.26e-08  (8.58488e+16 cm^-2)

layer troposphere
# P 617.5 mbar
# T 243.758 K
# dP 95 mbar
Pbase 665 mbar
Tbase 247.7 K
Mair 28.964 h2o o3  (28.9481)
lineshape Gross ch4 co co2 n2o o2_uncoupled o3
lineshape VVW_coupled o2_coupled
lineshape VVH_750 h2o_lines
column dry_air hydrostatic (0.998549)  (2.01235e+24 cm^-2)
column h2o hydrostatic 4.83e-05  (9.73376e+19 cm^-2)  (* 30.0500)
column o3 hydrostatic 4.31e-08  (8.68582e+16 cm^-2)

layer troposphere
# P 712.5 mbar
# T 251.317 K
# dP 95 mbar
Pbase 760 mbar
Tbase 254.7 K
Mair 28.964 h2o o3  (28.9414)
lineshape Gross ch4 co co2 n2o o2_uncoupled o3
lineshape VVW_coupled o2_coupled
lineshape VVH_750 h2o_lines
column dry_air hydrostatic (0.997939)  (2.01158e+24 cm^-2)
column h2o hydrostatic 6.86e-05  (1.3828e+20 cm^-2)  (* 30.0500)
column o3 hydrostatic 4.38e-08  (8.82893e+16 cm^-2)

layer troposphere
# P 807.5 mbar
# T 257.891 K
# dP 95 mbar
Pbase 855 mbar
Tbase 260.9 K
Mair 28.964 h2o o3  (28.9193)
lineshape Gross ch4 co co2 n2o o2_uncoupled o3
lineshape VVW_coupled o2_coupled
lineshape VVH_750 h2o_lines
column dry_air hydrostatic (0.995913)  (2.00904e+24 cm^-2)
column h2o hydrostatic 0.000136  (2.7435e+20 cm^-2)  (* 30.0500)
column o3 hydrostatic 4.41e-08  (8.89622e+16 cm^-2)

layer troposphere
# P 902.5 mbar
# T 263.671 K
# dP 95 mbar
Pbase 950 mbar
Tbase 266.3 K
Mair 28.964 h2o o3  (28.8791)
lineshape Gross ch4 co co2 n2o o2_uncoupled o3
lineshape VVW_coupled o2_coupled
lineshape VVH_750 h2o_lines
column dry_air hydrostatic (0.992247)  (2.00442e+24 cm^-2)
column h2o hydrostatic 0.000258  (5.21182e+20 cm^-2)  (* 30.0500)
column o3 hydrostatic 4.36e-08  (8.80758e+16 cm^-2)

layer troposphere
# P 989.9 mbar
# T 268.187 K
# dP 79.8 mbar
Pbase 1029.8 mbar (observing level)
Tbase 270 K
Mair 28.964 h2o o3  (28.7969)
lineshape Gross ch4 co co2 n2o o2_uncoupled o3
lineshape VVW_coupled o2_coupled
lineshape VVH_750 h2o_lines
column dry_air hydrostatic (0.984735)  (1.67574e+24 cm^-2)
column h2o hydrostatic 0.000508  (8.64473e+20 cm^-2)  (* 30.0500)
column o3 hydrostatic 4.26e-08  (7.24932e+16 cm^-2)

#
# column densities [cm^-2], including scale factors
#
#                           zenith             line-of-sight     
# mesosphere (5 layers):
#                  dry_air  2.756208e+22       3.182595e+22      
#                      h2o  1.803211e+17       2.082169e+17      
#                            (0.0539447 um_pwv) (0.06229 um_pwv)  
#                       o3  4.916692e+16       5.677307e+16      
#                            (1.82994 DU)       (2.11304 DU)      
#
# stratosphere (12 layers):
#                  dry_air  2.792244e+24       3.224205e+24      
#                      h2o  1.254864e+19       1.448993e+19      
#                            (3.75404 um_pwv)   (4.3348 um_pwv)   
#                       o3  1.137255e+19       1.313189e+19      
#                            (423.275 DU)       (488.756 DU)      
#
# troposphere (10 layers):
#                  dry_air  1.897420e+25       2.190951e+25      
#                      h2o  6.355593e+22       7.338807e+22      
#                            (19013.4 um_pwv)   (21954.7 um_pwv)  
#                       o3  1.282038e+18       1.480370e+18      
#                            (47.7162 DU)       (55.0979 DU)      
#
# total (27 layers):
#                  dry_air  2.179400e+25       2.516555e+25      
#                      h2o  6.356866e+22       7.340277e+22      
#                            (19017.2 um_pwv)   (21959.1 um_pwv)  
#                       o3  1.270376e+19       1.466903e+19      
#                            (472.821 DU)       (545.967 DU)      
#

! Warning: Encountered in-band lines narrower than the frequency
!          grid spacing.  The output configuration data includes
!          the unresolved line count after each column definition
!          for which this occurred.  Count: 118

