0.000000e+00 2.700000e+00
1.000000e+00 2.700104e+00
2.000000e+00 2.700369e+00
3.000000e+00 2.700812e+00
4.000000e+00 2.701432e+00
5.000000e+00 2.702230e+00
6.000000e+00 2.703205e+00
7.000000e+00 2.704358e+00
8.000000e+00 2.705690e+00
9.000000e+00 2.707201e+00
1.000000e+01 2.708891e+00
1.100000e+01 2.710761e+00
1.200000e+01 2.712811e+00
1.300000e+01 2.715042e+00
1.400000e+01 2.717455e+00
1.500000e+01 2.720050e+00
1.600000e+01 2.722829e+00
1.700000e+01 2.725791e+00
1.800000e+01 2.728939e+00
1.900000e+01 2.732272e+00
2.000000e+01 2.735792e+00
2.100000e+01 2.739500e+00
2.200000e+01 2.743397e+00
2.300000e+01 2.747485e+00
2.400000e+01 2.751763e+00
2.500000e+01 2.756234e+00
2.600000e+01 2.760899e+00
2.700000e+01 2.765759e+00
2.800000e+01 2.770815e+00
2.900000e+01 2.776069e+00
3.000000e+01 2.781522e+00
3.100000e+01 2.787176e+00
3.200000e+01 2.793032e+00
3.300000e+01 2.799092e+00
3.400000e+01 2.805357e+00
3.500000e+01 2.811829e+00
3.600000e+01 2.818510e+00
3.700000e+01 2.825401e+00
3.800000e+01 2.832504e+00
3.900000e+01 2.839821e+00
4.000000e+01 2.847353e+00
4.100000e+01 2.855102e+00
4.200000e+01 2.863070e+00
4.300000e+01 2.871259e+00
4.400000e+01 2.879671e+00
4.500000e+01 2.888308e+00
4.600000e+01 2.897171e+00
4.700000e+01 2.906262e+00
4.800000e+01 2.915584e+00
4.900000e+01 2.925137e+00
5.000000e+01 2.934925e+00
5.100000e+01 2.944949e+00
5.200000e+01 2.955211e+00
5.300000e+01 2.965713e+00
5.400000e+01 2.976457e+00
5.500000e+01 2.987444e+00
5.600000e+01 2.998678e+00
5.700000e+01 3.010159e+00
5.800000e+01 3.021890e+00
5.900000e+01 3.033872e+00
6.000000e+01 3.046108e+00
6.100000e+01 3.058600e+00
6.200000e+01 3.071348e+00
6.300000e+01 3.084356e+00
6.400000e+01 3.097625e+00
6.500000e+01 3.111157e+00
6.600000e+01 3.124954e+00
6.700000e+01 3.139017e+00
6.800000e+01 3.153349e+00
6.900000e+01 3.167951e+00
7.000000e+01 3.182824e+00
7.100000e+01 3.197971e+00
7.200000e+01 3.213394e+00
7.300000e+01 3.229093e+00
7.400000e+01 3.245071e+00
7.500000e+01 3.261328e+00
7.600000e+01 3.277867e+00
7.700000e+01 3.294690e+00
7.800000e+01 3.311796e+00
7.900000e+01 3.329189e+00
8.000000e+01 3.346869e+00
8.100000e+01 3.364838e+00
8.200000e+01 3.383097e+00
8.300000e+01 3.401646e+00
8.400000e+01 3.420489e+00
8.500000e+01 3.439625e+00
8.600000e+01 3.459056e+00
8.700000e+01 3.478782e+00
8.800000e+01 3.498806e+00
8.900000e+01 3.519127e+00
9.000000e+01 3.539747e+00
9.100000e+01 3.560667e+00
9.200000e+01 3.581888e+00
9.300000e+01 3.603409e+00
9.400000e+01 3.625233e+00
9.500000e+01 3.647360e+00
9.600000e+01 3.669790e+00
9.700000e+01 3.692525e+00
9.800000e+01 3.715564e+00
9.900000e+01 3.738908e+00
1.000000e+02 3.762558e+00
1.010000e+02 3.786495e+00
1.020000e+02 3.810737e+00
1.030000e+02 3.835284e+00
1.040000e+02 3.860136e+00
1.050000e+02 3.885294e+00
1.060000e+02 3.910757e+00
1.070000e+02 3.936525e+00
1.080000e+02 3.962600e+00
1.090000e+02 3.988980e+00
1.100000e+02 4.015665e+00
1.110000e+02 4.042656e+00
1.120000e+02 4.069953e+00
1.130000e+02 4.097554e+00
1.140000e+02 4.125461e+00
1.150000e+02 4.153673e+00
1.160000e+02 4.182189e+00
1.170000e+02 4.211010e+00
1.180000e+02 4.240134e+00
1.190000e+02 4.269562e+00
1.200000e+02 4.299293e+00
1.210000e+02 4.329328e+00
1.220000e+02 4.359664e+00
1.230000e+02 4.390302e+00
1.240000e+02 4.421241e+00
1.250000e+02 4.452481e+00
1.260000e+02 4.484021e+00
1.270000e+02 4.515861e+00
1.280000e+02 4.548000e+00
1.290000e+02 4.580437e+00
1.300000e+02 4.613171e+00
1.310000e+02 4.646202e+00
1.320000e+02 4.679530e+00
1.330000e+02 4.713152e+00
1.340000e+02 4.747070e+00
1.350000e+02 4.781281e+00
1.360000e+02 4.815785e+00
1.370000e+02 4.850582e+00
1.380000e+02 4.885669e+00
1.390000e+02 4.921048e+00
1.400000e+02 4.956716e+00
1.410000e+02 4.992673e+00
1.420000e+02 5.028917e+00
1.430000e+02 5.065449e+00
1.440000e+02 5.102267e+00
1.450000e+02 5.139370e+00
1.460000e+02 5.176757e+00
1.470000e+02 5.214427e+00
1.480000e+02 5.252379e+00
1.490000e+02 5.290613e+00
1.500000e+02 5.329128e+00
1.510000e+02 5.367921e+00
1.520000e+02 5.406993e+00
1.530000e+02 5.446343e+00
1.540000e+02 5.485968e+00
1.550000e+02 5.525869e+00
1.560000e+02 5.566045e+00
1.570000e+02 5.606494e+00
1.580000e+02 5.647215e+00
1.590000e+02 5.688207e+00
1.600000e+02 5.729470e+00
1.610000e+02 5.771002e+00
1.620000e+02 5.812803e+00
1.630000e+02 5.854870e+00
1.640000e+02 5.897204e+00
1.650000e+02 5.939803e+00
1.660000e+02 5.982666e+00
1.670000e+02 6.025792e+00
1.680000e+02 6.069180e+00
1.690000e+02 6.112829e+00
1.700000e+02 6.156738e+00
1.710000e+02 6.200907e+00
1.720000e+02 6.245333e+00
1.730000e+02 6.290016e+00
1.740000e+02 6.334955e+00
1.750000e+02 6.380149e+00
1.760000e+02 6.425597e+00
1.770000e+02 6.471298e+00
1.780000e+02 6.517251e+00
1.790000e+02 6.563454e+00
1.800000e+02 6.609908e+00
1.810000e+02 6.656610e+00
1.820000e+02 6.703560e+00
1.830000e+02 6.750757e+00
1.840000e+02 6.798201e+00
1.850000e+02 6.845889e+00
1.860000e+02 6.893821e+00
1.870000e+02 6.941996e+00
1.880000e+02 6.990413e+00
1.890000e+02 7.039071e+00
1.900000e+02 7.087969e+00
1.910000e+02 7.137106e+00
1.920000e+02 7.186482e+00
1.930000e+02 7.236095e+00
1.940000e+02 7.285944e+00
1.950000e+02 7.336029e+00
1.960000e+02 7.386348e+00
1.970000e+02 7.436901e+00
1.980000e+02 7.487686e+00
1.990000e+02 7.538703e+00
2.000000e+02 7.589951e+00
2.010000e+02 7.641429e+00
2.020000e+02 7.693136e+00
2.030000e+02 7.745071e+00
2.040000e+02 7.797234e+00
2.050000e+02 7.849622e+00
2.060000e+02 7.902237e+00
2.070000e+02 7.955076e+00
2.080000e+02 8.008139e+00
2.090000e+02 8.061425e+00
2.100000e+02 8.114933e+00
2.110000e+02 8.168662e+00
2.120000e+02 8.222612e+00
2.130000e+02 8.276781e+00
2.140000e+02 8.331169e+00
2.150000e+02 8.385776e+00
2.160000e+02 8.440599e+00
2.170000e+02 8.495639e+00
2.180000e+02 8.550895e+00
2.190000e+02 8.606365e+00
2.200000e+02 8.662049e+00
2.210000e+02 8.717947e+00
2.220000e+02 8.774057e+00
2.230000e+02 8.830378e+00
2.240000e+02 8.886911e+00
2.250000e+02 8.943654e+00
2.260000e+02 9.000606e+00
2.270000e+02 9.057767e+00
2.280000e+02 9.115136e+00
2.290000e+02 9.172712e+00
2.300000e+02 9.230495e+00
2.310000e+02 9.288822e+00
2.320000e+02 9.347877e+00
2.330000e+02 9.407146e+00
2.340000e+02 9.466629e+00
2.350000e+02 9.526325e+00
2.360000e+02 9.586233e+00
2.370000e+02 9.646353e+00
2.380000e+02 9.706684e+00
2.390000e+02 9.767225e+00
2.400000e+02 9.827975e+00
2.410000e+02 9.888935e+00
2.420000e+02 9.950102e+00
2.430000e+02 1.001148e+01
2.440000e+02 1.007306e+01
2.450000e+02 1.013485e+01
2.460000e+02 1.019684e+01
2.470000e+02 1.025904e+01
2.480000e+02 1.032145e+01
2.490000e+02 1.038406e+01
2.500000e+02 1.044687e+01
2.510000e+02 1.050988e+01
2.520000e+02 1.057310e+01
2.530000e+02 1.063651e+01
2.540000e+02 1.070013e+01
2.550000e+02 1.076395e+01
2.560000e+02 1.082797e+01
2.570000e+02 1.089218e+01
2.580000e+02 1.095660e+01
2.590000e+02 1.102121e+01
2.600000e+02 1.108602e+01
2.610000e+02 1.115103e+01
2.620000e+02 1.121624e+01
2.630000e+02 1.128164e+01
2.640000e+02 1.134723e+01
2.650000e+02 1.141302e+01
2.660000e+02 1.147900e+01
2.670000e+02 1.154518e+01
2.680000e+02 1.161155e+01
2.690000e+02 1.167811e+01
2.700000e+02 1.174487e+01
2.710000e+02 1.181181e+01
2.720000e+02 1.187895e+01
2.730000e+02 1.194628e+01
2.740000e+02 1.201379e+01
2.750000e+02 1.208150e+01
2.760000e+02 1.214939e+01
2.770000e+02 1.221748e+01
2.780000e+02 1.228575e+01
2.790000e+02 1.235421e+01
2.800000e+02 1.242285e+01
2.810000e+02 1.249168e+01
2.820000e+02 1.256070e+01
2.830000e+02 1.262991e+01
2.840000e+02 1.269929e+01
2.850000e+02 1.276887e+01
2.860000e+02 1.283862e+01
2.870000e+02 1.290856e+01
2.880000e+02 1.297869e+01
2.890000e+02 1.304899e+01
2.900000e+02 1.311948e+01
2.910000e+02 1.319015e+01
2.920000e+02 1.326100e+01
2.930000e+02 1.333203e+01
2.940000e+02 1.340324e+01
2.950000e+02 1.347464e+01
2.960000e+02 1.354621e+01
2.970000e+02 1.361796e+01
2.980000e+02 1.368989e+01
2.990000e+02 1.376200e+01
3.000000e+02 1.383428e+01
3.010000e+02 1.390674e+01
3.020000e+02 1.397938e+01
3.030000e+02 1.405220e+01
3.040000e+02 1.412519e+01
3.050000e+02 1.419836e+01
3.060000e+02 1.427170e+01
3.070000e+02 1.434522e+01
3.080000e+02 1.441891e+01
3.090000e+02 1.449278e+01
3.100000e+02 1.456682e+01
3.110000e+02 1.464103e+01
3.120000e+02 1.471542e+01
3.130000e+02 1.478998e+01
3.140000e+02 1.486471e+01
3.150000e+02 1.493961e+01
3.160000e+02 1.501468e+01
3.170000e+02 1.508993e+01
3.180000e+02 1.516534e+01
3.190000e+02 1.524093e+01
3.200000e+02 1.531668e+01
3.210000e+02 1.539261e+01
3.220000e+02 1.546870e+01
3.230000e+02 1.554496e+01
3.240000e+02 1.562139e+01
3.250000e+02 1.569799e+01
3.260000e+02 1.577476e+01
3.270000e+02 1.585169e+01
3.280000e+02 1.592879e+01
3.290000e+02 1.600606e+01
3.300000e+02 1.608349e+01
3.310000e+02 1.616109e+01
3.320000e+02 1.623885e+01
3.330000e+02 1.631678e+01
3.340000e+02 1.639487e+01
3.350000e+02 1.647313e+01
3.360000e+02 1.655155e+01
3.370000e+02 1.663014e+01
3.380000e+02 1.670888e+01
3.390000e+02 1.678780e+01
3.400000e+02 1.686687e+01
3.410000e+02 1.694611e+01
3.420000e+02 1.702550e+01
3.430000e+02 1.710506e+01
3.440000e+02 1.718479e+01
3.450000e+02 1.726467e+01
3.460000e+02 1.734471e+01
3.470000e+02 1.742491e+01
3.480000e+02 1.750528e+01
3.490000e+02 1.758580e+01
3.500000e+02 1.766648e+01
3.510000e+02 1.774732e+01
3.520000e+02 1.782832e+01
3.530000e+02 1.790948e+01
3.540000e+02 1.799079e+01
3.550000e+02 1.807227e+01
3.560000e+02 1.815390e+01
3.570000e+02 1.823569e+01
3.580000e+02 1.831763e+01
3.590000e+02 1.839973e+01
3.600000e+02 1.848199e+01
3.610000e+02 1.856440e+01
3.620000e+02 1.864697e+01
3.630000e+02 1.872969e+01
3.640000e+02 1.881257e+01
3.650000e+02 1.889561e+01
3.660000e+02 1.897879e+01
3.670000e+02 1.906214e+01
3.680000e+02 1.914563e+01
3.690000e+02 1.922928e+01
3.700000e+02 1.931308e+01
3.710000e+02 1.939703e+01
3.720000e+02 1.948114e+01
3.730000e+02 1.956540e+01
3.740000e+02 1.964981e+01
3.750000e+02 1.973437e+01
3.760000e+02 1.981908e+01
3.770000e+02 1.990395e+01
3.780000e+02 1.998896e+01
3.790000e+02 2.007413e+01
3.800000e+02 2.015944e+01
3.810000e+02 2.024491e+01
3.820000e+02 2.033052e+01
3.830000e+02 2.041629e+01
3.840000e+02 2.050220e+01
3.850000e+02 2.058826e+01
3.860000e+02 2.067447e+01
3.870000e+02 2.076083e+01
3.880000e+02 2.084734e+01
3.890000e+02 2.093399e+01
3.900000e+02 2.102079e+01
3.910000e+02 2.110774e+01
3.920000e+02 2.119483e+01
3.930000e+02 2.128207e+01
3.940000e+02 2.136946e+01
3.950000e+02 2.145699e+01
3.960000e+02 2.154467e+01
3.970000e+02 2.163249e+01
3.980000e+02 2.172046e+01
3.990000e+02 2.180857e+01
4.000000e+02 2.189683e+01
4.010000e+02 2.198523e+01
4.020000e+02 2.207377e+01
4.030000e+02 2.216246e+01
4.040000e+02 2.225129e+01
4.050000e+02 2.234027e+01
4.060000e+02 2.242938e+01
4.070000e+02 2.251864e+01
4.080000e+02 2.260805e+01
4.090000e+02 2.269759e+01
4.100000e+02 2.278728e+01
4.110000e+02 2.287710e+01
4.120000e+02 2.296707e+01
4.130000e+02 2.305718e+01
4.140000e+02 2.314743e+01
4.150000e+02 2.323782e+01
4.160000e+02 2.332835e+01
4.170000e+02 2.341902e+01
4.180000e+02 2.350983e+01
4.190000e+02 2.360078e+01
4.200000e+02 2.369186e+01
4.210000e+02 2.378309e+01
4.220000e+02 2.387445e+01
4.230000e+02 2.396596e+01
4.240000e+02 2.405760e+01
4.250000e+02 2.414937e+01
4.260000e+02 2.424129e+01
4.270000e+02 2.433334e+01
4.280000e+02 2.442553e+01
4.290000e+02 2.451786e+01
4.300000e+02 2.461032e+01
4.310000e+02 2.470292e+01
4.320000e+02 2.479565e+01
4.330000e+02 2.488852e+01
4.340000e+02 2.498153e+01
4.350000e+02 2.507467e+01
4.360000e+02 2.516794e+01
4.370000e+02 2.526135e+01
4.380000e+02 2.535489e+01
4.390000e+02 2.544857e+01
4.400000e+02 2.554238e+01
4.410000e+02 2.563633e+01
4.420000e+02 2.573040e+01
4.430000e+02 2.582461e+01
4.440000e+02 2.591896e+01
4.450000e+02 2.601343e+01
4.460000e+02 2.610804e+01
4.470000e+02 2.620278e+01
4.480000e+02 2.629765e+01
4.490000e+02 2.639265e+01
4.500000e+02 2.648779e+01
4.510000e+02 2.658305e+01
4.520000e+02 2.667844e+01
4.530000e+02 2.677397e+01
4.540000e+02 2.686963e+01
4.550000e+02 2.696541e+01
4.560000e+02 2.706132e+01
4.570000e+02 2.715737e+01
4.580000e+02 2.725354e+01
4.590000e+02 2.734984e+01
4.600000e+02 2.744627e+01
4.610000e+02 2.754283e+01
4.620000e+02 2.763952e+01
4.630000e+02 2.773633e+01
4.640000e+02 2.783327e+01
4.650000e+02 2.793034e+01
4.660000e+02 2.802754e+01
4.670000e+02 2.812486e+01
4.680000e+02 2.822231e+01
4.690000e+02 2.831989e+01
4.700000e+02 2.841759e+01
4.710000e+02 2.851541e+01
4.720000e+02 2.861337e+01
4.730000e+02 2.871144e+01
4.740000e+02 2.880965e+01
4.750000e+02 2.890797e+01
4.760000e+02 2.900642e+01
4.770000e+02 2.910500e+01
4.780000e+02 2.920370e+01
4.790000e+02 2.930252e+01
4.800000e+02 2.940147e+01
4.810000e+02 2.950054e+01
4.820000e+02 2.959973e+01
4.830000e+02 2.969905e+01
4.840000e+02 2.979849e+01
4.850000e+02 2.989805e+01
4.860000e+02 2.999773e+01
4.870000e+02 3.009753e+01
4.880000e+02 3.019746e+01
4.890000e+02 3.029750e+01
4.900000e+02 3.039767e+01
4.910000e+02 3.049796e+01
4.920000e+02 3.059837e+01
4.930000e+02 3.069889e+01
4.940000e+02 3.079954e+01
4.950000e+02 3.090031e+01
4.960000e+02 3.100120e+01
4.970000e+02 3.110220e+01
4.980000e+02 3.120333e+01
4.990000e+02 3.130457e+01
5.000000e+02 3.140593e+01
5.010000e+02 3.150741e+01
5.020000e+02 3.160901e+01
5.030000e+02 3.171073e+01
5.040000e+02 3.181256e+01
5.050000e+02 3.191451e+01
5.060000e+02 3.201657e+01
5.070000e+02 3.211876e+01
5.080000e+02 3.222106e+01
5.090000e+02 3.232347e+01
5.100000e+02 3.242600e+01
5.110000e+02 3.252865e+01
5.120000e+02 3.263141e+01
5.130000e+02 3.273429e+01
5.140000e+02 3.283728e+01
5.150000e+02 3.294039e+01
5.160000e+02 3.304361e+01
5.170000e+02 3.314694e+01
5.180000e+02 3.325039e+01
5.190000e+02 3.335395e+01
5.200000e+02 3.345763e+01
5.210000e+02 3.356142e+01
5.220000e+02 3.366532e+01
5.230000e+02 3.376933e+01
5.240000e+02 3.387346e+01
5.250000e+02 3.397770e+01
5.260000e+02 3.408205e+01
5.270000e+02 3.418651e+01
5.280000e+02 3.429108e+01
5.290000e+02 3.439576e+01
5.300000e+02 3.450056e+01
5.310000e+02 3.460546e+01
5.320000e+02 3.471048e+01
5.330000e+02 3.481560e+01
5.340000e+02 3.492084e+01
5.350000e+02 3.502618e+01
5.360000e+02 3.513163e+01
5.370000e+02 3.523720e+01
5.380000e+02 3.534287e+01
5.390000e+02 3.544865e+01
5.400000e+02 3.555453e+01
5.410000e+02 3.566053e+01
5.420000e+02 3.576663e+01
5.430000e+02 3.587284e+01
5.440000e+02 3.597916e+01
5.450000e+02 3.608559e+01
5.460000e+02 3.619212e+01
5.470000e+02 3.629876e+01
5.480000e+02 3.640550e+01
5.490000e+02 3.651235e+01
5.500000e+02 3.661931e+01
5.510000e+02 3.672637e+01
5.520000e+02 3.683353e+01
5.530000e+02 3.694080e+01
5.540000e+02 3.704818e+01
5.550000e+02 3.715566e+01
5.560000e+02 3.726324e+01
5.570000e+02 3.737093e+01
5.580000e+02 3.747872e+01
5.590000e+02 3.758662e+01
5.600000e+02 3.769462e+01
5.610000e+02 3.780272e+01
5.620000e+02 3.791092e+01
5.630000e+02 3.801923e+01
5.640000e+02 3.812764e+01
5.650000e+02 3.823615e+01
5.660000e+02 3.834476e+01
5.670000e+02 3.845347e+01
5.680000e+02 3.856229e+01
5.690000e+02 3.867120e+01
5.700000e+02 3.878022e+01
5.710000e+02 3.888933e+01
5.720000e+02 3.899855e+01
5.730000e+02 3.910787e+01
5.740000e+02 3.921728e+01
5.750000e+02 3.932679e+01
5.760000e+02 3.943641e+01
5.770000e+02 3.954612e+01
5.780000e+02 3.965593e+01
5.790000e+02 3.976584e+01
5.800000e+02 3.987585e+01
5.810000e+02 3.998595e+01
5.820000e+02 4.009616e+01
5.830000e+02 4.020646e+01
5.840000e+02 4.031685e+01
5.850000e+02 4.042735e+01
5.860000e+02 4.053794e+01
5.870000e+02 4.064862e+01
5.880000e+02 4.075940e+01
5.890000e+02 4.087028e+01
5.900000e+02 4.098125e+01
5.910000e+02 4.109232e+01
5.920000e+02 4.120349e+01
5.930000e+02 4.131474e+01
5.940000e+02 4.142610e+01
5.950000e+02 4.153754e+01
5.960000e+02 4.164908e+01
5.970000e+02 4.176072e+01
5.980000e+02 4.187245e+01
5.990000e+02 4.198427e+01
6.000000e+02 4.209845e+01
6.010000e+02 4.221567e+01
6.020000e+02 4.233299e+01
6.030000e+02 4.245043e+01
6.040000e+02 4.256798e+01
6.050000e+02 4.268565e+01
6.060000e+02 4.280342e+01
6.070000e+02 4.292130e+01
6.080000e+02 4.303930e+01
6.090000e+02 4.315741e+01
6.100000e+02 4.327562e+01
6.110000e+02 4.339395e+01
6.120000e+02 4.351238e+01
6.130000e+02 4.363093e+01
6.140000e+02 4.374958e+01
6.150000e+02 4.386835e+01
6.160000e+02 4.398722e+01
6.170000e+02 4.410620e+01
6.180000e+02 4.422528e+01
6.190000e+02 4.434448e+01
6.200000e+02 4.446378e+01
6.210000e+02 4.458319e+01
6.220000e+02 4.470271e+01
6.230000e+02 4.482233e+01
6.240000e+02 4.494206e+01
6.250000e+02 4.506189e+01
6.260000e+02 4.518183e+01
6.270000e+02 4.530188e+01
6.280000e+02 4.542203e+01
6.290000e+02 4.554229e+01
6.300000e+02 4.566265e+01
6.310000e+02 4.578311e+01
6.320000e+02 4.590368e+01
6.330000e+02 4.602435e+01
6.340000e+02 4.614512e+01
6.350000e+02 4.626600e+01
6.360000e+02 4.638698e+01
6.370000e+02 4.650807e+01
6.380000e+02 4.662925e+01
6.390000e+02 4.675054e+01
6.400000e+02 4.687193e+01
6.410000e+02 4.699342e+01
6.420000e+02 4.711501e+01
6.430000e+02 4.723670e+01
6.440000e+02 4.735849e+01
6.450000e+02 4.748039e+01
6.460000e+02 4.760238e+01
6.470000e+02 4.772447e+01
6.480000e+02 4.784666e+01
6.490000e+02 4.796895e+01
6.500000e+02 4.809134e+01
6.510000e+02 4.821383e+01
6.520000e+02 4.833641e+01
6.530000e+02 4.845910e+01
6.540000e+02 4.858188e+01
6.550000e+02 4.870475e+01
6.560000e+02 4.882773e+01
6.570000e+02 4.895080e+01
6.580000e+02 4.907397e+01
6.590000e+02 4.919723e+01
6.600000e+02 4.932059e+01
6.610000e+02 4.944404e+01
6.620000e+02 4.956759e+01
6.630000e+02 4.969124e+01
6.640000e+02 4.981498e+01
6.650000e+02 4.993881e+01
6.660000e+02 5.006274e+01
6.670000e+02 5.018676e+01
6.680000e+02 5.031088e+01
6.690000e+02 5.043508e+01
6.700000e+02 5.055938e+01
6.710000e+02 5.068378e+01
6.720000e+02 5.080826e+01
6.730000e+02 5.093284e+01
6.740000e+02 5.105751e+01
6.750000e+02 5.118227e+01
6.760000e+02 5.130712e+01
6.770000e+02 5.143206e+01
6.780000e+02 5.155709e+01
6.790000e+02 5.168221e+01
6.800000e+02 5.180743e+01
6.810000e+02 5.193273e+01
6.820000e+02 5.205812e+01
6.830000e+02 5.218360e+01
6.840000e+02 5.230917e+01
6.850000e+02 5.243482e+01
6.860000e+02 5.256057e+01
6.870000e+02 5.268640e+01
6.880000e+02 5.281232e+01
6.890000e+02 5.293833e+01
6.900000e+02 5.306442e+01
6.910000e+02 5.319060e+01
6.920000e+02 5.331687e+01
6.930000e+02 5.344322e+01
6.940000e+02 5.356966e+01
6.950000e+02 5.369618e+01
6.960000e+02 5.382279e+01
6.970000e+02 5.394948e+01
6.980000e+02 5.407626e+01
6.990000e+02 5.420312e+01
7.000000e+02 5.433007e+01
7.010000e+02 5.445709e+01
7.020000e+02 5.458421e+01
7.030000e+02 5.471140e+01
7.040000e+02 5.483868e+01
7.050000e+02 5.496604e+01
7.060000e+02 5.509348e+01
7.070000e+02 5.522100e+01
7.080000e+02 5.534861e+01
7.090000e+02 5.547630e+01
7.100000e+02 5.560406e+01
7.110000e+02 5.573191e+01
7.120000e+02 5.585984e+01
7.130000e+02 5.598785e+01
7.140000e+02 5.611593e+01
7.150000e+02 5.624410e+01
7.160000e+02 5.637235e+01
7.170000e+02 5.650067e+01
7.180000e+02 5.662907e+01
7.190000e+02 5.675755e+01
7.200000e+02 5.688611e+01
7.210000e+02 5.701475e+01
7.220000e+02 5.714346e+01
7.230000e+02 5.727225e+01
7.240000e+02 5.740112e+01
7.250000e+02 5.753006e+01
7.260000e+02 5.765908e+01
7.270000e+02 5.778817e+01
7.280000e+02 5.791734e+01
7.290000e+02 5.804659e+01
7.300000e+02 5.817591e+01
7.310000e+02 5.830530e+01
7.320000e+02 5.843477e+01
7.330000e+02 5.856431e+01
7.340000e+02 5.869393e+01
7.350000e+02 5.882362e+01
7.360000e+02 5.895338e+01
7.370000e+02 5.908321e+01
7.380000e+02 5.921312e+01
7.390000e+02 5.934310e+01
7.400000e+02 5.947315e+01
7.410000e+02 5.960327e+01
7.420000e+02 5.973346e+01
7.430000e+02 5.986372e+01
7.440000e+02 5.999406e+01
7.450000e+02 6.012446e+01
7.460000e+02 6.025494e+01
7.470000e+02 6.038548e+01
7.480000e+02 6.051609e+01
7.490000e+02 6.064677e+01
7.500000e+02 6.077752e+01
7.510000e+02 6.090834e+01
7.520000e+02 6.103923e+01
7.530000e+02 6.117018e+01
7.540000e+02 6.130121e+01
7.550000e+02 6.143229e+01
7.560000e+02 6.156345e+01
7.570000e+02 6.169467e+01
7.580000e+02 6.182596e+01
7.590000e+02 6.195731e+01
7.600000e+02 6.208873e+01
7.610000e+02 6.222022e+01
7.620000e+02 6.235177e+01
7.630000e+02 6.248338e+01
7.640000e+02 6.261506e+01
7.650000e+02 6.274680e+01
7.660000e+02 6.287861e+01
7.670000e+02 6.301048e+01
7.680000e+02 6.314241e+01
7.690000e+02 6.327441e+01
7.700000e+02 6.340647e+01
7.710000e+02 6.353859e+01
7.720000e+02 6.367077e+01
7.730000e+02 6.380302e+01
7.740000e+02 6.393532e+01
7.750000e+02 6.406769e+01
7.760000e+02 6.420011e+01
7.770000e+02 6.433260e+01
7.780000e+02 6.446515e+01
7.790000e+02 6.459776e+01
7.800000e+02 6.473042e+01
7.810000e+02 6.486315e+01
7.820000e+02 6.499593e+01
7.830000e+02 6.512877e+01
7.840000e+02 6.526168e+01
7.850000e+02 6.539463e+01
7.860000e+02 6.552765e+01
7.870000e+02 6.566073e+01
7.880000e+02 6.579386e+01
7.890000e+02 6.592704e+01
7.900000e+02 6.606029e+01
7.910000e+02 6.619359e+01
7.920000e+02 6.632694e+01
7.930000e+02 6.646035e+01
7.940000e+02 6.659382e+01
7.950000e+02 6.672734e+01
7.960000e+02 6.686091e+01
7.970000e+02 6.699454e+01
7.980000e+02 6.712823e+01
7.990000e+02 6.726196e+01
8.000000e+02 6.739575e+01
8.010000e+02 6.752960e+01
8.020000e+02 6.766349e+01
8.030000e+02 6.779744e+01
8.040000e+02 6.793144e+01
8.050000e+02 6.806549e+01
8.060000e+02 6.819960e+01
8.070000e+02 6.833375e+01
8.080000e+02 6.846796e+01
8.090000e+02 6.860221e+01
8.100000e+02 6.873652e+01
8.110000e+02 6.887087e+01
8.120000e+02 6.900528e+01
8.130000e+02 6.913973e+01
8.140000e+02 6.927424e+01
8.150000e+02 6.940879e+01
8.160000e+02 6.954339e+01
8.170000e+02 6.967804e+01
8.180000e+02 6.981273e+01
8.190000e+02 6.994748e+01
8.200000e+02 7.008227e+01
8.210000e+02 7.021710e+01
8.220000e+02 7.035199e+01
8.230000e+02 7.048692e+01
8.240000e+02 7.062189e+01
8.250000e+02 7.075692e+01
8.260000e+02 7.089198e+01
8.270000e+02 7.102709e+01
8.280000e+02 7.116225e+01
8.290000e+02 7.129745e+01
8.300000e+02 7.143270e+01
8.310000e+02 7.156798e+01
8.320000e+02 7.170332e+01
8.330000e+02 7.183869e+01
8.340000e+02 7.197411e+01
8.350000e+02 7.210957e+01
8.360000e+02 7.224507e+01
8.370000e+02 7.238062e+01
8.380000e+02 7.251620e+01
8.390000e+02 7.265183e+01
8.400000e+02 7.278750e+01
8.410000e+02 7.292321e+01
8.420000e+02 7.305895e+01
8.430000e+02 7.319474e+01
8.440000e+02 7.333057e+01
8.450000e+02 7.346644e+01
8.460000e+02 7.360235e+01
8.470000e+02 7.373829e+01
8.480000e+02 7.387428e+01
8.490000e+02 7.401030e+01
8.500000e+02 7.414636e+01
8.510000e+02 7.428246e+01
8.520000e+02 7.441860e+01
8.530000e+02 7.455477e+01
8.540000e+02 7.469098e+01
8.550000e+02 7.482722e+01
8.560000e+02 7.496351e+01
8.570000e+02 7.509982e+01
8.580000e+02 7.523618e+01
8.590000e+02 7.537256e+01
8.600000e+02 7.550899e+01
8.610000e+02 7.564544e+01
8.620000e+02 7.578194e+01
8.630000e+02 7.591846e+01
8.640000e+02 7.605502e+01
8.650000e+02 7.619161e+01
8.660000e+02 7.632824e+01
8.670000e+02 7.646490e+01
8.680000e+02 7.660159e+01
8.690000e+02 7.673831e+01
8.700000e+02 7.687506e+01
8.710000e+02 7.701185e+01
8.720000e+02 7.714867e+01
8.730000e+02 7.728552e+01
8.740000e+02 7.742239e+01
8.750000e+02 7.755930e+01
8.760000e+02 7.769624e+01
8.770000e+02 7.783321e+01
8.780000e+02 7.797021e+01
8.790000e+02 7.810724e+01
8.800000e+02 7.824429e+01
8.810000e+02 7.838137e+01
8.820000e+02 7.851849e+01
8.830000e+02 7.865563e+01
8.840000e+02 7.879279e+01
8.850000e+02 7.892999e+01
8.860000e+02 7.906721e+01
8.870000e+02 7.920446e+01
8.880000e+02 7.934173e+01
8.890000e+02 7.947903e+01
8.900000e+02 7.961636e+01
8.910000e+02 7.975371e+01
8.920000e+02 7.989109e+01
8.930000e+02 8.002849e+01
8.940000e+02 8.016592e+01
8.950000e+02 8.030337e+01
8.960000e+02 8.044084e+01
8.970000e+02 8.057834e+01
8.980000e+02 8.071586e+01
8.990000e+02 8.085341e+01
9.000000e+02 8.099097e+01
9.010000e+02 8.112856e+01
9.020000e+02 8.126617e+01
9.030000e+02 8.140381e+01
9.040000e+02 8.154146e+01
9.050000e+02 8.167914e+01
9.060000e+02 8.181683e+01
9.070000e+02 8.195455e+01
9.080000e+02 8.209229e+01
9.090000e+02 8.223005e+01
9.100000e+02 8.236782e+01
9.110000e+02 8.250562e+01
9.120000e+02 8.264344e+01
9.130000e+02 8.278127e+01
9.140000e+02 8.291913e+01
9.150000e+02 8.305700e+01
9.160000e+02 8.319489e+01
9.170000e+02 8.333279e+01
9.180000e+02 8.347072e+01
9.190000e+02 8.360866e+01
9.200000e+02 8.374662e+01
9.210000e+02 8.388459e+01
9.220000e+02 8.402258e+01
9.230000e+02 8.416059e+01
9.240000e+02 8.429861e+01
9.250000e+02 8.443665e+01
9.260000e+02 8.457470e+01
9.270000e+02 8.471277e+01
9.280000e+02 8.485085e+01
9.290000e+02 8.498894e+01
9.300000e+02 8.512705e+01
9.310000e+02 8.526517e+01
9.320000e+02 8.540331e+01
9.330000e+02 8.554146e+01
9.340000e+02 8.567962e+01
9.350000e+02 8.581779e+01
9.360000e+02 8.595598e+01
9.370000e+02 8.609417e+01
9.380000e+02 8.623238e+01
9.390000e+02 8.637060e+01
9.400000e+02 8.650883e+01
9.410000e+02 8.664707e+01
9.420000e+02 8.678532e+01
9.430000e+02 8.692358e+01
9.440000e+02 8.706185e+01
9.450000e+02 8.720013e+01
9.460000e+02 8.733842e+01
9.470000e+02 8.747672e+01
9.480000e+02 8.761502e+01
9.490000e+02 8.775334e+01
9.500000e+02 8.789166e+01
9.510000e+02 8.802999e+01
9.520000e+02 8.816833e+01
9.530000e+02 8.830667e+01
9.540000e+02 8.844502e+01
9.550000e+02 8.858338e+01
9.560000e+02 8.872174e+01
9.570000e+02 8.886011e+01
9.580000e+02 8.899848e+01
9.590000e+02 8.913686e+01
9.600000e+02 8.927525e+01
9.610000e+02 8.941364e+01
9.620000e+02 8.955203e+01
9.630000e+02 8.969043e+01
9.640000e+02 8.982883e+01
9.650000e+02 8.996723e+01
9.660000e+02 9.010564e+01
9.670000e+02 9.024405e+01
9.680000e+02 9.038247e+01
9.690000e+02 9.052088e+01
9.700000e+02 9.065930e+01
9.710000e+02 9.079772e+01
9.720000e+02 9.093614e+01
9.730000e+02 9.107457e+01
9.740000e+02 9.121299e+01
9.750000e+02 9.135141e+01
9.760000e+02 9.148984e+01
9.770000e+02 9.162826e+01
9.780000e+02 9.176669e+01
9.790000e+02 9.190511e+01
9.800000e+02 9.204353e+01
9.810000e+02 9.218195e+01
9.820000e+02 9.232037e+01
9.830000e+02 9.245879e+01
9.840000e+02 9.259721e+01
9.850000e+02 9.273563e+01
9.860000e+02 9.287404e+01
9.870000e+02 9.301245e+01
9.880000e+02 9.315085e+01
9.890000e+02 9.328926e+01
9.900000e+02 9.342765e+01
9.910000e+02 9.356605e+01
9.920000e+02 9.370444e+01
9.930000e+02 9.384283e+01
9.940000e+02 9.398121e+01
9.950000e+02 9.411959e+01
9.960000e+02 9.425796e+01
9.970000e+02 9.439632e+01
9.980000e+02 9.453468e+01
9.990000e+02 9.467304e+01
1.000000e+03 9.482190e+01
