# am version 14.0 (build date Sep 30 2024 09:36:11)

# run time 0.000 s
# dcache hit: 0  miss: 0  discard: 0

f 0 GHz  1000 GHz  1 GHz
output text  f GHz  Tb K

tol 0.0001
selfbroad_vmr_tol 0.003

geometry plane-parallel
refract none
za 30 deg
PTmode Pbase Tbase

g 980.665 cm*s^-2
dg_dz 0 s^-2

Nscale troposphere iwp_abs_Rayleigh 10

T0 2.7 K

layer stratosphere
# P 70 mbar
# T 213 K
# dP 70 mbar
Pbase 70 mbar
Tbase 213 K
Mair 28.964 h2o o3  (28.964)
column iwp_abs_Rayleigh 1 kg*m^-2  (vmr 0.002252)

layer troposphere
# P 285 mbar
# T 243.492 K
# dP 430 mbar
Pbase 500 mbar
Tbase 255.7 K
Mair 28.964 h2o o3  (28.964)
column iwp_abs_Rayleigh 2 kg*m^-2  (vmr 0.0007333)  (* 10.0000)

layer troposphere
# P 550 mbar
# T 266.155 K
# dP 100 mbar
Pbase 600 mbar (observing level)
Tbase 275.7 K
Mair 28.964 h2o o3  (28.964)
column iwp_abs_Rayleigh 4 kg*m^-2  (vmr 0.006306)  (* 10.0000)

#
# column densities [cm^-2], including scale factors
#
#                           zenith             line-of-sight     
# stratosphere (1 layer):
#         iwp_abs_Rayleigh  3.342700e+21       3.859817e+21      
#                            (1 kg*m^-2)        (1.1547 kg*m^-2)  
#
# troposphere (2 layers):
#         iwp_abs_Rayleigh  2.005620e+23       2.315890e+23      
#                            (60 kg*m^-2)       (69.282 kg*m^-2)  
#
# total (3 layers):
#         iwp_abs_Rayleigh  2.039047e+23       2.354489e+23      
#                            (61 kg*m^-2)       (70.4367 kg*m^-2) 
#
