0.000000e+00 2.700000e+00
1.000000e+00 2.743866e+00
2.000000e+00 2.772891e+00
3.000000e+00 2.821267e+00
4.000000e+00 2.888999e+00
5.000000e+00 2.976087e+00
6.000000e+00 3.082530e+00
7.000000e+00 3.208325e+00
8.000000e+00 3.353462e+00
9.000000e+00 3.517926e+00
1.000000e+01 3.701696e+00
1.100000e+01 3.904745e+00
1.200000e+01 4.127037e+00
1.300000e+01 4.368531e+00
1.400000e+01 4.629180e+00
1.500000e+01 4.908929e+00
1.600000e+01 5.207721e+00
1.700000e+01 5.525490e+00
1.800000e+01 5.862167e+00
1.900000e+01 6.217677e+00
2.000000e+01 6.591942e+00
2.100000e+01 6.984878e+00
2.200000e+01 7.396398e+00
2.300000e+01 7.826411e+00
2.400000e+01 8.274820e+00
2.500000e+01 8.741527e+00
2.600000e+01 9.226429e+00
2.700000e+01 9.729417e+00
2.800000e+01 1.025038e+01
2.900000e+01 1.078921e+01
3.000000e+01 1.134578e+01
3.100000e+01 1.191998e+01
3.200000e+01 1.251167e+01
3.300000e+01 1.312073e+01
3.400000e+01 1.374703e+01
3.500000e+01 1.439044e+01
3.600000e+01 1.505080e+01
3.700000e+01 1.572799e+01
3.800000e+01 1.642185e+01
3.900000e+01 1.713225e+01
4.000000e+01 1.785902e+01
4.100000e+01 1.860201e+01
4.200000e+01 1.936106e+01
4.300000e+01 2.013602e+01
4.400000e+01 2.092672e+01
4.500000e+01 2.173299e+01
4.600000e+01 2.255467e+01
4.700000e+01 2.339157e+01
4.800000e+01 2.424354e+01
4.900000e+01 2.511038e+01
5.000000e+01 2.599192e+01
5.100000e+01 2.688797e+01
5.200000e+01 2.779836e+01
5.300000e+01 2.872288e+01
5.400000e+01 2.966136e+01
5.500000e+01 3.061360e+01
5.600000e+01 3.157940e+01
5.700000e+01 3.255857e+01
5.800000e+01 3.355091e+01
5.900000e+01 3.455622e+01
6.000000e+01 3.557430e+01
6.100000e+01 3.660493e+01
6.200000e+01 3.764792e+01
6.300000e+01 3.870305e+01
6.400000e+01 3.977011e+01
6.500000e+01 4.084890e+01
6.600000e+01 4.193920e+01
6.700000e+01 4.304079e+01
6.800000e+01 4.415346e+01
6.900000e+01 4.527699e+01
7.000000e+01 4.641116e+01
7.100000e+01 4.755576e+01
7.200000e+01 4.871055e+01
7.300000e+01 4.987532e+01
7.400000e+01 5.104984e+01
7.500000e+01 5.223389e+01
7.600000e+01 5.342725e+01
7.700000e+01 5.462968e+01
7.800000e+01 5.584097e+01
7.900000e+01 5.706088e+01
8.000000e+01 5.828919e+01
8.100000e+01 5.952566e+01
8.200000e+01 6.077008e+01
8.300000e+01 6.202220e+01
8.400000e+01 6.328181e+01
8.500000e+01 6.454866e+01
8.600000e+01 6.582254e+01
8.700000e+01 6.710320e+01
8.800000e+01 6.839043e+01
8.900000e+01 6.968399e+01
9.000000e+01 7.098365e+01
9.100000e+01 7.228918e+01
9.200000e+01 7.360035e+01
9.300000e+01 7.491693e+01
9.400000e+01 7.623870e+01
9.500000e+01 7.756543e+01
9.600000e+01 7.889688e+01
9.700000e+01 8.023283e+01
9.800000e+01 8.157306e+01
9.900000e+01 8.291733e+01
1.000000e+02 8.426543e+01
1.010000e+02 8.561811e+01
1.020000e+02 8.697412e+01
1.030000e+02 8.833324e+01
1.040000e+02 8.969526e+01
1.050000e+02 9.105994e+01
1.060000e+02 9.242707e+01
1.070000e+02 9.379642e+01
1.080000e+02 9.516778e+01
1.090000e+02 9.654094e+01
1.100000e+02 9.791567e+01
1.110000e+02 9.929177e+01
1.120000e+02 1.006690e+02
1.130000e+02 1.020472e+02
1.140000e+02 1.034261e+02
1.150000e+02 1.048055e+02
1.160000e+02 1.061853e+02
1.170000e+02 1.075651e+02
1.180000e+02 1.089449e+02
1.190000e+02 1.103244e+02
1.200000e+02 1.117034e+02
1.210000e+02 1.130817e+02
1.220000e+02 1.144591e+02
1.230000e+02 1.158354e+02
1.240000e+02 1.172104e+02
1.250000e+02 1.185840e+02
1.260000e+02 1.199560e+02
1.270000e+02 1.213261e+02
1.280000e+02 1.226942e+02
1.290000e+02 1.240602e+02
1.300000e+02 1.254237e+02
1.310000e+02 1.267847e+02
1.320000e+02 1.281430e+02
1.330000e+02 1.294984e+02
1.340000e+02 1.308507e+02
1.350000e+02 1.321998e+02
1.360000e+02 1.335455e+02
1.370000e+02 1.348876e+02
1.380000e+02 1.362261e+02
1.390000e+02 1.375606e+02
1.400000e+02 1.388912e+02
1.410000e+02 1.402175e+02
1.420000e+02 1.415396e+02
1.430000e+02 1.428571e+02
1.440000e+02 1.441701e+02
1.450000e+02 1.454783e+02
1.460000e+02 1.467815e+02
1.470000e+02 1.480798e+02
1.480000e+02 1.493729e+02
1.490000e+02 1.506607e+02
1.500000e+02 1.519430e+02
1.510000e+02 1.532199e+02
1.520000e+02 1.544910e+02
1.530000e+02 1.557563e+02
1.540000e+02 1.570157e+02
1.550000e+02 1.582691e+02
1.560000e+02 1.595164e+02
1.570000e+02 1.607574e+02
1.580000e+02 1.619920e+02
1.590000e+02 1.632202e+02
1.600000e+02 1.644418e+02
1.610000e+02 1.656568e+02
1.620000e+02 1.668650e+02
1.630000e+02 1.680663e+02
1.640000e+02 1.692607e+02
1.650000e+02 1.704480e+02
1.660000e+02 1.716283e+02
1.670000e+02 1.728013e+02
1.680000e+02 1.739671e+02
1.690000e+02 1.751255e+02
1.700000e+02 1.762764e+02
1.710000e+02 1.774199e+02
1.720000e+02 1.785557e+02
1.730000e+02 1.796840e+02
1.740000e+02 1.808045e+02
1.750000e+02 1.819172e+02
1.760000e+02 1.830222e+02
1.770000e+02 1.841192e+02
1.780000e+02 1.852083e+02
1.790000e+02 1.862893e+02
1.800000e+02 1.873624e+02
1.810000e+02 1.884273e+02
1.820000e+02 1.894841e+02
1.830000e+02 1.905328e+02
1.840000e+02 1.915732e+02
1.850000e+02 1.926053e+02
1.860000e+02 1.936292e+02
1.870000e+02 1.946447e+02
1.880000e+02 1.956519e+02
1.890000e+02 1.966507e+02
1.900000e+02 1.976411e+02
1.910000e+02 1.986231e+02
1.920000e+02 1.995965e+02
1.930000e+02 2.005616e+02
1.940000e+02 2.015181e+02
1.950000e+02 2.024661e+02
1.960000e+02 2.034056e+02
1.970000e+02 2.043366e+02
1.980000e+02 2.052590e+02
1.990000e+02 2.061729e+02
2.000000e+02 2.070782e+02
2.010000e+02 2.079749e+02
2.020000e+02 2.088632e+02
2.030000e+02 2.097428e+02
2.040000e+02 2.106139e+02
2.050000e+02 2.114764e+02
2.060000e+02 2.123305e+02
2.070000e+02 2.131759e+02
2.080000e+02 2.140129e+02
2.090000e+02 2.148413e+02
2.100000e+02 2.156612e+02
2.110000e+02 2.164727e+02
2.120000e+02 2.172757e+02
2.130000e+02 2.180702e+02
2.140000e+02 2.188563e+02
2.150000e+02 2.196340e+02
2.160000e+02 2.204033e+02
2.170000e+02 2.211642e+02
2.180000e+02 2.219169e+02
2.190000e+02 2.226612e+02
2.200000e+02 2.233972e+02
2.210000e+02 2.241250e+02
2.220000e+02 2.248445e+02
2.230000e+02 2.255559e+02
2.240000e+02 2.262591e+02
2.250000e+02 2.269542e+02
2.260000e+02 2.276412e+02
2.270000e+02 2.283202e+02
2.280000e+02 2.289912e+02
2.290000e+02 2.296542e+02
2.300000e+02 2.303093e+02
2.310000e+02 2.309613e+02
2.320000e+02 2.316128e+02
2.330000e+02 2.322561e+02
2.340000e+02 2.328915e+02
2.350000e+02 2.335190e+02
2.360000e+02 2.341385e+02
2.370000e+02 2.347502e+02
2.380000e+02 2.353541e+02
2.390000e+02 2.359502e+02
2.400000e+02 2.365386e+02
2.410000e+02 2.371194e+02
2.420000e+02 2.376925e+02
2.430000e+02 2.382581e+02
2.440000e+02 2.388162e+02
2.450000e+02 2.393669e+02
2.460000e+02 2.399102e+02
2.470000e+02 2.404461e+02
2.480000e+02 2.409748e+02
2.490000e+02 2.414963e+02
2.500000e+02 2.420106e+02
2.510000e+02 2.425178e+02
2.520000e+02 2.430180e+02
2.530000e+02 2.435112e+02
2.540000e+02 2.439975e+02
2.550000e+02 2.444769e+02
2.560000e+02 2.449495e+02
2.570000e+02 2.454154e+02
2.580000e+02 2.458746e+02
2.590000e+02 2.463272e+02
2.600000e+02 2.467732e+02
2.610000e+02 2.472128e+02
2.620000e+02 2.476459e+02
2.630000e+02 2.480726e+02
2.640000e+02 2.484931e+02
2.650000e+02 2.489073e+02
2.660000e+02 2.493153e+02
2.670000e+02 2.497172e+02
2.680000e+02 2.501131e+02
2.690000e+02 2.505030e+02
2.700000e+02 2.508869e+02
2.710000e+02 2.512651e+02
2.720000e+02 2.516374e+02
2.730000e+02 2.520039e+02
2.740000e+02 2.523649e+02
2.750000e+02 2.527202e+02
2.760000e+02 2.530699e+02
2.770000e+02 2.534142e+02
2.780000e+02 2.537531e+02
2.790000e+02 2.540866e+02
2.800000e+02 2.544149e+02
2.810000e+02 2.547379e+02
2.820000e+02 2.550558e+02
2.830000e+02 2.553685e+02
2.840000e+02 2.556763e+02
2.850000e+02 2.559790e+02
2.860000e+02 2.562769e+02
2.870000e+02 2.565699e+02
2.880000e+02 2.568581e+02
2.890000e+02 2.571416e+02
2.900000e+02 2.574204e+02
2.910000e+02 2.576947e+02
2.920000e+02 2.579644e+02
2.930000e+02 2.582296e+02
2.940000e+02 2.584903e+02
2.950000e+02 2.587468e+02
2.960000e+02 2.589989e+02
2.970000e+02 2.592468e+02
2.980000e+02 2.594905e+02
2.990000e+02 2.597300e+02
3.000000e+02 2.599655e+02
3.010000e+02 2.601970e+02
3.020000e+02 2.604246e+02
3.030000e+02 2.606482e+02
3.040000e+02 2.608680e+02
3.050000e+02 2.610840e+02
3.060000e+02 2.612963e+02
3.070000e+02 2.615049e+02
3.080000e+02 2.617099e+02
3.090000e+02 2.619113e+02
3.100000e+02 2.621092e+02
3.110000e+02 2.623036e+02
3.120000e+02 2.624947e+02
3.130000e+02 2.626824e+02
3.140000e+02 2.628667e+02
3.150000e+02 2.630479e+02
3.160000e+02 2.632258e+02
3.170000e+02 2.634006e+02
3.180000e+02 2.635722e+02
3.190000e+02 2.637408e+02
3.200000e+02 2.639064e+02
3.210000e+02 2.640691e+02
3.220000e+02 2.642289e+02
3.230000e+02 2.643857e+02
3.240000e+02 2.645398e+02
3.250000e+02 2.646911e+02
3.260000e+02 2.648397e+02
3.270000e+02 2.649856e+02
3.280000e+02 2.651289e+02
3.290000e+02 2.652696e+02
3.300000e+02 2.654077e+02
3.310000e+02 2.655433e+02
3.320000e+02 2.656765e+02
3.330000e+02 2.658073e+02
3.340000e+02 2.659356e+02
3.350000e+02 2.660617e+02
3.360000e+02 2.661854e+02
3.370000e+02 2.663069e+02
3.380000e+02 2.664262e+02
3.390000e+02 2.665433e+02
3.400000e+02 2.666583e+02
3.410000e+02 2.667712e+02
3.420000e+02 2.668820e+02
3.430000e+02 2.669908e+02
3.440000e+02 2.670976e+02
3.450000e+02 2.672024e+02
3.460000e+02 2.673053e+02
3.470000e+02 2.674064e+02
3.480000e+02 2.675055e+02
3.490000e+02 2.676029e+02
3.500000e+02 2.676985e+02
3.510000e+02 2.677924e+02
3.520000e+02 2.678845e+02
3.530000e+02 2.679749e+02
3.540000e+02 2.680637e+02
3.550000e+02 2.681509e+02
3.560000e+02 2.682365e+02
3.570000e+02 2.683205e+02
3.580000e+02 2.684030e+02
3.590000e+02 2.684840e+02
3.600000e+02 2.685635e+02
3.610000e+02 2.686416e+02
3.620000e+02 2.687182e+02
3.630000e+02 2.687935e+02
3.640000e+02 2.688674e+02
3.650000e+02 2.689399e+02
3.660000e+02 2.690112e+02
3.670000e+02 2.690811e+02
3.680000e+02 2.691498e+02
3.690000e+02 2.692173e+02
3.700000e+02 2.692835e+02
3.710000e+02 2.693486e+02
3.720000e+02 2.694125e+02
3.730000e+02 2.694753e+02
3.740000e+02 2.695369e+02
3.750000e+02 2.695975e+02
3.760000e+02 2.696569e+02
3.770000e+02 2.697154e+02
3.780000e+02 2.697727e+02
3.790000e+02 2.698291e+02
3.800000e+02 2.698845e+02
3.810000e+02 2.699389e+02
3.820000e+02 2.699924e+02
3.830000e+02 2.700449e+02
3.840000e+02 2.700966e+02
3.850000e+02 2.701473e+02
3.860000e+02 2.701972e+02
3.870000e+02 2.702462e+02
3.880000e+02 2.702943e+02
3.890000e+02 2.703417e+02
3.900000e+02 2.703882e+02
3.910000e+02 2.704339e+02
3.920000e+02 2.704789e+02
3.930000e+02 2.705231e+02
3.940000e+02 2.705666e+02
3.950000e+02 2.706093e+02
3.960000e+02 2.706514e+02
3.970000e+02 2.706927e+02
3.980000e+02 2.707334e+02
3.990000e+02 2.707734e+02
4.000000e+02 2.708127e+02
4.010000e+02 2.708514e+02
4.020000e+02 2.708895e+02
4.030000e+02 2.709269e+02
4.040000e+02 2.709638e+02
4.050000e+02 2.710000e+02
4.060000e+02 2.710357e+02
4.070000e+02 2.710709e+02
4.080000e+02 2.711054e+02
4.090000e+02 2.711395e+02
4.100000e+02 2.711730e+02
4.110000e+02 2.712060e+02
4.120000e+02 2.712385e+02
4.130000e+02 2.712705e+02
4.140000e+02 2.713020e+02
4.150000e+02 2.713330e+02
4.160000e+02 2.713635e+02
4.170000e+02 2.713937e+02
4.180000e+02 2.714233e+02
4.190000e+02 2.714525e+02
4.200000e+02 2.714813e+02
4.210000e+02 2.715097e+02
4.220000e+02 2.715377e+02
4.230000e+02 2.715652e+02
4.240000e+02 2.715924e+02
4.250000e+02 2.716192e+02
4.260000e+02 2.716456e+02
4.270000e+02 2.716716e+02
4.280000e+02 2.716973e+02
4.290000e+02 2.717226e+02
4.300000e+02 2.717476e+02
4.310000e+02 2.717723e+02
4.320000e+02 2.717966e+02
4.330000e+02 2.718205e+02
4.340000e+02 2.718442e+02
4.350000e+02 2.718676e+02
4.360000e+02 2.718906e+02
4.370000e+02 2.719133e+02
4.380000e+02 2.719358e+02
4.390000e+02 2.719580e+02
4.400000e+02 2.719798e+02
4.410000e+02 2.720015e+02
4.420000e+02 2.720228e+02
4.430000e+02 2.720439e+02
4.440000e+02 2.720647e+02
4.450000e+02 2.720852e+02
4.460000e+02 2.721055e+02
4.470000e+02 2.721256e+02
4.480000e+02 2.721454e+02
4.490000e+02 2.721650e+02
4.500000e+02 2.721844e+02
4.510000e+02 2.722035e+02
4.520000e+02 2.722224e+02
4.530000e+02 2.722411e+02
4.540000e+02 2.722596e+02
4.550000e+02 2.722779e+02
4.560000e+02 2.722960e+02
4.570000e+02 2.723139e+02
4.580000e+02 2.723315e+02
4.590000e+02 2.723490e+02
4.600000e+02 2.723663e+02
4.610000e+02 2.723834e+02
4.620000e+02 2.724004e+02
4.630000e+02 2.724171e+02
4.640000e+02 2.724337e+02
4.650000e+02 2.724501e+02
4.660000e+02 2.724663e+02
4.670000e+02 2.724824e+02
4.680000e+02 2.724983e+02
4.690000e+02 2.725141e+02
4.700000e+02 2.725297e+02
4.710000e+02 2.725451e+02
4.720000e+02 2.725604e+02
4.730000e+02 2.725755e+02
4.740000e+02 2.725905e+02
4.750000e+02 2.726054e+02
4.760000e+02 2.726201e+02
4.770000e+02 2.726347e+02
4.780000e+02 2.726491e+02
4.790000e+02 2.726634e+02
4.800000e+02 2.726776e+02
4.810000e+02 2.726917e+02
4.820000e+02 2.727056e+02
4.830000e+02 2.727194e+02
4.840000e+02 2.727331e+02
4.850000e+02 2.727466e+02
4.860000e+02 2.727600e+02
4.870000e+02 2.727734e+02
4.880000e+02 2.727866e+02
4.890000e+02 2.727997e+02
4.900000e+02 2.728126e+02
4.910000e+02 2.728255e+02
4.920000e+02 2.728383e+02
4.930000e+02 2.728509e+02
4.940000e+02 2.728635e+02
4.950000e+02 2.728760e+02
4.960000e+02 2.728883e+02
4.970000e+02 2.729006e+02
4.980000e+02 2.729127e+02
4.990000e+02 2.729248e+02
5.000000e+02 2.729368e+02
5.010000e+02 2.729486e+02
5.020000e+02 2.729604e+02
5.030000e+02 2.729721e+02
5.040000e+02 2.729837e+02
5.050000e+02 2.729952e+02
5.060000e+02 2.730066e+02
5.070000e+02 2.730180e+02
5.080000e+02 2.730292e+02
5.090000e+02 2.730404e+02
5.100000e+02 2.730515e+02
5.110000e+02 2.730625e+02
5.120000e+02 2.730735e+02
5.130000e+02 2.730843e+02
5.140000e+02 2.730951e+02
5.150000e+02 2.731058e+02
5.160000e+02 2.731164e+02
5.170000e+02 2.731270e+02
5.180000e+02 2.731374e+02
5.190000e+02 2.731478e+02
5.200000e+02 2.731582e+02
5.210000e+02 2.731684e+02
5.220000e+02 2.731786e+02
5.230000e+02 2.731887e+02
5.240000e+02 2.731988e+02
5.250000e+02 2.732088e+02
5.260000e+02 2.732187e+02
5.270000e+02 2.732285e+02
5.280000e+02 2.732383e+02
5.290000e+02 2.732480e+02
5.300000e+02 2.732577e+02
5.310000e+02 2.732673e+02
5.320000e+02 2.732768e+02
5.330000e+02 2.732863e+02
5.340000e+02 2.732957e+02
5.350000e+02 2.733051e+02
5.360000e+02 2.733144e+02
5.370000e+02 2.733236e+02
5.380000e+02 2.733328e+02
5.390000e+02 2.733419e+02
5.400000e+02 2.733510e+02
5.410000e+02 2.733600e+02
5.420000e+02 2.733689e+02
5.430000e+02 2.733778e+02
5.440000e+02 2.733866e+02
5.450000e+02 2.733954e+02
5.460000e+02 2.734042e+02
5.470000e+02 2.734128e+02
5.480000e+02 2.734215e+02
5.490000e+02 2.734300e+02
5.500000e+02 2.734386e+02
5.510000e+02 2.734470e+02
5.520000e+02 2.734555e+02
5.530000e+02 2.734638e+02
5.540000e+02 2.734722e+02
5.550000e+02 2.734804e+02
5.560000e+02 2.734887e+02
5.570000e+02 2.734969e+02
5.580000e+02 2.735050e+02
5.590000e+02 2.735131e+02
5.600000e+02 2.735211e+02
5.610000e+02 2.735291e+02
5.620000e+02 2.735371e+02
5.630000e+02 2.735450e+02
5.640000e+02 2.735528e+02
5.650000e+02 2.735606e+02
5.660000e+02 2.735684e+02
5.670000e+02 2.735761e+02
5.680000e+02 2.735838e+02
5.690000e+02 2.735914e+02
5.700000e+02 2.735990e+02
5.710000e+02 2.736066e+02
5.720000e+02 2.736141e+02
5.730000e+02 2.736216e+02
5.740000e+02 2.736290e+02
5.750000e+02 2.736364e+02
5.760000e+02 2.736437e+02
5.770000e+02 2.736511e+02
5.780000e+02 2.736583e+02
5.790000e+02 2.736656e+02
5.800000e+02 2.736727e+02
5.810000e+02 2.736799e+02
5.820000e+02 2.736870e+02
5.830000e+02 2.736941e+02
5.840000e+02 2.737011e+02
5.850000e+02 2.737081e+02
5.860000e+02 2.737151e+02
5.870000e+02 2.737220e+02
5.880000e+02 2.737289e+02
5.890000e+02 2.737357e+02
5.900000e+02 2.737426e+02
5.910000e+02 2.737493e+02
5.920000e+02 2.737561e+02
5.930000e+02 2.737628e+02
5.940000e+02 2.737695e+02
5.950000e+02 2.737761e+02
5.960000e+02 2.737827e+02
5.970000e+02 2.737893e+02
5.980000e+02 2.737958e+02
5.990000e+02 2.738023e+02
6.000000e+02 2.738089e+02
6.010000e+02 2.738157e+02
6.020000e+02 2.738225e+02
6.030000e+02 2.738292e+02
6.040000e+02 2.738358e+02
6.050000e+02 2.738425e+02
6.060000e+02 2.738491e+02
6.070000e+02 2.738557e+02
6.080000e+02 2.738622e+02
6.090000e+02 2.738687e+02
6.100000e+02 2.738752e+02
6.110000e+02 2.738816e+02
6.120000e+02 2.738880e+02
6.130000e+02 2.738944e+02
6.140000e+02 2.739007e+02
6.150000e+02 2.739070e+02
6.160000e+02 2.739133e+02
6.170000e+02 2.739195e+02
6.180000e+02 2.739257e+02
6.190000e+02 2.739319e+02
6.200000e+02 2.739380e+02
6.210000e+02 2.739441e+02
6.220000e+02 2.739502e+02
6.230000e+02 2.739563e+02
6.240000e+02 2.739623e+02
6.250000e+02 2.739683e+02
6.260000e+02 2.739742e+02
6.270000e+02 2.739801e+02
6.280000e+02 2.739860e+02
6.290000e+02 2.739919e+02
6.300000e+02 2.739977e+02
6.310000e+02 2.740035e+02
6.320000e+02 2.740093e+02
6.330000e+02 2.740151e+02
6.340000e+02 2.740208e+02
6.350000e+02 2.740265e+02
6.360000e+02 2.740321e+02
6.370000e+02 2.740378e+02
6.380000e+02 2.740434e+02
6.390000e+02 2.740490e+02
6.400000e+02 2.740545e+02
6.410000e+02 2.740600e+02
6.420000e+02 2.740655e+02
6.430000e+02 2.740710e+02
6.440000e+02 2.740764e+02
6.450000e+02 2.740819e+02
6.460000e+02 2.740872e+02
6.470000e+02 2.740926e+02
6.480000e+02 2.740979e+02
6.490000e+02 2.741033e+02
6.500000e+02 2.741085e+02
6.510000e+02 2.741138e+02
6.520000e+02 2.741190e+02
6.530000e+02 2.741243e+02
6.540000e+02 2.741294e+02
6.550000e+02 2.741346e+02
6.560000e+02 2.741397e+02
6.570000e+02 2.741448e+02
6.580000e+02 2.741499e+02
6.590000e+02 2.741550e+02
6.600000e+02 2.741600e+02
6.610000e+02 2.741650e+02
6.620000e+02 2.741700e+02
6.630000e+02 2.741750e+02
6.640000e+02 2.741799e+02
6.650000e+02 2.741848e+02
6.660000e+02 2.741897e+02
6.670000e+02 2.741946e+02
6.680000e+02 2.741995e+02
6.690000e+02 2.742043e+02
6.700000e+02 2.742091e+02
6.710000e+02 2.742139e+02
6.720000e+02 2.742186e+02
6.730000e+02 2.742234e+02
6.740000e+02 2.742281e+02
6.750000e+02 2.742328e+02
6.760000e+02 2.742374e+02
6.770000e+02 2.742421e+02
6.780000e+02 2.742467e+02
6.790000e+02 2.742513e+02
6.800000e+02 2.742559e+02
6.810000e+02 2.742605e+02
6.820000e+02 2.742650e+02
6.830000e+02 2.742695e+02
6.840000e+02 2.742740e+02
6.850000e+02 2.742785e+02
6.860000e+02 2.742830e+02
6.870000e+02 2.742874e+02
6.880000e+02 2.742918e+02
6.890000e+02 2.742962e+02
6.900000e+02 2.743006e+02
6.910000e+02 2.743049e+02
6.920000e+02 2.743093e+02
6.930000e+02 2.743136e+02
6.940000e+02 2.743179e+02
6.950000e+02 2.743222e+02
6.960000e+02 2.743264e+02
6.970000e+02 2.743307e+02
6.980000e+02 2.743349e+02
6.990000e+02 2.743391e+02
7.000000e+02 2.743433e+02
7.010000e+02 2.743474e+02
7.020000e+02 2.743516e+02
7.030000e+02 2.743557e+02
7.040000e+02 2.743598e+02
7.050000e+02 2.743639e+02
7.060000e+02 2.743680e+02
7.070000e+02 2.743720e+02
7.080000e+02 2.743761e+02
7.090000e+02 2.743801e+02
7.100000e+02 2.743841e+02
7.110000e+02 2.743881e+02
7.120000e+02 2.743920e+02
7.130000e+02 2.743960e+02
7.140000e+02 2.743999e+02
7.150000e+02 2.744038e+02
7.160000e+02 2.744077e+02
7.170000e+02 2.744116e+02
7.180000e+02 2.744154e+02
7.190000e+02 2.744193e+02
7.200000e+02 2.744231e+02
7.210000e+02 2.744269e+02
7.220000e+02 2.744307e+02
7.230000e+02 2.744345e+02
7.240000e+02 2.744382e+02
7.250000e+02 2.744420e+02
7.260000e+02 2.744457e+02
7.270000e+02 2.744494e+02
7.280000e+02 2.744531e+02
7.290000e+02 2.744568e+02
7.300000e+02 2.744605e+02
7.310000e+02 2.744641e+02
7.320000e+02 2.744678e+02
7.330000e+02 2.744714e+02
7.340000e+02 2.744750e+02
7.350000e+02 2.744786e+02
7.360000e+02 2.744821e+02
7.370000e+02 2.744857e+02
7.380000e+02 2.744892e+02
7.390000e+02 2.744927e+02
7.400000e+02 2.744963e+02
7.410000e+02 2.744997e+02
7.420000e+02 2.745032e+02
7.430000e+02 2.745067e+02
7.440000e+02 2.745101e+02
7.450000e+02 2.745136e+02
7.460000e+02 2.745170e+02
7.470000e+02 2.745204e+02
7.480000e+02 2.745238e+02
7.490000e+02 2.745272e+02
7.500000e+02 2.745305e+02
7.510000e+02 2.745339e+02
7.520000e+02 2.745372e+02
7.530000e+02 2.745406e+02
7.540000e+02 2.745439e+02
7.550000e+02 2.745472e+02
7.560000e+02 2.745504e+02
7.570000e+02 2.745537e+02
7.580000e+02 2.745570e+02
7.590000e+02 2.745602e+02
7.600000e+02 2.745634e+02
7.610000e+02 2.745666e+02
7.620000e+02 2.745698e+02
7.630000e+02 2.745730e+02
7.640000e+02 2.745762e+02
7.650000e+02 2.745794e+02
7.660000e+02 2.745825e+02
7.670000e+02 2.745856e+02
7.680000e+02 2.745888e+02
7.690000e+02 2.745919e+02
7.700000e+02 2.745950e+02
7.710000e+02 2.745980e+02
7.720000e+02 2.746011e+02
7.730000e+02 2.746042e+02
7.740000e+02 2.746072e+02
7.750000e+02 2.746103e+02
7.760000e+02 2.746133e+02
7.770000e+02 2.746163e+02
7.780000e+02 2.746193e+02
7.790000e+02 2.746223e+02
7.800000e+02 2.746252e+02
7.810000e+02 2.746282e+02
7.820000e+02 2.746311e+02
7.830000e+02 2.746341e+02
7.840000e+02 2.746370e+02
7.850000e+02 2.746399e+02
7.860000e+02 2.746428e+02
7.870000e+02 2.746457e+02
7.880000e+02 2.746486e+02
7.890000e+02 2.746515e+02
7.900000e+02 2.746543e+02
7.910000e+02 2.746572e+02
7.920000e+02 2.746600e+02
7.930000e+02 2.746628e+02
7.940000e+02 2.746656e+02
7.950000e+02 2.746684e+02
7.960000e+02 2.746712e+02
7.970000e+02 2.746740e+02
7.980000e+02 2.746768e+02
7.990000e+02 2.746795e+02
8.000000e+02 2.746823e+02
8.010000e+02 2.746850e+02
8.020000e+02 2.746877e+02
8.030000e+02 2.746904e+02
8.040000e+02 2.746931e+02
8.050000e+02 2.746958e+02
8.060000e+02 2.746985e+02
8.070000e+02 2.747012e+02
8.080000e+02 2.747038e+02
8.090000e+02 2.747065e+02
8.100000e+02 2.747091e+02
8.110000e+02 2.747117e+02
8.120000e+02 2.747144e+02
8.130000e+02 2.747170e+02
8.140000e+02 2.747196e+02
8.150000e+02 2.747222e+02
8.160000e+02 2.747247e+02
8.170000e+02 2.747273e+02
8.180000e+02 2.747299e+02
8.190000e+02 2.747324e+02
8.200000e+02 2.747349e+02
8.210000e+02 2.747375e+02
8.220000e+02 2.747400e+02
8.230000e+02 2.747425e+02
8.240000e+02 2.747450e+02
8.250000e+02 2.747475e+02
8.260000e+02 2.747500e+02
8.270000e+02 2.747524e+02
8.280000e+02 2.747549e+02
8.290000e+02 2.747574e+02
8.300000e+02 2.747598e+02
8.310000e+02 2.747622e+02
8.320000e+02 2.747647e+02
8.330000e+02 2.747671e+02
8.340000e+02 2.747695e+02
8.350000e+02 2.747719e+02
8.360000e+02 2.747743e+02
8.370000e+02 2.747767e+02
8.380000e+02 2.747790e+02
8.390000e+02 2.747814e+02
8.400000e+02 2.747837e+02
8.410000e+02 2.747861e+02
8.420000e+02 2.747884e+02
8.430000e+02 2.747907e+02
8.440000e+02 2.747931e+02
8.450000e+02 2.747954e+02
8.460000e+02 2.747977e+02
8.470000e+02 2.748000e+02
8.480000e+02 2.748022e+02
8.490000e+02 2.748045e+02
8.500000e+02 2.748068e+02
8.510000e+02 2.748090e+02
8.520000e+02 2.748113e+02
8.530000e+02 2.748135e+02
8.540000e+02 2.748158e+02
8.550000e+02 2.748180e+02
8.560000e+02 2.748202e+02
8.570000e+02 2.748224e+02
8.580000e+02 2.748246e+02
8.590000e+02 2.748268e+02
8.600000e+02 2.748290e+02
8.610000e+02 2.748312e+02
8.620000e+02 2.748333e+02
8.630000e+02 2.748355e+02
8.640000e+02 2.748377e+02
8.650000e+02 2.748398e+02
8.660000e+02 2.748419e+02
8.670000e+02 2.748441e+02
8.680000e+02 2.748462e+02
8.690000e+02 2.748483e+02
8.700000e+02 2.748504e+02
8.710000e+02 2.748525e+02
8.720000e+02 2.748546e+02
8.730000e+02 2.748567e+02
8.740000e+02 2.748588e+02
8.750000e+02 2.748608e+02
8.760000e+02 2.748629e+02
8.770000e+02 2.748649e+02
8.780000e+02 2.748670e+02
8.790000e+02 2.748690e+02
8.800000e+02 2.748711e+02
8.810000e+02 2.748731e+02
8.820000e+02 2.748751e+02
8.830000e+02 2.748771e+02
8.840000e+02 2.748791e+02
8.850000e+02 2.748811e+02
8.860000e+02 2.748831e+02
8.870000e+02 2.748851e+02
8.880000e+02 2.748871e+02
8.890000e+02 2.748890e+02
8.900000e+02 2.748910e+02
8.910000e+02 2.748929e+02
8.920000e+02 2.748949e+02
8.930000e+02 2.748968e+02
8.940000e+02 2.748988e+02
8.950000e+02 2.749007e+02
8.960000e+02 2.749026e+02
8.970000e+02 2.749045e+02
8.980000e+02 2.749064e+02
8.990000e+02 2.749083e+02
9.000000e+02 2.749102e+02
9.010000e+02 2.749121e+02
9.020000e+02 2.749140e+02
9.030000e+02 2.749159e+02
9.040000e+02 2.749177e+02
9.050000e+02 2.749196e+02
9.060000e+02 2.749214e+02
9.070000e+02 2.749233e+02
9.080000e+02 2.749251e+02
9.090000e+02 2.749270e+02
9.100000e+02 2.749288e+02
9.110000e+02 2.749306e+02
9.120000e+02 2.749324e+02
9.130000e+02 2.749342e+02
9.140000e+02 2.749360e+02
9.150000e+02 2.749378e+02
9.160000e+02 2.749396e+02
9.170000e+02 2.749414e+02
9.180000e+02 2.749432e+02
9.190000e+02 2.749449e+02
9.200000e+02 2.749467e+02
9.210000e+02 2.749485e+02
9.220000e+02 2.749502e+02
9.230000e+02 2.749520e+02
9.240000e+02 2.749537e+02
9.250000e+02 2.749555e+02
9.260000e+02 2.749572e+02
9.270000e+02 2.749589e+02
9.280000e+02 2.749606e+02
9.290000e+02 2.749623e+02
9.300000e+02 2.749640e+02
9.310000e+02 2.749657e+02
9.320000e+02 2.749674e+02
9.330000e+02 2.749691e+02
9.340000e+02 2.749708e+02
9.350000e+02 2.749725e+02
9.360000e+02 2.749742e+02
9.370000e+02 2.749758e+02
9.380000e+02 2.749775e+02
9.390000e+02 2.749791e+02
9.400000e+02 2.749808e+02
9.410000e+02 2.749824e+02
9.420000e+02 2.749841e+02
9.430000e+02 2.749857e+02
9.440000e+02 2.749873e+02
9.450000e+02 2.749890e+02
9.460000e+02 2.749906e+02
9.470000e+02 2.749922e+02
9.480000e+02 2.749938e+02
9.490000e+02 2.749954e+02
9.500000e+02 2.749970e+02
9.510000e+02 2.749986e+02
9.520000e+02 2.750002e+02
9.530000e+02 2.750018e+02
9.540000e+02 2.750033e+02
9.550000e+02 2.750049e+02
9.560000e+02 2.750065e+02
9.570000e+02 2.750080e+02
9.580000e+02 2.750096e+02
9.590000e+02 2.750111e+02
9.600000e+02 2.750127e+02
9.610000e+02 2.750142e+02
9.620000e+02 2.750157e+02
9.630000e+02 2.750173e+02
9.640000e+02 2.750188e+02
9.650000e+02 2.750203e+02
9.660000e+02 2.750218e+02
9.670000e+02 2.750233e+02
9.680000e+02 2.750248e+02
9.690000e+02 2.750263e+02
9.700000e+02 2.750278e+02
9.710000e+02 2.750293e+02
9.720000e+02 2.750308e+02
9.730000e+02 2.750323e+02
9.740000e+02 2.750338e+02
9.750000e+02 2.750352e+02
9.760000e+02 2.750367e+02
9.770000e+02 2.750382e+02
9.780000e+02 2.750396e+02
9.790000e+02 2.750411e+02
9.800000e+02 2.750425e+02
9.810000e+02 2.750440e+02
9.820000e+02 2.750454e+02
9.830000e+02 2.750468e+02
9.840000e+02 2.750483e+02
9.850000e+02 2.750497e+02
9.860000e+02 2.750511e+02
9.870000e+02 2.750525e+02
9.880000e+02 2.750539e+02
9.890000e+02 2.750553e+02
9.900000e+02 2.750567e+02
9.910000e+02 2.750581e+02
9.920000e+02 2.750595e+02
9.930000e+02 2.750609e+02
9.940000e+02 2.750623e+02
9.950000e+02 2.750637e+02
9.960000e+02 2.750650e+02
9.970000e+02 2.750664e+02
9.980000e+02 2.750678e+02
9.990000e+02 2.750691e+02
1.000000e+03 2.750706e+02
