# am version 14.0 (build date Sep 30 2024 09:36:11)

# run time 0.086 s
# dcache hit: 243  miss: 0  discard: 0

f 10 GHz  200 GHz  100 MHz
output text  f GHz  tx none  Tb K

tol 0.0001
selfbroad_vmr_tol 0.003

geometry plane-parallel
refract none
za 30 deg
PTmode Pbase Tbase

g 980.665 cm*s^-2
dg_dz 0 s^-2

Nscale troposphere iwp_abs_Rayleigh 3.005

T0 2.7 K

layer mesosphere
# P 0.1 mbar
# T 215.7 K
# dP 0.1 mbar
Pbase 0.1 mbar
Tbase 215.7 K
Mair 28.964 h2o o3  (28.964)
lineshape Voigt-Kielkopf ch4 co co2 n2o o2_coupled o2_uncoupled o3
column dry_air hydrostatic (0.999992)  (2.12016e+21 cm^-2)
! Warning: Column included 2491 unresolved lines.
column iwp_abs_Rayleigh hydrostatic 6.22e-06  (1.31875e+16 cm^-2)
column o3 hydrostatic 1.78e-06  (3.77391e+15 cm^-2)
! Warning: Column included 3752 unresolved lines.

layer mesosphere
# P 0.2 mbar
# T 229.707 K
# dP 0.2 mbar
Pbase 0.3 mbar
Tbase 237.9 K
Mair 28.964 h2o o3  (28.964)
lineshape Voigt-Kielkopf ch4 co co2 n2o o2_coupled o2_uncoupled o3
column dry_air hydrostatic (0.999992)  (4.24031e+21 cm^-2)
! Warning: Column included 2491 unresolved lines.
column iwp_abs_Rayleigh hydrostatic 6.47e-06  (2.7435e+16 cm^-2)
column o3 hydrostatic 1.66e-06  (7.03897e+15 cm^-2)
! Warning: Column included 3752 unresolved lines.

layer mesosphere
# P 0.35 mbar
# T 241.276 K
# dP 0.1 mbar
Pbase 0.4 mbar
Tbase 244.2 K
Mair 28.964 h2o o3  (28.964)
lineshape Voigt-Kielkopf ch4 co co2 n2o o2_coupled o2_uncoupled o3
column dry_air hydrostatic (0.999992)  (2.12016e+21 cm^-2)
! Warning: Column included 2491 unresolved lines.
column iwp_abs_Rayleigh hydrostatic 6.72e-06  (1.42476e+16 cm^-2)
column o3 hydrostatic 1.61e-06  (3.41348e+15 cm^-2)
! Warning: Column included 3752 unresolved lines.

layer mesosphere
# P 0.45 mbar
# T 247.209 K
# dP 0.1 mbar
Pbase 0.5 mbar
Tbase 249.9 K
Mair 28.964 h2o o3  (28.964)
lineshape Voigt-Kielkopf ch4 co co2 n2o o2_coupled o2_uncoupled o3
column dry_air hydrostatic (0.999992)  (2.12015e+21 cm^-2)
! Warning: Column included 2491 unresolved lines.
column iwp_abs_Rayleigh hydrostatic 6.7e-06  (1.42052e+16 cm^-2)
column o3 hydrostatic 1.78e-06  (3.77391e+15 cm^-2)
! Warning: Column included 3752 unresolved lines.

layer mesosphere
# P 0.6 mbar
# T 253.964 K
# dP 0.2 mbar
Pbase 0.7 mbar
Tbase 257.4 K
Mair 28.964 h2o o3  (28.964)
lineshape Voigt-Kielkopf ch4 co co2 n2o o2_coupled o2_uncoupled o3
column dry_air hydrostatic (0.999991)  (4.24031e+21 cm^-2)
! Warning: Column included 2491 unresolved lines.
column iwp_abs_Rayleigh hydrostatic 6.63e-06  (2.81135e+16 cm^-2)
column o3 hydrostatic 2.07e-06  (8.77751e+15 cm^-2)
! Warning: Column included 3752 unresolved lines.

layer stratosphere
# P 0.85 mbar
# T 259.087 K
# dP 0.3 mbar
Pbase 1 mbar
Tbase 260.5 K
Mair 28.964 h2o o3  (28.964)
lineshape Voigt-Kielkopf ch4 co co2 n2o o2_coupled o2_uncoupled o3
column dry_air hydrostatic (0.999991)  (6.36046e+21 cm^-2)
! Warning: Column included 2491 unresolved lines.
column iwp_abs_Rayleigh hydrostatic 6.46e-06  (4.10889e+16 cm^-2)
column o3 hydrostatic 2.58e-06  (1.64101e+16 cm^-2)
! Warning: Column included 3752 unresolved lines.

layer stratosphere
# P 1.5 mbar
# T 256.054 K
# dP 1 mbar
Pbase 2 mbar
Tbase 252.9 K
Mair 28.964 h2o o3  (28.9641)
lineshape Gross ch4 co co2 n2o o2_uncoupled o3
lineshape VVW_coupled o2_coupled
column dry_air hydrostatic (0.99999)  (2.12015e+22 cm^-2)
! Warning: Column included 2491 unresolved lines.
column iwp_abs_Rayleigh hydrostatic 6.09e-06  (1.29118e+17 cm^-2)
column o3 hydrostatic 3.87e-06  (8.20506e+16 cm^-2)
! Warning: Column included 3752 unresolved lines.

layer stratosphere
# P 2.5 mbar
# T 248.827 K
# dP 1 mbar
Pbase 3 mbar
Tbase 245.5 K
Mair 28.964 h2o o3  (28.9641)
lineshape Gross ch4 co co2 n2o o2_uncoupled o3
lineshape VVW_coupled o2_coupled
column dry_air hydrostatic (0.999989)  (2.12014e+22 cm^-2)
! Warning: Column included 2491 unresolved lines.
column iwp_abs_Rayleigh hydrostatic 5.66e-06  (1.20001e+17 cm^-2)
column o3 hydrostatic 5.7e-06  (1.2085e+17 cm^-2)
! Warning: Column included 3752 unresolved lines.

layer stratosphere
# P 3.5 mbar
# T 243.142 K
# dP 1 mbar
Pbase 4 mbar
Tbase 241.1 K
Mair 28.964 h2o o3  (28.9641)
lineshape Gross ch4 co co2 n2o o2_uncoupled o3
lineshape VVW_coupled o2_coupled
column dry_air hydrostatic (0.999987)  (2.12014e+22 cm^-2)
! Warning: Column included 2491 unresolved lines.
column iwp_abs_Rayleigh hydrostatic 5.38e-06  (1.14065e+17 cm^-2)
column o3 hydrostatic 7.19e-06  (1.5244e+17 cm^-2)
! Warning: Column included 3752 unresolved lines.

layer stratosphere
# P 4.5 mbar
# T 239.2 K
# dP 1 mbar
Pbase 5 mbar
Tbase 237.5 K
Mair 28.964 h2o o3  (28.9642)
lineshape Gross ch4 co co2 n2o o2_uncoupled o3
lineshape VVW_coupled o2_coupled
column dry_air hydrostatic (0.999987)  (2.12014e+22 cm^-2)
! Warning: Column included 2491 unresolved lines.
column iwp_abs_Rayleigh hydrostatic 5.2e-06  (1.10249e+17 cm^-2)
column o3 hydrostatic 8.18e-06  (1.73429e+17 cm^-2)
! Warning: Column included 3752 unresolved lines.

layer stratosphere
# P 6 mbar
# T 234.303 K
# dP 2 mbar
Pbase 7 mbar
Tbase 231.6 K
Mair 28.964 h2o o3  (28.9642)
lineshape Gross ch4 co co2 n2o o2_uncoupled o3
lineshape VVW_coupled o2_coupled
column dry_air hydrostatic (0.999986)  (4.24027e+22 cm^-2)
! Warning: Column included 2491 unresolved lines.
column iwp_abs_Rayleigh hydrostatic 5.03e-06  (2.13288e+17 cm^-2)
column o3 hydrostatic 8.88e-06  (3.76541e+17 cm^-2)
! Warning: Column included 3752 unresolved lines.

layer stratosphere
# P 8.5 mbar
# T 229.15 K
# dP 3 mbar
Pbase 10 mbar
Tbase 227.1 K
Mair 28.964 h2o o3  (28.9642)
lineshape Gross ch4 co co2 n2o o2_uncoupled o3
lineshape VVW_coupled o2_coupled
column dry_air hydrostatic (0.999986)  (6.3604e+22 cm^-2)
! Warning: Column included 2491 unresolved lines.
column iwp_abs_Rayleigh hydrostatic 4.86e-06  (3.0912e+17 cm^-2)
column o3 hydrostatic 9.2e-06  (5.85165e+17 cm^-2)
! Warning: Column included 3752 unresolved lines.

layer stratosphere
# P 15 mbar
# T 222.186 K
# dP 10 mbar
Pbase 20 mbar
Tbase 218.7 K
Mair 28.964 h2o o3  (28.9642)
lineshape Gross ch4 co co2 n2o o2_uncoupled o3
lineshape VVW_coupled o2_coupled
column dry_air hydrostatic (0.999987)  (2.12014e+23 cm^-2)
! Warning: Column included 2491 unresolved lines.
column iwp_abs_Rayleigh hydrostatic 4.66e-06  (9.87996e+17 cm^-2)
column o3 hydrostatic 7.99e-06  (1.69401e+18 cm^-2)
! Warning: Column included 3752 unresolved lines.

layer stratosphere
# P 25 mbar
# T 215.673 K
# dP 10 mbar
Pbase 30 mbar
Tbase 213.2 K
Mair 28.964 h2o o3  (28.9641)
lineshape Gross ch4 co co2 n2o o2_uncoupled o3
lineshape VVW_coupled o2_coupled
column dry_air hydrostatic (0.99999)  (2.12015e+23 cm^-2)
! Warning: Column included 2491 unresolved lines.
column iwp_abs_Rayleigh hydrostatic 4.48e-06  (9.49835e+17 cm^-2)
column o3 hydrostatic 5.53e-06  (1.17245e+18 cm^-2)
! Warning: Column included 3752 unresolved lines.

layer stratosphere
# P 35 mbar
# T 210.521 K
# dP 10 mbar
Pbase 40 mbar
Tbase 208.2 K
Mair 28.964 h2o o3  (28.9641)
lineshape Gross ch4 co co2 n2o o2_uncoupled o3
lineshape VVW_coupled o2_coupled
column dry_air hydrostatic (0.999992)  (2.12015e+23 cm^-2)
! Warning: Column included 2246 unresolved lines.
column iwp_abs_Rayleigh hydrostatic 4.4e-06  (9.32875e+17 cm^-2)
column o3 hydrostatic 3.44e-06  (7.29339e+17 cm^-2)
! Warning: Column included 1993 unresolved lines.

layer stratosphere
# P 45 mbar
# T 205.455 K
# dP 10 mbar
Pbase 50 mbar
Tbase 203 K
Mair 28.964 h2o o3  (28.964)
lineshape Gross ch4 co co2 n2o o2_uncoupled o3
lineshape VVW_coupled o2_coupled
column dry_air hydrostatic (0.999994)  (2.12016e+23 cm^-2)
! Warning: Column included 2142 unresolved lines.
column iwp_abs_Rayleigh hydrostatic 4.35e-06  (9.22275e+17 cm^-2)
column o3 hydrostatic 2.08e-06  (4.40996e+17 cm^-2)

layer stratosphere
# P 60 mbar
# T 197.581 K
# dP 20 mbar
Pbase 70 mbar
Tbase 193 K
Mair 28.964 h2o o3  (28.964)
lineshape Gross ch4 co co2 n2o o2_uncoupled o3
lineshape VVW_coupled o2_coupled
column dry_air hydrostatic (0.999995)  (4.24032e+23 cm^-2)
! Warning: Column included 1573 unresolved lines.
column iwp_abs_Rayleigh hydrostatic 4.18e-06  (1.77247e+18 cm^-2)
column o3 hydrostatic 1.04e-06  (4.40996e+17 cm^-2)

layer troposphere
# P 85 mbar
# T 192.347 K
# dP 30 mbar
Pbase 100 mbar
Tbase 191.8 K
Mair 28.964 h2o o3  (28.964)
lineshape Gross ch4 co co2 n2o o2_uncoupled o3
lineshape VVW_coupled o2_coupled
column dry_air hydrostatic (0.999989)  (6.36046e+23 cm^-2)
! Warning: Column included 11 unresolved lines.
column iwp_abs_Rayleigh hydrostatic 3.41e-06  (2.16894e+18 cm^-2)  (* 3.00500)
column o3 hydrostatic 3.23e-07  (2.05445e+17 cm^-2)

layer troposphere
# P 125 mbar
# T 198.899 K
# dP 50 mbar
Pbase 150 mbar
Tbase 204.7 K
Mair 28.964 h2o o3  (28.964)
lineshape Gross ch4 co co2 n2o o2_uncoupled o3
lineshape VVW_coupled o2_coupled
column dry_air hydrostatic (0.999983)  (1.06007e+24 cm^-2)
column iwp_abs_Rayleigh hydrostatic 5.73e-06  (6.0743e+18 cm^-2)  (* 3.00500)
column o3 hydrostatic 9.5e-08  (1.00708e+17 cm^-2)

layer troposphere
# P 175 mbar
# T 212.041 K
# dP 50 mbar
Pbase 200 mbar
Tbase 218.4 K
Mair 28.964 h2o o3  (28.964)
lineshape Gross ch4 co co2 n2o o2_uncoupled o3
lineshape VVW_coupled o2_coupled
column dry_air hydrostatic (0.999946)  (1.06003e+24 cm^-2)
column iwp_abs_Rayleigh hydrostatic 1.8e-05  (1.90816e+19 cm^-2)  (* 3.00500)
column o3 hydrostatic 5.11e-08  (5.41705e+16 cm^-2)

layer troposphere
# P 225 mbar
# T 224.47 K
# dP 50 mbar
Pbase 250 mbar
Tbase 229.9 K
Mair 28.964 h2o o3  (28.964)
lineshape Gross ch4 co co2 n2o o2_uncoupled o3
lineshape VVW_coupled o2_coupled
column dry_air hydrostatic (0.99989)  (1.05997e+24 cm^-2)
column iwp_abs_Rayleigh hydrostatic 3.66e-05  (3.87992e+19 cm^-2)  (* 3.00500)
column o3 hydrostatic 4.31e-08  (4.56898e+16 cm^-2)

layer troposphere
# P 275 mbar
# T 234.918 K
# dP 50 mbar
Pbase 300 mbar
Tbase 239.5 K
Mair 28.964 h2o o3  (28.964)
lineshape Gross ch4 co co2 n2o o2_uncoupled o3
lineshape VVW_coupled o2_coupled
column dry_air hydrostatic (0.99986)  (1.05994e+24 cm^-2)
column iwp_abs_Rayleigh hydrostatic 4.65e-05  (4.92941e+19 cm^-2)  (* 3.00500)
column o3 hydrostatic 4.26e-08  (4.51597e+16 cm^-2)

layer troposphere
# P 325 mbar
# T 243.758 K
# dP 50 mbar
Pbase 350 mbar
Tbase 247.7 K
Mair 28.964 h2o o3  (28.964)
lineshape Gross ch4 co co2 n2o o2_uncoupled o3
lineshape VVW_coupled o2_coupled
column dry_air hydrostatic (0.999855)  (1.05993e+24 cm^-2)
column iwp_abs_Rayleigh hydrostatic 4.83e-05  (5.12022e+19 cm^-2)  (* 3.00500)
column o3 hydrostatic 4.31e-08  (4.56898e+16 cm^-2)

layer troposphere
# P 375 mbar
# T 251.317 K
# dP 50 mbar
Pbase 400 mbar
Tbase 254.7 K
Mair 28.964 h2o o3  (28.964)
lineshape Gross ch4 co co2 n2o o2_uncoupled o3
lineshape VVW_coupled o2_coupled
column dry_air hydrostatic (0.999794)  (1.05987e+24 cm^-2)
column iwp_abs_Rayleigh hydrostatic 6.86e-05  (7.2722e+19 cm^-2)  (* 3.00500)
column o3 hydrostatic 4.38e-08  (4.64318e+16 cm^-2)

layer troposphere
# P 425 mbar
# T 257.891 K
# dP 50 mbar
Pbase 450 mbar
Tbase 260.9 K
Mair 28.964 h2o o3  (28.964)
lineshape Gross ch4 co co2 n2o o2_uncoupled o3
lineshape VVW_coupled o2_coupled
column dry_air hydrostatic (0.999591)  (1.05965e+24 cm^-2)
column iwp_abs_Rayleigh hydrostatic 0.000136  (1.44172e+20 cm^-2)  (* 3.00500)
column o3 hydrostatic 4.41e-08  (4.67499e+16 cm^-2)

layer troposphere
# P 475 mbar
# T 263.671 K
# dP 50 mbar
Pbase 500 mbar
Tbase 266.3 K
Mair 28.964 h2o o3  (28.964)
lineshape Gross ch4 co co2 n2o o2_uncoupled o3
lineshape VVW_coupled o2_coupled
column dry_air hydrostatic (0.999225)  (1.05927e+24 cm^-2)
column iwp_abs_Rayleigh hydrostatic 0.000258  (2.73503e+20 cm^-2)  (* 3.00500)
column o3 hydrostatic 4.36e-08  (4.62198e+16 cm^-2)

layer troposphere
# P 521 mbar
# T 268.187 K
# dP 42 mbar
Pbase 542 mbar (observing level)
Tbase 270 K
Mair 28.964 h2o o3  (28.964)
lineshape Gross ch4 co co2 n2o o2_uncoupled o3
lineshape VVW_coupled o2_coupled
column dry_air hydrostatic (0.998473)  (8.89114e+23 cm^-2)
column iwp_abs_Rayleigh hydrostatic 0.000508  (4.52361e+20 cm^-2)  (* 3.00500)
column o3 hydrostatic 4.26e-08  (3.79342e+16 cm^-2)

#
# column densities [cm^-2], including scale factors
#
#                           zenith             line-of-sight     
# mesosphere (5 layers):
#                  dry_air  1.484108e+22       1.713701e+22      
#         iwp_abs_Rayleigh  9.718870e+16       1.122238e+17      
#                            (2.90749e-05 kg*m^-2) (3.35728e-05 kg*m^-2)
#                       o3  2.677778e+16       3.092031e+16      
#                            (0.996642 DU)      (1.15082 DU)      
#
# stratosphere (12 layers):
#                  dry_air  1.469265e+24       1.696561e+24      
#         iwp_abs_Rayleigh  6.602376e+18       7.623767e+18      
#                            (0.00197516 kg*m^-2) (0.00228072 kg*m^-2)
#                       o3  5.984679e+18       6.910512e+18      
#                            (222.744 DU)       (257.202 DU)      
#
# troposphere (10 layers):
#                  dry_air  1.000389e+25       1.155150e+25      
#         iwp_abs_Rayleigh  3.333679e+21       3.849401e+21      
#                            (0.997301 kg*m^-2) (1.15158 kg*m^-2) 
#                       o3  6.741986e+17       7.784975e+17      
#                            (25.093 DU)        (28.9749 DU)      
#
# total (27 layers):
#                  dry_air  1.148800e+25       1.326520e+25      
#         iwp_abs_Rayleigh  3.340378e+21       3.857137e+21      
#                            (0.999305 kg*m^-2) (1.1539 kg*m^-2)  
#                       o3  6.685655e+18       7.719930e+18      
#                            (248.833 DU)       (287.328 DU)      
#

! Warning: Encountered in-band lines narrower than the frequency
!          grid spacing.  The output configuration data includes
!          the unresolved line count after each column definition
!          for which this occurred.  Count: 110

# am version 14.0 (build date Sep 30 2024 09:36:11)

# run time 0.088 s
# dcache hit: 243  miss: 0  discard: 0

f 10 GHz  200 GHz  100 MHz
output text  f GHz  tx none  Tb K

tol 0.0001
selfbroad_vmr_tol 0.003

geometry plane-parallel
refract none
za 30 deg
PTmode Pbase Tbase

g 980.665 cm*s^-2
dg_dz 0 s^-2

Nscale troposphere iwp_abs_Rayleigh 30.05

T0 2.7 K

layer mesosphere
# P 0.1 mbar
# T 215.7 K
# dP 0.1 mbar
Pbase 0.1 mbar
Tbase 215.7 K
Mair 28.964 h2o o3  (28.964)
lineshape Voigt-Kielkopf ch4 co co2 n2o o2_coupled o2_uncoupled o3
column dry_air hydrostatic (0.999992)  (2.12016e+21 cm^-2)
! Warning: Column included 2491 unresolved lines.
column iwp_abs_Rayleigh hydrostatic 6.22e-06  (1.31875e+16 cm^-2)
column o3 hydrostatic 1.78e-06  (3.77391e+15 cm^-2)
! Warning: Column included 3752 unresolved lines.

layer mesosphere
# P 0.2 mbar
# T 229.707 K
# dP 0.2 mbar
Pbase 0.3 mbar
Tbase 237.9 K
Mair 28.964 h2o o3  (28.964)
lineshape Voigt-Kielkopf ch4 co co2 n2o o2_coupled o2_uncoupled o3
column dry_air hydrostatic (0.999992)  (4.24031e+21 cm^-2)
! Warning: Column included 2491 unresolved lines.
column iwp_abs_Rayleigh hydrostatic 6.47e-06  (2.7435e+16 cm^-2)
column o3 hydrostatic 1.66e-06  (7.03897e+15 cm^-2)
! Warning: Column included 3752 unresolved lines.

layer mesosphere
# P 0.35 mbar
# T 241.276 K
# dP 0.1 mbar
Pbase 0.4 mbar
Tbase 244.2 K
Mair 28.964 h2o o3  (28.964)
lineshape Voigt-Kielkopf ch4 co co2 n2o o2_coupled o2_uncoupled o3
column dry_air hydrostatic (0.999992)  (2.12016e+21 cm^-2)
! Warning: Column included 2491 unresolved lines.
column iwp_abs_Rayleigh hydrostatic 6.72e-06  (1.42476e+16 cm^-2)
column o3 hydrostatic 1.61e-06  (3.41348e+15 cm^-2)
! Warning: Column included 3752 unresolved lines.

layer mesosphere
# P 0.45 mbar
# T 247.209 K
# dP 0.1 mbar
Pbase 0.5 mbar
Tbase 249.9 K
Mair 28.964 h2o o3  (28.964)
lineshape Voigt-Kielkopf ch4 co co2 n2o o2_coupled o2_uncoupled o3
column dry_air hydrostatic (0.999992)  (2.12015e+21 cm^-2)
! Warning: Column included 2491 unresolved lines.
column iwp_abs_Rayleigh hydrostatic 6.7e-06  (1.42052e+16 cm^-2)
column o3 hydrostatic 1.78e-06  (3.77391e+15 cm^-2)
! Warning: Column included 3752 unresolved lines.

layer mesosphere
# P 0.6 mbar
# T 253.964 K
# dP 0.2 mbar
Pbase 0.7 mbar
Tbase 257.4 K
Mair 28.964 h2o o3  (28.964)
lineshape Voigt-Kielkopf ch4 co co2 n2o o2_coupled o2_uncoupled o3
column dry_air hydrostatic (0.999991)  (4.24031e+21 cm^-2)
! Warning: Column included 2491 unresolved lines.
column iwp_abs_Rayleigh hydrostatic 6.63e-06  (2.81135e+16 cm^-2)
column o3 hydrostatic 2.07e-06  (8.77751e+15 cm^-2)
! Warning: Column included 3752 unresolved lines.

layer stratosphere
# P 0.85 mbar
# T 259.087 K
# dP 0.3 mbar
Pbase 1 mbar
Tbase 260.5 K
Mair 28.964 h2o o3  (28.964)
lineshape Voigt-Kielkopf ch4 co co2 n2o o2_coupled o2_uncoupled o3
column dry_air hydrostatic (0.999991)  (6.36046e+21 cm^-2)
! Warning: Column included 2491 unresolved lines.
column iwp_abs_Rayleigh hydrostatic 6.46e-06  (4.10889e+16 cm^-2)
column o3 hydrostatic 2.58e-06  (1.64101e+16 cm^-2)
! Warning: Column included 3752 unresolved lines.

layer stratosphere
# P 1.5 mbar
# T 256.054 K
# dP 1 mbar
Pbase 2 mbar
Tbase 252.9 K
Mair 28.964 h2o o3  (28.9641)
lineshape Gross ch4 co co2 n2o o2_uncoupled o3
lineshape VVW_coupled o2_coupled
column dry_air hydrostatic (0.99999)  (2.12015e+22 cm^-2)
! Warning: Column included 2491 unresolved lines.
column iwp_abs_Rayleigh hydrostatic 6.09e-06  (1.29118e+17 cm^-2)
column o3 hydrostatic 3.87e-06  (8.20506e+16 cm^-2)
! Warning: Column included 3752 unresolved lines.

layer stratosphere
# P 2.5 mbar
# T 248.827 K
# dP 1 mbar
Pbase 3 mbar
Tbase 245.5 K
Mair 28.964 h2o o3  (28.9641)
lineshape Gross ch4 co co2 n2o o2_uncoupled o3
lineshape VVW_coupled o2_coupled
column dry_air hydrostatic (0.999989)  (2.12014e+22 cm^-2)
! Warning: Column included 2491 unresolved lines.
column iwp_abs_Rayleigh hydrostatic 5.66e-06  (1.20001e+17 cm^-2)
column o3 hydrostatic 5.7e-06  (1.2085e+17 cm^-2)
! Warning: Column included 3752 unresolved lines.

layer stratosphere
# P 3.5 mbar
# T 243.142 K
# dP 1 mbar
Pbase 4 mbar
Tbase 241.1 K
Mair 28.964 h2o o3  (28.9641)
lineshape Gross ch4 co co2 n2o o2_uncoupled o3
lineshape VVW_coupled o2_coupled
column dry_air hydrostatic (0.999987)  (2.12014e+22 cm^-2)
! Warning: Column included 2491 unresolved lines.
column iwp_abs_Rayleigh hydrostatic 5.38e-06  (1.14065e+17 cm^-2)
column o3 hydrostatic 7.19e-06  (1.5244e+17 cm^-2)
! Warning: Column included 3752 unresolved lines.

layer stratosphere
# P 4.5 mbar
# T 239.2 K
# dP 1 mbar
Pbase 5 mbar
Tbase 237.5 K
Mair 28.964 h2o o3  (28.9642)
lineshape Gross ch4 co co2 n2o o2_uncoupled o3
lineshape VVW_coupled o2_coupled
column dry_air hydrostatic (0.999987)  (2.12014e+22 cm^-2)
! Warning: Column included 2491 unresolved lines.
column iwp_abs_Rayleigh hydrostatic 5.2e-06  (1.10249e+17 cm^-2)
column o3 hydrostatic 8.18e-06  (1.73429e+17 cm^-2)
! Warning: Column included 3752 unresolved lines.

layer stratosphere
# P 6 mbar
# T 234.303 K
# dP 2 mbar
Pbase 7 mbar
Tbase 231.6 K
Mair 28.964 h2o o3  (28.9642)
lineshape Gross ch4 co co2 n2o o2_uncoupled o3
lineshape VVW_coupled o2_coupled
column dry_air hydrostatic (0.999986)  (4.24027e+22 cm^-2)
! Warning: Column included 2491 unresolved lines.
column iwp_abs_Rayleigh hydrostatic 5.03e-06  (2.13288e+17 cm^-2)
column o3 hydrostatic 8.88e-06  (3.76541e+17 cm^-2)
! Warning: Column included 3752 unresolved lines.

layer stratosphere
# P 8.5 mbar
# T 229.15 K
# dP 3 mbar
Pbase 10 mbar
Tbase 227.1 K
Mair 28.964 h2o o3  (28.9642)
lineshape Gross ch4 co co2 n2o o2_uncoupled o3
lineshape VVW_coupled o2_coupled
column dry_air hydrostatic (0.999986)  (6.3604e+22 cm^-2)
! Warning: Column included 2491 unresolved lines.
column iwp_abs_Rayleigh hydrostatic 4.86e-06  (3.0912e+17 cm^-2)
column o3 hydrostatic 9.2e-06  (5.85165e+17 cm^-2)
! Warning: Column included 3752 unresolved lines.

layer stratosphere
# P 15 mbar
# T 222.186 K
# dP 10 mbar
Pbase 20 mbar
Tbase 218.7 K
Mair 28.964 h2o o3  (28.9642)
lineshape Gross ch4 co co2 n2o o2_uncoupled o3
lineshape VVW_coupled o2_coupled
column dry_air hydrostatic (0.999987)  (2.12014e+23 cm^-2)
! Warning: Column included 2491 unresolved lines.
column iwp_abs_Rayleigh hydrostatic 4.66e-06  (9.87996e+17 cm^-2)
column o3 hydrostatic 7.99e-06  (1.69401e+18 cm^-2)
! Warning: Column included 3752 unresolved lines.

layer stratosphere
# P 25 mbar
# T 215.673 K
# dP 10 mbar
Pbase 30 mbar
Tbase 213.2 K
Mair 28.964 h2o o3  (28.9641)
lineshape Gross ch4 co co2 n2o o2_uncoupled o3
lineshape VVW_coupled o2_coupled
column dry_air hydrostatic (0.99999)  (2.12015e+23 cm^-2)
! Warning: Column included 2491 unresolved lines.
column iwp_abs_Rayleigh hydrostatic 4.48e-06  (9.49835e+17 cm^-2)
column o3 hydrostatic 5.53e-06  (1.17245e+18 cm^-2)
! Warning: Column included 3752 unresolved lines.

layer stratosphere
# P 35 mbar
# T 210.521 K
# dP 10 mbar
Pbase 40 mbar
Tbase 208.2 K
Mair 28.964 h2o o3  (28.9641)
lineshape Gross ch4 co co2 n2o o2_uncoupled o3
lineshape VVW_coupled o2_coupled
column dry_air hydrostatic (0.999992)  (2.12015e+23 cm^-2)
! Warning: Column included 2246 unresolved lines.
column iwp_abs_Rayleigh hydrostatic 4.4e-06  (9.32875e+17 cm^-2)
column o3 hydrostatic 3.44e-06  (7.29339e+17 cm^-2)
! Warning: Column included 1993 unresolved lines.

layer stratosphere
# P 45 mbar
# T 205.455 K
# dP 10 mbar
Pbase 50 mbar
Tbase 203 K
Mair 28.964 h2o o3  (28.964)
lineshape Gross ch4 co co2 n2o o2_uncoupled o3
lineshape VVW_coupled o2_coupled
column dry_air hydrostatic (0.999994)  (2.12016e+23 cm^-2)
! Warning: Column included 2142 unresolved lines.
column iwp_abs_Rayleigh hydrostatic 4.35e-06  (9.22275e+17 cm^-2)
column o3 hydrostatic 2.08e-06  (4.40996e+17 cm^-2)

layer stratosphere
# P 60 mbar
# T 197.581 K
# dP 20 mbar
Pbase 70 mbar
Tbase 193 K
Mair 28.964 h2o o3  (28.964)
lineshape Gross ch4 co co2 n2o o2_uncoupled o3
lineshape VVW_coupled o2_coupled
column dry_air hydrostatic (0.999995)  (4.24032e+23 cm^-2)
! Warning: Column included 1573 unresolved lines.
column iwp_abs_Rayleigh hydrostatic 4.18e-06  (1.77247e+18 cm^-2)
column o3 hydrostatic 1.04e-06  (4.40996e+17 cm^-2)

layer troposphere
# P 85 mbar
# T 192.347 K
# dP 30 mbar
Pbase 100 mbar
Tbase 191.8 K
Mair 28.964 h2o o3  (28.964)
lineshape Gross ch4 co co2 n2o o2_uncoupled o3
lineshape VVW_coupled o2_coupled
column dry_air hydrostatic (0.999897)  (6.35987e+23 cm^-2)
! Warning: Column included 11 unresolved lines.
column iwp_abs_Rayleigh hydrostatic 3.41e-06  (2.16894e+18 cm^-2)  (* 30.0500)
column o3 hydrostatic 3.23e-07  (2.05445e+17 cm^-2)

layer troposphere
# P 125 mbar
# T 198.899 K
# dP 50 mbar
Pbase 150 mbar
Tbase 204.7 K
Mair 28.964 h2o o3  (28.964)
lineshape Gross ch4 co co2 n2o o2_uncoupled o3
lineshape VVW_coupled o2_coupled
column dry_air hydrostatic (0.999828)  (1.0599e+24 cm^-2)
column iwp_abs_Rayleigh hydrostatic 5.73e-06  (6.0743e+18 cm^-2)  (* 30.0500)
column o3 hydrostatic 9.5e-08  (1.00708e+17 cm^-2)

layer troposphere
# P 175 mbar
# T 212.041 K
# dP 50 mbar
Pbase 200 mbar
Tbase 218.4 K
Mair 28.964 h2o o3  (28.964)
lineshape Gross ch4 co co2 n2o o2_uncoupled o3
lineshape VVW_coupled o2_coupled
column dry_air hydrostatic (0.999459)  (1.05951e+24 cm^-2)
column iwp_abs_Rayleigh hydrostatic 1.8e-05  (1.90816e+19 cm^-2)  (* 30.0500)
column o3 hydrostatic 5.11e-08  (5.41705e+16 cm^-2)

layer troposphere
# P 225 mbar
# T 224.47 K
# dP 50 mbar
Pbase 250 mbar
Tbase 229.9 K
Mair 28.964 h2o o3  (28.964)
lineshape Gross ch4 co co2 n2o o2_uncoupled o3
lineshape VVW_coupled o2_coupled
column dry_air hydrostatic (0.9989)  (1.05892e+24 cm^-2)
column iwp_abs_Rayleigh hydrostatic 3.66e-05  (3.87992e+19 cm^-2)  (* 30.0500)
column o3 hydrostatic 4.31e-08  (4.56898e+16 cm^-2)

layer troposphere
# P 275 mbar
# T 234.918 K
# dP 50 mbar
Pbase 300 mbar
Tbase 239.5 K
Mair 28.964 h2o o3  (28.964)
lineshape Gross ch4 co co2 n2o o2_uncoupled o3
lineshape VVW_coupled o2_coupled
column dry_air hydrostatic (0.998603)  (1.05861e+24 cm^-2)
column iwp_abs_Rayleigh hydrostatic 4.65e-05  (4.92941e+19 cm^-2)  (* 30.0500)
column o3 hydrostatic 4.26e-08  (4.51597e+16 cm^-2)

layer troposphere
# P 325 mbar
# T 243.758 K
# dP 50 mbar
Pbase 350 mbar
Tbase 247.7 K
Mair 28.964 h2o o3  (28.964)
lineshape Gross ch4 co co2 n2o o2_uncoupled o3
lineshape VVW_coupled o2_coupled
column dry_air hydrostatic (0.998549)  (1.05855e+24 cm^-2)
column iwp_abs_Rayleigh hydrostatic 4.83e-05  (5.12022e+19 cm^-2)  (* 30.0500)
column o3 hydrostatic 4.31e-08  (4.56898e+16 cm^-2)

layer troposphere
# P 375 mbar
# T 251.317 K
# dP 50 mbar
Pbase 400 mbar
Tbase 254.7 K
Mair 28.964 h2o o3  (28.964)
lineshape Gross ch4 co co2 n2o o2_uncoupled o3
lineshape VVW_coupled o2_coupled
column dry_air hydrostatic (0.997939)  (1.0579e+24 cm^-2)
column iwp_abs_Rayleigh hydrostatic 6.86e-05  (7.2722e+19 cm^-2)  (* 30.0500)
column o3 hydrostatic 4.38e-08  (4.64318e+16 cm^-2)

layer troposphere
# P 425 mbar
# T 257.891 K
# dP 50 mbar
Pbase 450 mbar
Tbase 260.9 K
Mair 28.964 h2o o3  (28.964)
lineshape Gross ch4 co co2 n2o o2_uncoupled o3
lineshape VVW_coupled o2_coupled
column dry_air hydrostatic (0.995913)  (1.05576e+24 cm^-2)
column iwp_abs_Rayleigh hydrostatic 0.000136  (1.44172e+20 cm^-2)  (* 30.0500)
column o3 hydrostatic 4.41e-08  (4.67499e+16 cm^-2)

layer troposphere
# P 475 mbar
# T 263.671 K
# dP 50 mbar
Pbase 500 mbar
Tbase 266.3 K
Mair 28.964 h2o o3  (28.964)
lineshape Gross ch4 co co2 n2o o2_uncoupled o3
lineshape VVW_coupled o2_coupled
column dry_air hydrostatic (0.992247)  (1.05187e+24 cm^-2)
column iwp_abs_Rayleigh hydrostatic 0.000258  (2.73503e+20 cm^-2)  (* 30.0500)
column o3 hydrostatic 4.36e-08  (4.62198e+16 cm^-2)

layer troposphere
# P 521 mbar
# T 268.187 K
# dP 42 mbar
Pbase 542 mbar (observing level)
Tbase 270 K
Mair 28.964 h2o o3  (28.964)
lineshape Gross ch4 co co2 n2o o2_uncoupled o3
lineshape VVW_coupled o2_coupled
column dry_air hydrostatic (0.984735)  (8.7688e+23 cm^-2)
column iwp_abs_Rayleigh hydrostatic 0.000508  (4.52361e+20 cm^-2)  (* 30.0500)
column o3 hydrostatic 4.26e-08  (3.79342e+16 cm^-2)

#
# column densities [cm^-2], including scale factors
#
#                           zenith             line-of-sight     
# mesosphere (5 layers):
#                  dry_air  1.484108e+22       1.713701e+22      
#         iwp_abs_Rayleigh  9.718870e+16       1.122238e+17      
#                            (2.90749e-05 kg*m^-2) (3.35728e-05 kg*m^-2)
#                       o3  2.677778e+16       3.092031e+16      
#                            (0.996642 DU)      (1.15082 DU)      
#
# stratosphere (12 layers):
#                  dry_air  1.469265e+24       1.696561e+24      
#         iwp_abs_Rayleigh  6.602376e+18       7.623767e+18      
#                            (0.00197516 kg*m^-2) (0.00228072 kg*m^-2)
#                       o3  5.984679e+18       6.910512e+18      
#                            (222.744 DU)       (257.202 DU)      
#
# troposphere (10 layers):
#                  dry_air  9.973888e+24       1.151685e+25      
#         iwp_abs_Rayleigh  3.333679e+22       3.849401e+22      
#                            (9.97301 kg*m^-2)  (11.5158 kg*m^-2) 
#                       o3  6.741986e+17       7.784975e+17      
#                            (25.093 DU)        (28.9749 DU)      
#
# total (27 layers):
#                  dry_air  1.145799e+25       1.323055e+25      
#         iwp_abs_Rayleigh  3.334349e+22       3.850174e+22      
#                            (9.97502 kg*m^-2)  (11.5182 kg*m^-2) 
#                       o3  6.685655e+18       7.719930e+18      
#                            (248.833 DU)       (287.328 DU)      
#

! Warning: Encountered in-band lines narrower than the frequency
!          grid spacing.  The output configuration data includes
!          the unresolved line count after each column definition
!          for which this occurred.  Count: 110

